Java HotSpot(TM) 64-Bit Server VM (25.172-b11) for windows-amd64 JRE (1.8.0_172-b11), built on Mar 28 2018 21:21:52 by "java_re" with MS VC++ 10.0 (VS2010)
Memory: 4k page, physical 8254744k(6010188k free), swap 9565464k(7354380k free)
CommandLine flags: -XX:CMSInitiatingOccupancyFraction=50 -XX:CMSMaxAbortablePrecleanTime=6000 -XX:+CMSParallelRemarkEnabled -XX:+CMSScavengeBeforeRemark -XX:ConcGCThreads=4 -XX:GCLogFileSize=20971520 -XX:InitialHeapSize=536870912 -XX:MaxHeapSize=536870912 -XX:MaxTenuringThreshold=8 -XX:NewRatio=3 -XX:NumberOfGCLogFiles=9 -XX:OldPLABSize=16 -XX:-OmitStackTraceInFastThrow -XX:ParallelGCThreads=4 -XX:+ParallelRefProcEnabled -XX:PretenureSizeThreshold=67108864 -XX:+PrintGC -XX:+PrintGCApplicationStoppedTime -XX:+PrintGCDateStamps -XX:+PrintGCDetails -XX:+PrintGCTimeStamps -XX:+PrintHeapAtGC -XX:+PrintTenuringDistribution -XX:SurvivorRatio=4 -XX:TargetSurvivorRatio=90 -XX:ThreadStackSize=256 -XX:+UseCMSInitiatingOccupancyOnly -XX:+UseCompressedClassPointers -XX:+UseCompressedOops -XX:+UseConcMarkSweepGC -XX:+UseGCLogFileRotation -XX:-UseLargePagesIndividualAllocation -XX:+UseParNewGC 
2018-06-12T17:51:10.354-0300: 0.380: Total time for which application threads were stopped: 0.0008532 seconds, Stopping threads took: 0.0000247 seconds
2018-06-12T17:51:11.369-0300: 1.390: Total time for which application threads were stopped: 0.0001367 seconds, Stopping threads took: 0.0000350 seconds
2018-06-12T17:51:11.807-0300: 1.838: Total time for which application threads were stopped: 0.0001124 seconds, Stopping threads took: 0.0000266 seconds
2018-06-12T17:51:12.822-0300: 2.843: Total time for which application threads were stopped: 0.0001367 seconds, Stopping threads took: 0.0000317 seconds
2018-06-12T17:51:13.229-0300: 3.263: Total time for which application threads were stopped: 0.0001754 seconds, Stopping threads took: 0.0000252 seconds
2018-06-12T17:51:13.244-0300: 3.268: Total time for which application threads were stopped: 0.0001176 seconds, Stopping threads took: 0.0000196 seconds
2018-06-12T17:51:13.385-0300: 3.407: Total time for which application threads were stopped: 0.0001801 seconds, Stopping threads took: 0.0000229 seconds
2018-06-12T17:51:13.400-0300: 3.434: Total time for which application threads were stopped: 0.0002389 seconds, Stopping threads took: 0.0000420 seconds
2018-06-12T17:51:14.166-0300: 4.187: Total time for which application threads were stopped: 0.0002113 seconds, Stopping threads took: 0.0000495 seconds
2018-06-12T17:51:14.275-0300: 4.308: Total time for which application threads were stopped: 0.0001950 seconds, Stopping threads took: 0.0000261 seconds
2018-06-12T17:51:14.307-0300: 4.338: Total time for which application threads were stopped: 0.0002015 seconds, Stopping threads took: 0.0000308 seconds
2018-06-12T17:51:14.322-0300: 4.344: Total time for which application threads were stopped: 0.0002085 seconds, Stopping threads took: 0.0000331 seconds
2018-06-12T17:51:14.447-0300: 4.481: Total time for which application threads were stopped: 0.0002183 seconds, Stopping threads took: 0.0000219 seconds
{Heap before GC invocations=0 (full 0):
 par new generation   total 109248K, used 87424K [0x00000000e0000000, 0x00000000e8000000, 0x00000000e8000000)
  eden space 87424K, 100% used [0x00000000e0000000, 0x00000000e5560000, 0x00000000e5560000)
  from space 21824K,   0% used [0x00000000e5560000, 0x00000000e5560000, 0x00000000e6ab0000)
  to   space 21824K,   0% used [0x00000000e6ab0000, 0x00000000e6ab0000, 0x00000000e8000000)
 concurrent mark-sweep generation total 393216K, used 0K [0x00000000e8000000, 0x0000000100000000, 0x0000000100000000)
 Metaspace       used 16046K, capacity 16362K, committed 16640K, reserved 1064960K
  class space    used 1857K, capacity 1989K, committed 2048K, reserved 1048576K
2018-06-12T17:51:14.557-0300: 4.592: [GC (Allocation Failure) 2018-06-12T17:51:14.557-0300: 4.593: [ParNew
Desired survivor size 20112992 bytes, new threshold 8 (max 8)
- age   1:    8840184 bytes,    8840184 total
: 87424K->8728K(109248K), 0.0097664 secs] 87424K->8728K(502464K), 0.0100179 secs] [Times: user=0.00 sys=0.00, real=0.02 secs] 
Heap after GC invocations=1 (full 0):
 par new generation   total 109248K, used 8728K [0x00000000e0000000, 0x00000000e8000000, 0x00000000e8000000)
  eden space 87424K,   0% used [0x00000000e0000000, 0x00000000e0000000, 0x00000000e5560000)
  from space 21824K,  39% used [0x00000000e6ab0000, 0x00000000e7336230, 0x00000000e8000000)
  to   space 21824K,   0% used [0x00000000e5560000, 0x00000000e5560000, 0x00000000e6ab0000)
 concurrent mark-sweep generation total 393216K, used 0K [0x00000000e8000000, 0x0000000100000000, 0x0000000100000000)
 Metaspace       used 16046K, capacity 16362K, committed 16640K, reserved 1064960K
  class space    used 1857K, capacity 1989K, committed 2048K, reserved 1048576K
}
2018-06-12T17:51:14.572-0300: 4.603: Total time for which application threads were stopped: 0.0103048 seconds, Stopping threads took: 0.0000261 seconds
2018-06-12T17:51:14.572-0300: 4.607: Total time for which application threads were stopped: 0.0001026 seconds, Stopping threads took: 0.0000308 seconds
2018-06-12T17:51:14.650-0300: 4.674: Total time for which application threads were stopped: 0.0002333 seconds, Stopping threads took: 0.0000257 seconds
2018-06-12T17:51:14.650-0300: 4.675: Total time for which application threads were stopped: 0.0003364 seconds, Stopping threads took: 0.0000280 seconds
2018-06-12T17:51:14.650-0300: 4.680: Total time for which application threads were stopped: 0.0003266 seconds, Stopping threads took: 0.0000299 seconds
2018-06-12T17:51:14.697-0300: 4.730: Total time for which application threads were stopped: 0.0001246 seconds, Stopping threads took: 0.0000266 seconds
2018-06-12T17:51:14.854-0300: 4.880: Total time for which application threads were stopped: 0.0002211 seconds, Stopping threads took: 0.0000261 seconds
2018-06-12T17:51:15.119-0300: 5.144: Total time for which application threads were stopped: 0.0003247 seconds, Stopping threads took: 0.0000303 seconds
2018-06-12T17:51:15.244-0300: 5.272: Total time for which application threads were stopped: 0.0001087 seconds, Stopping threads took: 0.0000243 seconds
2018-06-12T17:51:15.338-0300: 5.359: Total time for which application threads were stopped: 0.0001367 seconds, Stopping threads took: 0.0000495 seconds
2018-06-12T17:51:15.338-0300: 5.360: Total time for which application threads were stopped: 0.0000826 seconds, Stopping threads took: 0.0000345 seconds
2018-06-12T17:51:15.338-0300: 5.360: Total time for which application threads were stopped: 0.0001428 seconds, Stopping threads took: 0.0000597 seconds
2018-06-12T17:51:15.338-0300: 5.360: Total time for which application threads were stopped: 0.0000877 seconds, Stopping threads took: 0.0000411 seconds
2018-06-12T17:51:15.338-0300: 5.361: Total time for which application threads were stopped: 0.0002085 seconds, Stopping threads took: 0.0001110 seconds
2018-06-12T17:51:15.338-0300: 5.361: Total time for which application threads were stopped: 0.0001768 seconds, Stopping threads took: 0.0001031 seconds
2018-06-12T17:51:15.338-0300: 5.362: Total time for which application threads were stopped: 0.0001423 seconds, Stopping threads took: 0.0000653 seconds
2018-06-12T17:51:15.338-0300: 5.362: Total time for which application threads were stopped: 0.0001073 seconds, Stopping threads took: 0.0000485 seconds
2018-06-12T17:51:15.338-0300: 5.362: Total time for which application threads were stopped: 0.0000938 seconds, Stopping threads took: 0.0000322 seconds
2018-06-12T17:51:15.338-0300: 5.362: Total time for which application threads were stopped: 0.0001190 seconds, Stopping threads took: 0.0000289 seconds
2018-06-12T17:51:15.338-0300: 5.362: Total time for which application threads were stopped: 0.0000714 seconds, Stopping threads took: 0.0000196 seconds
2018-06-12T17:51:15.338-0300: 5.362: Total time for which application threads were stopped: 0.0000891 seconds, Stopping threads took: 0.0000364 seconds
2018-06-12T17:51:15.338-0300: 5.362: Total time for which application threads were stopped: 0.0000970 seconds, Stopping threads took: 0.0000243 seconds
2018-06-12T17:51:15.338-0300: 5.363: Total time for which application threads were stopped: 0.0002570 seconds, Stopping threads took: 0.0002048 seconds
2018-06-12T17:51:15.338-0300: 5.363: Total time for which application threads were stopped: 0.0001292 seconds, Stopping threads took: 0.0000793 seconds
2018-06-12T17:51:15.338-0300: 5.364: Total time for which application threads were stopped: 0.0011266 seconds, Stopping threads took: 0.0010566 seconds
2018-06-12T17:51:15.338-0300: 5.365: Total time for which application threads were stopped: 0.0003961 seconds, Stopping threads took: 0.0003457 seconds
2018-06-12T17:51:15.338-0300: 5.365: Total time for which application threads were stopped: 0.0000947 seconds, Stopping threads took: 0.0000499 seconds
2018-06-12T17:51:15.338-0300: 5.365: Total time for which application threads were stopped: 0.0001012 seconds, Stopping threads took: 0.0000485 seconds
2018-06-12T17:51:15.338-0300: 5.365: Total time for which application threads were stopped: 0.0001157 seconds, Stopping threads took: 0.0000681 seconds
2018-06-12T17:51:15.338-0300: 5.365: Total time for which application threads were stopped: 0.0000854 seconds, Stopping threads took: 0.0000224 seconds
2018-06-12T17:51:15.338-0300: 5.365: Total time for which application threads were stopped: 0.0000994 seconds, Stopping threads took: 0.0000476 seconds
2018-06-12T17:51:15.338-0300: 5.365: Total time for which application threads were stopped: 0.0001129 seconds, Stopping threads took: 0.0000620 seconds
2018-06-12T17:51:15.338-0300: 5.366: Total time for which application threads were stopped: 0.0001199 seconds, Stopping threads took: 0.0000453 seconds
2018-06-12T17:51:15.338-0300: 5.366: Total time for which application threads were stopped: 0.0000914 seconds, Stopping threads took: 0.0000383 seconds
2018-06-12T17:51:15.338-0300: 5.366: Total time for which application threads were stopped: 0.0001558 seconds, Stopping threads took: 0.0000336 seconds
2018-06-12T17:51:15.338-0300: 5.366: Total time for which application threads were stopped: 0.0000900 seconds, Stopping threads took: 0.0000345 seconds
2018-06-12T17:51:15.338-0300: 5.366: Total time for which application threads were stopped: 0.0000826 seconds, Stopping threads took: 0.0000299 seconds
2018-06-12T17:51:15.338-0300: 5.366: Total time for which application threads were stopped: 0.0000868 seconds, Stopping threads took: 0.0000331 seconds
2018-06-12T17:51:15.338-0300: 5.366: Total time for which application threads were stopped: 0.0000863 seconds, Stopping threads took: 0.0000350 seconds
2018-06-12T17:51:15.338-0300: 5.367: Total time for which application threads were stopped: 0.0001045 seconds, Stopping threads took: 0.0000429 seconds
2018-06-12T17:51:15.338-0300: 5.367: Total time for which application threads were stopped: 0.0000896 seconds, Stopping threads took: 0.0000275 seconds
2018-06-12T17:51:15.338-0300: 5.367: Total time for which application threads were stopped: 0.0000840 seconds, Stopping threads took: 0.0000303 seconds
2018-06-12T17:51:15.338-0300: 5.367: Total time for which application threads were stopped: 0.0000700 seconds, Stopping threads took: 0.0000173 seconds
2018-06-12T17:51:15.338-0300: 5.367: Total time for which application threads were stopped: 0.0000872 seconds, Stopping threads took: 0.0000317 seconds
2018-06-12T17:51:15.338-0300: 5.367: Total time for which application threads were stopped: 0.0000830 seconds, Stopping threads took: 0.0000303 seconds
2018-06-12T17:51:15.338-0300: 5.367: Total time for which application threads were stopped: 0.0001045 seconds, Stopping threads took: 0.0000443 seconds
2018-06-12T17:51:15.338-0300: 5.367: Total time for which application threads were stopped: 0.0001917 seconds, Stopping threads took: 0.0001409 seconds
2018-06-12T17:51:15.338-0300: 5.368: Total time for which application threads were stopped: 0.0001232 seconds, Stopping threads took: 0.0000812 seconds
2018-06-12T17:51:15.338-0300: 5.368: Total time for which application threads were stopped: 0.0000709 seconds, Stopping threads took: 0.0000285 seconds
2018-06-12T17:51:15.338-0300: 5.368: Total time for which application threads were stopped: 0.0000784 seconds, Stopping threads took: 0.0000336 seconds
2018-06-12T17:51:15.338-0300: 5.368: Total time for which application threads were stopped: 0.0000812 seconds, Stopping threads took: 0.0000341 seconds
2018-06-12T17:51:15.338-0300: 5.368: Total time for which application threads were stopped: 0.0000686 seconds, Stopping threads took: 0.0000187 seconds
2018-06-12T17:51:15.338-0300: 5.368: Total time for which application threads were stopped: 0.0000770 seconds, Stopping threads took: 0.0000159 seconds
2018-06-12T17:51:15.338-0300: 5.368: Total time for which application threads were stopped: 0.0001619 seconds, Stopping threads took: 0.0000299 seconds
2018-06-12T17:51:15.338-0300: 5.369: Total time for which application threads were stopped: 0.0000984 seconds, Stopping threads took: 0.0000443 seconds
2018-06-12T17:51:15.338-0300: 5.369: Total time for which application threads were stopped: 0.0000882 seconds, Stopping threads took: 0.0000369 seconds
2018-06-12T17:51:15.338-0300: 5.369: Total time for which application threads were stopped: 0.0000737 seconds, Stopping threads took: 0.0000280 seconds
2018-06-12T17:51:15.338-0300: 5.369: Total time for which application threads were stopped: 0.0001176 seconds, Stopping threads took: 0.0000401 seconds
2018-06-12T17:51:15.338-0300: 5.369: Total time for which application threads were stopped: 0.0001735 seconds, Stopping threads took: 0.0000425 seconds
2018-06-12T17:51:15.338-0300: 5.370: Total time for which application threads were stopped: 0.0000830 seconds, Stopping threads took: 0.0000299 seconds
2018-06-12T17:51:15.338-0300: 5.370: Total time for which application threads were stopped: 0.0000952 seconds, Stopping threads took: 0.0000425 seconds
2018-06-12T17:51:15.338-0300: 5.371: Total time for which application threads were stopped: 0.0001950 seconds, Stopping threads took: 0.0001320 seconds
2018-06-12T17:51:15.338-0300: 5.371: Total time for which application threads were stopped: 0.0000952 seconds, Stopping threads took: 0.0000378 seconds
2018-06-12T17:51:15.338-0300: 5.371: Total time for which application threads were stopped: 0.0001017 seconds, Stopping threads took: 0.0000485 seconds
2018-06-12T17:51:15.338-0300: 5.371: Total time for which application threads were stopped: 0.0001679 seconds, Stopping threads took: 0.0000299 seconds
2018-06-12T17:51:15.338-0300: 5.371: Total time for which application threads were stopped: 0.0001647 seconds, Stopping threads took: 0.0001110 seconds
2018-06-12T17:51:15.338-0300: 5.372: Total time for which application threads were stopped: 0.0000914 seconds, Stopping threads took: 0.0000350 seconds
2018-06-12T17:51:15.338-0300: 5.373: Total time for which application threads were stopped: 0.0000998 seconds, Stopping threads took: 0.0000476 seconds
2018-06-12T17:51:15.338-0300: 5.373: Total time for which application threads were stopped: 0.0001022 seconds, Stopping threads took: 0.0000536 seconds
2018-06-12T17:51:15.338-0300: 5.373: Total time for which application threads were stopped: 0.0000933 seconds, Stopping threads took: 0.0000476 seconds
2018-06-12T17:51:15.338-0300: 5.373: Total time for which application threads were stopped: 0.0001064 seconds, Stopping threads took: 0.0000620 seconds
2018-06-12T17:51:15.338-0300: 5.374: Total time for which application threads were stopped: 0.0001003 seconds, Stopping threads took: 0.0000429 seconds
2018-06-12T17:51:15.338-0300: 5.374: Total time for which application threads were stopped: 0.0001087 seconds, Stopping threads took: 0.0000606 seconds
2018-06-12T17:51:15.354-0300: 5.376: Total time for which application threads were stopped: 0.0001236 seconds, Stopping threads took: 0.0000560 seconds
2018-06-12T17:51:15.354-0300: 5.377: Total time for which application threads were stopped: 0.0007987 seconds, Stopping threads took: 0.0007329 seconds
2018-06-12T17:51:15.354-0300: 5.377: Total time for which application threads were stopped: 0.0000942 seconds, Stopping threads took: 0.0000275 seconds
2018-06-12T17:51:15.354-0300: 5.378: Total time for which application threads were stopped: 0.0002039 seconds, Stopping threads took: 0.0000331 seconds
2018-06-12T17:51:15.354-0300: 5.381: Total time for which application threads were stopped: 0.0011803 seconds, Stopping threads took: 0.0010534 seconds
2018-06-12T17:51:15.354-0300: 5.389: Total time for which application threads were stopped: 0.0004091 seconds, Stopping threads took: 0.0000905 seconds
2018-06-12T17:51:15.385-0300: 5.410: Total time for which application threads were stopped: 0.0002137 seconds, Stopping threads took: 0.0000700 seconds
2018-06-12T17:51:15.385-0300: 5.411: Total time for which application threads were stopped: 0.0002384 seconds, Stopping threads took: 0.0000639 seconds
2018-06-12T17:51:15.385-0300: 5.411: Total time for which application threads were stopped: 0.0002533 seconds, Stopping threads took: 0.0001036 seconds
2018-06-12T17:51:15.385-0300: 5.412: Total time for which application threads were stopped: 0.0001516 seconds, Stopping threads took: 0.0000532 seconds
2018-06-12T17:51:15.400-0300: 5.427: Total time for which application threads were stopped: 0.0004968 seconds, Stopping threads took: 0.0004213 seconds
2018-06-12T17:51:15.416-0300: 5.447: Total time for which application threads were stopped: 0.0002263 seconds, Stopping threads took: 0.0000625 seconds
2018-06-12T17:51:15.416-0300: 5.447: Total time for which application threads were stopped: 0.0001362 seconds, Stopping threads took: 0.0000564 seconds
2018-06-12T17:51:15.416-0300: 5.448: Total time for which application threads were stopped: 0.0001591 seconds, Stopping threads took: 0.0000858 seconds
2018-06-12T17:51:15.416-0300: 5.448: Total time for which application threads were stopped: 0.0001190 seconds, Stopping threads took: 0.0000569 seconds
2018-06-12T17:51:15.416-0300: 5.448: Total time for which application threads were stopped: 0.0001353 seconds, Stopping threads took: 0.0000490 seconds
2018-06-12T17:51:15.416-0300: 5.451: Total time for which application threads were stopped: 0.0001824 seconds, Stopping threads took: 0.0000658 seconds
2018-06-12T17:51:15.416-0300: 5.451: Total time for which application threads were stopped: 0.0001460 seconds, Stopping threads took: 0.0000443 seconds
2018-06-12T17:51:15.432-0300: 5.455: Total time for which application threads were stopped: 0.0002029 seconds, Stopping threads took: 0.0000574 seconds
2018-06-12T17:51:15.432-0300: 5.461: Total time for which application threads were stopped: 0.0001777 seconds, Stopping threads took: 0.0000606 seconds
2018-06-12T17:51:15.432-0300: 5.462: Total time for which application threads were stopped: 0.0001819 seconds, Stopping threads took: 0.0000821 seconds
2018-06-12T17:51:15.432-0300: 5.462: Total time for which application threads were stopped: 0.0001274 seconds, Stopping threads took: 0.0000425 seconds
2018-06-12T17:51:15.432-0300: 5.462: Total time for which application threads were stopped: 0.0001185 seconds, Stopping threads took: 0.0000289 seconds
2018-06-12T17:51:15.432-0300: 5.462: Total time for which application threads were stopped: 0.0001110 seconds, Stopping threads took: 0.0000378 seconds
2018-06-12T17:51:15.432-0300: 5.463: Total time for which application threads were stopped: 0.0000984 seconds, Stopping threads took: 0.0000359 seconds
2018-06-12T17:51:15.432-0300: 5.464: Total time for which application threads were stopped: 0.0001068 seconds, Stopping threads took: 0.0000406 seconds
2018-06-12T17:51:15.432-0300: 5.464: Total time for which application threads were stopped: 0.0001068 seconds, Stopping threads took: 0.0000453 seconds
2018-06-12T17:51:15.432-0300: 5.464: Total time for which application threads were stopped: 0.0001124 seconds, Stopping threads took: 0.0000481 seconds
2018-06-12T17:51:15.432-0300: 5.464: Total time for which application threads were stopped: 0.0000821 seconds, Stopping threads took: 0.0000219 seconds
2018-06-12T17:51:15.432-0300: 5.465: Total time for which application threads were stopped: 0.0000779 seconds, Stopping threads took: 0.0000219 seconds
2018-06-12T17:51:15.432-0300: 5.465: Total time for which application threads were stopped: 0.0002445 seconds, Stopping threads took: 0.0000425 seconds
2018-06-12T17:51:15.447-0300: 5.474: Total time for which application threads were stopped: 0.0015012 seconds, Stopping threads took: 0.0014000 seconds
2018-06-12T17:51:15.447-0300: 5.474: Total time for which application threads were stopped: 0.0001157 seconds, Stopping threads took: 0.0000555 seconds
2018-06-12T17:51:15.447-0300: 5.474: Total time for which application threads were stopped: 0.0000984 seconds, Stopping threads took: 0.0000406 seconds
2018-06-12T17:51:15.447-0300: 5.476: Total time for which application threads were stopped: 0.0001036 seconds, Stopping threads took: 0.0000425 seconds
2018-06-12T17:51:15.447-0300: 5.477: Total time for which application threads were stopped: 0.0001036 seconds, Stopping threads took: 0.0000471 seconds
2018-06-12T17:51:15.447-0300: 5.477: Total time for which application threads were stopped: 0.0002062 seconds, Stopping threads took: 0.0000397 seconds
2018-06-12T17:51:15.463-0300: 5.496: Total time for which application threads were stopped: 0.0001082 seconds, Stopping threads took: 0.0000275 seconds
2018-06-12T17:51:15.463-0300: 5.496: Total time for which application threads were stopped: 0.0000938 seconds, Stopping threads took: 0.0000373 seconds
2018-06-12T17:51:15.463-0300: 5.496: Total time for which application threads were stopped: 0.0000942 seconds, Stopping threads took: 0.0000303 seconds
2018-06-12T17:51:15.463-0300: 5.496: Total time for which application threads were stopped: 0.0000872 seconds, Stopping threads took: 0.0000313 seconds
2018-06-12T17:51:15.463-0300: 5.496: Total time for which application threads were stopped: 0.0000784 seconds, Stopping threads took: 0.0000187 seconds
2018-06-12T17:51:15.463-0300: 5.497: Total time for which application threads were stopped: 0.0000835 seconds, Stopping threads took: 0.0000191 seconds
2018-06-12T17:51:15.463-0300: 5.499: Total time for which application threads were stopped: 0.0000900 seconds, Stopping threads took: 0.0000364 seconds
2018-06-12T17:51:15.479-0300: 5.503: Total time for which application threads were stopped: 0.0000891 seconds, Stopping threads took: 0.0000224 seconds
2018-06-12T17:51:15.479-0300: 5.503: Total time for which application threads were stopped: 0.0001096 seconds, Stopping threads took: 0.0000443 seconds
2018-06-12T17:51:15.479-0300: 5.503: Total time for which application threads were stopped: 0.0000989 seconds, Stopping threads took: 0.0000378 seconds
2018-06-12T17:51:15.479-0300: 5.503: Total time for which application threads were stopped: 0.0000793 seconds, Stopping threads took: 0.0000299 seconds
2018-06-12T17:51:15.479-0300: 5.504: Total time for which application threads were stopped: 0.0000840 seconds, Stopping threads took: 0.0000205 seconds
2018-06-12T17:51:15.479-0300: 5.508: Total time for which application threads were stopped: 0.0001078 seconds, Stopping threads took: 0.0000378 seconds
2018-06-12T17:51:15.479-0300: 5.508: Total time for which application threads were stopped: 0.0000933 seconds, Stopping threads took: 0.0000373 seconds
2018-06-12T17:51:15.479-0300: 5.508: Total time for which application threads were stopped: 0.0000886 seconds, Stopping threads took: 0.0000294 seconds
2018-06-12T17:51:15.479-0300: 5.508: Total time for which application threads were stopped: 0.0000956 seconds, Stopping threads took: 0.0000331 seconds
2018-06-12T17:51:15.494-0300: 5.523: Total time for which application threads were stopped: 0.0001003 seconds, Stopping threads took: 0.0000308 seconds
2018-06-12T17:51:15.494-0300: 5.529: Total time for which application threads were stopped: 0.0001190 seconds, Stopping threads took: 0.0000313 seconds
2018-06-12T17:51:15.494-0300: 5.529: Total time for which application threads were stopped: 0.0000854 seconds, Stopping threads took: 0.0000205 seconds
2018-06-12T17:51:15.494-0300: 5.529: Total time for which application threads were stopped: 0.0000849 seconds, Stopping threads took: 0.0000205 seconds
2018-06-12T17:51:15.494-0300: 5.530: Total time for which application threads were stopped: 0.0001241 seconds, Stopping threads took: 0.0000331 seconds
2018-06-12T17:51:15.510-0300: 5.533: Total time for which application threads were stopped: 0.0001129 seconds, Stopping threads took: 0.0000261 seconds
2018-06-12T17:51:15.510-0300: 5.533: Total time for which application threads were stopped: 0.0000798 seconds, Stopping threads took: 0.0000210 seconds
2018-06-12T17:51:15.510-0300: 5.533: Total time for which application threads were stopped: 0.0000728 seconds, Stopping threads took: 0.0000173 seconds
2018-06-12T17:51:15.510-0300: 5.534: Total time for which application threads were stopped: 0.0000728 seconds, Stopping threads took: 0.0000187 seconds
2018-06-12T17:51:15.510-0300: 5.536: Total time for which application threads were stopped: 0.0001115 seconds, Stopping threads took: 0.0000420 seconds
2018-06-12T17:51:15.510-0300: 5.537: Total time for which application threads were stopped: 0.0001026 seconds, Stopping threads took: 0.0000453 seconds
2018-06-12T17:51:15.510-0300: 5.537: Total time for which application threads were stopped: 0.0000886 seconds, Stopping threads took: 0.0000359 seconds
2018-06-12T17:51:15.510-0300: 5.537: Total time for which application threads were stopped: 0.0000830 seconds, Stopping threads took: 0.0000345 seconds
2018-06-12T17:51:15.510-0300: 5.537: Total time for which application threads were stopped: 0.0000784 seconds, Stopping threads took: 0.0000238 seconds
2018-06-12T17:51:15.510-0300: 5.538: Total time for which application threads were stopped: 0.0000821 seconds, Stopping threads took: 0.0000355 seconds
2018-06-12T17:51:15.510-0300: 5.538: Total time for which application threads were stopped: 0.0001101 seconds, Stopping threads took: 0.0000345 seconds
2018-06-12T17:51:15.510-0300: 5.538: Total time for which application threads were stopped: 0.0000919 seconds, Stopping threads took: 0.0000439 seconds
2018-06-12T17:51:15.510-0300: 5.538: Total time for which application threads were stopped: 0.0000966 seconds, Stopping threads took: 0.0000369 seconds
2018-06-12T17:51:15.510-0300: 5.538: Total time for which application threads were stopped: 0.0000802 seconds, Stopping threads took: 0.0000415 seconds
2018-06-12T17:51:15.510-0300: 5.538: Total time for which application threads were stopped: 0.0000868 seconds, Stopping threads took: 0.0000280 seconds
2018-06-12T17:51:15.510-0300: 5.538: Total time for which application threads were stopped: 0.0000826 seconds, Stopping threads took: 0.0000373 seconds
2018-06-12T17:51:15.510-0300: 5.539: Total time for which application threads were stopped: 0.0000868 seconds, Stopping threads took: 0.0000201 seconds
2018-06-12T17:51:15.510-0300: 5.539: Total time for which application threads were stopped: 0.0000695 seconds, Stopping threads took: 0.0000299 seconds
2018-06-12T17:51:15.510-0300: 5.539: Total time for which application threads were stopped: 0.0000872 seconds, Stopping threads took: 0.0000327 seconds
2018-06-12T17:51:15.510-0300: 5.539: Total time for which application threads were stopped: 0.0002043 seconds, Stopping threads took: 0.0000425 seconds
2018-06-12T17:51:15.510-0300: 5.539: Total time for which application threads were stopped: 0.0000882 seconds, Stopping threads took: 0.0000350 seconds
2018-06-12T17:51:15.510-0300: 5.539: Total time for which application threads were stopped: 0.0000938 seconds, Stopping threads took: 0.0000247 seconds
2018-06-12T17:51:15.510-0300: 5.540: Total time for which application threads were stopped: 0.0000858 seconds, Stopping threads took: 0.0000383 seconds
2018-06-12T17:51:15.510-0300: 5.540: Total time for which application threads were stopped: 0.0002323 seconds, Stopping threads took: 0.0000541 seconds
2018-06-12T17:51:15.510-0300: 5.540: Total time for which application threads were stopped: 0.0000863 seconds, Stopping threads took: 0.0000401 seconds
2018-06-12T17:51:15.510-0300: 5.541: Total time for which application threads were stopped: 0.0000989 seconds, Stopping threads took: 0.0000564 seconds
2018-06-12T17:51:15.838-0300: 5.873: Total time for which application threads were stopped: 0.0001614 seconds, Stopping threads took: 0.0000289 seconds
2018-06-12T17:51:15.869-0300: 5.897: Total time for which application threads were stopped: 0.0001143 seconds, Stopping threads took: 0.0000243 seconds
2018-06-12T17:51:16.588-0300: 6.609: [GC (CMS Initial Mark) [1 CMS-initial-mark: 0K(393216K)] 69371K(502464K), 0.0075197 secs] [Times: user=0.00 sys=0.00, real=0.00 secs] 
2018-06-12T17:51:16.588-0300: 6.616: Total time for which application threads were stopped: 0.0076951 seconds, Stopping threads took: 0.0000294 seconds
2018-06-12T17:51:16.588-0300: 6.616: [CMS-concurrent-mark-start]
2018-06-12T17:51:16.588-0300: 6.616: [CMS-concurrent-mark: 0.000/0.000 secs] [Times: user=0.00 sys=0.00, real=0.00 secs] 
2018-06-12T17:51:16.588-0300: 6.616: [CMS-concurrent-preclean-start]
2018-06-12T17:51:16.588-0300: 6.617: [CMS-concurrent-preclean: 0.001/0.001 secs] [Times: user=0.00 sys=0.00, real=0.00 secs] 
2018-06-12T17:51:16.588-0300: 6.617: [CMS-concurrent-abortable-preclean-start]
2018-06-12T17:51:17.588-0300: 7.619: Total time for which application threads were stopped: 0.0001922 seconds, Stopping threads took: 0.0000709 seconds
2018-06-12T17:51:17.588-0300: 7.620: Total time for which application threads were stopped: 0.0000877 seconds, Stopping threads took: 0.0000285 seconds
2018-06-12T17:51:17.588-0300: 7.620: Total time for which application threads were stopped: 0.0000798 seconds, Stopping threads took: 0.0000247 seconds
2018-06-12T17:51:17.588-0300: 7.620: Total time for which application threads were stopped: 0.0000746 seconds, Stopping threads took: 0.0000392 seconds
2018-06-12T17:51:17.588-0300: 7.620: Total time for which application threads were stopped: 0.0000704 seconds, Stopping threads took: 0.0000224 seconds
2018-06-12T17:51:17.641-0300: 7.664: Total time for which application threads were stopped: 0.0001470 seconds, Stopping threads took: 0.0000560 seconds
2018-06-12T17:51:17.645-0300: 7.666: Total time for which application threads were stopped: 0.0000826 seconds, Stopping threads took: 0.0000289 seconds
2018-06-12T17:51:17.645-0300: 7.674: Total time for which application threads were stopped: 0.0001372 seconds, Stopping threads took: 0.0000578 seconds
2018-06-12T17:51:17.654-0300: 7.675: Total time for which application threads were stopped: 0.0001726 seconds, Stopping threads took: 0.0000714 seconds
2018-06-12T17:51:17.673-0300: 7.701: Total time for which application threads were stopped: 0.0001008 seconds, Stopping threads took: 0.0000257 seconds
2018-06-12T17:51:17.693-0300: 7.721: Total time for which application threads were stopped: 0.0000938 seconds, Stopping threads took: 0.0000373 seconds
2018-06-12T17:51:17.693-0300: 7.721: Total time for which application threads were stopped: 0.0000602 seconds, Stopping threads took: 0.0000215 seconds
2018-06-12T17:51:17.693-0300: 7.722: Total time for which application threads were stopped: 0.0000718 seconds, Stopping threads took: 0.0000369 seconds
2018-06-12T17:51:17.703-0300: 7.726: Total time for which application threads were stopped: 0.0001292 seconds, Stopping threads took: 0.0000331 seconds
2018-06-12T17:51:17.703-0300: 7.726: Total time for which application threads were stopped: 0.0000704 seconds, Stopping threads took: 0.0000247 seconds
2018-06-12T17:51:17.703-0300: 7.726: Total time for which application threads were stopped: 0.0000760 seconds, Stopping threads took: 0.0000205 seconds
2018-06-12T17:51:17.703-0300: 7.727: Total time for which application threads were stopped: 0.0000816 seconds, Stopping threads took: 0.0000215 seconds
2018-06-12T17:51:17.703-0300: 7.727: Total time for which application threads were stopped: 0.0000821 seconds, Stopping threads took: 0.0000359 seconds
2018-06-12T17:51:17.703-0300: 7.729: Total time for which application threads were stopped: 0.0001232 seconds, Stopping threads took: 0.0000578 seconds
2018-06-12T17:51:17.703-0300: 7.730: Total time for which application threads were stopped: 0.0002029 seconds, Stopping threads took: 0.0000355 seconds
2018-06-12T17:51:17.703-0300: 7.731: Total time for which application threads were stopped: 0.0000760 seconds, Stopping threads took: 0.0000238 seconds
2018-06-12T17:51:17.733-0300: 7.760: Total time for which application threads were stopped: 0.0001190 seconds, Stopping threads took: 0.0000392 seconds
2018-06-12T17:51:17.743-0300: 7.770: Total time for which application threads were stopped: 0.0001050 seconds, Stopping threads took: 0.0000467 seconds
2018-06-12T17:51:17.743-0300: 7.770: Total time for which application threads were stopped: 0.0000779 seconds, Stopping threads took: 0.0000331 seconds
2018-06-12T17:51:17.743-0300: 7.770: Total time for which application threads were stopped: 0.0000592 seconds, Stopping threads took: 0.0000219 seconds
2018-06-12T17:51:17.743-0300: 7.772: Total time for which application threads were stopped: 0.0000970 seconds, Stopping threads took: 0.0000527 seconds
2018-06-12T17:51:17.754-0300: 7.776: Total time for which application threads were stopped: 0.0000928 seconds, Stopping threads took: 0.0000238 seconds
2018-06-12T17:51:17.754-0300: 7.778: Total time for which application threads were stopped: 0.0001516 seconds, Stopping threads took: 0.0000667 seconds
2018-06-12T17:51:17.762-0300: 7.783: Total time for which application threads were stopped: 0.0001875 seconds, Stopping threads took: 0.0000653 seconds
2018-06-12T17:51:17.762-0300: 7.784: Total time for which application threads were stopped: 0.0001087 seconds, Stopping threads took: 0.0000490 seconds
{Heap before GC invocations=1 (full 1):
 par new generation   total 109248K, used 96152K [0x00000000e0000000, 0x00000000e8000000, 0x00000000e8000000)
  eden space 87424K, 100% used [0x00000000e0000000, 0x00000000e5560000, 0x00000000e5560000)
  from space 21824K,  39% used [0x00000000e6ab0000, 0x00000000e7336230, 0x00000000e8000000)
  to   space 21824K,   0% used [0x00000000e5560000, 0x00000000e5560000, 0x00000000e6ab0000)
 concurrent mark-sweep generation total 393216K, used 0K [0x00000000e8000000, 0x0000000100000000, 0x0000000100000000)
 Metaspace       used 23507K, capacity 24090K, committed 24284K, reserved 1071104K
  class space    used 2821K, capacity 2989K, committed 3044K, reserved 1048576K
2018-06-12T17:51:17.792-0300: 7.815: [GC (Allocation Failure) 2018-06-12T17:51:17.792-0300: 7.815: [ParNew
Desired survivor size 20112992 bytes, new threshold 8 (max 8)
- age   1:   10978024 bytes,   10978024 total
- age   2:    4109008 bytes,   15087032 total
: 96152K->17785K(109248K), 0.0120621 secs] 96152K->17785K(502464K), 0.0121591 secs] [Times: user=0.00 sys=0.00, real=0.01 secs] 
Heap after GC invocations=2 (full 1):
 par new generation   total 109248K, used 17785K [0x00000000e0000000, 0x00000000e8000000, 0x00000000e8000000)
  eden space 87424K,   0% used [0x00000000e0000000, 0x00000000e0000000, 0x00000000e5560000)
  from space 21824K,  81% used [0x00000000e5560000, 0x00000000e66be4e0, 0x00000000e6ab0000)
  to   space 21824K,   0% used [0x00000000e6ab0000, 0x00000000e6ab0000, 0x00000000e8000000)
 concurrent mark-sweep generation total 393216K, used 0K [0x00000000e8000000, 0x0000000100000000, 0x0000000100000000)
 Metaspace       used 23507K, capacity 24090K, committed 24284K, reserved 1071104K
  class space    used 2821K, capacity 2989K, committed 3044K, reserved 1048576K
}
2018-06-12T17:51:17.803-0300: 7.827: Total time for which application threads were stopped: 0.0124442 seconds, Stopping threads took: 0.0000802 seconds
2018-06-12T17:51:17.803-0300: 7.829: Total time for which application threads were stopped: 0.0001409 seconds, Stopping threads took: 0.0000723 seconds
2018-06-12T17:51:17.803-0300: 7.832: Total time for which application threads were stopped: 0.0001908 seconds, Stopping threads took: 0.0000933 seconds
2018-06-12T17:51:17.803-0300: 7.832: Total time for which application threads were stopped: 0.0002249 seconds, Stopping threads took: 0.0000672 seconds
2018-06-12T17:51:17.837-0300: 7.857: Total time for which application threads were stopped: 0.0002034 seconds, Stopping threads took: 0.0000821 seconds
2018-06-12T17:51:17.854-0300: 7.877: Total time for which application threads were stopped: 0.0001143 seconds, Stopping threads took: 0.0000434 seconds
2018-06-12T17:51:17.862-0300: 7.884: Total time for which application threads were stopped: 0.0001106 seconds, Stopping threads took: 0.0000373 seconds
2018-06-12T17:51:17.893-0300: 7.922: Total time for which application threads were stopped: 0.0001064 seconds, Stopping threads took: 0.0000345 seconds
2018-06-12T17:51:17.902-0300: 7.928: Total time for which application threads were stopped: 0.0002864 seconds, Stopping threads took: 0.0000336 seconds
2018-06-12T17:51:17.962-0300: 7.985: Total time for which application threads were stopped: 0.0003793 seconds, Stopping threads took: 0.0000592 seconds
2018-06-12T17:51:17.993-0300: 8.016: Total time for which application threads were stopped: 0.0001008 seconds, Stopping threads took: 0.0000261 seconds
2018-06-12T17:51:17.993-0300: 8.016: [CMS-concurrent-abortable-preclean: 0.494/1.399 secs] [Times: user=1.86 sys=0.11, real=1.40 secs] 
2018-06-12T17:51:17.993-0300: 8.017: [GC (CMS Final Remark) [YG occupancy: 103033 K (109248 K)]{Heap before GC invocations=2 (full 1):
 par new generation   total 109248K, used 103033K [0x00000000e0000000, 0x00000000e8000000, 0x00000000e8000000)
  eden space 87424K,  97% used [0x00000000e0000000, 0x00000000e5340018, 0x00000000e5560000)
  from space 21824K,  81% used [0x00000000e5560000, 0x00000000e66be4e0, 0x00000000e6ab0000)
  to   space 21824K,   0% used [0x00000000e6ab0000, 0x00000000e6ab0000, 0x00000000e8000000)
 concurrent mark-sweep generation total 393216K, used 0K [0x00000000e8000000, 0x0000000100000000, 0x0000000100000000)
 Metaspace       used 24140K, capacity 24732K, committed 24948K, reserved 1071104K
  class space    used 2872K, capacity 3054K, committed 3172K, reserved 1048576K
2018-06-12T17:51:17.993-0300: 8.017: [GC (CMS Final Remark) 2018-06-12T17:51:17.993-0300: 8.017: [ParNew
Desired survivor size 20112992 bytes, new threshold 8 (max 8)
- age   1:     549288 bytes,     549288 total
- age   2:    5296136 bytes,    5845424 total
- age   3:    4107200 bytes,    9952624 total
: 103033K->15522K(109248K), 0.0081775 secs] 103033K->15522K(502464K), 0.0082335 secs] [Times: user=0.00 sys=0.00, real=0.01 secs] 
Heap after GC invocations=3 (full 1):
 par new generation   total 109248K, used 15522K [0x00000000e0000000, 0x00000000e8000000, 0x00000000e8000000)
  eden space 87424K,   0% used [0x00000000e0000000, 0x00000000e0000000, 0x00000000e5560000)
  from space 21824K,  71% used [0x00000000e6ab0000, 0x00000000e79d8a00, 0x00000000e8000000)
  to   space 21824K,   0% used [0x00000000e5560000, 0x00000000e5560000, 0x00000000e6ab0000)
 concurrent mark-sweep generation total 393216K, used 0K [0x00000000e8000000, 0x0000000100000000, 0x0000000100000000)
 Metaspace       used 24140K, capacity 24732K, committed 24948K, reserved 1071104K
  class space    used 2872K, capacity 3054K, committed 3172K, reserved 1048576K
}
2018-06-12T17:51:18.003-0300: 8.025: [Rescan (parallel) , 0.0029274 secs]2018-06-12T17:51:18.003-0300: 8.028: [weak refs processing, 0.0005472 secs]2018-06-12T17:51:18.003-0300: 8.028: [class unloading, 0.0034890 secs]2018-06-12T17:51:18.003-0300: 8.032: [scrub symbol table, 0.0040283 secs]2018-06-12T17:51:18.013-0300: 8.036: [scrub string table, 0.0003657 secs][1 CMS-remark: 0K(393216K)] 15522K(502464K), 0.0204071 secs] [Times: user=0.02 sys=0.00, real=0.02 secs] 
2018-06-12T17:51:18.013-0300: 8.037: Total time for which application threads were stopped: 0.0205120 seconds, Stopping threads took: 0.0000196 seconds
2018-06-12T17:51:18.013-0300: 8.037: [CMS-concurrent-sweep-start]
2018-06-12T17:51:18.013-0300: 8.037: [CMS-concurrent-sweep: 0.000/0.000 secs] [Times: user=0.00 sys=0.00, real=0.00 secs] 
2018-06-12T17:51:18.013-0300: 8.037: [CMS-concurrent-reset-start]
2018-06-12T17:51:18.013-0300: 8.040: [CMS-concurrent-reset: 0.003/0.003 secs] [Times: user=0.00 sys=0.00, real=0.00 secs] 
2018-06-12T17:51:18.055-0300: 8.080: Total time for which application threads were stopped: 0.0002015 seconds, Stopping threads took: 0.0000886 seconds
2018-06-12T17:51:18.067-0300: 8.087: Total time for which application threads were stopped: 0.0001050 seconds, Stopping threads took: 0.0000383 seconds
2018-06-12T17:51:18.067-0300: 8.088: Total time for which application threads were stopped: 0.0000737 seconds, Stopping threads took: 0.0000280 seconds
2018-06-12T17:51:18.073-0300: 8.098: Total time for which application threads were stopped: 0.0001124 seconds, Stopping threads took: 0.0000294 seconds
2018-06-12T17:51:18.073-0300: 8.099: Total time for which application threads were stopped: 0.0000490 seconds, Stopping threads took: 0.0000182 seconds
2018-06-12T17:51:18.073-0300: 8.102: Total time for which application threads were stopped: 0.0000858 seconds, Stopping threads took: 0.0000331 seconds
2018-06-12T17:51:18.103-0300: 8.125: Total time for which application threads were stopped: 0.0001143 seconds, Stopping threads took: 0.0000322 seconds
2018-06-12T17:51:18.103-0300: 8.125: Total time for which application threads were stopped: 0.0000746 seconds, Stopping threads took: 0.0000247 seconds
2018-06-12T17:51:18.113-0300: 8.137: Total time for which application threads were stopped: 0.0001064 seconds, Stopping threads took: 0.0000457 seconds
2018-06-12T17:51:18.113-0300: 8.137: Total time for which application threads were stopped: 0.0001218 seconds, Stopping threads took: 0.0000606 seconds
2018-06-12T17:51:18.123-0300: 8.145: Total time for which application threads were stopped: 0.0001647 seconds, Stopping threads took: 0.0000648 seconds
2018-06-12T17:51:18.127-0300: 8.148: Total time for which application threads were stopped: 0.0001595 seconds, Stopping threads took: 0.0000602 seconds
{Heap before GC invocations=3 (full 1):
 par new generation   total 109248K, used 102850K [0x00000000e0000000, 0x00000000e8000000, 0x00000000e8000000)
  eden space 87424K,  99% used [0x00000000e0000000, 0x00000000e5547fe8, 0x00000000e5560000)
  from space 21824K,  71% used [0x00000000e6ab0000, 0x00000000e79d8a00, 0x00000000e8000000)
  to   space 21824K,   0% used [0x00000000e5560000, 0x00000000e5560000, 0x00000000e6ab0000)
 concurrent mark-sweep generation total 393216K, used 0K [0x00000000e8000000, 0x0000000100000000, 0x0000000100000000)
 Metaspace       used 24826K, capacity 25472K, committed 25700K, reserved 1071104K
  class space    used 2966K, capacity 3170K, committed 3172K, reserved 1048576K
2018-06-12T17:51:18.162-0300: 8.185: [GC (Allocation Failure) 2018-06-12T17:51:18.162-0300: 8.185: [ParNew
Desired survivor size 20112992 bytes, new threshold 8 (max 8)
- age   1:    2234608 bytes,    2234608 total
- age   2:     161904 bytes,    2396512 total
- age   3:    5122504 bytes,    7519016 total
- age   4:    4106472 bytes,   11625488 total
: 102850K->13835K(109248K), 0.0103430 secs] 102850K->13835K(502464K), 0.0104335 secs] [Times: user=0.08 sys=0.00, real=0.01 secs] 
Heap after GC invocations=4 (full 1):
 par new generation   total 109248K, used 13835K [0x00000000e0000000, 0x00000000e8000000, 0x00000000e8000000)
  eden space 87424K,   0% used [0x00000000e0000000, 0x00000000e0000000, 0x00000000e5560000)
  from space 21824K,  63% used [0x00000000e5560000, 0x00000000e62e2e30, 0x00000000e6ab0000)
  to   space 21824K,   0% used [0x00000000e6ab0000, 0x00000000e6ab0000, 0x00000000e8000000)
 concurrent mark-sweep generation total 393216K, used 0K [0x00000000e8000000, 0x0000000100000000, 0x0000000100000000)
 Metaspace       used 24826K, capacity 25472K, committed 25700K, reserved 1071104K
  class space    used 2966K, capacity 3170K, committed 3172K, reserved 1048576K
}
2018-06-12T17:51:18.173-0300: 8.195: Total time for which application threads were stopped: 0.0106878 seconds, Stopping threads took: 0.0000616 seconds
2018-06-12T17:51:18.223-0300: 8.244: Total time for which application threads were stopped: 0.0001087 seconds, Stopping threads took: 0.0000308 seconds
2018-06-12T17:51:18.223-0300: 8.246: Total time for which application threads were stopped: 0.0000826 seconds, Stopping threads took: 0.0000313 seconds
2018-06-12T17:51:18.223-0300: 8.246: Total time for which application threads were stopped: 0.0000495 seconds, Stopping threads took: 0.0000187 seconds
2018-06-12T17:51:18.223-0300: 8.247: Total time for which application threads were stopped: 0.0000583 seconds, Stopping threads took: 0.0000219 seconds
2018-06-12T17:51:18.227-0300: 8.249: Total time for which application threads were stopped: 0.0001036 seconds, Stopping threads took: 0.0000252 seconds
2018-06-12T17:51:18.227-0300: 8.251: Total time for which application threads were stopped: 0.0001152 seconds, Stopping threads took: 0.0000378 seconds
2018-06-12T17:51:18.233-0300: 8.255: Total time for which application threads were stopped: 0.0000947 seconds, Stopping threads took: 0.0000275 seconds
2018-06-12T17:51:18.233-0300: 8.256: Total time for which application threads were stopped: 0.0000662 seconds, Stopping threads took: 0.0000285 seconds
2018-06-12T17:51:18.233-0300: 8.256: Total time for which application threads were stopped: 0.0000504 seconds, Stopping threads took: 0.0000205 seconds
2018-06-12T17:51:18.233-0300: 8.256: Total time for which application threads were stopped: 0.0000630 seconds, Stopping threads took: 0.0000327 seconds
2018-06-12T17:51:18.233-0300: 8.256: Total time for which application threads were stopped: 0.0000625 seconds, Stopping threads took: 0.0000313 seconds
2018-06-12T17:51:18.233-0300: 8.256: Total time for which application threads were stopped: 0.0000583 seconds, Stopping threads took: 0.0000280 seconds
2018-06-12T17:51:18.233-0300: 8.256: Total time for which application threads were stopped: 0.0000476 seconds, Stopping threads took: 0.0000168 seconds
2018-06-12T17:51:18.233-0300: 8.256: Total time for which application threads were stopped: 0.0000462 seconds, Stopping threads took: 0.0000177 seconds
2018-06-12T17:51:18.233-0300: 8.257: Total time for which application threads were stopped: 0.0000518 seconds, Stopping threads took: 0.0000205 seconds
2018-06-12T17:51:18.233-0300: 8.258: Total time for which application threads were stopped: 0.0000495 seconds, Stopping threads took: 0.0000187 seconds
2018-06-12T17:51:18.233-0300: 8.258: Total time for which application threads were stopped: 0.0000481 seconds, Stopping threads took: 0.0000168 seconds
2018-06-12T17:51:18.233-0300: 8.259: Total time for which application threads were stopped: 0.0000457 seconds, Stopping threads took: 0.0000168 seconds
{Heap before GC invocations=4 (full 1):
 par new generation   total 109248K, used 101259K [0x00000000e0000000, 0x00000000e8000000, 0x00000000e8000000)
  eden space 87424K, 100% used [0x00000000e0000000, 0x00000000e5560000, 0x00000000e5560000)
  from space 21824K,  63% used [0x00000000e5560000, 0x00000000e62e2e30, 0x00000000e6ab0000)
  to   space 21824K,   0% used [0x00000000e6ab0000, 0x00000000e6ab0000, 0x00000000e8000000)
 concurrent mark-sweep generation total 393216K, used 0K [0x00000000e8000000, 0x0000000100000000, 0x0000000100000000)
 Metaspace       used 25494K, capacity 26166K, committed 26340K, reserved 1073152K
  class space    used 3054K, capacity 3243K, committed 3300K, reserved 1048576K
2018-06-12T17:51:18.283-0300: 8.309: [GC (Allocation Failure) 2018-06-12T17:51:18.283-0300: 8.309: [ParNew
Desired survivor size 20112992 bytes, new threshold 8 (max 8)
- age   1:    1273880 bytes,    1273880 total
- age   2:    1402448 bytes,    2676328 total
- age   3:     161296 bytes,    2837624 total
- age   4:    5094488 bytes,    7932112 total
- age   5:    4101688 bytes,   12033800 total
: 101259K->17322K(109248K), 0.0092892 secs] 101259K->17322K(502464K), 0.0093643 secs] [Times: user=0.08 sys=0.00, real=0.01 secs] 
Heap after GC invocations=5 (full 1):
 par new generation   total 109248K, used 17322K [0x00000000e0000000, 0x00000000e8000000, 0x00000000e8000000)
  eden space 87424K,   0% used [0x00000000e0000000, 0x00000000e0000000, 0x00000000e5560000)
  from space 21824K,  79% used [0x00000000e6ab0000, 0x00000000e7b9a868, 0x00000000e8000000)
  to   space 21824K,   0% used [0x00000000e5560000, 0x00000000e5560000, 0x00000000e6ab0000)
 concurrent mark-sweep generation total 393216K, used 0K [0x00000000e8000000, 0x0000000100000000, 0x0000000100000000)
 Metaspace       used 25494K, capacity 26166K, committed 26340K, reserved 1073152K
  class space    used 3054K, capacity 3243K, committed 3300K, reserved 1048576K
}
2018-06-12T17:51:18.293-0300: 8.318: Total time for which application threads were stopped: 0.0096801 seconds, Stopping threads took: 0.0000905 seconds
2018-06-12T17:51:18.313-0300: 8.337: Total time for which application threads were stopped: 0.0001493 seconds, Stopping threads took: 0.0000401 seconds
2018-06-12T17:51:18.313-0300: 8.337: Total time for which application threads were stopped: 0.0000751 seconds, Stopping threads took: 0.0000219 seconds
2018-06-12T17:51:18.313-0300: 8.337: Total time for which application threads were stopped: 0.0000658 seconds, Stopping threads took: 0.0000182 seconds
2018-06-12T17:51:18.313-0300: 8.337: Total time for which application threads were stopped: 0.0000681 seconds, Stopping threads took: 0.0000173 seconds
2018-06-12T17:51:18.333-0300: 8.359: Total time for which application threads were stopped: 0.0001222 seconds, Stopping threads took: 0.0000322 seconds
2018-06-12T17:51:18.333-0300: 8.359: Total time for which application threads were stopped: 0.0000695 seconds, Stopping threads took: 0.0000219 seconds
2018-06-12T17:51:18.462-0300: 8.486: Total time for which application threads were stopped: 0.0003289 seconds, Stopping threads took: 0.0000355 seconds
2018-06-12T17:51:18.476-0300: 8.499: Total time for which application threads were stopped: 0.0001591 seconds, Stopping threads took: 0.0000854 seconds
2018-06-12T17:51:18.476-0300: 8.500: Total time for which application threads were stopped: 0.0000760 seconds, Stopping threads took: 0.0000285 seconds
2018-06-12T17:51:18.613-0300: 8.641: Total time for which application threads were stopped: 0.0001917 seconds, Stopping threads took: 0.0000588 seconds
2018-06-12T17:51:18.881-0300: 8.903: Total time for which application threads were stopped: 0.0002752 seconds, Stopping threads took: 0.0001768 seconds
2018-06-12T17:51:18.915-0300: 8.936: Total time for which application threads were stopped: 0.0000910 seconds, Stopping threads took: 0.0000336 seconds
{Heap before GC invocations=5 (full 1):
 par new generation   total 109248K, used 104746K [0x00000000e0000000, 0x00000000e8000000, 0x00000000e8000000)
  eden space 87424K, 100% used [0x00000000e0000000, 0x00000000e5560000, 0x00000000e5560000)
  from space 21824K,  79% used [0x00000000e6ab0000, 0x00000000e7b9a868, 0x00000000e8000000)
  to   space 21824K,   0% used [0x00000000e5560000, 0x00000000e5560000, 0x00000000e6ab0000)
 concurrent mark-sweep generation total 393216K, used 0K [0x00000000e8000000, 0x0000000100000000, 0x0000000100000000)
 Metaspace       used 27163K, capacity 27860K, committed 28132K, reserved 1073152K
  class space    used 3258K, capacity 3442K, committed 3556K, reserved 1048576K
2018-06-12T17:51:18.915-0300: 8.942: [GC (Allocation Failure) 2018-06-12T17:51:18.915-0300: 8.942: [ParNew
Desired survivor size 20112992 bytes, new threshold 8 (max 8)
- age   1:    2731672 bytes,    2731672 total
- age   2:     355872 bytes,    3087544 total
- age   3:     250976 bytes,    3338520 total
- age   4:     158704 bytes,    3497224 total
- age   5:    5088848 bytes,    8586072 total
- age   6:    4101392 bytes,   12687464 total
: 104746K->15483K(109248K), 0.0085950 secs] 104746K->15483K(502464K), 0.0086860 secs] [Times: user=0.00 sys=0.00, real=0.01 secs] 
Heap after GC invocations=6 (full 1):
 par new generation   total 109248K, used 15483K [0x00000000e0000000, 0x00000000e8000000, 0x00000000e8000000)
  eden space 87424K,   0% used [0x00000000e0000000, 0x00000000e0000000, 0x00000000e5560000)
  from space 21824K,  70% used [0x00000000e5560000, 0x00000000e647eca8, 0x00000000e6ab0000)
  to   space 21824K,   0% used [0x00000000e6ab0000, 0x00000000e6ab0000, 0x00000000e8000000)
 concurrent mark-sweep generation total 393216K, used 0K [0x00000000e8000000, 0x0000000100000000, 0x0000000100000000)
 Metaspace       used 27163K, capacity 27860K, committed 28132K, reserved 1073152K
  class space    used 3258K, capacity 3442K, committed 3556K, reserved 1048576K
}
2018-06-12T17:51:18.925-0300: 8.951: Total time for which application threads were stopped: 0.0089244 seconds, Stopping threads took: 0.0000527 seconds
2018-06-12T17:51:18.935-0300: 8.959: Total time for which application threads were stopped: 0.0001054 seconds, Stopping threads took: 0.0000406 seconds
2018-06-12T17:51:18.943-0300: 8.965: Total time for which application threads were stopped: 0.0000975 seconds, Stopping threads took: 0.0000457 seconds
2018-06-12T17:51:18.965-0300: 8.986: Total time for which application threads were stopped: 0.0003751 seconds, Stopping threads took: 0.0000308 seconds
2018-06-12T17:51:18.994-0300: 9.016: Total time for which application threads were stopped: 0.0000961 seconds, Stopping threads took: 0.0000299 seconds
2018-06-12T17:51:18.994-0300: 9.018: Total time for which application threads were stopped: 0.0000886 seconds, Stopping threads took: 0.0000387 seconds
2018-06-12T17:51:18.994-0300: 9.019: Total time for which application threads were stopped: 0.0000765 seconds, Stopping threads took: 0.0000364 seconds
2018-06-12T17:51:18.994-0300: 9.019: Total time for which application threads were stopped: 0.0000765 seconds, Stopping threads took: 0.0000317 seconds
2018-06-12T17:51:18.994-0300: 9.020: Total time for which application threads were stopped: 0.0000639 seconds, Stopping threads took: 0.0000233 seconds
2018-06-12T17:51:18.994-0300: 9.022: Total time for which application threads were stopped: 0.0001381 seconds, Stopping threads took: 0.0000485 seconds
2018-06-12T17:51:18.994-0300: 9.022: Total time for which application threads were stopped: 0.0000989 seconds, Stopping threads took: 0.0000406 seconds
2018-06-12T17:51:19.004-0300: 9.026: Total time for which application threads were stopped: 0.0001087 seconds, Stopping threads took: 0.0000425 seconds
2018-06-12T17:51:19.072-0300: 9.099: Total time for which application threads were stopped: 0.0001633 seconds, Stopping threads took: 0.0000714 seconds
2018-06-12T17:51:19.072-0300: 9.099: Total time for which application threads were stopped: 0.0000550 seconds, Stopping threads took: 0.0000187 seconds
2018-06-12T17:51:19.093-0300: 9.122: Total time for which application threads were stopped: 0.0000938 seconds, Stopping threads took: 0.0000387 seconds
2018-06-12T17:51:19.093-0300: 9.122: Total time for which application threads were stopped: 0.0000504 seconds, Stopping threads took: 0.0000205 seconds
2018-06-12T17:51:19.157-0300: 9.178: Total time for which application threads were stopped: 0.0003830 seconds, Stopping threads took: 0.0002127 seconds
2018-06-12T17:51:19.157-0300: 9.178: Total time for which application threads were stopped: 0.0001647 seconds, Stopping threads took: 0.0000933 seconds
2018-06-12T17:51:19.157-0300: 9.179: Total time for which application threads were stopped: 0.0002491 seconds, Stopping threads took: 0.0001442 seconds
2018-06-12T17:51:19.157-0300: 9.179: Total time for which application threads were stopped: 0.0001600 seconds, Stopping threads took: 0.0000737 seconds
2018-06-12T17:51:19.163-0300: 9.189: Total time for which application threads were stopped: 0.0002827 seconds, Stopping threads took: 0.0002141 seconds
2018-06-12T17:51:19.173-0300: 9.195: Total time for which application threads were stopped: 0.0001236 seconds, Stopping threads took: 0.0000508 seconds
2018-06-12T17:51:19.182-0300: 9.212: Total time for which application threads were stopped: 0.0001409 seconds, Stopping threads took: 0.0000527 seconds
2018-06-12T17:51:19.182-0300: 9.212: Total time for which application threads were stopped: 0.0000961 seconds, Stopping threads took: 0.0000425 seconds
2018-06-12T17:51:19.193-0300: 9.215: Total time for which application threads were stopped: 0.0001218 seconds, Stopping threads took: 0.0000536 seconds
2018-06-12T17:51:19.204-0300: 9.225: Total time for which application threads were stopped: 0.0004679 seconds, Stopping threads took: 0.0000513 seconds
2018-06-12T17:51:19.232-0300: 9.261: Total time for which application threads were stopped: 0.0001348 seconds, Stopping threads took: 0.0000588 seconds
2018-06-12T17:51:19.232-0300: 9.262: Total time for which application threads were stopped: 0.0003000 seconds, Stopping threads took: 0.0000658 seconds
2018-06-12T17:51:19.242-0300: 9.268: Total time for which application threads were stopped: 0.0001679 seconds, Stopping threads took: 0.0000928 seconds
2018-06-12T17:51:19.242-0300: 9.269: Total time for which application threads were stopped: 0.0001040 seconds, Stopping threads took: 0.0000550 seconds
2018-06-12T17:51:19.242-0300: 9.270: Total time for which application threads were stopped: 0.0001446 seconds, Stopping threads took: 0.0000504 seconds
2018-06-12T17:51:19.263-0300: 9.284: Total time for which application threads were stopped: 0.0001516 seconds, Stopping threads took: 0.0000630 seconds
2018-06-12T17:51:19.263-0300: 9.284: Total time for which application threads were stopped: 0.0000989 seconds, Stopping threads took: 0.0000471 seconds
2018-06-12T17:51:19.263-0300: 9.284: Total time for which application threads were stopped: 0.0001022 seconds, Stopping threads took: 0.0000569 seconds
2018-06-12T17:51:19.263-0300: 9.285: Total time for which application threads were stopped: 0.0000984 seconds, Stopping threads took: 0.0000518 seconds
2018-06-12T17:51:19.263-0300: 9.285: Total time for which application threads were stopped: 0.0001003 seconds, Stopping threads took: 0.0000555 seconds
2018-06-12T17:51:19.263-0300: 9.286: Total time for which application threads were stopped: 0.0001124 seconds, Stopping threads took: 0.0000513 seconds
2018-06-12T17:51:19.263-0300: 9.286: Total time for which application threads were stopped: 0.0001073 seconds, Stopping threads took: 0.0000527 seconds
2018-06-12T17:51:19.263-0300: 9.287: Total time for which application threads were stopped: 0.0001096 seconds, Stopping threads took: 0.0000564 seconds
2018-06-12T17:51:19.263-0300: 9.287: Total time for which application threads were stopped: 0.0000980 seconds, Stopping threads took: 0.0000495 seconds
2018-06-12T17:51:19.263-0300: 9.287: Total time for which application threads were stopped: 0.0000910 seconds, Stopping threads took: 0.0000420 seconds
2018-06-12T17:51:19.263-0300: 9.287: Total time for which application threads were stopped: 0.0000896 seconds, Stopping threads took: 0.0000439 seconds
2018-06-12T17:51:19.263-0300: 9.287: Total time for which application threads were stopped: 0.0000872 seconds, Stopping threads took: 0.0000453 seconds
2018-06-12T17:51:19.263-0300: 9.288: Total time for which application threads were stopped: 0.0001404 seconds, Stopping threads took: 0.0000980 seconds
{Heap before GC invocations=6 (full 1):
 par new generation   total 109248K, used 102907K [0x00000000e0000000, 0x00000000e8000000, 0x00000000e8000000)
  eden space 87424K, 100% used [0x00000000e0000000, 0x00000000e5560000, 0x00000000e5560000)
  from space 21824K,  70% used [0x00000000e5560000, 0x00000000e647eca8, 0x00000000e6ab0000)
  to   space 21824K,   0% used [0x00000000e6ab0000, 0x00000000e6ab0000, 0x00000000e8000000)
 concurrent mark-sweep generation total 393216K, used 0K [0x00000000e8000000, 0x0000000100000000, 0x0000000100000000)
 Metaspace       used 30202K, capacity 31124K, committed 31332K, reserved 1077248K
  class space    used 3697K, capacity 3938K, committed 3940K, reserved 1048576K
2018-06-12T17:51:19.293-0300: 9.317: [GC (Allocation Failure) 2018-06-12T17:51:19.293-0300: 9.317: [ParNew
Desired survivor size 20112992 bytes, new threshold 8 (max 8)
- age   1:    4241704 bytes,    4241704 total
- age   2:    1527752 bytes,    5769456 total
- age   3:     355760 bytes,    6125216 total
- age   4:     239288 bytes,    6364504 total
- age   5:     155920 bytes,    6520424 total
- age   6:    5073928 bytes,   11594352 total
- age   7:    4094904 bytes,   15689256 total
: 102907K->21824K(109248K), 0.0144651 secs] 102907K->21824K(502464K), 0.0145538 secs] [Times: user=0.09 sys=0.00, real=0.01 secs] 
Heap after GC invocations=7 (full 1):
 par new generation   total 109248K, used 21824K [0x00000000e0000000, 0x00000000e8000000, 0x00000000e8000000)
  eden space 87424K,   0% used [0x00000000e0000000, 0x00000000e0000000, 0x00000000e5560000)
  from space 21824K, 100% used [0x00000000e6ab0000, 0x00000000e8000000, 0x00000000e8000000)
  to   space 21824K,   0% used [0x00000000e5560000, 0x00000000e5560000, 0x00000000e6ab0000)
 concurrent mark-sweep generation total 393216K, used 0K [0x00000000e8000000, 0x0000000100000000, 0x0000000100000000)
 Metaspace       used 30202K, capacity 31124K, committed 31332K, reserved 1077248K
  class space    used 3697K, capacity 3938K, committed 3940K, reserved 1048576K
}
2018-06-12T17:51:19.306-0300: 9.332: Total time for which application threads were stopped: 0.0148691 seconds, Stopping threads took: 0.0000648 seconds
2018-06-12T17:51:19.312-0300: 9.333: Total time for which application threads were stopped: 0.0002365 seconds, Stopping threads took: 0.0000653 seconds
2018-06-12T17:51:19.376-0300: 9.398: Total time for which application threads were stopped: 0.0001334 seconds, Stopping threads took: 0.0000355 seconds
2018-06-12T17:51:19.442-0300: 9.463: Total time for which application threads were stopped: 0.0001129 seconds, Stopping threads took: 0.0000303 seconds
2018-06-12T17:51:19.442-0300: 9.463: Total time for which application threads were stopped: 0.0000583 seconds, Stopping threads took: 0.0000219 seconds
2018-06-12T17:51:19.454-0300: 9.478: Total time for which application threads were stopped: 0.0002351 seconds, Stopping threads took: 0.0000788 seconds
2018-06-12T17:51:19.454-0300: 9.478: Total time for which application threads were stopped: 0.0000816 seconds, Stopping threads took: 0.0000229 seconds
2018-06-12T17:51:19.471-0300: 9.493: Total time for which application threads were stopped: 0.0001325 seconds, Stopping threads took: 0.0000369 seconds
2018-06-12T17:51:19.472-0300: 9.493: Total time for which application threads were stopped: 0.0001148 seconds, Stopping threads took: 0.0000285 seconds
2018-06-12T17:51:19.484-0300: 9.510: Total time for which application threads were stopped: 0.0002836 seconds, Stopping threads took: 0.0001857 seconds
2018-06-12T17:51:19.525-0300: 9.549: Total time for which application threads were stopped: 0.0003527 seconds, Stopping threads took: 0.0002556 seconds
2018-06-12T17:51:19.545-0300: 9.571: Total time for which application threads were stopped: 0.0002501 seconds, Stopping threads took: 0.0000564 seconds
2018-06-12T17:51:19.551-0300: 9.573: Total time for which application threads were stopped: 0.0004194 seconds, Stopping threads took: 0.0000275 seconds
2018-06-12T17:51:19.565-0300: 9.590: Total time for which application threads were stopped: 0.0001955 seconds, Stopping threads took: 0.0000709 seconds
2018-06-12T17:51:19.585-0300: 9.610: Total time for which application threads were stopped: 0.0004166 seconds, Stopping threads took: 0.0000364 seconds
2018-06-12T17:51:19.595-0300: 9.616: Total time for which application threads were stopped: 0.0001511 seconds, Stopping threads took: 0.0000415 seconds
2018-06-12T17:51:19.605-0300: 9.627: Total time for which application threads were stopped: 0.0001693 seconds, Stopping threads took: 0.0000495 seconds
2018-06-12T17:51:19.605-0300: 9.629: Total time for which application threads were stopped: 0.0003839 seconds, Stopping threads took: 0.0000313 seconds
2018-06-12T17:51:19.605-0300: 9.630: Total time for which application threads were stopped: 0.0000975 seconds, Stopping threads took: 0.0000299 seconds
2018-06-12T17:51:19.605-0300: 9.631: Total time for which application threads were stopped: 0.0001759 seconds, Stopping threads took: 0.0000331 seconds
2018-06-12T17:51:19.635-0300: 9.658: Total time for which application threads were stopped: 0.0002748 seconds, Stopping threads took: 0.0001735 seconds
2018-06-12T17:51:19.635-0300: 9.660: Total time for which application threads were stopped: 0.0004964 seconds, Stopping threads took: 0.0000490 seconds
2018-06-12T17:51:19.642-0300: 9.663: Total time for which application threads were stopped: 0.0001759 seconds, Stopping threads took: 0.0000569 seconds
2018-06-12T17:51:19.642-0300: 9.663: Total time for which application threads were stopped: 0.0001320 seconds, Stopping threads took: 0.0000303 seconds
2018-06-12T17:51:19.642-0300: 9.663: Total time for which application threads were stopped: 0.0001022 seconds, Stopping threads took: 0.0000257 seconds
2018-06-12T17:51:19.646-0300: 9.667: Total time for which application threads were stopped: 0.0001381 seconds, Stopping threads took: 0.0000415 seconds
2018-06-12T17:51:19.657-0300: 9.681: Total time for which application threads were stopped: 0.0002846 seconds, Stopping threads took: 0.0000686 seconds
2018-06-12T17:51:19.686-0300: 9.708: Total time for which application threads were stopped: 0.0004875 seconds, Stopping threads took: 0.0000774 seconds
{Heap before GC invocations=7 (full 1):
 par new generation   total 109248K, used 109248K [0x00000000e0000000, 0x00000000e8000000, 0x00000000e8000000)
  eden space 87424K, 100% used [0x00000000e0000000, 0x00000000e5560000, 0x00000000e5560000)
  from space 21824K, 100% used [0x00000000e6ab0000, 0x00000000e8000000, 0x00000000e8000000)
  to   space 21824K,   0% used [0x00000000e5560000, 0x00000000e5560000, 0x00000000e6ab0000)
 concurrent mark-sweep generation total 393216K, used 0K [0x00000000e8000000, 0x0000000100000000, 0x0000000100000000)
 Metaspace       used 32807K, capacity 33916K, committed 34020K, reserved 1079296K
  class space    used 4005K, capacity 4266K, committed 4324K, reserved 1048576K
2018-06-12T17:51:19.716-0300: 9.741: [GC (Allocation Failure) 2018-06-12T17:51:19.716-0300: 9.741: [ParNew
Desired survivor size 20112992 bytes, new threshold 8 (max 8)
- age   1:    8761096 bytes,    8761096 total
- age   2:    1428624 bytes,   10189720 total
- age   3:    1521680 bytes,   11711400 total
- age   4:     331816 bytes,   12043216 total
- age   5:     237112 bytes,   12280328 total
- age   6:     154344 bytes,   12434672 total
- age   7:    5055520 bytes,   17490192 total
- age   8:    4038728 bytes,   21528920 total
: 109248K->21824K(109248K), 0.0201901 secs] 109248K->22438K(502464K), 0.0202680 secs] [Times: user=0.09 sys=0.00, real=0.02 secs] 
Heap after GC invocations=8 (full 1):
 par new generation   total 109248K, used 21824K [0x00000000e0000000, 0x00000000e8000000, 0x00000000e8000000)
  eden space 87424K,   0% used [0x00000000e0000000, 0x00000000e0000000, 0x00000000e5560000)
  from space 21824K, 100% used [0x00000000e5560000, 0x00000000e6ab0000, 0x00000000e6ab0000)
  to   space 21824K,   0% used [0x00000000e6ab0000, 0x00000000e6ab0000, 0x00000000e8000000)
 concurrent mark-sweep generation total 393216K, used 614K [0x00000000e8000000, 0x0000000100000000, 0x0000000100000000)
 Metaspace       used 32807K, capacity 33916K, committed 34020K, reserved 1079296K
  class space    used 4005K, capacity 4266K, committed 4324K, reserved 1048576K
}
2018-06-12T17:51:19.739-0300: 9.761: Total time for which application threads were stopped: 0.0205060 seconds, Stopping threads took: 0.0000415 seconds
2018-06-12T17:51:19.739-0300: 9.761: Total time for which application threads were stopped: 0.0001348 seconds, Stopping threads took: 0.0000541 seconds
2018-06-12T17:51:19.739-0300: 9.762: Total time for which application threads were stopped: 0.0001997 seconds, Stopping threads took: 0.0001409 seconds
2018-06-12T17:51:19.739-0300: 9.762: Total time for which application threads were stopped: 0.0001106 seconds, Stopping threads took: 0.0000522 seconds
2018-06-12T17:51:19.741-0300: 9.762: Total time for which application threads were stopped: 0.0001134 seconds, Stopping threads took: 0.0000476 seconds
2018-06-12T17:51:19.741-0300: 9.762: Total time for which application threads were stopped: 0.0000975 seconds, Stopping threads took: 0.0000401 seconds
2018-06-12T17:51:19.741-0300: 9.762: Total time for which application threads were stopped: 0.0000984 seconds, Stopping threads took: 0.0000490 seconds
2018-06-12T17:51:19.741-0300: 9.763: Total time for which application threads were stopped: 0.0001008 seconds, Stopping threads took: 0.0000522 seconds
2018-06-12T17:51:19.741-0300: 9.763: Total time for which application threads were stopped: 0.0000821 seconds, Stopping threads took: 0.0000364 seconds
2018-06-12T17:51:19.741-0300: 9.763: Total time for which application threads were stopped: 0.0002137 seconds, Stopping threads took: 0.0000420 seconds
2018-06-12T17:51:19.742-0300: 9.765: Total time for which application threads were stopped: 0.0001250 seconds, Stopping threads took: 0.0000425 seconds
2018-06-12T17:51:19.844-0300: 9.868: Total time for which application threads were stopped: 0.0001843 seconds, Stopping threads took: 0.0000662 seconds
2018-06-12T17:51:19.844-0300: 9.869: Total time for which application threads were stopped: 0.0004730 seconds, Stopping threads took: 0.0000588 seconds
2018-06-12T17:51:19.844-0300: 9.871: Total time for which application threads were stopped: 0.0001749 seconds, Stopping threads took: 0.0000630 seconds
2018-06-12T17:51:19.854-0300: 9.876: Total time for which application threads were stopped: 0.0002995 seconds, Stopping threads took: 0.0001567 seconds
2018-06-12T17:51:19.856-0300: 9.877: Total time for which application threads were stopped: 0.0001866 seconds, Stopping threads took: 0.0000723 seconds
2018-06-12T17:51:19.864-0300: 9.891: Total time for which application threads were stopped: 0.0001180 seconds, Stopping threads took: 0.0000443 seconds
2018-06-12T17:51:19.864-0300: 9.891: Total time for which application threads were stopped: 0.0001390 seconds, Stopping threads took: 0.0000611 seconds
2018-06-12T17:51:19.871-0300: 9.892: Total time for which application threads were stopped: 0.0002067 seconds, Stopping threads took: 0.0000690 seconds
2018-06-12T17:51:19.875-0300: 9.899: Total time for which application threads were stopped: 0.0001572 seconds, Stopping threads took: 0.0000513 seconds
2018-06-12T17:52:05.027-0300: 55.048: Total time for which application threads were stopped: 0.0002225 seconds, Stopping threads took: 0.0000704 seconds
2018-06-12T17:52:05.028-0300: 55.048: Total time for which application threads were stopped: 0.0001474 seconds, Stopping threads took: 0.0000495 seconds
2018-06-12T19:05:14.669-0300: 4444.689: Total time for which application threads were stopped: 0.0002766 seconds, Stopping threads took: 0.0001003 seconds
2018-06-12T19:29:20.098-0300: 5890.119: Total time for which application threads were stopped: 0.0002584 seconds, Stopping threads took: 0.0000844 seconds
2018-06-12T19:50:15.461-0300: 7145.482: Total time for which application threads were stopped: 0.0001572 seconds, Stopping threads took: 0.0000504 seconds
2018-06-12T19:52:15.512-0300: 7265.533: Total time for which application threads were stopped: 0.0001894 seconds, Stopping threads took: 0.0000690 seconds
2018-06-12T19:59:14.649-0300: 7684.670: Total time for which application threads were stopped: 0.0001306 seconds, Stopping threads took: 0.0000429 seconds
2018-06-12T20:21:20.022-0300: 9010.043: Total time for which application threads were stopped: 0.0002403 seconds, Stopping threads took: 0.0000774 seconds
2018-06-12T20:43:55.027-0300: 10365.048: Total time for which application threads were stopped: 0.0001759 seconds, Stopping threads took: 0.0000947 seconds
2018-06-12T20:43:55.027-0300: 10365.048: Total time for which application threads were stopped: 0.0001330 seconds, Stopping threads took: 0.0000942 seconds
2018-06-12T20:43:55.027-0300: 10365.048: Total time for which application threads were stopped: 0.0000704 seconds, Stopping threads took: 0.0000350 seconds
2018-06-12T20:43:55.027-0300: 10365.049: Total time for which application threads were stopped: 0.0000774 seconds, Stopping threads took: 0.0000327 seconds
2018-06-12T20:43:55.040-0300: 10365.061: Total time for which application threads were stopped: 0.0000975 seconds, Stopping threads took: 0.0000266 seconds
2018-06-12T20:43:55.866-0300: 10365.887: Total time for which application threads were stopped: 0.0004031 seconds, Stopping threads took: 0.0000275 seconds
2018-06-12T20:43:55.891-0300: 10365.912: Total time for which application threads were stopped: 0.0087233 seconds, Stopping threads took: 0.0000243 seconds
2018-06-12T20:43:55.900-0300: 10365.921: Total time for which application threads were stopped: 0.0001008 seconds, Stopping threads took: 0.0000299 seconds
2018-06-12T20:43:55.993-0300: 10366.014: Total time for which application threads were stopped: 0.0000975 seconds, Stopping threads took: 0.0000313 seconds
2018-06-12T20:43:55.996-0300: 10366.016: Total time for which application threads were stopped: 0.0001241 seconds, Stopping threads took: 0.0000439 seconds
2018-06-12T20:43:55.998-0300: 10366.019: Total time for which application threads were stopped: 0.0000732 seconds, Stopping threads took: 0.0000247 seconds
2018-06-12T20:43:55.999-0300: 10366.020: Total time for which application threads were stopped: 0.0000481 seconds, Stopping threads took: 0.0000163 seconds
2018-06-12T20:43:56.001-0300: 10366.021: Total time for which application threads were stopped: 0.0000439 seconds, Stopping threads took: 0.0000145 seconds
2018-06-12T20:43:56.001-0300: 10366.022: Total time for which application threads were stopped: 0.0000425 seconds, Stopping threads took: 0.0000135 seconds
2018-06-12T20:43:56.002-0300: 10366.023: Total time for which application threads were stopped: 0.0000429 seconds, Stopping threads took: 0.0000140 seconds
2018-06-12T20:43:56.003-0300: 10366.024: Total time for which application threads were stopped: 0.0000490 seconds, Stopping threads took: 0.0000140 seconds
2018-06-12T20:43:56.003-0300: 10366.024: Total time for which application threads were stopped: 0.0000415 seconds, Stopping threads took: 0.0000140 seconds
2018-06-12T20:43:56.007-0300: 10366.028: Total time for which application threads were stopped: 0.0000658 seconds, Stopping threads took: 0.0000201 seconds
2018-06-12T20:43:56.007-0300: 10366.028: Total time for which application threads were stopped: 0.0000415 seconds, Stopping threads took: 0.0000135 seconds
2018-06-12T20:43:56.008-0300: 10366.028: Total time for which application threads were stopped: 0.0000583 seconds, Stopping threads took: 0.0000215 seconds
2018-06-12T20:43:56.017-0300: 10366.037: Total time for which application threads were stopped: 0.0000900 seconds, Stopping threads took: 0.0000336 seconds
2018-06-12T20:43:56.024-0300: 10366.045: Total time for which application threads were stopped: 0.0002752 seconds, Stopping threads took: 0.0002067 seconds
2018-06-12T20:43:56.133-0300: 10366.154: Total time for which application threads were stopped: 0.0001302 seconds, Stopping threads took: 0.0000275 seconds
2018-06-12T20:43:56.135-0300: 10366.155: Total time for which application threads were stopped: 0.0000770 seconds, Stopping threads took: 0.0000219 seconds
2018-06-12T20:43:56.135-0300: 10366.156: Total time for which application threads were stopped: 0.0000467 seconds, Stopping threads took: 0.0000140 seconds
2018-06-12T20:43:56.153-0300: 10366.175: Total time for which application threads were stopped: 0.0000877 seconds, Stopping threads took: 0.0000257 seconds
2018-06-12T20:43:56.153-0300: 10366.175: Total time for which application threads were stopped: 0.0000578 seconds, Stopping threads took: 0.0000177 seconds
2018-06-12T20:43:56.154-0300: 10366.176: Total time for which application threads were stopped: 0.0000490 seconds, Stopping threads took: 0.0000163 seconds
2018-06-12T20:43:56.160-0300: 10366.181: Total time for which application threads were stopped: 0.0002160 seconds, Stopping threads took: 0.0001367 seconds
2018-06-12T20:43:56.160-0300: 10366.182: Total time for which application threads were stopped: 0.0003144 seconds, Stopping threads took: 0.0002650 seconds
2018-06-12T20:43:56.160-0300: 10366.182: Total time for which application threads were stopped: 0.0000784 seconds, Stopping threads took: 0.0000345 seconds
2018-06-12T20:43:56.160-0300: 10366.182: Total time for which application threads were stopped: 0.0000611 seconds, Stopping threads took: 0.0000182 seconds
2018-06-12T20:43:56.165-0300: 10366.187: Total time for which application threads were stopped: 0.0000863 seconds, Stopping threads took: 0.0000219 seconds
2018-06-12T20:43:56.166-0300: 10366.187: Total time for which application threads were stopped: 0.0000453 seconds, Stopping threads took: 0.0000145 seconds
2018-06-12T20:43:56.166-0300: 10366.187: Total time for which application threads were stopped: 0.0000425 seconds, Stopping threads took: 0.0000135 seconds
2018-06-12T20:43:56.166-0300: 10366.187: Total time for which application threads were stopped: 0.0000448 seconds, Stopping threads took: 0.0000135 seconds
2018-06-12T20:43:56.173-0300: 10366.195: Total time for which application threads were stopped: 0.0000980 seconds, Stopping threads took: 0.0000252 seconds
2018-06-12T20:43:56.293-0300: 10366.314: Total time for which application threads were stopped: 0.0001871 seconds, Stopping threads took: 0.0000285 seconds
2018-06-12T20:43:56.293-0300: 10366.314: Total time for which application threads were stopped: 0.0000550 seconds, Stopping threads took: 0.0000149 seconds
2018-06-12T20:43:56.302-0300: 10366.323: Total time for which application threads were stopped: 0.0000942 seconds, Stopping threads took: 0.0000275 seconds
2018-06-12T20:43:56.303-0300: 10366.325: Total time for which application threads were stopped: 0.0000779 seconds, Stopping threads took: 0.0000257 seconds
2018-06-12T20:43:56.353-0300: 10366.374: Total time for which application threads were stopped: 0.0000886 seconds, Stopping threads took: 0.0000308 seconds
2018-06-12T20:43:56.355-0300: 10366.376: Total time for which application threads were stopped: 0.0003592 seconds, Stopping threads took: 0.0000173 seconds
2018-06-12T20:43:56.378-0300: 10366.400: Total time for which application threads were stopped: 0.0004017 seconds, Stopping threads took: 0.0000271 seconds
2018-06-12T20:43:56.520-0300: 10366.541: Total time for which application threads were stopped: 0.0001386 seconds, Stopping threads took: 0.0000313 seconds
2018-06-12T20:43:56.603-0300: 10366.624: Total time for which application threads were stopped: 0.0001395 seconds, Stopping threads took: 0.0000425 seconds
2018-06-12T20:43:56.711-0300: 10366.732: Total time for which application threads were stopped: 0.0002193 seconds, Stopping threads took: 0.0000686 seconds
{Heap before GC invocations=8 (full 1):
 par new generation   total 109248K, used 109248K [0x00000000e0000000, 0x00000000e8000000, 0x00000000e8000000)
  eden space 87424K, 100% used [0x00000000e0000000, 0x00000000e5560000, 0x00000000e5560000)
  from space 21824K, 100% used [0x00000000e5560000, 0x00000000e6ab0000, 0x00000000e6ab0000)
  to   space 21824K,   0% used [0x00000000e6ab0000, 0x00000000e6ab0000, 0x00000000e8000000)
 concurrent mark-sweep generation total 393216K, used 614K [0x00000000e8000000, 0x0000000100000000, 0x0000000100000000)
 Metaspace       used 35609K, capacity 36828K, committed 36964K, reserved 1081344K
  class space    used 4394K, capacity 4686K, committed 4708K, reserved 1048576K
2018-06-12T20:43:56.738-0300: 10366.759: [GC (Allocation Failure) 2018-06-12T20:43:56.738-0300: 10366.759: [ParNew
Desired survivor size 20112992 bytes, new threshold 8 (max 8)
- age   1:    4879960 bytes,    4879960 total
- age   2:    5617952 bytes,   10497912 total
- age   3:    1168840 bytes,   11666752 total
- age   4:    1495776 bytes,   13162528 total
- age   5:     325784 bytes,   13488312 total
- age   6:     232504 bytes,   13720816 total
- age   7:     150008 bytes,   13870824 total
- age   8:    4925168 bytes,   18795992 total
: 109248K->21824K(109248K), 0.0758771 secs] 109862K->29549K(502464K), 0.0761412 secs] [Times: user=0.31 sys=0.16, real=0.08 secs] 
Heap after GC invocations=9 (full 1):
 par new generation   total 109248K, used 21824K [0x00000000e0000000, 0x00000000e8000000, 0x00000000e8000000)
  eden space 87424K,   0% used [0x00000000e0000000, 0x00000000e0000000, 0x00000000e5560000)
  from space 21824K, 100% used [0x00000000e6ab0000, 0x00000000e8000000, 0x00000000e8000000)
  to   space 21824K,   0% used [0x00000000e5560000, 0x00000000e5560000, 0x00000000e6ab0000)
 concurrent mark-sweep generation total 393216K, used 7725K [0x00000000e8000000, 0x0000000100000000, 0x0000000100000000)
 Metaspace       used 35609K, capacity 36828K, committed 36964K, reserved 1081344K
  class space    used 4394K, capacity 4686K, committed 4708K, reserved 1048576K
}
2018-06-12T20:43:56.814-0300: 10366.835: Total time for which application threads were stopped: 0.0764327 seconds, Stopping threads took: 0.0000378 seconds
2018-06-12T20:43:56.815-0300: 10366.836: Total time for which application threads were stopped: 0.0001166 seconds, Stopping threads took: 0.0000527 seconds
2018-06-12T20:43:56.871-0300: 10366.892: Total time for which application threads were stopped: 0.0001190 seconds, Stopping threads took: 0.0000499 seconds
2018-06-12T20:43:56.923-0300: 10366.945: Total time for which application threads were stopped: 0.0000952 seconds, Stopping threads took: 0.0000364 seconds
2018-06-12T20:43:56.965-0300: 10366.986: Total time for which application threads were stopped: 0.0001274 seconds, Stopping threads took: 0.0000392 seconds
2018-06-12T20:43:56.966-0300: 10366.987: Total time for which application threads were stopped: 0.0001456 seconds, Stopping threads took: 0.0000886 seconds
2018-06-12T20:43:56.967-0300: 10366.988: Total time for which application threads were stopped: 0.0000756 seconds, Stopping threads took: 0.0000280 seconds
2018-06-12T20:43:56.970-0300: 10366.991: Total time for which application threads were stopped: 0.0001073 seconds, Stopping threads took: 0.0000411 seconds
2018-06-12T20:43:56.980-0300: 10367.001: Total time for which application threads were stopped: 0.0001344 seconds, Stopping threads took: 0.0000541 seconds
2018-06-12T20:43:56.982-0300: 10367.003: Total time for which application threads were stopped: 0.0000835 seconds, Stopping threads took: 0.0000303 seconds
2018-06-12T20:43:57.007-0300: 10367.028: Total time for which application threads were stopped: 0.0001339 seconds, Stopping threads took: 0.0000574 seconds
2018-06-12T20:43:57.009-0300: 10367.030: Total time for which application threads were stopped: 0.0001521 seconds, Stopping threads took: 0.0000602 seconds
2018-06-12T20:43:57.039-0300: 10367.060: Total time for which application threads were stopped: 0.0001134 seconds, Stopping threads took: 0.0000387 seconds
2018-06-12T20:43:57.041-0300: 10367.062: Total time for which application threads were stopped: 0.0001012 seconds, Stopping threads took: 0.0000415 seconds
2018-06-12T20:43:57.057-0300: 10367.078: Total time for which application threads were stopped: 0.0001227 seconds, Stopping threads took: 0.0000560 seconds
{Heap before GC invocations=9 (full 1):
 par new generation   total 109248K, used 109248K [0x00000000e0000000, 0x00000000e8000000, 0x00000000e8000000)
  eden space 87424K, 100% used [0x00000000e0000000, 0x00000000e5560000, 0x00000000e5560000)
  from space 21824K, 100% used [0x00000000e6ab0000, 0x00000000e8000000, 0x00000000e8000000)
  to   space 21824K,   0% used [0x00000000e5560000, 0x00000000e5560000, 0x00000000e6ab0000)
 concurrent mark-sweep generation total 393216K, used 7725K [0x00000000e8000000, 0x0000000100000000, 0x0000000100000000)
 Metaspace       used 35665K, capacity 36892K, committed 36964K, reserved 1081344K
  class space    used 4394K, capacity 4686K, committed 4708K, reserved 1048576K
2018-06-12T20:43:57.061-0300: 10367.082: [GC (Allocation Failure) 2018-06-12T20:43:57.061-0300: 10367.082: [ParNew
Desired survivor size 20112992 bytes, new threshold 8 (max 8)
- age   1:     524592 bytes,     524592 total
- age   2:    3368568 bytes,    3893160 total
- age   3:    5558152 bytes,    9451312 total
- age   4:    1129136 bytes,   10580448 total
- age   5:    1482200 bytes,   12062648 total
- age   6:     262288 bytes,   12324936 total
- age   7:     219848 bytes,   12544784 total
- age   8:     145496 bytes,   12690280 total
: 109248K->18167K(109248K), 0.0215533 secs] 116973K->30835K(502464K), 0.0216942 secs] [Times: user=0.08 sys=0.02, real=0.02 secs] 
Heap after GC invocations=10 (full 1):
 par new generation   total 109248K, used 18167K [0x00000000e0000000, 0x00000000e8000000, 0x00000000e8000000)
  eden space 87424K,   0% used [0x00000000e0000000, 0x00000000e0000000, 0x00000000e5560000)
  from space 21824K,  83% used [0x00000000e5560000, 0x00000000e671df40, 0x00000000e6ab0000)
  to   space 21824K,   0% used [0x00000000e6ab0000, 0x00000000e6ab0000, 0x00000000e8000000)
 concurrent mark-sweep generation total 393216K, used 12667K [0x00000000e8000000, 0x0000000100000000, 0x0000000100000000)
 Metaspace       used 35665K, capacity 36892K, committed 36964K, reserved 1081344K
  class space    used 4394K, capacity 4686K, committed 4708K, reserved 1048576K
}
2018-06-12T20:43:57.083-0300: 10367.104: Total time for which application threads were stopped: 0.0220375 seconds, Stopping threads took: 0.0000676 seconds
2018-06-12T20:43:57.100-0300: 10367.121: Total time for which application threads were stopped: 0.0001134 seconds, Stopping threads took: 0.0000364 seconds
2018-06-12T20:43:57.115-0300: 10367.136: Total time for which application threads were stopped: 0.0001036 seconds, Stopping threads took: 0.0000383 seconds
2018-06-12T20:43:57.130-0300: 10367.151: Total time for which application threads were stopped: 0.0002221 seconds, Stopping threads took: 0.0000401 seconds
2018-06-12T20:43:57.152-0300: 10367.173: Total time for which application threads were stopped: 0.0005346 seconds, Stopping threads took: 0.0000453 seconds
{Heap before GC invocations=10 (full 1):
 par new generation   total 109248K, used 105591K [0x00000000e0000000, 0x00000000e8000000, 0x00000000e8000000)
  eden space 87424K, 100% used [0x00000000e0000000, 0x00000000e5560000, 0x00000000e5560000)
  from space 21824K,  83% used [0x00000000e5560000, 0x00000000e671df40, 0x00000000e6ab0000)
  to   space 21824K,   0% used [0x00000000e6ab0000, 0x00000000e6ab0000, 0x00000000e8000000)
 concurrent mark-sweep generation total 393216K, used 12667K [0x00000000e8000000, 0x0000000100000000, 0x0000000100000000)
 Metaspace       used 35691K, capacity 36892K, committed 36964K, reserved 1081344K
  class space    used 4395K, capacity 4686K, committed 4708K, reserved 1048576K
2018-06-12T20:43:57.358-0300: 10367.378: [GC (Allocation Failure) 2018-06-12T20:43:57.358-0300: 10367.378: [ParNew
Desired survivor size 20112992 bytes, new threshold 8 (max 8)
- age   1:     542400 bytes,     542400 total
- age   2:     323856 bytes,     866256 total
- age   3:    5597288 bytes,    6463544 total
- age   4:    5558032 bytes,   12021576 total
- age   5:    1129136 bytes,   13150712 total
- age   6:    1482200 bytes,   14632912 total
- age   7:     262288 bytes,   14895200 total
- age   8:     219848 bytes,   15115048 total
: 105591K->18135K(109248K), 0.0132587 secs] 118259K->30949K(502464K), 0.0133394 secs] [Times: user=0.08 sys=0.00, real=0.01 secs] 
Heap after GC invocations=11 (full 1):
 par new generation   total 109248K, used 18135K [0x00000000e0000000, 0x00000000e8000000, 0x00000000e8000000)
  eden space 87424K,   0% used [0x00000000e0000000, 0x00000000e0000000, 0x00000000e5560000)
  from space 21824K,  83% used [0x00000000e6ab0000, 0x00000000e7c65fd0, 0x00000000e8000000)
  to   space 21824K,   0% used [0x00000000e5560000, 0x00000000e5560000, 0x00000000e6ab0000)
 concurrent mark-sweep generation total 393216K, used 12813K [0x00000000e8000000, 0x0000000100000000, 0x0000000100000000)
 Metaspace       used 35691K, capacity 36892K, committed 36964K, reserved 1081344K
  class space    used 4395K, capacity 4686K, committed 4708K, reserved 1048576K
}
2018-06-12T20:43:57.371-0300: 10367.392: Total time for which application threads were stopped: 0.0136492 seconds, Stopping threads took: 0.0000592 seconds
2018-06-12T20:43:57.517-0300: 10367.538: Total time for which application threads were stopped: 0.0002668 seconds, Stopping threads took: 0.0000369 seconds
{Heap before GC invocations=11 (full 1):
 par new generation   total 109248K, used 105559K [0x00000000e0000000, 0x00000000e8000000, 0x00000000e8000000)
  eden space 87424K, 100% used [0x00000000e0000000, 0x00000000e5560000, 0x00000000e5560000)
  from space 21824K,  83% used [0x00000000e6ab0000, 0x00000000e7c65fd0, 0x00000000e8000000)
  to   space 21824K,   0% used [0x00000000e5560000, 0x00000000e5560000, 0x00000000e6ab0000)
 concurrent mark-sweep generation total 393216K, used 12813K [0x00000000e8000000, 0x0000000100000000, 0x0000000100000000)
 Metaspace       used 35727K, capacity 37020K, committed 37220K, reserved 1081344K
  class space    used 4395K, capacity 4686K, committed 4708K, reserved 1048576K
2018-06-12T20:43:57.538-0300: 10367.558: [GC (Allocation Failure) 2018-06-12T20:43:57.538-0300: 10367.559: [ParNew
Desired survivor size 20112992 bytes, new threshold 8 (max 8)
- age   1:     587512 bytes,     587512 total
- age   2:     341752 bytes,     929264 total
- age   3:     322088 bytes,    1251352 total
- age   4:    3369240 bytes,    4620592 total
- age   5:    5557696 bytes,   10178288 total
- age   6:    1129160 bytes,   11307448 total
- age   7:    1482200 bytes,   12789648 total
- age   8:     262288 bytes,   13051936 total
: 105559K->14576K(109248K), 0.0102021 secs] 118373K->27609K(502464K), 0.0103015 secs] [Times: user=0.11 sys=0.00, real=0.01 secs] 
Heap after GC invocations=12 (full 1):
 par new generation   total 109248K, used 14576K [0x00000000e0000000, 0x00000000e8000000, 0x00000000e8000000)
  eden space 87424K,   0% used [0x00000000e0000000, 0x00000000e0000000, 0x00000000e5560000)
  from space 21824K,  66% used [0x00000000e5560000, 0x00000000e639c2d0, 0x00000000e6ab0000)
  to   space 21824K,   0% used [0x00000000e6ab0000, 0x00000000e6ab0000, 0x00000000e8000000)
 concurrent mark-sweep generation total 393216K, used 13033K [0x00000000e8000000, 0x0000000100000000, 0x0000000100000000)
 Metaspace       used 35727K, capacity 37020K, committed 37220K, reserved 1081344K
  class space    used 4395K, capacity 4686K, committed 4708K, reserved 1048576K
}
2018-06-12T20:43:57.548-0300: 10367.569: Total time for which application threads were stopped: 0.0105338 seconds, Stopping threads took: 0.0000397 seconds
{Heap before GC invocations=12 (full 1):
 par new generation   total 109248K, used 102000K [0x00000000e0000000, 0x00000000e8000000, 0x00000000e8000000)
  eden space 87424K, 100% used [0x00000000e0000000, 0x00000000e5560000, 0x00000000e5560000)
  from space 21824K,  66% used [0x00000000e5560000, 0x00000000e639c2d0, 0x00000000e6ab0000)
  to   space 21824K,   0% used [0x00000000e6ab0000, 0x00000000e6ab0000, 0x00000000e8000000)
 concurrent mark-sweep generation total 393216K, used 13033K [0x00000000e8000000, 0x0000000100000000, 0x0000000100000000)
 Metaspace       used 35735K, capacity 37020K, committed 37220K, reserved 1081344K
  class space    used 4395K, capacity 4686K, committed 4708K, reserved 1048576K
2018-06-12T20:43:57.683-0300: 10367.703: [GC (Allocation Failure) 2018-06-12T20:43:57.683-0300: 10367.704: [ParNew
Desired survivor size 20112992 bytes, new threshold 8 (max 8)
- age   1:     791248 bytes,     791248 total
- age   2:     246656 bytes,    1037904 total
- age   3:     341664 bytes,    1379568 total
- age   4:     322088 bytes,    1701656 total
- age   5:    3314056 bytes,    5015712 total
- age   6:    5557600 bytes,   10573312 total
- age   7:    1129136 bytes,   11702448 total
- age   8:    1482200 bytes,   13184648 total
: 102000K->14215K(109248K), 0.0111468 secs] 115033K->27510K(502464K), 0.0112495 secs] [Times: user=0.00 sys=0.00, real=0.01 secs] 
Heap after GC invocations=13 (full 1):
 par new generation   total 109248K, used 14215K [0x00000000e0000000, 0x00000000e8000000, 0x00000000e8000000)
  eden space 87424K,   0% used [0x00000000e0000000, 0x00000000e0000000, 0x00000000e5560000)
  from space 21824K,  65% used [0x00000000e6ab0000, 0x00000000e7891ce0, 0x00000000e8000000)
  to   space 21824K,   0% used [0x00000000e5560000, 0x00000000e5560000, 0x00000000e6ab0000)
 concurrent mark-sweep generation total 393216K, used 13295K [0x00000000e8000000, 0x0000000100000000, 0x0000000100000000)
 Metaspace       used 35735K, capacity 37020K, committed 37220K, reserved 1081344K
  class space    used 4395K, capacity 4686K, committed 4708K, reserved 1048576K
}
2018-06-12T20:43:57.694-0300: 10367.715: Total time for which application threads were stopped: 0.0115858 seconds, Stopping threads took: 0.0001180 seconds
{Heap before GC invocations=13 (full 1):
 par new generation   total 109248K, used 101639K [0x00000000e0000000, 0x00000000e8000000, 0x00000000e8000000)
  eden space 87424K, 100% used [0x00000000e0000000, 0x00000000e5560000, 0x00000000e5560000)
  from space 21824K,  65% used [0x00000000e6ab0000, 0x00000000e7891ce0, 0x00000000e8000000)
  to   space 21824K,   0% used [0x00000000e5560000, 0x00000000e5560000, 0x00000000e6ab0000)
 concurrent mark-sweep generation total 393216K, used 13295K [0x00000000e8000000, 0x0000000100000000, 0x0000000100000000)
 Metaspace       used 35773K, capacity 37020K, committed 37220K, reserved 1081344K
  class space    used 4395K, capacity 4686K, committed 4708K, reserved 1048576K
2018-06-12T20:43:57.869-0300: 10367.891: [GC (Allocation Failure) 2018-06-12T20:43:57.870-0300: 10367.891: [ParNew
Desired survivor size 20112992 bytes, new threshold 8 (max 8)
- age   1:     578416 bytes,     578416 total
- age   2:     370264 bytes,     948680 total
- age   3:     245728 bytes,    1194408 total
- age   4:     341664 bytes,    1536072 total
- age   5:     322088 bytes,    1858160 total
- age   6:    3314008 bytes,    5172168 total
- age   7:    5557432 bytes,   10729600 total
- age   8:    1129136 bytes,   11858736 total
: 101639K->18038K(109248K), 0.0110367 secs] 114934K->32788K(502464K), 0.0111328 secs] [Times: user=0.00 sys=0.00, real=0.01 secs] 
Heap after GC invocations=14 (full 1):
 par new generation   total 109248K, used 18038K [0x00000000e0000000, 0x00000000e8000000, 0x00000000e8000000)
  eden space 87424K,   0% used [0x00000000e0000000, 0x00000000e0000000, 0x00000000e5560000)
  from space 21824K,  82% used [0x00000000e5560000, 0x00000000e66fdb70, 0x00000000e6ab0000)
  to   space 21824K,   0% used [0x00000000e6ab0000, 0x00000000e6ab0000, 0x00000000e8000000)
 concurrent mark-sweep generation total 393216K, used 14749K [0x00000000e8000000, 0x0000000100000000, 0x0000000100000000)
 Metaspace       used 35773K, capacity 37020K, committed 37220K, reserved 1081344K
  class space    used 4395K, capacity 4686K, committed 4708K, reserved 1048576K
}
2018-06-12T20:43:57.881-0300: 10367.902: Total time for which application threads were stopped: 0.0113679 seconds, Stopping threads took: 0.0000341 seconds
{Heap before GC invocations=14 (full 1):
 par new generation   total 109248K, used 105462K [0x00000000e0000000, 0x00000000e8000000, 0x00000000e8000000)
  eden space 87424K, 100% used [0x00000000e0000000, 0x00000000e5560000, 0x00000000e5560000)
  from space 21824K,  82% used [0x00000000e5560000, 0x00000000e66fdb70, 0x00000000e6ab0000)
  to   space 21824K,   0% used [0x00000000e6ab0000, 0x00000000e6ab0000, 0x00000000e8000000)
 concurrent mark-sweep generation total 393216K, used 14749K [0x00000000e8000000, 0x0000000100000000, 0x0000000100000000)
 Metaspace       used 35806K, capacity 37152K, committed 37220K, reserved 1081344K
  class space    used 4395K, capacity 4686K, committed 4708K, reserved 1048576K
2018-06-12T20:43:57.986-0300: 10368.007: [GC (Allocation Failure) 2018-06-12T20:43:57.986-0300: 10368.007: [ParNew
Desired survivor size 20112992 bytes, new threshold 8 (max 8)
- age   1:     528336 bytes,     528336 total
- age   2:     222632 bytes,     750968 total
- age   3:     366544 bytes,    1117512 total
- age   4:     243056 bytes,    1360568 total
- age   5:     341664 bytes,    1702232 total
- age   6:     322088 bytes,    2024320 total
- age   7:    3314008 bytes,    5338328 total
- age   8:    5557048 bytes,   10895376 total
: 105462K->15454K(109248K), 0.0108809 secs] 120212K->31339K(502464K), 0.0109756 secs] [Times: user=0.08 sys=0.00, real=0.01 secs] 
Heap after GC invocations=15 (full 1):
 par new generation   total 109248K, used 15454K [0x00000000e0000000, 0x00000000e8000000, 0x00000000e8000000)
  eden space 87424K,   0% used [0x00000000e0000000, 0x00000000e0000000, 0x00000000e5560000)
  from space 21824K,  70% used [0x00000000e6ab0000, 0x00000000e79c7b40, 0x00000000e8000000)
  to   space 21824K,   0% used [0x00000000e5560000, 0x00000000e5560000, 0x00000000e6ab0000)
 concurrent mark-sweep generation total 393216K, used 15884K [0x00000000e8000000, 0x0000000100000000, 0x0000000100000000)
 Metaspace       used 35806K, capacity 37152K, committed 37220K, reserved 1081344K
  class space    used 4395K, capacity 4686K, committed 4708K, reserved 1048576K
}
2018-06-12T20:43:57.997-0300: 10368.018: Total time for which application threads were stopped: 0.0112173 seconds, Stopping threads took: 0.0000359 seconds
{Heap before GC invocations=15 (full 1):
 par new generation   total 109248K, used 102878K [0x00000000e0000000, 0x00000000e8000000, 0x00000000e8000000)
  eden space 87424K, 100% used [0x00000000e0000000, 0x00000000e5560000, 0x00000000e5560000)
  from space 21824K,  70% used [0x00000000e6ab0000, 0x00000000e79c7b40, 0x00000000e8000000)
  to   space 21824K,   0% used [0x00000000e5560000, 0x00000000e5560000, 0x00000000e6ab0000)
 concurrent mark-sweep generation total 393216K, used 15884K [0x00000000e8000000, 0x0000000100000000, 0x0000000100000000)
 Metaspace       used 35819K, capacity 37156K, committed 37220K, reserved 1081344K
  class space    used 4395K, capacity 4686K, committed 4708K, reserved 1048576K
2018-06-12T20:43:58.125-0300: 10368.147: [GC (Allocation Failure) 2018-06-12T20:43:58.125-0300: 10368.147: [ParNew
Desired survivor size 20112992 bytes, new threshold 8 (max 8)
- age   1:     763792 bytes,     763792 total
- age   2:     240984 bytes,    1004776 total
- age   3:     222544 bytes,    1227320 total
- age   4:     366544 bytes,    1593864 total
- age   5:     243056 bytes,    1836920 total
- age   6:     276112 bytes,    2113032 total
- age   7:     322088 bytes,    2435120 total
- age   8:    3313912 bytes,    5749032 total
: 102878K->8712K(109248K), 0.0134584 secs] 118763K->30593K(502464K), 0.0135484 secs] [Times: user=0.08 sys=0.02, real=0.01 secs] 
Heap after GC invocations=16 (full 1):
 par new generation   total 109248K, used 8712K [0x00000000e0000000, 0x00000000e8000000, 0x00000000e8000000)
  eden space 87424K,   0% used [0x00000000e0000000, 0x00000000e0000000, 0x00000000e5560000)
  from space 21824K,  39% used [0x00000000e5560000, 0x00000000e5de2108, 0x00000000e6ab0000)
  to   space 21824K,   0% used [0x00000000e6ab0000, 0x00000000e6ab0000, 0x00000000e8000000)
 concurrent mark-sweep generation total 393216K, used 21881K [0x00000000e8000000, 0x0000000100000000, 0x0000000100000000)
 Metaspace       used 35819K, capacity 37156K, committed 37220K, reserved 1081344K
  class space    used 4395K, capacity 4686K, committed 4708K, reserved 1048576K
}
2018-06-12T20:43:58.139-0300: 10368.160: Total time for which application threads were stopped: 0.0137929 seconds, Stopping threads took: 0.0000392 seconds
{Heap before GC invocations=16 (full 1):
 par new generation   total 109248K, used 96136K [0x00000000e0000000, 0x00000000e8000000, 0x00000000e8000000)
  eden space 87424K, 100% used [0x00000000e0000000, 0x00000000e5560000, 0x00000000e5560000)
  from space 21824K,  39% used [0x00000000e5560000, 0x00000000e5de2108, 0x00000000e6ab0000)
  to   space 21824K,   0% used [0x00000000e6ab0000, 0x00000000e6ab0000, 0x00000000e8000000)
 concurrent mark-sweep generation total 393216K, used 21881K [0x00000000e8000000, 0x0000000100000000, 0x0000000100000000)
 Metaspace       used 35847K, capacity 37156K, committed 37220K, reserved 1081344K
  class space    used 4395K, capacity 4686K, committed 4708K, reserved 1048576K
2018-06-12T20:43:58.237-0300: 10368.258: [GC (Allocation Failure) 2018-06-12T20:43:58.237-0300: 10368.258: [ParNew
Desired survivor size 20112992 bytes, new threshold 8 (max 8)
- age   1:     354768 bytes,     354768 total
- age   2:     653064 bytes,    1007832 total
- age   3:     240984 bytes,    1248816 total
- age   4:     222544 bytes,    1471360 total
- age   5:     366544 bytes,    1837904 total
- age   6:     243056 bytes,    2080960 total
- age   7:     276112 bytes,    2357072 total
- age   8:     322088 bytes,    2679160 total
: 96136K->3728K(109248K), 0.0056564 secs] 118017K->28855K(502464K), 0.0057474 secs] [Times: user=0.02 sys=0.00, real=0.01 secs] 
Heap after GC invocations=17 (full 1):
 par new generation   total 109248K, used 3728K [0x00000000e0000000, 0x00000000e8000000, 0x00000000e8000000)
  eden space 87424K,   0% used [0x00000000e0000000, 0x00000000e0000000, 0x00000000e5560000)
  from space 21824K,  17% used [0x00000000e6ab0000, 0x00000000e6e54148, 0x00000000e8000000)
  to   space 21824K,   0% used [0x00000000e5560000, 0x00000000e5560000, 0x00000000e6ab0000)
 concurrent mark-sweep generation total 393216K, used 25126K [0x00000000e8000000, 0x0000000100000000, 0x0000000100000000)
 Metaspace       used 35847K, capacity 37156K, committed 37220K, reserved 1081344K
  class space    used 4395K, capacity 4686K, committed 4708K, reserved 1048576K
}
2018-06-12T20:43:58.243-0300: 10368.264: Total time for which application threads were stopped: 0.0059671 seconds, Stopping threads took: 0.0000285 seconds
{Heap before GC invocations=17 (full 1):
 par new generation   total 109248K, used 91152K [0x00000000e0000000, 0x00000000e8000000, 0x00000000e8000000)
  eden space 87424K, 100% used [0x00000000e0000000, 0x00000000e5560000, 0x00000000e5560000)
  from space 21824K,  17% used [0x00000000e6ab0000, 0x00000000e6e54148, 0x00000000e8000000)
  to   space 21824K,   0% used [0x00000000e5560000, 0x00000000e5560000, 0x00000000e6ab0000)
 concurrent mark-sweep generation total 393216K, used 25126K [0x00000000e8000000, 0x0000000100000000, 0x0000000100000000)
 Metaspace       used 35861K, capacity 37156K, committed 37220K, reserved 1081344K
  class space    used 4395K, capacity 4686K, committed 4708K, reserved 1048576K
2018-06-12T20:43:58.324-0300: 10368.346: [GC (Allocation Failure) 2018-06-12T20:43:58.324-0300: 10368.346: [ParNew
Desired survivor size 20112992 bytes, new threshold 8 (max 8)
- age   1:     641888 bytes,     641888 total
- age   2:     224192 bytes,     866080 total
- age   3:     370752 bytes,    1236832 total
- age   4:     236032 bytes,    1472864 total
- age   5:     222544 bytes,    1695408 total
- age   6:     366544 bytes,    2061952 total
- age   7:     243056 bytes,    2305008 total
- age   8:     276112 bytes,    2581120 total
: 91152K->3050K(109248K), 0.0055048 secs] 116279K->28491K(502464K), 0.0055930 secs] [Times: user=0.00 sys=0.00, real=0.01 secs] 
Heap after GC invocations=18 (full 1):
 par new generation   total 109248K, used 3050K [0x00000000e0000000, 0x00000000e8000000, 0x00000000e8000000)
  eden space 87424K,   0% used [0x00000000e0000000, 0x00000000e0000000, 0x00000000e5560000)
  from space 21824K,  13% used [0x00000000e5560000, 0x00000000e585a818, 0x00000000e6ab0000)
  to   space 21824K,   0% used [0x00000000e6ab0000, 0x00000000e6ab0000, 0x00000000e8000000)
 concurrent mark-sweep generation total 393216K, used 25441K [0x00000000e8000000, 0x0000000100000000, 0x0000000100000000)
 Metaspace       used 35861K, capacity 37156K, committed 37220K, reserved 1081344K
  class space    used 4395K, capacity 4686K, committed 4708K, reserved 1048576K
}
2018-06-12T20:43:58.330-0300: 10368.351: Total time for which application threads were stopped: 0.0058496 seconds, Stopping threads took: 0.0000439 seconds
2018-06-12T20:43:58.387-0300: 10368.408: Total time for which application threads were stopped: 0.0001236 seconds, Stopping threads took: 0.0000467 seconds
2018-06-12T20:43:58.387-0300: 10368.408: Total time for which application threads were stopped: 0.0000620 seconds, Stopping threads took: 0.0000191 seconds
2018-06-12T20:43:58.387-0300: 10368.408: Total time for which application threads were stopped: 0.0000704 seconds, Stopping threads took: 0.0000303 seconds
2018-06-12T20:43:58.393-0300: 10368.414: Total time for which application threads were stopped: 0.0001115 seconds, Stopping threads took: 0.0000331 seconds
2018-06-12T20:43:58.415-0300: 10368.436: Total time for which application threads were stopped: 0.0001106 seconds, Stopping threads took: 0.0000345 seconds
2018-06-12T20:43:58.415-0300: 10368.436: Total time for which application threads were stopped: 0.0000676 seconds, Stopping threads took: 0.0000252 seconds
2018-06-12T20:43:58.610-0300: 10368.631: Total time for which application threads were stopped: 0.0002612 seconds, Stopping threads took: 0.0000429 seconds
2018-06-12T20:43:58.806-0300: 10368.827: Total time for which application threads were stopped: 0.0001731 seconds, Stopping threads took: 0.0000434 seconds
2018-06-12T20:43:58.812-0300: 10368.833: Total time for which application threads were stopped: 0.0001936 seconds, Stopping threads took: 0.0001143 seconds
2018-06-12T20:43:58.812-0300: 10368.833: Total time for which application threads were stopped: 0.0001185 seconds, Stopping threads took: 0.0000723 seconds
2018-06-12T20:43:58.812-0300: 10368.833: Total time for which application threads were stopped: 0.0000756 seconds, Stopping threads took: 0.0000313 seconds
2018-06-12T20:43:58.812-0300: 10368.833: Total time for which application threads were stopped: 0.0000564 seconds, Stopping threads took: 0.0000191 seconds
2018-06-12T20:43:58.813-0300: 10368.834: Total time for which application threads were stopped: 0.0000830 seconds, Stopping threads took: 0.0000280 seconds
2018-06-12T20:43:58.814-0300: 10368.835: Total time for which application threads were stopped: 0.0001031 seconds, Stopping threads took: 0.0000294 seconds
2018-06-12T20:43:59.814-0300: 10369.835: Total time for which application threads were stopped: 0.0001348 seconds, Stopping threads took: 0.0000387 seconds
2018-06-12T20:44:05.282-0300: 10375.304: Total time for which application threads were stopped: 0.0001819 seconds, Stopping threads took: 0.0000588 seconds
2018-06-12T20:44:05.285-0300: 10375.307: Total time for which application threads were stopped: 0.0001124 seconds, Stopping threads took: 0.0000383 seconds
2018-06-12T20:44:05.286-0300: 10375.307: Total time for which application threads were stopped: 0.0001082 seconds, Stopping threads took: 0.0000373 seconds
2018-06-12T20:44:05.286-0300: 10375.307: Total time for which application threads were stopped: 0.0001078 seconds, Stopping threads took: 0.0000373 seconds
2018-06-12T20:44:05.286-0300: 10375.308: Total time for which application threads were stopped: 0.0001073 seconds, Stopping threads took: 0.0000369 seconds
2018-06-12T20:44:05.286-0300: 10375.308: Total time for which application threads were stopped: 0.0001059 seconds, Stopping threads took: 0.0000369 seconds
2018-06-12T20:44:05.287-0300: 10375.308: Total time for which application threads were stopped: 0.0001096 seconds, Stopping threads took: 0.0000373 seconds
2018-06-12T20:44:05.287-0300: 10375.308: Total time for which application threads were stopped: 0.0001059 seconds, Stopping threads took: 0.0000364 seconds
2018-06-12T20:44:05.290-0300: 10375.311: Total time for which application threads were stopped: 0.0001801 seconds, Stopping threads took: 0.0000630 seconds
2018-06-12T20:44:05.290-0300: 10375.311: Total time for which application threads were stopped: 0.0002202 seconds, Stopping threads took: 0.0001269 seconds
2018-06-12T20:44:05.290-0300: 10375.312: Total time for which application threads were stopped: 0.0002146 seconds, Stopping threads took: 0.0001204 seconds
2018-06-12T20:44:05.291-0300: 10375.312: Total time for which application threads were stopped: 0.0002333 seconds, Stopping threads took: 0.0001428 seconds
2018-06-12T20:44:05.310-0300: 10375.332: Total time for which application threads were stopped: 0.0002281 seconds, Stopping threads took: 0.0000840 seconds
2018-06-12T20:44:05.311-0300: 10375.332: Total time for which application threads were stopped: 0.0001530 seconds, Stopping threads took: 0.0000690 seconds
2018-06-12T20:44:05.314-0300: 10375.336: Total time for which application threads were stopped: 0.0002151 seconds, Stopping threads took: 0.0000914 seconds
2018-06-12T20:44:05.315-0300: 10375.336: Total time for which application threads were stopped: 0.0001036 seconds, Stopping threads took: 0.0000341 seconds
2018-06-12T20:44:05.315-0300: 10375.336: Total time for which application threads were stopped: 0.0000905 seconds, Stopping threads took: 0.0000299 seconds
2018-06-12T20:44:05.425-0300: 10375.446: Total time for which application threads were stopped: 0.0001190 seconds, Stopping threads took: 0.0000392 seconds
2018-06-12T20:44:05.426-0300: 10375.447: Total time for which application threads were stopped: 0.0001885 seconds, Stopping threads took: 0.0000536 seconds
{Heap before GC invocations=18 (full 1):
 par new generation   total 109248K, used 90474K [0x00000000e0000000, 0x00000000e8000000, 0x00000000e8000000)
  eden space 87424K, 100% used [0x00000000e0000000, 0x00000000e5560000, 0x00000000e5560000)
  from space 21824K,  13% used [0x00000000e5560000, 0x00000000e585a818, 0x00000000e6ab0000)
  to   space 21824K,   0% used [0x00000000e6ab0000, 0x00000000e6ab0000, 0x00000000e8000000)
 concurrent mark-sweep generation total 393216K, used 25441K [0x00000000e8000000, 0x0000000100000000, 0x0000000100000000)
 Metaspace       used 36275K, capacity 37508K, committed 37860K, reserved 1083392K
  class space    used 4431K, capacity 4718K, committed 4836K, reserved 1048576K
2018-06-12T20:44:05.447-0300: 10375.468: [GC (Allocation Failure) 2018-06-12T20:44:05.447-0300: 10375.468: [ParNew
Desired survivor size 20112992 bytes, new threshold 8 (max 8)
- age   1:    1165008 bytes,    1165008 total
- age   2:     574360 bytes,    1739368 total
- age   3:     222352 bytes,    1961720 total
- age   4:     369096 bytes,    2330816 total
- age   5:     232744 bytes,    2563560 total
- age   6:     220384 bytes,    2783944 total
- age   7:     365808 bytes,    3149752 total
- age   8:     240480 bytes,    3390232 total
: 90474K->4338K(109248K), 0.0036290 secs] 115915K->30048K(502464K), 0.0037405 secs] [Times: user=0.00 sys=0.00, real=0.00 secs] 
Heap after GC invocations=19 (full 1):
 par new generation   total 109248K, used 4338K [0x00000000e0000000, 0x00000000e8000000, 0x00000000e8000000)
  eden space 87424K,   0% used [0x00000000e0000000, 0x00000000e0000000, 0x00000000e5560000)
  from space 21824K,  19% used [0x00000000e6ab0000, 0x00000000e6eecba0, 0x00000000e8000000)
  to   space 21824K,   0% used [0x00000000e5560000, 0x00000000e5560000, 0x00000000e6ab0000)
 concurrent mark-sweep generation total 393216K, used 25709K [0x00000000e8000000, 0x0000000100000000, 0x0000000100000000)
 Metaspace       used 36275K, capacity 37508K, committed 37860K, reserved 1083392K
  class space    used 4431K, capacity 4718K, committed 4836K, reserved 1048576K
}
2018-06-12T20:44:05.451-0300: 10375.472: Total time for which application threads were stopped: 0.0040484 seconds, Stopping threads took: 0.0000919 seconds
{Heap before GC invocations=19 (full 1):
 par new generation   total 109248K, used 91762K [0x00000000e0000000, 0x00000000e8000000, 0x00000000e8000000)
  eden space 87424K, 100% used [0x00000000e0000000, 0x00000000e5560000, 0x00000000e5560000)
  from space 21824K,  19% used [0x00000000e6ab0000, 0x00000000e6eecba0, 0x00000000e8000000)
  to   space 21824K,   0% used [0x00000000e5560000, 0x00000000e5560000, 0x00000000e6ab0000)
 concurrent mark-sweep generation total 393216K, used 25709K [0x00000000e8000000, 0x0000000100000000, 0x0000000100000000)
 Metaspace       used 36289K, capacity 37572K, committed 37860K, reserved 1083392K
  class space    used 4431K, capacity 4718K, committed 4836K, reserved 1048576K
2018-06-12T20:44:05.552-0300: 10375.573: [GC (Allocation Failure) 2018-06-12T20:44:05.552-0300: 10375.573: [ParNew
Desired survivor size 20112992 bytes, new threshold 8 (max 8)
- age   1:     714192 bytes,     714192 total
- age   2:     835272 bytes,    1549464 total
- age   3:     574360 bytes,    2123824 total
- age   4:     222352 bytes,    2346176 total
- age   5:     369096 bytes,    2715272 total
- age   6:     232744 bytes,    2948016 total
- age   7:     220384 bytes,    3168400 total
- age   8:     365808 bytes,    3534208 total
: 91762K->4730K(109248K), 0.0036780 secs] 117472K->30675K(502464K), 0.0037820 secs] [Times: user=0.02 sys=0.00, real=0.00 secs] 
Heap after GC invocations=20 (full 1):
 par new generation   total 109248K, used 4730K [0x00000000e0000000, 0x00000000e8000000, 0x00000000e8000000)
  eden space 87424K,   0% used [0x00000000e0000000, 0x00000000e0000000, 0x00000000e5560000)
  from space 21824K,  21% used [0x00000000e5560000, 0x00000000e59feb30, 0x00000000e6ab0000)
  to   space 21824K,   0% used [0x00000000e6ab0000, 0x00000000e6ab0000, 0x00000000e8000000)
 concurrent mark-sweep generation total 393216K, used 25944K [0x00000000e8000000, 0x0000000100000000, 0x0000000100000000)
 Metaspace       used 36289K, capacity 37572K, committed 37860K, reserved 1083392K
  class space    used 4431K, capacity 4718K, committed 4836K, reserved 1048576K
}
2018-06-12T20:44:05.555-0300: 10375.577: Total time for which application threads were stopped: 0.0040316 seconds, Stopping threads took: 0.0000336 seconds
{Heap before GC invocations=20 (full 1):
 par new generation   total 109248K, used 92154K [0x00000000e0000000, 0x00000000e8000000, 0x00000000e8000000)
  eden space 87424K, 100% used [0x00000000e0000000, 0x00000000e5560000, 0x00000000e5560000)
  from space 21824K,  21% used [0x00000000e5560000, 0x00000000e59feb30, 0x00000000e6ab0000)
  to   space 21824K,   0% used [0x00000000e6ab0000, 0x00000000e6ab0000, 0x00000000e8000000)
 concurrent mark-sweep generation total 393216K, used 25944K [0x00000000e8000000, 0x0000000100000000, 0x0000000100000000)
 Metaspace       used 36310K, capacity 37636K, committed 37860K, reserved 1083392K
  class space    used 4431K, capacity 4718K, committed 4836K, reserved 1048576K
2018-06-12T20:44:05.634-0300: 10375.655: [GC (Allocation Failure) 2018-06-12T20:44:05.634-0300: 10375.655: [ParNew
Desired survivor size 20112992 bytes, new threshold 8 (max 8)
- age   1:     608560 bytes,     608560 total
- age   2:     376760 bytes,     985320 total
- age   3:     826816 bytes,    1812136 total
- age   4:     574360 bytes,    2386496 total
- age   5:     222352 bytes,    2608848 total
- age   6:     369096 bytes,    2977944 total
- age   7:     232744 bytes,    3210688 total
- age   8:     220384 bytes,    3431072 total
: 92154K->4295K(109248K), 0.0049366 secs] 118099K->30597K(502464K), 0.0050253 secs] [Times: user=0.00 sys=0.00, real=0.00 secs] 
Heap after GC invocations=21 (full 1):
 par new generation   total 109248K, used 4295K [0x00000000e0000000, 0x00000000e8000000, 0x00000000e8000000)
  eden space 87424K,   0% used [0x00000000e0000000, 0x00000000e0000000, 0x00000000e5560000)
  from space 21824K,  19% used [0x00000000e6ab0000, 0x00000000e6ee1ff8, 0x00000000e8000000)
  to   space 21824K,   0% used [0x00000000e5560000, 0x00000000e5560000, 0x00000000e6ab0000)
 concurrent mark-sweep generation total 393216K, used 26301K [0x00000000e8000000, 0x0000000100000000, 0x0000000100000000)
 Metaspace       used 36310K, capacity 37636K, committed 37860K, reserved 1083392K
  class space    used 4431K, capacity 4718K, committed 4836K, reserved 1048576K
}
2018-06-12T20:44:05.639-0300: 10375.660: Total time for which application threads were stopped: 0.0052576 seconds, Stopping threads took: 0.0000364 seconds
{Heap before GC invocations=21 (full 1):
 par new generation   total 109248K, used 91719K [0x00000000e0000000, 0x00000000e8000000, 0x00000000e8000000)
  eden space 87424K, 100% used [0x00000000e0000000, 0x00000000e5560000, 0x00000000e5560000)
  from space 21824K,  19% used [0x00000000e6ab0000, 0x00000000e6ee1ff8, 0x00000000e8000000)
  to   space 21824K,   0% used [0x00000000e5560000, 0x00000000e5560000, 0x00000000e6ab0000)
 concurrent mark-sweep generation total 393216K, used 26301K [0x00000000e8000000, 0x0000000100000000, 0x0000000100000000)
 Metaspace       used 36383K, capacity 37636K, committed 37860K, reserved 1083392K
  class space    used 4431K, capacity 4718K, committed 4836K, reserved 1048576K
2018-06-12T20:44:05.733-0300: 10375.754: [GC (Allocation Failure) 2018-06-12T20:44:05.733-0300: 10375.754: [ParNew
Desired survivor size 20112992 bytes, new threshold 8 (max 8)
- age   1:     605592 bytes,     605592 total
- age   2:     437424 bytes,    1043016 total
- age   3:     285920 bytes,    1328936 total
- age   4:     794032 bytes,    2122968 total
- age   5:     574360 bytes,    2697328 total
- age   6:     222352 bytes,    2919680 total
- age   7:     369096 bytes,    3288776 total
- age   8:     232744 bytes,    3521520 total
: 91719K->4195K(109248K), 0.0045970 secs] 118021K->30713K(502464K), 0.0046884 secs] [Times: user=0.00 sys=0.00, real=0.00 secs] 
Heap after GC invocations=22 (full 1):
 par new generation   total 109248K, used 4195K [0x00000000e0000000, 0x00000000e8000000, 0x00000000e8000000)
  eden space 87424K,   0% used [0x00000000e0000000, 0x00000000e0000000, 0x00000000e5560000)
  from space 21824K,  19% used [0x00000000e5560000, 0x00000000e5978ff8, 0x00000000e6ab0000)
  to   space 21824K,   0% used [0x00000000e6ab0000, 0x00000000e6ab0000, 0x00000000e8000000)
 concurrent mark-sweep generation total 393216K, used 26517K [0x00000000e8000000, 0x0000000100000000, 0x0000000100000000)
 Metaspace       used 36383K, capacity 37636K, committed 37860K, reserved 1083392K
  class space    used 4431K, capacity 4718K, committed 4836K, reserved 1048576K
}
2018-06-12T20:44:05.738-0300: 10375.759: Total time for which application threads were stopped: 0.0049306 seconds, Stopping threads took: 0.0000280 seconds
{Heap before GC invocations=22 (full 1):
 par new generation   total 109248K, used 91619K [0x00000000e0000000, 0x00000000e8000000, 0x00000000e8000000)
  eden space 87424K, 100% used [0x00000000e0000000, 0x00000000e5560000, 0x00000000e5560000)
  from space 21824K,  19% used [0x00000000e5560000, 0x00000000e5978ff8, 0x00000000e6ab0000)
  to   space 21824K,   0% used [0x00000000e6ab0000, 0x00000000e6ab0000, 0x00000000e8000000)
 concurrent mark-sweep generation total 393216K, used 26517K [0x00000000e8000000, 0x0000000100000000, 0x0000000100000000)
 Metaspace       used 36390K, capacity 37636K, committed 37860K, reserved 1083392K
  class space    used 4431K, capacity 4718K, committed 4836K, reserved 1048576K
2018-06-12T20:44:05.818-0300: 10375.839: [GC (Allocation Failure) 2018-06-12T20:44:05.818-0300: 10375.839: [ParNew
Desired survivor size 20112992 bytes, new threshold 8 (max 8)
- age   1:     458176 bytes,     458176 total
- age   2:     317152 bytes,     775328 total
- age   3:     437136 bytes,    1212464 total
- age   4:     285920 bytes,    1498384 total
- age   5:     793976 bytes,    2292360 total
- age   6:     574360 bytes,    2866720 total
- age   7:     222352 bytes,    3089072 total
- age   8:     369096 bytes,    3458168 total
: 91619K->4959K(109248K), 0.0038268 secs] 118137K->31703K(502464K), 0.0039173 secs] [Times: user=0.00 sys=0.00, real=0.00 secs] 
Heap after GC invocations=23 (full 1):
 par new generation   total 109248K, used 4959K [0x00000000e0000000, 0x00000000e8000000, 0x00000000e8000000)
  eden space 87424K,   0% used [0x00000000e0000000, 0x00000000e0000000, 0x00000000e5560000)
  from space 21824K,  22% used [0x00000000e6ab0000, 0x00000000e6f87e70, 0x00000000e8000000)
  to   space 21824K,   0% used [0x00000000e5560000, 0x00000000e5560000, 0x00000000e6ab0000)
 concurrent mark-sweep generation total 393216K, used 26744K [0x00000000e8000000, 0x0000000100000000, 0x0000000100000000)
 Metaspace       used 36390K, capacity 37636K, committed 37860K, reserved 1083392K
  class space    used 4431K, capacity 4718K, committed 4836K, reserved 1048576K
}
2018-06-12T20:44:05.821-0300: 10375.843: Total time for which application threads were stopped: 0.0041715 seconds, Stopping threads took: 0.0000448 seconds
{Heap before GC invocations=23 (full 1):
 par new generation   total 109248K, used 92383K [0x00000000e0000000, 0x00000000e8000000, 0x00000000e8000000)
  eden space 87424K, 100% used [0x00000000e0000000, 0x00000000e5560000, 0x00000000e5560000)
  from space 21824K,  22% used [0x00000000e6ab0000, 0x00000000e6f87e70, 0x00000000e8000000)
  to   space 21824K,   0% used [0x00000000e5560000, 0x00000000e5560000, 0x00000000e6ab0000)
 concurrent mark-sweep generation total 393216K, used 26744K [0x00000000e8000000, 0x0000000100000000, 0x0000000100000000)
 Metaspace       used 36391K, capacity 37636K, committed 37860K, reserved 1083392K
  class space    used 4431K, capacity 4718K, committed 4836K, reserved 1048576K
2018-06-12T20:44:05.907-0300: 10375.928: [GC (Allocation Failure) 2018-06-12T20:44:05.907-0300: 10375.928: [ParNew
Desired survivor size 20112992 bytes, new threshold 8 (max 8)
- age   1:     525848 bytes,     525848 total
- age   2:     217752 bytes,     743600 total
- age   3:     316336 bytes,    1059936 total
- age   4:     437136 bytes,    1497072 total
- age   5:     285920 bytes,    1782992 total
- age   6:     793880 bytes,    2576872 total
- age   7:     574360 bytes,    3151232 total
- age   8:     222352 bytes,    3373584 total
: 92383K->4572K(109248K), 0.0044417 secs] 119127K->31677K(502464K), 0.0045704 secs] [Times: user=0.00 sys=0.00, real=0.00 secs] 
Heap after GC invocations=24 (full 1):
 par new generation   total 109248K, used 4572K [0x00000000e0000000, 0x00000000e8000000, 0x00000000e8000000)
  eden space 87424K,   0% used [0x00000000e0000000, 0x00000000e0000000, 0x00000000e5560000)
  from space 21824K,  20% used [0x00000000e5560000, 0x00000000e59d71f8, 0x00000000e6ab0000)
  to   space 21824K,   0% used [0x00000000e6ab0000, 0x00000000e6ab0000, 0x00000000e8000000)
 concurrent mark-sweep generation total 393216K, used 27104K [0x00000000e8000000, 0x0000000100000000, 0x0000000100000000)
 Metaspace       used 36391K, capacity 37636K, committed 37860K, reserved 1083392K
  class space    used 4431K, capacity 4718K, committed 4836K, reserved 1048576K
}
2018-06-12T20:44:05.912-0300: 10375.933: Total time for which application threads were stopped: 0.0048513 seconds, Stopping threads took: 0.0000327 seconds
{Heap before GC invocations=24 (full 1):
 par new generation   total 109248K, used 91996K [0x00000000e0000000, 0x00000000e8000000, 0x00000000e8000000)
  eden space 87424K, 100% used [0x00000000e0000000, 0x00000000e5560000, 0x00000000e5560000)
  from space 21824K,  20% used [0x00000000e5560000, 0x00000000e59d71f8, 0x00000000e6ab0000)
  to   space 21824K,   0% used [0x00000000e6ab0000, 0x00000000e6ab0000, 0x00000000e8000000)
 concurrent mark-sweep generation total 393216K, used 27104K [0x00000000e8000000, 0x0000000100000000, 0x0000000100000000)
 Metaspace       used 36395K, capacity 37636K, committed 37860K, reserved 1083392K
  class space    used 4431K, capacity 4718K, committed 4836K, reserved 1048576K
2018-06-12T20:44:05.993-0300: 10376.014: [GC (Allocation Failure) 2018-06-12T20:44:05.993-0300: 10376.014: [ParNew
Desired survivor size 20112992 bytes, new threshold 8 (max 8)
- age   1:     795088 bytes,     795088 total
- age   2:     205744 bytes,    1000832 total
- age   3:     213800 bytes,    1214632 total
- age   4:     316336 bytes,    1530968 total
- age   5:     371584 bytes,    1902552 total
- age   6:     285920 bytes,    2188472 total
- age   7:     777456 bytes,    2965928 total
- age   8:     574360 bytes,    3540288 total
: 91996K->4725K(109248K), 0.0047099 secs] 119101K->32047K(502464K), 0.0048130 secs] [Times: user=0.00 sys=0.00, real=0.00 secs] 
Heap after GC invocations=25 (full 1):
 par new generation   total 109248K, used 4725K [0x00000000e0000000, 0x00000000e8000000, 0x00000000e8000000)
  eden space 87424K,   0% used [0x00000000e0000000, 0x00000000e0000000, 0x00000000e5560000)
  from space 21824K,  21% used [0x00000000e6ab0000, 0x00000000e6f4d7a8, 0x00000000e8000000)
  to   space 21824K,   0% used [0x00000000e5560000, 0x00000000e5560000, 0x00000000e6ab0000)
 concurrent mark-sweep generation total 393216K, used 27321K [0x00000000e8000000, 0x0000000100000000, 0x0000000100000000)
 Metaspace       used 36395K, capacity 37636K, committed 37860K, reserved 1083392K
  class space    used 4431K, capacity 4718K, committed 4836K, reserved 1048576K
}
2018-06-12T20:44:05.998-0300: 10376.019: Total time for which application threads were stopped: 0.0050896 seconds, Stopping threads took: 0.0000439 seconds
{Heap before GC invocations=25 (full 1):
 par new generation   total 109248K, used 92149K [0x00000000e0000000, 0x00000000e8000000, 0x00000000e8000000)
  eden space 87424K, 100% used [0x00000000e0000000, 0x00000000e5560000, 0x00000000e5560000)
  from space 21824K,  21% used [0x00000000e6ab0000, 0x00000000e6f4d7a8, 0x00000000e8000000)
  to   space 21824K,   0% used [0x00000000e5560000, 0x00000000e5560000, 0x00000000e6ab0000)
 concurrent mark-sweep generation total 393216K, used 27321K [0x00000000e8000000, 0x0000000100000000, 0x0000000100000000)
 Metaspace       used 36401K, capacity 37700K, committed 37860K, reserved 1083392K
  class space    used 4431K, capacity 4718K, committed 4836K, reserved 1048576K
2018-06-12T20:44:06.078-0300: 10376.100: [GC (Allocation Failure) 2018-06-12T20:44:06.078-0300: 10376.100: [ParNew
Desired survivor size 20112992 bytes, new threshold 8 (max 8)
- age   1:     580256 bytes,     580256 total
- age   2:     434640 bytes,    1014896 total
- age   3:     205744 bytes,    1220640 total
- age   4:     213800 bytes,    1434440 total
- age   5:     314224 bytes,    1748664 total
- age   6:     371584 bytes,    2120248 total
- age   7:     285920 bytes,    2406168 total
- age   8:     777456 bytes,    3183624 total
: 92149K->4156K(109248K), 0.0039024 secs] 119471K->32039K(502464K), 0.0039999 secs] [Times: user=0.00 sys=0.00, real=0.00 secs] 
Heap after GC invocations=26 (full 1):
 par new generation   total 109248K, used 4156K [0x00000000e0000000, 0x00000000e8000000, 0x00000000e8000000)
  eden space 87424K,   0% used [0x00000000e0000000, 0x00000000e0000000, 0x00000000e5560000)
  from space 21824K,  19% used [0x00000000e5560000, 0x00000000e596f1d8, 0x00000000e6ab0000)
  to   space 21824K,   0% used [0x00000000e6ab0000, 0x00000000e6ab0000, 0x00000000e8000000)
 concurrent mark-sweep generation total 393216K, used 27882K [0x00000000e8000000, 0x0000000100000000, 0x0000000100000000)
 Metaspace       used 36401K, capacity 37700K, committed 37860K, reserved 1083392K
  class space    used 4431K, capacity 4718K, committed 4836K, reserved 1048576K
}
2018-06-12T20:44:06.082-0300: 10376.104: Total time for which application threads were stopped: 0.0042252 seconds, Stopping threads took: 0.0000317 seconds
{Heap before GC invocations=26 (full 1):
 par new generation   total 109248K, used 91580K [0x00000000e0000000, 0x00000000e8000000, 0x00000000e8000000)
  eden space 87424K, 100% used [0x00000000e0000000, 0x00000000e5560000, 0x00000000e5560000)
  from space 21824K,  19% used [0x00000000e5560000, 0x00000000e596f1d8, 0x00000000e6ab0000)
  to   space 21824K,   0% used [0x00000000e6ab0000, 0x00000000e6ab0000, 0x00000000e8000000)
 concurrent mark-sweep generation total 393216K, used 27882K [0x00000000e8000000, 0x0000000100000000, 0x0000000100000000)
 Metaspace       used 36405K, capacity 37704K, committed 37860K, reserved 1083392K
  class space    used 4431K, capacity 4718K, committed 4836K, reserved 1048576K
2018-06-12T20:44:06.182-0300: 10376.204: [GC (Allocation Failure) 2018-06-12T20:44:06.182-0300: 10376.204: [ParNew
Desired survivor size 20112992 bytes, new threshold 8 (max 8)
- age   1:     249080 bytes,     249080 total
- age   2:     528376 bytes,     777456 total
- age   3:     434640 bytes,    1212096 total
- age   4:     205744 bytes,    1417840 total
- age   5:     213256 bytes,    1631096 total
- age   6:     314224 bytes,    1945320 total
- age   7:     371584 bytes,    2316904 total
- age   8:     285920 bytes,    2602824 total
: 91580K->3373K(109248K), 0.0045625 secs] 119463K->32017K(502464K), 0.0047570 secs] [Times: user=0.00 sys=0.00, real=0.01 secs] 
Heap after GC invocations=27 (full 1):
 par new generation   total 109248K, used 3373K [0x00000000e0000000, 0x00000000e8000000, 0x00000000e8000000)
  eden space 87424K,   0% used [0x00000000e0000000, 0x00000000e0000000, 0x00000000e5560000)
  from space 21824K,  15% used [0x00000000e6ab0000, 0x00000000e6dfb528, 0x00000000e8000000)
  to   space 21824K,   0% used [0x00000000e5560000, 0x00000000e5560000, 0x00000000e6ab0000)
 concurrent mark-sweep generation total 393216K, used 28644K [0x00000000e8000000, 0x0000000100000000, 0x0000000100000000)
 Metaspace       used 36405K, capacity 37704K, committed 37860K, reserved 1083392K
  class space    used 4431K, capacity 4718K, committed 4836K, reserved 1048576K
}
2018-06-12T20:44:06.187-0300: 10376.209: Total time for which application threads were stopped: 0.0050024 seconds, Stopping threads took: 0.0000401 seconds
{Heap before GC invocations=27 (full 1):
 par new generation   total 109248K, used 90797K [0x00000000e0000000, 0x00000000e8000000, 0x00000000e8000000)
  eden space 87424K, 100% used [0x00000000e0000000, 0x00000000e5560000, 0x00000000e5560000)
  from space 21824K,  15% used [0x00000000e6ab0000, 0x00000000e6dfb528, 0x00000000e8000000)
  to   space 21824K,   0% used [0x00000000e5560000, 0x00000000e5560000, 0x00000000e6ab0000)
 concurrent mark-sweep generation total 393216K, used 28644K [0x00000000e8000000, 0x0000000100000000, 0x0000000100000000)
 Metaspace       used 36419K, capacity 37768K, committed 38116K, reserved 1083392K
  class space    used 4431K, capacity 4718K, committed 4836K, reserved 1048576K
2018-06-12T20:44:06.290-0300: 10376.312: [GC (Allocation Failure) 2018-06-12T20:44:06.290-0300: 10376.312: [ParNew
Desired survivor size 20112992 bytes, new threshold 8 (max 8)
- age   1:     658592 bytes,     658592 total
- age   2:     212240 bytes,     870832 total
- age   3:     246712 bytes,    1117544 total
- age   4:     429688 bytes,    1547232 total
- age   5:     205744 bytes,    1752976 total
- age   6:     213256 bytes,    1966232 total
- age   7:     314224 bytes,    2280456 total
- age   8:     371584 bytes,    2652040 total
: 90797K->3462K(109248K), 0.0040568 secs] 119441K->32386K(502464K), 0.0041389 secs] [Times: user=0.00 sys=0.00, real=0.00 secs] 
Heap after GC invocations=28 (full 1):
 par new generation   total 109248K, used 3462K [0x00000000e0000000, 0x00000000e8000000, 0x00000000e8000000)
  eden space 87424K,   0% used [0x00000000e0000000, 0x00000000e0000000, 0x00000000e5560000)
  from space 21824K,  15% used [0x00000000e5560000, 0x00000000e58c1ac0, 0x00000000e6ab0000)
  to   space 21824K,   0% used [0x00000000e6ab0000, 0x00000000e6ab0000, 0x00000000e8000000)
 concurrent mark-sweep generation total 393216K, used 28923K [0x00000000e8000000, 0x0000000100000000, 0x0000000100000000)
 Metaspace       used 36419K, capacity 37768K, committed 38116K, reserved 1083392K
  class space    used 4431K, capacity 4718K, committed 4836K, reserved 1048576K
}
2018-06-12T20:44:06.294-0300: 10376.316: Total time for which application threads were stopped: 0.0043745 seconds, Stopping threads took: 0.0000355 seconds
{Heap before GC invocations=28 (full 1):
 par new generation   total 109248K, used 90886K [0x00000000e0000000, 0x00000000e8000000, 0x00000000e8000000)
  eden space 87424K, 100% used [0x00000000e0000000, 0x00000000e5560000, 0x00000000e5560000)
  from space 21824K,  15% used [0x00000000e5560000, 0x00000000e58c1ac0, 0x00000000e6ab0000)
  to   space 21824K,   0% used [0x00000000e6ab0000, 0x00000000e6ab0000, 0x00000000e8000000)
 concurrent mark-sweep generation total 393216K, used 28923K [0x00000000e8000000, 0x0000000100000000, 0x0000000100000000)
 Metaspace       used 36427K, capacity 37768K, committed 38116K, reserved 1083392K
  class space    used 4431K, capacity 4718K, committed 4836K, reserved 1048576K
2018-06-12T20:44:06.388-0300: 10376.409: [GC (Allocation Failure) 2018-06-12T20:44:06.388-0300: 10376.409: [ParNew
Desired survivor size 20112992 bytes, new threshold 8 (max 8)
- age   1:     242488 bytes,     242488 total
- age   2:     526472 bytes,     768960 total
- age   3:     212072 bytes,     981032 total
- age   4:     246712 bytes,    1227744 total
- age   5:     429688 bytes,    1657432 total
- age   6:     204160 bytes,    1861592 total
- age   7:     213256 bytes,    2074848 total
- age   8:     314224 bytes,    2389072 total
: 90886K->2951K(109248K), 0.0047146 secs] 119810K->32238K(502464K), 0.0048531 secs] [Times: user=0.00 sys=0.00, real=0.00 secs] 
Heap after GC invocations=29 (full 1):
 par new generation   total 109248K, used 2951K [0x00000000e0000000, 0x00000000e8000000, 0x00000000e8000000)
  eden space 87424K,   0% used [0x00000000e0000000, 0x00000000e0000000, 0x00000000e5560000)
  from space 21824K,  13% used [0x00000000e6ab0000, 0x00000000e6d91e68, 0x00000000e8000000)
  to   space 21824K,   0% used [0x00000000e5560000, 0x00000000e5560000, 0x00000000e6ab0000)
 concurrent mark-sweep generation total 393216K, used 29286K [0x00000000e8000000, 0x0000000100000000, 0x0000000100000000)
 Metaspace       used 36427K, capacity 37768K, committed 38116K, reserved 1083392K
  class space    used 4431K, capacity 4718K, committed 4836K, reserved 1048576K
}
2018-06-12T20:44:06.393-0300: 10376.414: Total time for which application threads were stopped: 0.0052263 seconds, Stopping threads took: 0.0000411 seconds
2018-06-12T20:44:06.399-0300: 10376.420: Total time for which application threads were stopped: 0.0001274 seconds, Stopping threads took: 0.0000541 seconds
2018-06-12T20:44:06.400-0300: 10376.422: Total time for which application threads were stopped: 0.0001199 seconds, Stopping threads took: 0.0000490 seconds
2018-06-12T20:44:06.406-0300: 10376.427: Total time for which application threads were stopped: 0.0002109 seconds, Stopping threads took: 0.0001283 seconds
2018-06-12T20:44:06.406-0300: 10376.427: Total time for which application threads were stopped: 0.0001022 seconds, Stopping threads took: 0.0000508 seconds
2018-06-12T20:44:06.481-0300: 10376.503: Total time for which application threads were stopped: 0.0001693 seconds, Stopping threads took: 0.0000588 seconds
2018-06-12T20:44:06.680-0300: 10376.701: Total time for which application threads were stopped: 0.0001026 seconds, Stopping threads took: 0.0000313 seconds
2018-06-12T20:44:06.680-0300: 10376.701: Total time for which application threads were stopped: 0.0000504 seconds, Stopping threads took: 0.0000187 seconds
2018-06-12T20:44:06.688-0300: 10376.709: Total time for which application threads were stopped: 0.0001353 seconds, Stopping threads took: 0.0000504 seconds
2018-06-12T20:44:06.688-0300: 10376.709: Total time for which application threads were stopped: 0.0000686 seconds, Stopping threads took: 0.0000257 seconds
2018-06-12T20:44:06.688-0300: 10376.709: Total time for which application threads were stopped: 0.0000648 seconds, Stopping threads took: 0.0000233 seconds
2018-06-12T20:44:06.688-0300: 10376.710: Total time for which application threads were stopped: 0.0000952 seconds, Stopping threads took: 0.0000508 seconds
2018-06-12T20:44:07.689-0300: 10377.710: Total time for which application threads were stopped: 0.0002095 seconds, Stopping threads took: 0.0000676 seconds
2018-06-12T20:44:09.979-0300: 10380.001: Total time for which application threads were stopped: 0.0001805 seconds, Stopping threads took: 0.0000606 seconds
2018-06-12T20:44:09.982-0300: 10380.003: Total time for which application threads were stopped: 0.0001157 seconds, Stopping threads took: 0.0000387 seconds
2018-06-12T20:44:09.983-0300: 10380.004: Total time for which application threads were stopped: 0.0001152 seconds, Stopping threads took: 0.0000373 seconds
2018-06-12T20:44:09.983-0300: 10380.004: Total time for which application threads were stopped: 0.0001087 seconds, Stopping threads took: 0.0000369 seconds
2018-06-12T20:44:09.983-0300: 10380.005: Total time for which application threads were stopped: 0.0001703 seconds, Stopping threads took: 0.0000373 seconds
2018-06-12T20:44:09.983-0300: 10380.005: Total time for which application threads were stopped: 0.0001087 seconds, Stopping threads took: 0.0000373 seconds
2018-06-12T20:44:09.984-0300: 10380.005: Total time for which application threads were stopped: 0.0001390 seconds, Stopping threads took: 0.0000490 seconds
2018-06-12T20:44:09.984-0300: 10380.005: Total time for which application threads were stopped: 0.0001087 seconds, Stopping threads took: 0.0000369 seconds
2018-06-12T20:44:09.987-0300: 10380.008: Total time for which application threads were stopped: 0.0001913 seconds, Stopping threads took: 0.0000905 seconds
2018-06-12T20:44:09.987-0300: 10380.008: Total time for which application threads were stopped: 0.0001204 seconds, Stopping threads took: 0.0000476 seconds
2018-06-12T20:44:09.987-0300: 10380.009: Total time for which application threads were stopped: 0.0001927 seconds, Stopping threads took: 0.0001129 seconds
2018-06-12T20:44:09.988-0300: 10380.009: Total time for which application threads were stopped: 0.0001484 seconds, Stopping threads took: 0.0000616 seconds
2018-06-12T20:44:10.011-0300: 10380.033: Total time for which application threads were stopped: 0.0001833 seconds, Stopping threads took: 0.0001078 seconds
2018-06-12T20:44:10.011-0300: 10380.033: Total time for which application threads were stopped: 0.0000835 seconds, Stopping threads took: 0.0000453 seconds
2018-06-12T20:44:10.013-0300: 10380.035: Total time for which application threads were stopped: 0.0000681 seconds, Stopping threads took: 0.0000238 seconds
2018-06-12T20:44:10.013-0300: 10380.035: Total time for which application threads were stopped: 0.0000704 seconds, Stopping threads took: 0.0000289 seconds
2018-06-12T20:44:10.014-0300: 10380.035: Total time for which application threads were stopped: 0.0000644 seconds, Stopping threads took: 0.0000196 seconds
2018-06-12T20:44:10.124-0300: 10380.145: Total time for which application threads were stopped: 0.0001199 seconds, Stopping threads took: 0.0000392 seconds
{Heap before GC invocations=29 (full 1):
 par new generation   total 109248K, used 90375K [0x00000000e0000000, 0x00000000e8000000, 0x00000000e8000000)
  eden space 87424K, 100% used [0x00000000e0000000, 0x00000000e5560000, 0x00000000e5560000)
  from space 21824K,  13% used [0x00000000e6ab0000, 0x00000000e6d91e68, 0x00000000e8000000)
  to   space 21824K,   0% used [0x00000000e5560000, 0x00000000e5560000, 0x00000000e6ab0000)
 concurrent mark-sweep generation total 393216K, used 29286K [0x00000000e8000000, 0x0000000100000000, 0x0000000100000000)
 Metaspace       used 36483K, capacity 37774K, committed 38116K, reserved 1083392K
  class space    used 4432K, capacity 4719K, committed 4836K, reserved 1048576K
2018-06-12T20:44:10.196-0300: 10380.217: [GC (Allocation Failure) 2018-06-12T20:44:10.196-0300: 10380.217: [ParNew
Desired survivor size 20112992 bytes, new threshold 8 (max 8)
- age   1:     967752 bytes,     967752 total
- age   2:     240528 bytes,    1208280 total
- age   3:     525368 bytes,    1733648 total
- age   4:     210600 bytes,    1944248 total
- age   5:     244584 bytes,    2188832 total
- age   6:     411528 bytes,    2600360 total
- age   7:     202688 bytes,    2803048 total
- age   8:     211968 bytes,    3015016 total
: 90375K->3561K(109248K), 0.0047654 secs] 119662K->33152K(502464K), 0.0048559 secs] [Times: user=0.00 sys=0.00, real=0.00 secs] 
Heap after GC invocations=30 (full 1):
 par new generation   total 109248K, used 3561K [0x00000000e0000000, 0x00000000e8000000, 0x00000000e8000000)
  eden space 87424K,   0% used [0x00000000e0000000, 0x00000000e0000000, 0x00000000e5560000)
  from space 21824K,  16% used [0x00000000e5560000, 0x00000000e58da4b0, 0x00000000e6ab0000)
  to   space 21824K,   0% used [0x00000000e6ab0000, 0x00000000e6ab0000, 0x00000000e8000000)
 concurrent mark-sweep generation total 393216K, used 29591K [0x00000000e8000000, 0x0000000100000000, 0x0000000100000000)
 Metaspace       used 36483K, capacity 37774K, committed 38116K, reserved 1083392K
  class space    used 4432K, capacity 4719K, committed 4836K, reserved 1048576K
}
2018-06-12T20:44:10.201-0300: 10380.222: Total time for which application threads were stopped: 0.0051489 seconds, Stopping threads took: 0.0000359 seconds
{Heap before GC invocations=30 (full 1):
 par new generation   total 109248K, used 90985K [0x00000000e0000000, 0x00000000e8000000, 0x00000000e8000000)
  eden space 87424K, 100% used [0x00000000e0000000, 0x00000000e5560000, 0x00000000e5560000)
  from space 21824K,  16% used [0x00000000e5560000, 0x00000000e58da4b0, 0x00000000e6ab0000)
  to   space 21824K,   0% used [0x00000000e6ab0000, 0x00000000e6ab0000, 0x00000000e8000000)
 concurrent mark-sweep generation total 393216K, used 29591K [0x00000000e8000000, 0x0000000100000000, 0x0000000100000000)
 Metaspace       used 36487K, capacity 37774K, committed 38116K, reserved 1083392K
  class space    used 4432K, capacity 4719K, committed 4836K, reserved 1048576K
2018-06-12T20:44:10.280-0300: 10380.302: [GC (Allocation Failure) 2018-06-12T20:44:10.280-0300: 10380.302: [ParNew
Desired survivor size 20112992 bytes, new threshold 8 (max 8)
- age   1:     652192 bytes,     652192 total
- age   2:     763288 bytes,    1415480 total
- age   3:     240528 bytes,    1656008 total
- age   4:     525368 bytes,    2181376 total
- age   5:     210600 bytes,    2391976 total
- age   6:     244584 bytes,    2636560 total
- age   7:     411528 bytes,    3048088 total
- age   8:     202688 bytes,    3250776 total
: 90985K->4158K(109248K), 0.0039136 secs] 120576K->33957K(502464K), 0.0040129 secs] [Times: user=0.00 sys=0.00, real=0.00 secs] 
Heap after GC invocations=31 (full 1):
 par new generation   total 109248K, used 4158K [0x00000000e0000000, 0x00000000e8000000, 0x00000000e8000000)
  eden space 87424K,   0% used [0x00000000e0000000, 0x00000000e0000000, 0x00000000e5560000)
  from space 21824K,  19% used [0x00000000e6ab0000, 0x00000000e6ebf8d8, 0x00000000e8000000)
  to   space 21824K,   0% used [0x00000000e5560000, 0x00000000e5560000, 0x00000000e6ab0000)
 concurrent mark-sweep generation total 393216K, used 29798K [0x00000000e8000000, 0x0000000100000000, 0x0000000100000000)
 Metaspace       used 36487K, capacity 37774K, committed 38116K, reserved 1083392K
  class space    used 4432K, capacity 4719K, committed 4836K, reserved 1048576K
}
2018-06-12T20:44:10.284-0300: 10380.306: Total time for which application threads were stopped: 0.0042392 seconds, Stopping threads took: 0.0000327 seconds
{Heap before GC invocations=31 (full 1):
 par new generation   total 109248K, used 91582K [0x00000000e0000000, 0x00000000e8000000, 0x00000000e8000000)
  eden space 87424K, 100% used [0x00000000e0000000, 0x00000000e5560000, 0x00000000e5560000)
  from space 21824K,  19% used [0x00000000e6ab0000, 0x00000000e6ebf8d8, 0x00000000e8000000)
  to   space 21824K,   0% used [0x00000000e5560000, 0x00000000e5560000, 0x00000000e6ab0000)
 concurrent mark-sweep generation total 393216K, used 29798K [0x00000000e8000000, 0x0000000100000000, 0x0000000100000000)
 Metaspace       used 36487K, capacity 37774K, committed 38116K, reserved 1083392K
  class space    used 4432K, capacity 4719K, committed 4836K, reserved 1048576K
2018-06-12T20:44:10.364-0300: 10380.385: [GC (Allocation Failure) 2018-06-12T20:44:10.364-0300: 10380.385: [ParNew
Desired survivor size 20112992 bytes, new threshold 8 (max 8)
- age   1:     617072 bytes,     617072 total
- age   2:     400352 bytes,    1017424 total
- age   3:     730120 bytes,    1747544 total
- age   4:     240528 bytes,    1988072 total
- age   5:     525368 bytes,    2513440 total
- age   6:     210600 bytes,    2724040 total
- age   7:     244584 bytes,    2968624 total
- age   8:     411528 bytes,    3380152 total
: 91582K->4233K(109248K), 0.0038100 secs] 121381K->34230K(502464K), 0.0039042 secs] [Times: user=0.00 sys=0.00, real=0.00 secs] 
Heap after GC invocations=32 (full 1):
 par new generation   total 109248K, used 4233K [0x00000000e0000000, 0x00000000e8000000, 0x00000000e8000000)
  eden space 87424K,   0% used [0x00000000e0000000, 0x00000000e0000000, 0x00000000e5560000)
  from space 21824K,  19% used [0x00000000e5560000, 0x00000000e59826d8, 0x00000000e6ab0000)
  to   space 21824K,   0% used [0x00000000e6ab0000, 0x00000000e6ab0000, 0x00000000e8000000)
 concurrent mark-sweep generation total 393216K, used 29996K [0x00000000e8000000, 0x0000000100000000, 0x0000000100000000)
 Metaspace       used 36487K, capacity 37774K, committed 38116K, reserved 1083392K
  class space    used 4432K, capacity 4719K, committed 4836K, reserved 1048576K
}
2018-06-12T20:44:10.368-0300: 10380.389: Total time for which application threads were stopped: 0.0041561 seconds, Stopping threads took: 0.0000359 seconds
{Heap before GC invocations=32 (full 1):
 par new generation   total 109248K, used 91657K [0x00000000e0000000, 0x00000000e8000000, 0x00000000e8000000)
  eden space 87424K, 100% used [0x00000000e0000000, 0x00000000e5560000, 0x00000000e5560000)
  from space 21824K,  19% used [0x00000000e5560000, 0x00000000e59826d8, 0x00000000e6ab0000)
  to   space 21824K,   0% used [0x00000000e6ab0000, 0x00000000e6ab0000, 0x00000000e8000000)
 concurrent mark-sweep generation total 393216K, used 29996K [0x00000000e8000000, 0x0000000100000000, 0x0000000100000000)
 Metaspace       used 36495K, capacity 37774K, committed 38116K, reserved 1083392K
  class space    used 4432K, capacity 4719K, committed 4836K, reserved 1048576K
2018-06-12T20:44:10.449-0300: 10380.471: [GC (Allocation Failure) 2018-06-12T20:44:10.449-0300: 10380.471: [ParNew
Desired survivor size 20112992 bytes, new threshold 8 (max 8)
- age   1:     531152 bytes,     531152 total
- age   2:     379128 bytes,     910280 total
- age   3:     365720 bytes,    1276000 total
- age   4:     730064 bytes,    2006064 total
- age   5:     240528 bytes,    2246592 total
- age   6:     525368 bytes,    2771960 total
- age   7:     210600 bytes,    2982560 total
- age   8:     244584 bytes,    3227144 total
: 91657K->4424K(109248K), 0.0049702 secs] 121654K->34823K(502464K), 0.0050528 secs] [Times: user=0.00 sys=0.00, real=0.01 secs] 
Heap after GC invocations=33 (full 1):
 par new generation   total 109248K, used 4424K [0x00000000e0000000, 0x00000000e8000000, 0x00000000e8000000)
  eden space 87424K,   0% used [0x00000000e0000000, 0x00000000e0000000, 0x00000000e5560000)
  from space 21824K,  20% used [0x00000000e6ab0000, 0x00000000e6f022c0, 0x00000000e8000000)
  to   space 21824K,   0% used [0x00000000e5560000, 0x00000000e5560000, 0x00000000e6ab0000)
 concurrent mark-sweep generation total 393216K, used 30398K [0x00000000e8000000, 0x0000000100000000, 0x0000000100000000)
 Metaspace       used 36495K, capacity 37774K, committed 38116K, reserved 1083392K
  class space    used 4432K, capacity 4719K, committed 4836K, reserved 1048576K
}
2018-06-12T20:44:10.455-0300: 10380.476: Total time for which application threads were stopped: 0.0052842 seconds, Stopping threads took: 0.0000355 seconds
{Heap before GC invocations=33 (full 1):
 par new generation   total 109248K, used 91848K [0x00000000e0000000, 0x00000000e8000000, 0x00000000e8000000)
  eden space 87424K, 100% used [0x00000000e0000000, 0x00000000e5560000, 0x00000000e5560000)
  from space 21824K,  20% used [0x00000000e6ab0000, 0x00000000e6f022c0, 0x00000000e8000000)
  to   space 21824K,   0% used [0x00000000e5560000, 0x00000000e5560000, 0x00000000e6ab0000)
 concurrent mark-sweep generation total 393216K, used 30398K [0x00000000e8000000, 0x0000000100000000, 0x0000000100000000)
 Metaspace       used 36506K, capacity 37774K, committed 38116K, reserved 1083392K
  class space    used 4432K, capacity 4719K, committed 4836K, reserved 1048576K
2018-06-12T20:44:10.538-0300: 10380.559: [GC (Allocation Failure) 2018-06-12T20:44:10.538-0300: 10380.559: [ParNew
Desired survivor size 20112992 bytes, new threshold 8 (max 8)
- age   1:     493456 bytes,     493456 total
- age   2:     227624 bytes,     721080 total
- age   3:     376960 bytes,    1098040 total
- age   4:     365768 bytes,    1463808 total
- age   5:     730088 bytes,    2193896 total
- age   6:     240528 bytes,    2434424 total
- age   7:     525368 bytes,    2959792 total
- age   8:     210600 bytes,    3170392 total
: 91848K->4340K(109248K), 0.0038730 secs] 122247K->34977K(502464K), 0.0039737 secs] [Times: user=0.08 sys=0.00, real=0.00 secs] 
Heap after GC invocations=34 (full 1):
 par new generation   total 109248K, used 4340K [0x00000000e0000000, 0x00000000e8000000, 0x00000000e8000000)
  eden space 87424K,   0% used [0x00000000e0000000, 0x00000000e0000000, 0x00000000e5560000)
  from space 21824K,  19% used [0x00000000e5560000, 0x00000000e599d0b8, 0x00000000e6ab0000)
  to   space 21824K,   0% used [0x00000000e6ab0000, 0x00000000e6ab0000, 0x00000000e8000000)
 concurrent mark-sweep generation total 393216K, used 30637K [0x00000000e8000000, 0x0000000100000000, 0x0000000100000000)
 Metaspace       used 36506K, capacity 37774K, committed 38116K, reserved 1083392K
  class space    used 4432K, capacity 4719K, committed 4836K, reserved 1048576K
}
2018-06-12T20:44:10.542-0300: 10380.563: Total time for which application threads were stopped: 0.0042065 seconds, Stopping threads took: 0.0000373 seconds
{Heap before GC invocations=34 (full 1):
 par new generation   total 109248K, used 91764K [0x00000000e0000000, 0x00000000e8000000, 0x00000000e8000000)
  eden space 87424K, 100% used [0x00000000e0000000, 0x00000000e5560000, 0x00000000e5560000)
  from space 21824K,  19% used [0x00000000e5560000, 0x00000000e599d0b8, 0x00000000e6ab0000)
  to   space 21824K,   0% used [0x00000000e6ab0000, 0x00000000e6ab0000, 0x00000000e8000000)
 concurrent mark-sweep generation total 393216K, used 30637K [0x00000000e8000000, 0x0000000100000000, 0x0000000100000000)
 Metaspace       used 36522K, capacity 37774K, committed 38116K, reserved 1083392K
  class space    used 4432K, capacity 4719K, committed 4836K, reserved 1048576K
2018-06-12T20:44:10.625-0300: 10380.646: [GC (Allocation Failure) 2018-06-12T20:44:10.625-0300: 10380.646: [ParNew
Desired survivor size 20112992 bytes, new threshold 8 (max 8)
- age   1:     624304 bytes,     624304 total
- age   2:     226808 bytes,     851112 total
- age   3:     226712 bytes,    1077824 total
- age   4:     376624 bytes,    1454448 total
- age   5:     365720 bytes,    1820168 total
- age   6:     730064 bytes,    2550232 total
- age   7:     240528 bytes,    2790760 total
- age   8:     525368 bytes,    3316128 total
: 91764K->3990K(109248K), 0.0038921 secs] 122401K->34833K(502464K), 0.0039793 secs] [Times: user=0.00 sys=0.00, real=0.00 secs] 
Heap after GC invocations=35 (full 1):
 par new generation   total 109248K, used 3990K [0x00000000e0000000, 0x00000000e8000000, 0x00000000e8000000)
  eden space 87424K,   0% used [0x00000000e0000000, 0x00000000e0000000, 0x00000000e5560000)
  from space 21824K,  18% used [0x00000000e6ab0000, 0x00000000e6e959b8, 0x00000000e8000000)
  to   space 21824K,   0% used [0x00000000e5560000, 0x00000000e5560000, 0x00000000e6ab0000)
 concurrent mark-sweep generation total 393216K, used 30843K [0x00000000e8000000, 0x0000000100000000, 0x0000000100000000)
 Metaspace       used 36522K, capacity 37774K, committed 38116K, reserved 1083392K
  class space    used 4432K, capacity 4719K, committed 4836K, reserved 1048576K
}
2018-06-12T20:44:10.629-0300: 10380.650: Total time for which application threads were stopped: 0.0042425 seconds, Stopping threads took: 0.0000383 seconds
{Heap before GC invocations=35 (full 1):
 par new generation   total 109248K, used 91414K [0x00000000e0000000, 0x00000000e8000000, 0x00000000e8000000)
  eden space 87424K, 100% used [0x00000000e0000000, 0x00000000e5560000, 0x00000000e5560000)
  from space 21824K,  18% used [0x00000000e6ab0000, 0x00000000e6e959b8, 0x00000000e8000000)
  to   space 21824K,   0% used [0x00000000e5560000, 0x00000000e5560000, 0x00000000e6ab0000)
 concurrent mark-sweep generation total 393216K, used 30843K [0x00000000e8000000, 0x0000000100000000, 0x0000000100000000)
 Metaspace       used 36532K, capacity 37838K, committed 38116K, reserved 1083392K
  class space    used 4432K, capacity 4719K, committed 4836K, reserved 1048576K
2018-06-12T20:44:10.710-0300: 10380.731: [GC (Allocation Failure) 2018-06-12T20:44:10.710-0300: 10380.732: [ParNew
Desired survivor size 20112992 bytes, new threshold 8 (max 8)
- age   1:     718704 bytes,     718704 total
- age   2:     236280 bytes,     954984 total
- age   3:     223008 bytes,    1177992 total
- age   4:     224600 bytes,    1402592 total
- age   5:     376624 bytes,    1779216 total
- age   6:     300168 bytes,    2079384 total
- age   7:     729968 bytes,    2809352 total
- age   8:     240528 bytes,    3049880 total
: 91414K->4818K(109248K), 0.0043250 secs] 122257K->36174K(502464K), 0.0044146 secs] [Times: user=0.06 sys=0.00, real=0.00 secs] 
Heap after GC invocations=36 (full 1):
 par new generation   total 109248K, used 4818K [0x00000000e0000000, 0x00000000e8000000, 0x00000000e8000000)
  eden space 87424K,   0% used [0x00000000e0000000, 0x00000000e0000000, 0x00000000e5560000)
  from space 21824K,  22% used [0x00000000e5560000, 0x00000000e5a14ac8, 0x00000000e6ab0000)
  to   space 21824K,   0% used [0x00000000e6ab0000, 0x00000000e6ab0000, 0x00000000e8000000)
 concurrent mark-sweep generation total 393216K, used 31356K [0x00000000e8000000, 0x0000000100000000, 0x0000000100000000)
 Metaspace       used 36532K, capacity 37838K, committed 38116K, reserved 1083392K
  class space    used 4432K, capacity 4719K, committed 4836K, reserved 1048576K
}
2018-06-12T20:44:10.715-0300: 10380.736: Total time for which application threads were stopped: 0.0046488 seconds, Stopping threads took: 0.0000289 seconds
{Heap before GC invocations=36 (full 1):
 par new generation   total 109248K, used 92242K [0x00000000e0000000, 0x00000000e8000000, 0x00000000e8000000)
  eden space 87424K, 100% used [0x00000000e0000000, 0x00000000e5560000, 0x00000000e5560000)
  from space 21824K,  22% used [0x00000000e5560000, 0x00000000e5a14ac8, 0x00000000e6ab0000)
  to   space 21824K,   0% used [0x00000000e6ab0000, 0x00000000e6ab0000, 0x00000000e8000000)
 concurrent mark-sweep generation total 393216K, used 31356K [0x00000000e8000000, 0x0000000100000000, 0x0000000100000000)
 Metaspace       used 36535K, capacity 37838K, committed 38116K, reserved 1083392K
  class space    used 4432K, capacity 4719K, committed 4836K, reserved 1048576K
2018-06-12T20:44:10.791-0300: 10380.812: [GC (Allocation Failure) 2018-06-12T20:44:10.791-0300: 10380.812: [ParNew
Desired survivor size 20112992 bytes, new threshold 8 (max 8)
- age   1:     353992 bytes,     353992 total
- age   2:     689128 bytes,    1043120 total
- age   3:     236192 bytes,    1279312 total
- age   4:     223008 bytes,    1502320 total
- age   5:     224600 bytes,    1726920 total
- age   6:     376648 bytes,    2103568 total
- age   7:     300192 bytes,    2403760 total
- age   8:     762752 bytes,    3166512 total
: 92242K->4161K(109248K), 0.0037559 secs] 123598K->35752K(502464K), 0.0038511 secs] [Times: user=0.00 sys=0.00, real=0.00 secs] 
Heap after GC invocations=37 (full 1):
 par new generation   total 109248K, used 4161K [0x00000000e0000000, 0x00000000e8000000, 0x00000000e8000000)
  eden space 87424K,   0% used [0x00000000e0000000, 0x00000000e0000000, 0x00000000e5560000)
  from space 21824K,  19% used [0x00000000e6ab0000, 0x00000000e6ec06a8, 0x00000000e8000000)
  to   space 21824K,   0% used [0x00000000e5560000, 0x00000000e5560000, 0x00000000e6ab0000)
 concurrent mark-sweep generation total 393216K, used 31591K [0x00000000e8000000, 0x0000000100000000, 0x0000000100000000)
 Metaspace       used 36535K, capacity 37838K, committed 38116K, reserved 1083392K
  class space    used 4432K, capacity 4719K, committed 4836K, reserved 1048576K
}
2018-06-12T20:44:10.795-0300: 10380.816: Total time for which application threads were stopped: 0.0040848 seconds, Stopping threads took: 0.0000336 seconds
{Heap before GC invocations=37 (full 1):
 par new generation   total 109248K, used 91585K [0x00000000e0000000, 0x00000000e8000000, 0x00000000e8000000)
  eden space 87424K, 100% used [0x00000000e0000000, 0x00000000e5560000, 0x00000000e5560000)
  from space 21824K,  19% used [0x00000000e6ab0000, 0x00000000e6ec06a8, 0x00000000e8000000)
  to   space 21824K,   0% used [0x00000000e5560000, 0x00000000e5560000, 0x00000000e6ab0000)
 concurrent mark-sweep generation total 393216K, used 31591K [0x00000000e8000000, 0x0000000100000000, 0x0000000100000000)
 Metaspace       used 36536K, capacity 37838K, committed 38116K, reserved 1083392K
  class space    used 4432K, capacity 4719K, committed 4836K, reserved 1048576K
2018-06-12T20:44:10.873-0300: 10380.894: [GC (Allocation Failure) 2018-06-12T20:44:10.873-0300: 10380.894: [ParNew
Desired survivor size 20112992 bytes, new threshold 8 (max 8)
- age   1:     611976 bytes,     611976 total
- age   2:     187272 bytes,     799248 total
- age   3:     407064 bytes,    1206312 total
- age   4:     236288 bytes,    1442600 total
- age   5:     223032 bytes,    1665632 total
- age   6:     224648 bytes,    1890280 total
- age   7:     376648 bytes,    2266928 total
- age   8:     300192 bytes,    2567120 total
: 91585K->3180K(109248K), 0.0040666 secs] 123176K->35485K(502464K), 0.0041566 secs] [Times: user=0.00 sys=0.00, real=0.00 secs] 
Heap after GC invocations=38 (full 1):
 par new generation   total 109248K, used 3180K [0x00000000e0000000, 0x00000000e8000000, 0x00000000e8000000)
  eden space 87424K,   0% used [0x00000000e0000000, 0x00000000e0000000, 0x00000000e5560000)
  from space 21824K,  14% used [0x00000000e5560000, 0x00000000e587b090, 0x00000000e6ab0000)
  to   space 21824K,   0% used [0x00000000e6ab0000, 0x00000000e6ab0000, 0x00000000e8000000)
 concurrent mark-sweep generation total 393216K, used 32305K [0x00000000e8000000, 0x0000000100000000, 0x0000000100000000)
 Metaspace       used 36536K, capacity 37838K, committed 38116K, reserved 1083392K
  class space    used 4432K, capacity 4719K, committed 4836K, reserved 1048576K
}
2018-06-12T20:44:10.876-0300: 10380.898: Total time for which application threads were stopped: 0.0043871 seconds, Stopping threads took: 0.0000341 seconds
{Heap before GC invocations=38 (full 1):
 par new generation   total 109248K, used 90604K [0x00000000e0000000, 0x00000000e8000000, 0x00000000e8000000)
  eden space 87424K, 100% used [0x00000000e0000000, 0x00000000e5560000, 0x00000000e5560000)
  from space 21824K,  14% used [0x00000000e5560000, 0x00000000e587b090, 0x00000000e6ab0000)
  to   space 21824K,   0% used [0x00000000e6ab0000, 0x00000000e6ab0000, 0x00000000e8000000)
 concurrent mark-sweep generation total 393216K, used 32305K [0x00000000e8000000, 0x0000000100000000, 0x0000000100000000)
 Metaspace       used 36536K, capacity 37838K, committed 38116K, reserved 1083392K
  class space    used 4432K, capacity 4719K, committed 4836K, reserved 1048576K
2018-06-12T20:44:10.956-0300: 10380.978: [GC (Allocation Failure) 2018-06-12T20:44:10.956-0300: 10380.978: [ParNew
Desired survivor size 20112992 bytes, new threshold 8 (max 8)
- age   1:     279112 bytes,     279112 total
- age   2:     551896 bytes,     831008 total
- age   3:     187016 bytes,    1018024 total
- age   4:     401968 bytes,    1419992 total
- age   5:     235648 bytes,    1655640 total
- age   6:     223008 bytes,    1878648 total
- age   7:     224600 bytes,    2103248 total
- age   8:     376624 bytes,    2479872 total
: 90604K->4246K(109248K), 0.0039859 secs] 122909K->36845K(502464K), 0.0040815 secs] [Times: user=0.00 sys=0.00, real=0.00 secs] 
Heap after GC invocations=39 (full 1):
 par new generation   total 109248K, used 4246K [0x00000000e0000000, 0x00000000e8000000, 0x00000000e8000000)
  eden space 87424K,   0% used [0x00000000e0000000, 0x00000000e0000000, 0x00000000e5560000)
  from space 21824K,  19% used [0x00000000e6ab0000, 0x00000000e6ed5800, 0x00000000e8000000)
  to   space 21824K,   0% used [0x00000000e5560000, 0x00000000e5560000, 0x00000000e6ab0000)
 concurrent mark-sweep generation total 393216K, used 32599K [0x00000000e8000000, 0x0000000100000000, 0x0000000100000000)
 Metaspace       used 36536K, capacity 37838K, committed 38116K, reserved 1083392K
  class space    used 4432K, capacity 4719K, committed 4836K, reserved 1048576K
}
2018-06-12T20:44:10.961-0300: 10380.982: Total time for which application threads were stopped: 0.0043101 seconds, Stopping threads took: 0.0000345 seconds
2018-06-12T20:44:11.007-0300: 10381.027: Total time for which application threads were stopped: 0.0001054 seconds, Stopping threads took: 0.0000275 seconds
2018-06-12T20:44:11.007-0300: 10381.028: Total time for which application threads were stopped: 0.0000695 seconds, Stopping threads took: 0.0000205 seconds
2018-06-12T20:44:11.010-0300: 10381.031: Total time for which application threads were stopped: 0.0001180 seconds, Stopping threads took: 0.0000513 seconds
2018-06-12T20:44:11.010-0300: 10381.031: Total time for which application threads were stopped: 0.0000555 seconds, Stopping threads took: 0.0000159 seconds
2018-06-12T20:44:11.044-0300: 10381.066: Total time for which application threads were stopped: 0.0001628 seconds, Stopping threads took: 0.0000364 seconds
2018-06-12T20:44:11.199-0300: 10381.220: Total time for which application threads were stopped: 0.0001208 seconds, Stopping threads took: 0.0000313 seconds
2018-06-12T20:44:11.199-0300: 10381.220: Total time for which application threads were stopped: 0.0000555 seconds, Stopping threads took: 0.0000201 seconds
2018-06-12T20:44:11.206-0300: 10381.227: Total time for which application threads were stopped: 0.0001129 seconds, Stopping threads took: 0.0000345 seconds
2018-06-12T20:44:11.206-0300: 10381.227: Total time for which application threads were stopped: 0.0000718 seconds, Stopping threads took: 0.0000252 seconds
2018-06-12T20:44:11.206-0300: 10381.228: Total time for which application threads were stopped: 0.0000592 seconds, Stopping threads took: 0.0000177 seconds
2018-06-12T20:44:11.207-0300: 10381.228: Total time for which application threads were stopped: 0.0000644 seconds, Stopping threads took: 0.0000201 seconds
2018-06-12T20:44:12.208-0300: 10382.228: Total time for which application threads were stopped: 0.0001400 seconds, Stopping threads took: 0.0000448 seconds
2018-06-12T20:44:26.130-0300: 10396.151: Total time for which application threads were stopped: 0.0002006 seconds, Stopping threads took: 0.0000485 seconds
2018-06-12T20:44:26.130-0300: 10396.152: Total time for which application threads were stopped: 0.0001530 seconds, Stopping threads took: 0.0000541 seconds
2018-06-12T20:44:26.131-0300: 10396.152: Total time for which application threads were stopped: 0.0001493 seconds, Stopping threads took: 0.0000597 seconds
2018-06-12T20:44:26.131-0300: 10396.152: Total time for which application threads were stopped: 0.0001731 seconds, Stopping threads took: 0.0000532 seconds
2018-06-12T20:44:26.185-0300: 10396.206: Total time for which application threads were stopped: 0.0001931 seconds, Stopping threads took: 0.0000429 seconds
2018-06-12T20:44:26.185-0300: 10396.207: Total time for which application threads were stopped: 0.0000616 seconds, Stopping threads took: 0.0000182 seconds
2018-06-12T20:44:26.229-0300: 10396.250: Total time for which application threads were stopped: 0.0003648 seconds, Stopping threads took: 0.0001623 seconds
2018-06-12T20:44:26.230-0300: 10396.251: Total time for which application threads were stopped: 0.0001917 seconds, Stopping threads took: 0.0000840 seconds
2018-06-12T20:44:26.230-0300: 10396.251: Total time for which application threads were stopped: 0.0001204 seconds, Stopping threads took: 0.0000536 seconds
2018-06-12T20:44:26.230-0300: 10396.252: Total time for which application threads were stopped: 0.0001059 seconds, Stopping threads took: 0.0000457 seconds
2018-06-12T20:44:27.058-0300: 10397.079: Total time for which application threads were stopped: 0.0002197 seconds, Stopping threads took: 0.0000606 seconds
2018-06-12T20:44:27.065-0300: 10397.086: Total time for which application threads were stopped: 0.0001068 seconds, Stopping threads took: 0.0000327 seconds
2018-06-12T20:44:27.065-0300: 10397.086: Total time for which application threads were stopped: 0.0000868 seconds, Stopping threads took: 0.0000420 seconds
2018-06-12T20:44:27.065-0300: 10397.086: Total time for which application threads were stopped: 0.0000746 seconds, Stopping threads took: 0.0000243 seconds
2018-06-12T20:44:27.066-0300: 10397.086: Total time for which application threads were stopped: 0.0000802 seconds, Stopping threads took: 0.0000233 seconds
2018-06-12T20:44:27.066-0300: 10397.087: Total time for which application threads were stopped: 0.0000690 seconds, Stopping threads took: 0.0000247 seconds
2018-06-12T20:44:27.067-0300: 10397.088: Total time for which application threads were stopped: 0.0001008 seconds, Stopping threads took: 0.0000308 seconds
2018-06-12T20:44:27.067-0300: 10397.088: Total time for which application threads were stopped: 0.0001894 seconds, Stopping threads took: 0.0000191 seconds
2018-06-12T20:44:28.067-0300: 10398.088: Total time for which application threads were stopped: 0.0001171 seconds, Stopping threads took: 0.0000364 seconds
2018-06-12T20:44:29.216-0300: 10399.237: Total time for which application threads were stopped: 0.0001903 seconds, Stopping threads took: 0.0000774 seconds
2018-06-12T20:44:29.217-0300: 10399.237: Total time for which application threads were stopped: 0.0001530 seconds, Stopping threads took: 0.0000910 seconds
2018-06-12T20:44:29.217-0300: 10399.237: Total time for which application threads were stopped: 0.0000849 seconds, Stopping threads took: 0.0000355 seconds
2018-06-12T20:44:29.217-0300: 10399.238: Total time for which application threads were stopped: 0.0000639 seconds, Stopping threads took: 0.0000201 seconds
2018-06-12T20:44:29.217-0300: 10399.238: Total time for which application threads were stopped: 0.0001423 seconds, Stopping threads took: 0.0000924 seconds
2018-06-12T20:44:29.217-0300: 10399.238: Total time for which application threads were stopped: 0.0001358 seconds, Stopping threads took: 0.0000886 seconds
2018-06-12T20:44:29.217-0300: 10399.238: Total time for which application threads were stopped: 0.0001302 seconds, Stopping threads took: 0.0000844 seconds
2018-06-12T20:44:29.218-0300: 10399.238: Total time for which application threads were stopped: 0.0000756 seconds, Stopping threads took: 0.0000257 seconds
2018-06-12T20:44:29.223-0300: 10399.244: Total time for which application threads were stopped: 0.0001721 seconds, Stopping threads took: 0.0000453 seconds
2018-06-12T20:44:29.225-0300: 10399.246: Total time for which application threads were stopped: 0.0001553 seconds, Stopping threads took: 0.0000779 seconds
2018-06-12T20:44:29.229-0300: 10399.249: Total time for which application threads were stopped: 0.0005761 seconds, Stopping threads took: 0.0000392 seconds
2018-06-12T20:44:30.229-0300: 10400.249: Total time for which application threads were stopped: 0.0002846 seconds, Stopping threads took: 0.0000686 seconds
2018-06-12T20:44:31.249-0300: 10401.270: Total time for which application threads were stopped: 0.0001749 seconds, Stopping threads took: 0.0000788 seconds
2018-06-12T20:44:32.249-0300: 10402.270: Total time for which application threads were stopped: 0.0002225 seconds, Stopping threads took: 0.0000662 seconds
2018-06-12T20:44:34.249-0300: 10404.270: Total time for which application threads were stopped: 0.0001721 seconds, Stopping threads took: 0.0000578 seconds
2018-06-12T20:44:35.250-0300: 10405.270: Total time for which application threads were stopped: 0.0001945 seconds, Stopping threads took: 0.0000630 seconds
2018-06-12T20:45:51.279-0300: 10481.300: Total time for which application threads were stopped: 0.0001381 seconds, Stopping threads took: 0.0000476 seconds
2018-06-12T20:46:26.291-0300: 10516.312: Total time for which application threads were stopped: 0.0002253 seconds, Stopping threads took: 0.0000718 seconds
2018-06-12T20:48:29.342-0300: 10639.363: Total time for which application threads were stopped: 0.0003681 seconds, Stopping threads took: 0.0000844 seconds
2018-06-12T20:48:33.344-0300: 10643.364: Total time for which application threads were stopped: 0.0001204 seconds, Stopping threads took: 0.0000392 seconds
2018-06-12T21:09:27.828-0300: 11897.849: Total time for which application threads were stopped: 0.0003144 seconds, Stopping threads took: 0.0000826 seconds
2018-06-12T21:10:13.895-0300: 11943.917: Total time for which application threads were stopped: 0.0001148 seconds, Stopping threads took: 0.0000303 seconds
2018-06-12T21:10:13.896-0300: 11943.917: Total time for which application threads were stopped: 0.0000560 seconds, Stopping threads took: 0.0000159 seconds
2018-06-12T21:10:13.896-0300: 11943.918: Total time for which application threads were stopped: 0.0000662 seconds, Stopping threads took: 0.0000168 seconds
2018-06-12T21:11:12.924-0300: 12002.945: Total time for which application threads were stopped: 0.0001390 seconds, Stopping threads took: 0.0000415 seconds
2018-06-12T21:11:25.930-0300: 12015.951: Total time for which application threads were stopped: 0.0001973 seconds, Stopping threads took: 0.0000560 seconds
2018-06-12T21:11:34.934-0300: 12024.954: Total time for which application threads were stopped: 0.0001941 seconds, Stopping threads took: 0.0000443 seconds
2018-06-12T21:11:43.939-0300: 12033.959: Total time for which application threads were stopped: 0.0001698 seconds, Stopping threads took: 0.0000467 seconds
2018-06-12T21:13:22.977-0300: 12132.998: Total time for which application threads were stopped: 0.0001428 seconds, Stopping threads took: 0.0000448 seconds
2018-06-12T21:13:33.981-0300: 12144.002: Total time for which application threads were stopped: 0.0001414 seconds, Stopping threads took: 0.0000443 seconds
2018-06-12T21:14:11.995-0300: 12182.016: Total time for which application threads were stopped: 0.0001913 seconds, Stopping threads took: 0.0000569 seconds
2018-06-12T21:15:52.034-0300: 12282.055: Total time for which application threads were stopped: 0.0001689 seconds, Stopping threads took: 0.0000429 seconds
2018-06-12T21:26:42.520-0300: 12932.542: Total time for which application threads were stopped: 0.0001525 seconds, Stopping threads took: 0.0000522 seconds
{Heap before GC invocations=39 (full 1):
 par new generation   total 109248K, used 91670K [0x00000000e0000000, 0x00000000e8000000, 0x00000000e8000000)
  eden space 87424K, 100% used [0x00000000e0000000, 0x00000000e5560000, 0x00000000e5560000)
  from space 21824K,  19% used [0x00000000e6ab0000, 0x00000000e6ed5800, 0x00000000e8000000)
  to   space 21824K,   0% used [0x00000000e5560000, 0x00000000e5560000, 0x00000000e6ab0000)
 concurrent mark-sweep generation total 393216K, used 32599K [0x00000000e8000000, 0x0000000100000000, 0x0000000100000000)
 Metaspace       used 37402K, capacity 38692K, committed 38884K, reserved 1083392K
  class space    used 4504K, capacity 4798K, committed 4836K, reserved 1048576K
2018-06-12T21:26:42.598-0300: 12932.620: [GC (Allocation Failure) 2018-06-12T21:26:42.599-0300: 12932.620: [ParNew
Desired survivor size 20112992 bytes, new threshold 8 (max 8)
- age   1:    5296984 bytes,    5296984 total
- age   2:     209368 bytes,    5506352 total
- age   3:     550240 bytes,    6056592 total
- age   4:     185544 bytes,    6242136 total
- age   5:     399944 bytes,    6642080 total
- age   6:     232592 bytes,    6874672 total
- age   7:     220984 bytes,    7095656 total
- age   8:     222760 bytes,    7318416 total
: 91670K->7673K(109248K), 0.0049366 secs] 124269K->40639K(502464K), 0.0051195 secs] [Times: user=0.06 sys=0.00, real=0.01 secs] 
Heap after GC invocations=40 (full 1):
 par new generation   total 109248K, used 7673K [0x00000000e0000000, 0x00000000e8000000, 0x00000000e8000000)
  eden space 87424K,   0% used [0x00000000e0000000, 0x00000000e0000000, 0x00000000e5560000)
  from space 21824K,  35% used [0x00000000e5560000, 0x00000000e5cde690, 0x00000000e6ab0000)
  to   space 21824K,   0% used [0x00000000e6ab0000, 0x00000000e6ab0000, 0x00000000e8000000)
 concurrent mark-sweep generation total 393216K, used 32965K [0x00000000e8000000, 0x0000000100000000, 0x0000000100000000)
 Metaspace       used 37402K, capacity 38692K, committed 38884K, reserved 1083392K
  class space    used 4504K, capacity 4798K, committed 4836K, reserved 1048576K
}
2018-06-12T21:26:42.604-0300: 12932.625: Total time for which application threads were stopped: 0.0053588 seconds, Stopping threads took: 0.0000308 seconds
2018-06-12T21:26:43.604-0300: 12933.625: Total time for which application threads were stopped: 0.0002202 seconds, Stopping threads took: 0.0000672 seconds
2018-06-12T21:28:09.151-0300: 13019.172: Total time for which application threads were stopped: 0.0002132 seconds, Stopping threads took: 0.0000676 seconds
2018-06-12T21:28:09.153-0300: 13019.174: Total time for which application threads were stopped: 0.0001945 seconds, Stopping threads took: 0.0000718 seconds
2018-06-12T21:28:09.172-0300: 13019.193: Total time for which application threads were stopped: 0.0001395 seconds, Stopping threads took: 0.0000327 seconds
2018-06-12T21:28:10.172-0300: 13020.193: Total time for which application threads were stopped: 0.0002291 seconds, Stopping threads took: 0.0000690 seconds
2018-06-12T21:29:51.214-0300: 13121.235: Total time for which application threads were stopped: 0.0001367 seconds, Stopping threads took: 0.0000373 seconds
2018-06-12T21:30:07.220-0300: 13137.241: Total time for which application threads were stopped: 0.0001194 seconds, Stopping threads took: 0.0000425 seconds
2018-06-12T21:30:22.226-0300: 13152.247: Total time for which application threads were stopped: 0.0001166 seconds, Stopping threads took: 0.0000303 seconds
2018-06-12T21:30:32.230-0300: 13162.251: Total time for which application threads were stopped: 0.0003275 seconds, Stopping threads took: 0.0000536 seconds
2018-06-12T21:32:11.274-0300: 13261.295: Total time for which application threads were stopped: 0.0001087 seconds, Stopping threads took: 0.0000359 seconds
2018-06-12T21:32:22.305-0300: 13272.326: Total time for which application threads were stopped: 0.0001745 seconds, Stopping threads took: 0.0000439 seconds
2018-06-12T21:32:27.307-0300: 13277.328: Total time for which application threads were stopped: 0.0001115 seconds, Stopping threads took: 0.0000350 seconds
2018-06-12T21:32:36.309-0300: 13286.330: Total time for which application threads were stopped: 0.0001180 seconds, Stopping threads took: 0.0000322 seconds
2018-06-12T21:32:45.312-0300: 13295.333: Total time for which application threads were stopped: 0.0002015 seconds, Stopping threads took: 0.0000686 seconds
2018-06-12T21:32:46.313-0300: 13296.333: Total time for which application threads were stopped: 0.0001446 seconds, Stopping threads took: 0.0000485 seconds
2018-06-12T21:33:10.320-0300: 13320.341: Total time for which application threads were stopped: 0.0001166 seconds, Stopping threads took: 0.0000350 seconds
2018-06-12T21:33:21.325-0300: 13331.346: Total time for which application threads were stopped: 0.0001176 seconds, Stopping threads took: 0.0000355 seconds
2018-06-12T21:33:31.242-0300: 13341.263: Total time for which application threads were stopped: 0.0002375 seconds, Stopping threads took: 0.0000508 seconds
2018-06-12T21:33:31.243-0300: 13341.264: Total time for which application threads were stopped: 0.0002524 seconds, Stopping threads took: 0.0000611 seconds
2018-06-12T21:33:31.246-0300: 13341.267: Total time for which application threads were stopped: 0.0001754 seconds, Stopping threads took: 0.0000425 seconds
2018-06-12T21:33:31.251-0300: 13341.272: Total time for which application threads were stopped: 0.0001148 seconds, Stopping threads took: 0.0000280 seconds
2018-06-12T21:33:32.251-0300: 13342.272: Total time for which application threads were stopped: 0.0001274 seconds, Stopping threads took: 0.0000443 seconds
2018-06-12T21:33:51.260-0300: 13361.281: Total time for which application threads were stopped: 0.0001488 seconds, Stopping threads took: 0.0000462 seconds
2018-06-12T21:41:48.439-0300: 13838.460: Total time for which application threads were stopped: 0.0001577 seconds, Stopping threads took: 0.0000411 seconds
2018-06-12T21:41:55.442-0300: 13845.463: Total time for which application threads were stopped: 0.0001567 seconds, Stopping threads took: 0.0000541 seconds
2018-06-12T21:41:56.443-0300: 13846.464: Total time for which application threads were stopped: 0.0001101 seconds, Stopping threads took: 0.0000327 seconds
2018-06-12T21:42:03.446-0300: 13853.467: Total time for which application threads were stopped: 0.0001344 seconds, Stopping threads took: 0.0000387 seconds
2018-06-12T21:43:43.491-0300: 13953.512: Total time for which application threads were stopped: 0.0002328 seconds, Stopping threads took: 0.0000704 seconds
2018-06-12T21:58:31.874-0300: 14841.894: Total time for which application threads were stopped: 0.0002570 seconds, Stopping threads took: 0.0000681 seconds
2018-06-12T22:53:30.169-0300: 18140.190: Total time for which application threads were stopped: 0.0002752 seconds, Stopping threads took: 0.0000816 seconds
2018-06-13T01:13:06.628-0300: 26516.649: Total time for which application threads were stopped: 0.0002239 seconds, Stopping threads took: 0.0000980 seconds
2018-06-13T01:13:57.653-0300: 26567.673: Total time for which application threads were stopped: 0.0001628 seconds, Stopping threads took: 0.0000481 seconds
2018-06-13T01:14:11.661-0300: 26581.681: Total time for which application threads were stopped: 0.0001815 seconds, Stopping threads took: 0.0000527 seconds
2018-06-13T01:15:14.687-0300: 26644.708: Total time for which application threads were stopped: 0.0001544 seconds, Stopping threads took: 0.0000476 seconds
2018-06-13T01:15:38.694-0300: 26668.715: Total time for which application threads were stopped: 0.0001558 seconds, Stopping threads took: 0.0000420 seconds
2018-06-13T01:16:01.703-0300: 26691.724: Total time for which application threads were stopped: 0.0001591 seconds, Stopping threads took: 0.0000453 seconds
2018-06-13T01:16:15.710-0300: 26705.731: Total time for which application threads were stopped: 0.0001815 seconds, Stopping threads took: 0.0000476 seconds
2018-06-13T01:23:20.891-0300: 27130.912: Total time for which application threads were stopped: 0.0001525 seconds, Stopping threads took: 0.0000499 seconds
2018-06-13T01:23:35.899-0300: 27145.920: Total time for which application threads were stopped: 0.0001157 seconds, Stopping threads took: 0.0000350 seconds
2018-06-13T01:25:31.941-0300: 27261.961: Total time for which application threads were stopped: 0.0001194 seconds, Stopping threads took: 0.0000345 seconds
2018-06-13T01:26:20.963-0300: 27310.984: Total time for which application threads were stopped: 0.0001190 seconds, Stopping threads took: 0.0000392 seconds
2018-06-13T01:27:40.998-0300: 27391.019: Total time for which application threads were stopped: 0.0002127 seconds, Stopping threads took: 0.0000369 seconds
2018-06-13T01:29:14.036-0300: 27484.057: Total time for which application threads were stopped: 0.0003919 seconds, Stopping threads took: 0.0000499 seconds
2018-06-13T01:30:54.072-0300: 27584.092: Total time for which application threads were stopped: 0.0002944 seconds, Stopping threads took: 0.0001040 seconds
2018-06-13T01:33:44.441-0300: 27754.462: Total time for which application threads were stopped: 0.0006242 seconds, Stopping threads took: 0.0000956 seconds
2018-06-13T01:33:45.442-0300: 27755.463: Total time for which application threads were stopped: 0.0001087 seconds, Stopping threads took: 0.0000341 seconds
2018-06-13T01:43:30.685-0300: 28340.706: Total time for which application threads were stopped: 0.0002542 seconds, Stopping threads took: 0.0000704 seconds
2018-06-13T01:50:10.844-0300: 28740.866: Total time for which application threads were stopped: 0.0008047 seconds, Stopping threads took: 0.0000513 seconds
2018-06-13T01:57:16.017-0300: 29166.038: Total time for which application threads were stopped: 0.0002664 seconds, Stopping threads took: 0.0000844 seconds
2018-06-13T01:58:02.034-0300: 29212.055: Total time for which application threads were stopped: 0.0001567 seconds, Stopping threads took: 0.0000476 seconds
2018-06-13T02:10:44.283-0300: 29974.304: Total time for which application threads were stopped: 0.0001675 seconds, Stopping threads took: 0.0000387 seconds
2018-06-13T02:10:44.346-0300: 29974.368: Total time for which application threads were stopped: 0.0002071 seconds, Stopping threads took: 0.0000779 seconds
2018-06-13T02:10:44.347-0300: 29974.368: Total time for which application threads were stopped: 0.0003415 seconds, Stopping threads took: 0.0001801 seconds
2018-06-13T02:10:44.347-0300: 29974.369: Total time for which application threads were stopped: 0.0001955 seconds, Stopping threads took: 0.0000602 seconds
2018-06-13T02:10:44.354-0300: 29974.376: Total time for which application threads were stopped: 0.0003037 seconds, Stopping threads took: 0.0000611 seconds
2018-06-13T02:10:44.355-0300: 29974.376: Total time for which application threads were stopped: 0.0001288 seconds, Stopping threads took: 0.0000280 seconds
2018-06-13T02:10:44.355-0300: 29974.376: Total time for which application threads were stopped: 0.0000975 seconds, Stopping threads took: 0.0000336 seconds
2018-06-13T02:10:44.355-0300: 29974.376: Total time for which application threads were stopped: 0.0001078 seconds, Stopping threads took: 0.0000434 seconds
2018-06-13T02:10:44.506-0300: 29974.527: Total time for which application threads were stopped: 0.0002193 seconds, Stopping threads took: 0.0000317 seconds
2018-06-13T02:10:44.510-0300: 29974.531: Total time for which application threads were stopped: 0.0003018 seconds, Stopping threads took: 0.0000457 seconds
{Heap before GC invocations=40 (full 1):
 par new generation   total 109248K, used 95097K [0x00000000e0000000, 0x00000000e8000000, 0x00000000e8000000)
  eden space 87424K, 100% used [0x00000000e0000000, 0x00000000e5560000, 0x00000000e5560000)
  from space 21824K,  35% used [0x00000000e5560000, 0x00000000e5cde690, 0x00000000e6ab0000)
  to   space 21824K,   0% used [0x00000000e6ab0000, 0x00000000e6ab0000, 0x00000000e8000000)
 concurrent mark-sweep generation total 393216K, used 32965K [0x00000000e8000000, 0x0000000100000000, 0x0000000100000000)
 Metaspace       used 37709K, capacity 39012K, committed 39140K, reserved 1083392K
  class space    used 4509K, capacity 4798K, committed 4836K, reserved 1048576K
2018-06-13T02:10:44.696-0300: 29974.717: [GC (Allocation Failure) 2018-06-13T02:10:44.696-0300: 29974.717: [ParNew
Desired survivor size 20112992 bytes, new threshold 8 (max 8)
- age   1:   11500160 bytes,   11500160 total
- age   2:    4563728 bytes,   16063888 total
- age   3:     209368 bytes,   16273256 total
- age   4:     550240 bytes,   16823496 total
- age   5:     185544 bytes,   17009040 total
- age   6:     563816 bytes,   17572856 total
- age   7:     232592 bytes,   17805448 total
- age   8:     220984 bytes,   18026432 total
: 95097K->20587K(109248K), 0.0351442 secs] 128063K->53771K(502464K), 0.0353578 secs] [Times: user=0.03 sys=0.08, real=0.03 secs] 
Heap after GC invocations=41 (full 1):
 par new generation   total 109248K, used 20587K [0x00000000e0000000, 0x00000000e8000000, 0x00000000e8000000)
  eden space 87424K,   0% used [0x00000000e0000000, 0x00000000e0000000, 0x00000000e5560000)
  from space 21824K,  94% used [0x00000000e6ab0000, 0x00000000e7ecaf58, 0x00000000e8000000)
  to   space 21824K,   0% used [0x00000000e5560000, 0x00000000e5560000, 0x00000000e6ab0000)
 concurrent mark-sweep generation total 393216K, used 33183K [0x00000000e8000000, 0x0000000100000000, 0x0000000100000000)
 Metaspace       used 37709K, capacity 39012K, committed 39140K, reserved 1083392K
  class space    used 4509K, capacity 4798K, committed 4836K, reserved 1048576K
}
2018-06-13T02:10:44.731-0300: 29974.752: Total time for which application threads were stopped: 0.0356960 seconds, Stopping threads took: 0.0000317 seconds
{Heap before GC invocations=41 (full 1):
 par new generation   total 109248K, used 108011K [0x00000000e0000000, 0x00000000e8000000, 0x00000000e8000000)
  eden space 87424K, 100% used [0x00000000e0000000, 0x00000000e5560000, 0x00000000e5560000)
  from space 21824K,  94% used [0x00000000e6ab0000, 0x00000000e7ecaf58, 0x00000000e8000000)
  to   space 21824K,   0% used [0x00000000e5560000, 0x00000000e5560000, 0x00000000e6ab0000)
 concurrent mark-sweep generation total 393216K, used 33183K [0x00000000e8000000, 0x0000000100000000, 0x0000000100000000)
 Metaspace       used 37709K, capacity 39012K, committed 39140K, reserved 1083392K
  class space    used 4509K, capacity 4798K, committed 4836K, reserved 1048576K
2018-06-13T02:10:44.881-0300: 29974.902: [GC (Allocation Failure) 2018-06-13T02:10:44.881-0300: 29974.902: [ParNew
Desired survivor size 20112992 bytes, new threshold 8 (max 8)
- age   1:     552400 bytes,     552400 total
- age   2:   11258472 bytes,   11810872 total
- age   3:    4563728 bytes,   16374600 total
- age   4:     209368 bytes,   16583968 total
- age   5:     595480 bytes,   17179448 total
- age   6:     185544 bytes,   17364992 total
- age   7:     399944 bytes,   17764936 total
- age   8:     232592 bytes,   17997528 total
: 108011K->20899K(109248K), 0.0129839 secs] 141195K->54298K(502464K), 0.0130810 secs] [Times: user=0.01 sys=0.05, real=0.01 secs] 
Heap after GC invocations=42 (full 1):
 par new generation   total 109248K, used 20899K [0x00000000e0000000, 0x00000000e8000000, 0x00000000e8000000)
  eden space 87424K,   0% used [0x00000000e0000000, 0x00000000e0000000, 0x00000000e5560000)
  from space 21824K,  95% used [0x00000000e5560000, 0x00000000e69c8e60, 0x00000000e6ab0000)
  to   space 21824K,   0% used [0x00000000e6ab0000, 0x00000000e6ab0000, 0x00000000e8000000)
 concurrent mark-sweep generation total 393216K, used 33399K [0x00000000e8000000, 0x0000000100000000, 0x0000000100000000)
 Metaspace       used 37709K, capacity 39012K, committed 39140K, reserved 1083392K
  class space    used 4509K, capacity 4798K, committed 4836K, reserved 1048576K
}
2018-06-13T02:10:44.894-0300: 29974.915: Total time for which application threads were stopped: 0.0133399 seconds, Stopping threads took: 0.0000322 seconds
{Heap before GC invocations=42 (full 1):
 par new generation   total 109248K, used 108323K [0x00000000e0000000, 0x00000000e8000000, 0x00000000e8000000)
  eden space 87424K, 100% used [0x00000000e0000000, 0x00000000e5560000, 0x00000000e5560000)
  from space 21824K,  95% used [0x00000000e5560000, 0x00000000e69c8e60, 0x00000000e6ab0000)
  to   space 21824K,   0% used [0x00000000e6ab0000, 0x00000000e6ab0000, 0x00000000e8000000)
 concurrent mark-sweep generation total 393216K, used 33399K [0x00000000e8000000, 0x0000000100000000, 0x0000000100000000)
 Metaspace       used 37719K, capacity 39076K, committed 39140K, reserved 1083392K
  class space    used 4509K, capacity 4798K, committed 4836K, reserved 1048576K
2018-06-13T02:10:44.977-0300: 29974.998: [GC (Allocation Failure) 2018-06-13T02:10:44.977-0300: 29974.998: [ParNew
Desired survivor size 20112992 bytes, new threshold 8 (max 8)
- age   1:     509248 bytes,     509248 total
- age   2:     373184 bytes,     882432 total
- age   3:   11173824 bytes,   12056256 total
- age   4:    4416032 bytes,   16472288 total
- age   5:     207208 bytes,   16679496 total
- age   6:     547840 bytes,   17227336 total
- age   7:     183864 bytes,   17411200 total
- age   8:     397784 bytes,   17808984 total
: 108323K->21824K(109248K), 0.0068162 secs] 141722K->55694K(502464K), 0.0069011 secs] [Times: user=0.00 sys=0.00, real=0.01 secs] 
Heap after GC invocations=43 (full 1):
 par new generation   total 109248K, used 21824K [0x00000000e0000000, 0x00000000e8000000, 0x00000000e8000000)
  eden space 87424K,   0% used [0x00000000e0000000, 0x00000000e0000000, 0x00000000e5560000)
  from space 21824K, 100% used [0x00000000e6ab0000, 0x00000000e8000000, 0x00000000e8000000)
  to   space 21824K,   0% used [0x00000000e5560000, 0x00000000e5560000, 0x00000000e6ab0000)
 concurrent mark-sweep generation total 393216K, used 33870K [0x00000000e8000000, 0x0000000100000000, 0x0000000100000000)
 Metaspace       used 37719K, capacity 39076K, committed 39140K, reserved 1083392K
  class space    used 4509K, capacity 4798K, committed 4836K, reserved 1048576K
}
2018-06-13T02:10:44.984-0300: 29975.005: Total time for which application threads were stopped: 0.0071815 seconds, Stopping threads took: 0.0000285 seconds
{Heap before GC invocations=43 (full 1):
 par new generation   total 109248K, used 109248K [0x00000000e0000000, 0x00000000e8000000, 0x00000000e8000000)
  eden space 87424K, 100% used [0x00000000e0000000, 0x00000000e5560000, 0x00000000e5560000)
  from space 21824K, 100% used [0x00000000e6ab0000, 0x00000000e8000000, 0x00000000e8000000)
  to   space 21824K,   0% used [0x00000000e5560000, 0x00000000e5560000, 0x00000000e6ab0000)
 concurrent mark-sweep generation total 393216K, used 33870K [0x00000000e8000000, 0x0000000100000000, 0x0000000100000000)
 Metaspace       used 37719K, capacity 39076K, committed 39140K, reserved 1083392K
  class space    used 4509K, capacity 4798K, committed 4836K, reserved 1048576K
2018-06-13T02:10:45.069-0300: 29975.090: [GC (Allocation Failure) 2018-06-13T02:10:45.069-0300: 29975.090: [ParNew
Desired survivor size 20112992 bytes, new threshold 8 (max 8)
- age   1:     580472 bytes,     580472 total
- age   2:     304160 bytes,     884632 total
- age   3:     371416 bytes,    1256048 total
- age   4:   10947648 bytes,   12203696 total
- age   5:    4416032 bytes,   16619728 total
- age   6:     207208 bytes,   16826936 total
- age   7:     547840 bytes,   17374776 total
- age   8:     183864 bytes,   17558640 total
: 109248K->21824K(109248K), 0.0065125 secs] 143118K->56303K(502464K), 0.0066105 secs] [Times: user=0.06 sys=0.00, real=0.01 secs] 
Heap after GC invocations=44 (full 1):
 par new generation   total 109248K, used 21824K [0x00000000e0000000, 0x00000000e8000000, 0x00000000e8000000)
  eden space 87424K,   0% used [0x00000000e0000000, 0x00000000e0000000, 0x00000000e5560000)
  from space 21824K, 100% used [0x00000000e5560000, 0x00000000e6ab0000, 0x00000000e6ab0000)
  to   space 21824K,   0% used [0x00000000e6ab0000, 0x00000000e6ab0000, 0x00000000e8000000)
 concurrent mark-sweep generation total 393216K, used 34479K [0x00000000e8000000, 0x0000000100000000, 0x0000000100000000)
 Metaspace       used 37719K, capacity 39076K, committed 39140K, reserved 1083392K
  class space    used 4509K, capacity 4798K, committed 4836K, reserved 1048576K
}
2018-06-13T02:10:45.076-0300: 29975.097: Total time for which application threads were stopped: 0.0069865 seconds, Stopping threads took: 0.0000313 seconds
{Heap before GC invocations=44 (full 1):
 par new generation   total 109248K, used 109248K [0x00000000e0000000, 0x00000000e8000000, 0x00000000e8000000)
  eden space 87424K, 100% used [0x00000000e0000000, 0x00000000e5560000, 0x00000000e5560000)
  from space 21824K, 100% used [0x00000000e5560000, 0x00000000e6ab0000, 0x00000000e6ab0000)
  to   space 21824K,   0% used [0x00000000e6ab0000, 0x00000000e6ab0000, 0x00000000e8000000)
 concurrent mark-sweep generation total 393216K, used 34479K [0x00000000e8000000, 0x0000000100000000, 0x0000000100000000)
 Metaspace       used 37720K, capacity 39076K, committed 39140K, reserved 1083392K
  class space    used 4509K, capacity 4798K, committed 4836K, reserved 1048576K
2018-06-13T02:10:45.158-0300: 29975.179: [GC (Allocation Failure) 2018-06-13T02:10:45.158-0300: 29975.179: [ParNew
Desired survivor size 20112992 bytes, new threshold 8 (max 8)
- age   1:     512024 bytes,     512024 total
- age   2:     144816 bytes,     656840 total
- age   3:     172952 bytes,     829792 total
- age   4:     251856 bytes,    1081648 total
- age   5:   10836744 bytes,   11918392 total
- age   6:    3347904 bytes,   15266296 total
- age   7:     207208 bytes,   15473504 total
- age   8:     547840 bytes,   16021344 total
: 109248K->21824K(109248K), 0.0071628 secs] 143727K->58199K(502464K), 0.0073975 secs] [Times: user=0.00 sys=0.00, real=0.01 secs] 
Heap after GC invocations=45 (full 1):
 par new generation   total 109248K, used 21824K [0x00000000e0000000, 0x00000000e8000000, 0x00000000e8000000)
  eden space 87424K,   0% used [0x00000000e0000000, 0x00000000e0000000, 0x00000000e5560000)
  from space 21824K, 100% used [0x00000000e6ab0000, 0x00000000e8000000, 0x00000000e8000000)
  to   space 21824K,   0% used [0x00000000e5560000, 0x00000000e5560000, 0x00000000e6ab0000)
 concurrent mark-sweep generation total 393216K, used 36375K [0x00000000e8000000, 0x0000000100000000, 0x0000000100000000)
 Metaspace       used 37720K, capacity 39076K, committed 39140K, reserved 1083392K
  class space    used 4509K, capacity 4798K, committed 4836K, reserved 1048576K
}
2018-06-13T02:10:45.166-0300: 29975.187: Total time for which application threads were stopped: 0.0076424 seconds, Stopping threads took: 0.0000299 seconds
{Heap before GC invocations=45 (full 1):
 par new generation   total 109248K, used 109248K [0x00000000e0000000, 0x00000000e8000000, 0x00000000e8000000)
  eden space 87424K, 100% used [0x00000000e0000000, 0x00000000e5560000, 0x00000000e5560000)
  from space 21824K, 100% used [0x00000000e6ab0000, 0x00000000e8000000, 0x00000000e8000000)
  to   space 21824K,   0% used [0x00000000e5560000, 0x00000000e5560000, 0x00000000e6ab0000)
 concurrent mark-sweep generation total 393216K, used 36375K [0x00000000e8000000, 0x0000000100000000, 0x0000000100000000)
 Metaspace       used 37720K, capacity 39076K, committed 39140K, reserved 1083392K
  class space    used 4509K, capacity 4798K, committed 4836K, reserved 1048576K
2018-06-13T02:10:45.247-0300: 29975.269: [GC (Allocation Failure) 2018-06-13T02:10:45.248-0300: 29975.269: [ParNew
Desired survivor size 20112992 bytes, new threshold 8 (max 8)
- age   1:     574280 bytes,     574280 total
- age   2:     285280 bytes,     859560 total
- age   3:     143888 bytes,    1003448 total
- age   4:     172952 bytes,    1176400 total
- age   5:     251856 bytes,    1428256 total
- age   6:   10902296 bytes,   12330552 total
- age   7:    3347904 bytes,   15678456 total
- age   8:     207208 bytes,   15885664 total
: 109248K->20314K(109248K), 0.0057101 secs] 145623K->57225K(502464K), 0.0058277 secs] [Times: user=0.00 sys=0.00, real=0.01 secs] 
Heap after GC invocations=46 (full 1):
 par new generation   total 109248K, used 20314K [0x00000000e0000000, 0x00000000e8000000, 0x00000000e8000000)
  eden space 87424K,   0% used [0x00000000e0000000, 0x00000000e0000000, 0x00000000e5560000)
  from space 21824K,  93% used [0x00000000e5560000, 0x00000000e6936b00, 0x00000000e6ab0000)
  to   space 21824K,   0% used [0x00000000e6ab0000, 0x00000000e6ab0000, 0x00000000e8000000)
 concurrent mark-sweep generation total 393216K, used 36910K [0x00000000e8000000, 0x0000000100000000, 0x0000000100000000)
 Metaspace       used 37720K, capacity 39076K, committed 39140K, reserved 1083392K
  class space    used 4509K, capacity 4798K, committed 4836K, reserved 1048576K
}
2018-06-13T02:10:45.253-0300: 29975.274: Total time for which application threads were stopped: 0.0060632 seconds, Stopping threads took: 0.0000322 seconds
{Heap before GC invocations=46 (full 1):
 par new generation   total 109248K, used 107738K [0x00000000e0000000, 0x00000000e8000000, 0x00000000e8000000)
  eden space 87424K, 100% used [0x00000000e0000000, 0x00000000e5560000, 0x00000000e5560000)
  from space 21824K,  93% used [0x00000000e5560000, 0x00000000e6936b00, 0x00000000e6ab0000)
  to   space 21824K,   0% used [0x00000000e6ab0000, 0x00000000e6ab0000, 0x00000000e8000000)
 concurrent mark-sweep generation total 393216K, used 36910K [0x00000000e8000000, 0x0000000100000000, 0x0000000100000000)
 Metaspace       used 37721K, capacity 39076K, committed 39140K, reserved 1083392K
  class space    used 4509K, capacity 4798K, committed 4836K, reserved 1048576K
2018-06-13T02:10:45.335-0300: 29975.356: [GC (Allocation Failure) 2018-06-13T02:10:45.335-0300: 29975.356: [ParNew
Desired survivor size 20112992 bytes, new threshold 8 (max 8)
- age   1:     531128 bytes,     531128 total
- age   2:     222112 bytes,     753240 total
- age   3:     281560 bytes,    1034800 total
- age   4:     141216 bytes,    1176016 total
- age   5:     172952 bytes,    1348968 total
- age   6:     251856 bytes,    1600824 total
- age   7:   10836600 bytes,   12437424 total
- age   8:    3347904 bytes,   15785328 total
: 107738K->18748K(109248K), 0.0049483 secs] 144649K->55861K(502464K), 0.0050397 secs] [Times: user=0.06 sys=0.00, real=0.00 secs] 
Heap after GC invocations=47 (full 1):
 par new generation   total 109248K, used 18748K [0x00000000e0000000, 0x00000000e8000000, 0x00000000e8000000)
  eden space 87424K,   0% used [0x00000000e0000000, 0x00000000e0000000, 0x00000000e5560000)
  from space 21824K,  85% used [0x00000000e6ab0000, 0x00000000e7cff398, 0x00000000e8000000)
  to   space 21824K,   0% used [0x00000000e5560000, 0x00000000e5560000, 0x00000000e6ab0000)
 concurrent mark-sweep generation total 393216K, used 37112K [0x00000000e8000000, 0x0000000100000000, 0x0000000100000000)
 Metaspace       used 37721K, capacity 39076K, committed 39140K, reserved 1083392K
  class space    used 4509K, capacity 4798K, committed 4836K, reserved 1048576K
}
2018-06-13T02:10:45.340-0300: 29975.361: Total time for which application threads were stopped: 0.0052767 seconds, Stopping threads took: 0.0000327 seconds
{Heap before GC invocations=47 (full 1):
 par new generation   total 109248K, used 106172K [0x00000000e0000000, 0x00000000e8000000, 0x00000000e8000000)
  eden space 87424K, 100% used [0x00000000e0000000, 0x00000000e5560000, 0x00000000e5560000)
  from space 21824K,  85% used [0x00000000e6ab0000, 0x00000000e7cff398, 0x00000000e8000000)
  to   space 21824K,   0% used [0x00000000e5560000, 0x00000000e5560000, 0x00000000e6ab0000)
 concurrent mark-sweep generation total 393216K, used 37112K [0x00000000e8000000, 0x0000000100000000, 0x0000000100000000)
 Metaspace       used 37725K, capacity 39076K, committed 39140K, reserved 1083392K
  class space    used 4509K, capacity 4798K, committed 4836K, reserved 1048576K
2018-06-13T02:10:45.418-0300: 29975.439: [GC (Allocation Failure) 2018-06-13T02:10:45.419-0300: 29975.439: [ParNew
Desired survivor size 20112992 bytes, new threshold 8 (max 8)
- age   1:     767488 bytes,     767488 total
- age   2:     239720 bytes,    1007208 total
- age   3:     222024 bytes,    1229232 total
- age   4:     281560 bytes,    1510792 total
- age   5:     141216 bytes,    1652008 total
- age   6:     172952 bytes,    1824960 total
- age   7:     251856 bytes,    2076816 total
- age   8:   10836504 bytes,   12913320 total
: 106172K->20467K(109248K), 0.0081276 secs] 143285K->60855K(502464K), 0.0082269 secs] [Times: user=0.00 sys=0.00, real=0.01 secs] 
Heap after GC invocations=48 (full 1):
 par new generation   total 109248K, used 20467K [0x00000000e0000000, 0x00000000e8000000, 0x00000000e8000000)
  eden space 87424K,   0% used [0x00000000e0000000, 0x00000000e0000000, 0x00000000e5560000)
  from space 21824K,  93% used [0x00000000e5560000, 0x00000000e695cc80, 0x00000000e6ab0000)
  to   space 21824K,   0% used [0x00000000e6ab0000, 0x00000000e6ab0000, 0x00000000e8000000)
 concurrent mark-sweep generation total 393216K, used 40388K [0x00000000e8000000, 0x0000000100000000, 0x0000000100000000)
 Metaspace       used 37725K, capacity 39076K, committed 39140K, reserved 1083392K
  class space    used 4509K, capacity 4798K, committed 4836K, reserved 1048576K
}
2018-06-13T02:10:45.427-0300: 29975.448: Total time for which application threads were stopped: 0.0085801 seconds, Stopping threads took: 0.0000462 seconds
{Heap before GC invocations=48 (full 1):
 par new generation   total 109248K, used 107891K [0x00000000e0000000, 0x00000000e8000000, 0x00000000e8000000)
  eden space 87424K, 100% used [0x00000000e0000000, 0x00000000e5560000, 0x00000000e5560000)
  from space 21824K,  93% used [0x00000000e5560000, 0x00000000e695cc80, 0x00000000e6ab0000)
  to   space 21824K,   0% used [0x00000000e6ab0000, 0x00000000e6ab0000, 0x00000000e8000000)
 concurrent mark-sweep generation total 393216K, used 40388K [0x00000000e8000000, 0x0000000100000000, 0x0000000100000000)
 Metaspace       used 37779K, capacity 39140K, committed 39396K, reserved 1083392K
  class space    used 4509K, capacity 4798K, committed 4836K, reserved 1048576K
2018-06-13T02:10:45.515-0300: 29975.535: [GC (Allocation Failure) 2018-06-13T02:10:45.515-0300: 29975.536: [ParNew
Desired survivor size 20112992 bytes, new threshold 8 (max 8)
- age   1:     353800 bytes,     353800 total
- age   2:     652848 bytes,    1006648 total
- age   3:     239720 bytes,    1246368 total
- age   4:     222024 bytes,    1468392 total
- age   5:     281560 bytes,    1749952 total
- age   6:     141216 bytes,    1891168 total
- age   7:     172952 bytes,    2064120 total
- age   8:     251856 bytes,    2315976 total
: 107891K->6563K(109248K), 0.0071651 secs] 148279K->57539K(502464K), 0.0072678 secs] [Times: user=0.00 sys=0.00, real=0.01 secs] 
Heap after GC invocations=49 (full 1):
 par new generation   total 109248K, used 6563K [0x00000000e0000000, 0x00000000e8000000, 0x00000000e8000000)
  eden space 87424K,   0% used [0x00000000e0000000, 0x00000000e0000000, 0x00000000e5560000)
  from space 21824K,  30% used [0x00000000e6ab0000, 0x00000000e7118f60, 0x00000000e8000000)
  to   space 21824K,   0% used [0x00000000e5560000, 0x00000000e5560000, 0x00000000e6ab0000)
 concurrent mark-sweep generation total 393216K, used 50975K [0x00000000e8000000, 0x0000000100000000, 0x0000000100000000)
 Metaspace       used 37779K, capacity 39140K, committed 39396K, reserved 1083392K
  class space    used 4509K, capacity 4798K, committed 4836K, reserved 1048576K
}
2018-06-13T02:10:45.522-0300: 29975.543: Total time for which application threads were stopped: 0.0075603 seconds, Stopping threads took: 0.0000387 seconds
{Heap before GC invocations=49 (full 1):
 par new generation   total 109248K, used 93987K [0x00000000e0000000, 0x00000000e8000000, 0x00000000e8000000)
  eden space 87424K, 100% used [0x00000000e0000000, 0x00000000e5560000, 0x00000000e5560000)
  from space 21824K,  30% used [0x00000000e6ab0000, 0x00000000e7118f60, 0x00000000e8000000)
  to   space 21824K,   0% used [0x00000000e5560000, 0x00000000e5560000, 0x00000000e6ab0000)
 concurrent mark-sweep generation total 393216K, used 50975K [0x00000000e8000000, 0x0000000100000000, 0x0000000100000000)
 Metaspace       used 37779K, capacity 39140K, committed 39396K, reserved 1083392K
  class space    used 4509K, capacity 4798K, committed 4836K, reserved 1048576K
2018-06-13T02:10:45.638-0300: 29975.659: [GC (Allocation Failure) 2018-06-13T02:10:45.639-0300: 29975.659: [ParNew
Desired survivor size 20112992 bytes, new threshold 8 (max 8)
- age   1:     638320 bytes,     638320 total
- age   2:     225576 bytes,     863896 total
- age   3:     370536 bytes,    1234432 total
- age   4:     234768 bytes,    1469200 total
- age   5:     222024 bytes,    1691224 total
- age   6:     281560 bytes,    1972784 total
- age   7:     141216 bytes,    2114000 total
- age   8:     172952 bytes,    2286952 total
: 93987K->2970K(109248K), 0.0047836 secs] 144963K->54192K(502464K), 0.0048671 secs] [Times: user=0.00 sys=0.00, real=0.00 secs] 
Heap after GC invocations=50 (full 1):
 par new generation   total 109248K, used 2970K [0x00000000e0000000, 0x00000000e8000000, 0x00000000e8000000)
  eden space 87424K,   0% used [0x00000000e0000000, 0x00000000e0000000, 0x00000000e5560000)
  from space 21824K,  13% used [0x00000000e5560000, 0x00000000e5846950, 0x00000000e6ab0000)
  to   space 21824K,   0% used [0x00000000e6ab0000, 0x00000000e6ab0000, 0x00000000e8000000)
 concurrent mark-sweep generation total 393216K, used 51221K [0x00000000e8000000, 0x0000000100000000, 0x0000000100000000)
 Metaspace       used 37779K, capacity 39140K, committed 39396K, reserved 1083392K
  class space    used 4509K, capacity 4798K, committed 4836K, reserved 1048576K
}
2018-06-13T02:10:45.643-0300: 29975.664: Total time for which application threads were stopped: 0.0051088 seconds, Stopping threads took: 0.0000299 seconds
2018-06-13T02:10:45.710-0300: 29975.731: Total time for which application threads were stopped: 0.0001143 seconds, Stopping threads took: 0.0000327 seconds
2018-06-13T02:10:45.714-0300: 29975.735: Total time for which application threads were stopped: 0.0000970 seconds, Stopping threads took: 0.0000243 seconds
2018-06-13T02:10:45.714-0300: 29975.736: Total time for which application threads were stopped: 0.0000602 seconds, Stopping threads took: 0.0000177 seconds
2018-06-13T02:10:45.929-0300: 29975.950: Total time for which application threads were stopped: 0.0001190 seconds, Stopping threads took: 0.0000345 seconds
2018-06-13T02:10:45.929-0300: 29975.950: Total time for which application threads were stopped: 0.0001260 seconds, Stopping threads took: 0.0000732 seconds
2018-06-13T02:10:45.929-0300: 29975.950: Total time for which application threads were stopped: 0.0000672 seconds, Stopping threads took: 0.0000229 seconds
2018-06-13T02:10:45.930-0300: 29975.951: Total time for which application threads were stopped: 0.0002449 seconds, Stopping threads took: 0.0001045 seconds
2018-06-13T02:10:45.931-0300: 29975.952: Total time for which application threads were stopped: 0.0001320 seconds, Stopping threads took: 0.0000709 seconds
2018-06-13T02:10:46.159-0300: 29976.180: Total time for which application threads were stopped: 0.0002547 seconds, Stopping threads took: 0.0000961 seconds
2018-06-13T02:10:46.159-0300: 29976.180: Total time for which application threads were stopped: 0.0000835 seconds, Stopping threads took: 0.0000364 seconds
2018-06-13T02:10:46.159-0300: 29976.180: Total time for which application threads were stopped: 0.0000798 seconds, Stopping threads took: 0.0000341 seconds
2018-06-13T02:10:46.161-0300: 29976.181: Total time for which application threads were stopped: 0.0000653 seconds, Stopping threads took: 0.0000177 seconds
2018-06-13T02:10:46.161-0300: 29976.182: Total time for which application threads were stopped: 0.0000536 seconds, Stopping threads took: 0.0000140 seconds
2018-06-13T02:10:46.161-0300: 29976.182: Total time for which application threads were stopped: 0.0000527 seconds, Stopping threads took: 0.0000140 seconds
2018-06-13T02:10:46.161-0300: 29976.182: Total time for which application threads were stopped: 0.0000532 seconds, Stopping threads took: 0.0000140 seconds
2018-06-13T02:10:46.161-0300: 29976.182: Total time for which application threads were stopped: 0.0000522 seconds, Stopping threads took: 0.0000135 seconds
2018-06-13T02:10:46.256-0300: 29976.277: Total time for which application threads were stopped: 0.0002085 seconds, Stopping threads took: 0.0000406 seconds
2018-06-13T02:10:46.257-0300: 29976.278: Total time for which application threads were stopped: 0.0001022 seconds, Stopping threads took: 0.0000191 seconds
2018-06-13T02:10:46.258-0300: 29976.278: Total time for which application threads were stopped: 0.0000658 seconds, Stopping threads took: 0.0000196 seconds
{Heap before GC invocations=50 (full 1):
 par new generation   total 109248K, used 90394K [0x00000000e0000000, 0x00000000e8000000, 0x00000000e8000000)
  eden space 87424K, 100% used [0x00000000e0000000, 0x00000000e5560000, 0x00000000e5560000)
  from space 21824K,  13% used [0x00000000e5560000, 0x00000000e5846950, 0x00000000e6ab0000)
  to   space 21824K,   0% used [0x00000000e6ab0000, 0x00000000e6ab0000, 0x00000000e8000000)
 concurrent mark-sweep generation total 393216K, used 51221K [0x00000000e8000000, 0x0000000100000000, 0x0000000100000000)
 Metaspace       used 37794K, capacity 39146K, committed 39396K, reserved 1083392K
  class space    used 4510K, capacity 4799K, committed 4836K, reserved 1048576K
2018-06-13T02:10:46.283-0300: 29976.303: [GC (Allocation Failure) 2018-06-13T02:10:46.283-0300: 29976.304: [ParNew
Desired survivor size 20112992 bytes, new threshold 8 (max 8)
- age   1:     915488 bytes,     915488 total
- age   2:     573888 bytes,    1489376 total
- age   3:     223736 bytes,    1713112 total
- age   4:     369248 bytes,    2082360 total
- age   5:     231816 bytes,    2314176 total
- age   6:     219680 bytes,    2533856 total
- age   7:     280904 bytes,    2814760 total
- age   8:     139296 bytes,    2954056 total
: 90394K->4112K(109248K), 0.0045928 secs] 141616K->55501K(502464K), 0.0046693 secs] [Times: user=0.00 sys=0.00, real=0.00 secs] 
Heap after GC invocations=51 (full 1):
 par new generation   total 109248K, used 4112K [0x00000000e0000000, 0x00000000e8000000, 0x00000000e8000000)
  eden space 87424K,   0% used [0x00000000e0000000, 0x00000000e0000000, 0x00000000e5560000)
  from space 21824K,  18% used [0x00000000e6ab0000, 0x00000000e6eb4138, 0x00000000e8000000)
  to   space 21824K,   0% used [0x00000000e5560000, 0x00000000e5560000, 0x00000000e6ab0000)
 concurrent mark-sweep generation total 393216K, used 51389K [0x00000000e8000000, 0x0000000100000000, 0x0000000100000000)
 Metaspace       used 37794K, capacity 39146K, committed 39396K, reserved 1083392K
  class space    used 4510K, capacity 4799K, committed 4836K, reserved 1048576K
}
2018-06-13T02:10:46.287-0300: 29976.308: Total time for which application threads were stopped: 0.0049394 seconds, Stopping threads took: 0.0000280 seconds
{Heap before GC invocations=51 (full 1):
 par new generation   total 109248K, used 91536K [0x00000000e0000000, 0x00000000e8000000, 0x00000000e8000000)
  eden space 87424K, 100% used [0x00000000e0000000, 0x00000000e5560000, 0x00000000e5560000)
  from space 21824K,  18% used [0x00000000e6ab0000, 0x00000000e6eb4138, 0x00000000e8000000)
  to   space 21824K,   0% used [0x00000000e5560000, 0x00000000e5560000, 0x00000000e6ab0000)
 concurrent mark-sweep generation total 393216K, used 51389K [0x00000000e8000000, 0x0000000100000000, 0x0000000100000000)
 Metaspace       used 37794K, capacity 39146K, committed 39396K, reserved 1083392K
  class space    used 4510K, capacity 4799K, committed 4836K, reserved 1048576K
2018-06-13T02:10:46.366-0300: 29976.387: [GC (Allocation Failure) 2018-06-13T02:10:46.366-0300: 29976.387: [ParNew
Desired survivor size 20112992 bytes, new threshold 8 (max 8)
- age   1:     552000 bytes,     552000 total
- age   2:     790488 bytes,    1342488 total
- age   3:     573888 bytes,    1916376 total
- age   4:     223736 bytes,    2140112 total
- age   5:     369248 bytes,    2509360 total
- age   6:     231816 bytes,    2741176 total
- age   7:     219680 bytes,    2960856 total
- age   8:     280904 bytes,    3241760 total
: 91536K->3909K(109248K), 0.0041478 secs] 142925K->55434K(502464K), 0.0042359 secs] [Times: user=0.06 sys=0.00, real=0.00 secs] 
Heap after GC invocations=52 (full 1):
 par new generation   total 109248K, used 3909K [0x00000000e0000000, 0x00000000e8000000, 0x00000000e8000000)
  eden space 87424K,   0% used [0x00000000e0000000, 0x00000000e0000000, 0x00000000e5560000)
  from space 21824K,  17% used [0x00000000e5560000, 0x00000000e59314c8, 0x00000000e6ab0000)
  to   space 21824K,   0% used [0x00000000e6ab0000, 0x00000000e6ab0000, 0x00000000e8000000)
 concurrent mark-sweep generation total 393216K, used 51525K [0x00000000e8000000, 0x0000000100000000, 0x0000000100000000)
 Metaspace       used 37794K, capacity 39146K, committed 39396K, reserved 1083392K
  class space    used 4510K, capacity 4799K, committed 4836K, reserved 1048576K
}
2018-06-13T02:10:46.370-0300: 29976.391: Total time for which application threads were stopped: 0.0047132 seconds, Stopping threads took: 0.0000327 seconds
{Heap before GC invocations=52 (full 1):
 par new generation   total 109248K, used 91333K [0x00000000e0000000, 0x00000000e8000000, 0x00000000e8000000)
  eden space 87424K, 100% used [0x00000000e0000000, 0x00000000e5560000, 0x00000000e5560000)
  from space 21824K,  17% used [0x00000000e5560000, 0x00000000e59314c8, 0x00000000e6ab0000)
  to   space 21824K,   0% used [0x00000000e6ab0000, 0x00000000e6ab0000, 0x00000000e8000000)
 concurrent mark-sweep generation total 393216K, used 51525K [0x00000000e8000000, 0x0000000100000000, 0x0000000100000000)
 Metaspace       used 37794K, capacity 39146K, committed 39396K, reserved 1083392K
  class space    used 4510K, capacity 4799K, committed 4836K, reserved 1048576K
2018-06-13T02:10:46.447-0300: 29976.469: [GC (Allocation Failure) 2018-06-13T02:10:46.447-0300: 29976.469: [ParNew
Desired survivor size 20112992 bytes, new threshold 8 (max 8)
- age   1:     640824 bytes,     640824 total
- age   2:     310080 bytes,     950904 total
- age   3:     749248 bytes,    1700152 total
- age   4:     573888 bytes,    2274040 total
- age   5:     223736 bytes,    2497776 total
- age   6:     369248 bytes,    2867024 total
- age   7:     231816 bytes,    3098840 total
- age   8:     219680 bytes,    3318520 total
: 91333K->5234K(109248K), 0.0040638 secs] 142858K->57033K(502464K), 0.0041515 secs] [Times: user=0.00 sys=0.00, real=0.00 secs] 
Heap after GC invocations=53 (full 1):
 par new generation   total 109248K, used 5234K [0x00000000e0000000, 0x00000000e8000000, 0x00000000e8000000)
  eden space 87424K,   0% used [0x00000000e0000000, 0x00000000e0000000, 0x00000000e5560000)
  from space 21824K,  23% used [0x00000000e6ab0000, 0x00000000e6fcc8d0, 0x00000000e8000000)
  to   space 21824K,   0% used [0x00000000e5560000, 0x00000000e5560000, 0x00000000e6ab0000)
 concurrent mark-sweep generation total 393216K, used 51799K [0x00000000e8000000, 0x0000000100000000, 0x0000000100000000)
 Metaspace       used 37794K, capacity 39146K, committed 39396K, reserved 1083392K
  class space    used 4510K, capacity 4799K, committed 4836K, reserved 1048576K
}
2018-06-13T02:10:46.452-0300: 29976.473: Total time for which application threads were stopped: 0.0043894 seconds, Stopping threads took: 0.0000341 seconds
{Heap before GC invocations=53 (full 1):
 par new generation   total 109248K, used 92658K [0x00000000e0000000, 0x00000000e8000000, 0x00000000e8000000)
  eden space 87424K, 100% used [0x00000000e0000000, 0x00000000e5560000, 0x00000000e5560000)
  from space 21824K,  23% used [0x00000000e6ab0000, 0x00000000e6fcc8d0, 0x00000000e8000000)
  to   space 21824K,   0% used [0x00000000e5560000, 0x00000000e5560000, 0x00000000e6ab0000)
 concurrent mark-sweep generation total 393216K, used 51799K [0x00000000e8000000, 0x0000000100000000, 0x0000000100000000)
 Metaspace       used 37795K, capacity 39146K, committed 39396K, reserved 1083392K
  class space    used 4510K, capacity 4799K, committed 4836K, reserved 1048576K
2018-06-13T02:10:46.538-0300: 29976.559: [GC (Allocation Failure) 2018-06-13T02:10:46.538-0300: 29976.560: [ParNew
Desired survivor size 20112992 bytes, new threshold 8 (max 8)
- age   1:     601328 bytes,     601328 total
- age   2:     469896 bytes,    1071224 total
- age   3:     252352 bytes,    1323576 total
- age   4:     749248 bytes,    2072824 total
- age   5:     573888 bytes,    2646712 total
- age   6:     223736 bytes,    2870448 total
- age   7:     369248 bytes,    3239696 total
- age   8:     231816 bytes,    3471512 total
: 92658K->4085K(109248K), 0.0047253 secs] 144457K->56099K(502464K), 0.0048093 secs] [Times: user=0.06 sys=0.00, real=0.00 secs] 
Heap after GC invocations=54 (full 1):
 par new generation   total 109248K, used 4085K [0x00000000e0000000, 0x00000000e8000000, 0x00000000e8000000)
  eden space 87424K,   0% used [0x00000000e0000000, 0x00000000e0000000, 0x00000000e5560000)
  from space 21824K,  18% used [0x00000000e5560000, 0x00000000e595d4d8, 0x00000000e6ab0000)
  to   space 21824K,   0% used [0x00000000e6ab0000, 0x00000000e6ab0000, 0x00000000e8000000)
 concurrent mark-sweep generation total 393216K, used 52014K [0x00000000e8000000, 0x0000000100000000, 0x0000000100000000)
 Metaspace       used 37795K, capacity 39146K, committed 39396K, reserved 1083392K
  class space    used 4510K, capacity 4799K, committed 4836K, reserved 1048576K
}
2018-06-13T02:10:46.543-0300: 29976.564: Total time for which application threads were stopped: 0.0051041 seconds, Stopping threads took: 0.0000322 seconds
{Heap before GC invocations=54 (full 1):
 par new generation   total 109248K, used 91509K [0x00000000e0000000, 0x00000000e8000000, 0x00000000e8000000)
  eden space 87424K, 100% used [0x00000000e0000000, 0x00000000e5560000, 0x00000000e5560000)
  from space 21824K,  18% used [0x00000000e5560000, 0x00000000e595d4d8, 0x00000000e6ab0000)
  to   space 21824K,   0% used [0x00000000e6ab0000, 0x00000000e6ab0000, 0x00000000e8000000)
 concurrent mark-sweep generation total 393216K, used 52014K [0x00000000e8000000, 0x0000000100000000, 0x0000000100000000)
 Metaspace       used 37795K, capacity 39146K, committed 39396K, reserved 1083392K
  class space    used 4510K, capacity 4799K, committed 4836K, reserved 1048576K
2018-06-13T02:10:46.626-0300: 29976.647: [GC (Allocation Failure) 2018-06-13T02:10:46.626-0300: 29976.647: [ParNew
Desired survivor size 20112992 bytes, new threshold 8 (max 8)
- age   1:     458160 bytes,     458160 total
- age   2:     313520 bytes,     771680 total
- age   3:     469608 bytes,    1241288 total
- age   4:     252352 bytes,    1493640 total
- age   5:     749192 bytes,    2242832 total
- age   6:     573888 bytes,    2816720 total
- age   7:     223736 bytes,    3040456 total
- age   8:     369248 bytes,    3409704 total
: 91509K->4848K(109248K), 0.0052156 secs] 143523K->57089K(502464K), 0.0053122 secs] [Times: user=0.00 sys=0.00, real=0.01 secs] 
Heap after GC invocations=55 (full 1):
 par new generation   total 109248K, used 4848K [0x00000000e0000000, 0x00000000e8000000, 0x00000000e8000000)
  eden space 87424K,   0% used [0x00000000e0000000, 0x00000000e0000000, 0x00000000e5560000)
  from space 21824K,  22% used [0x00000000e6ab0000, 0x00000000e6f6c3a0, 0x00000000e8000000)
  to   space 21824K,   0% used [0x00000000e5560000, 0x00000000e5560000, 0x00000000e6ab0000)
 concurrent mark-sweep generation total 393216K, used 52240K [0x00000000e8000000, 0x0000000100000000, 0x0000000100000000)
 Metaspace       used 37795K, capacity 39146K, committed 39396K, reserved 1083392K
  class space    used 4510K, capacity 4799K, committed 4836K, reserved 1048576K
}
2018-06-13T02:10:46.631-0300: 29976.653: Total time for which application threads were stopped: 0.0055767 seconds, Stopping threads took: 0.0000345 seconds
{Heap before GC invocations=55 (full 1):
 par new generation   total 109248K, used 92272K [0x00000000e0000000, 0x00000000e8000000, 0x00000000e8000000)
  eden space 87424K, 100% used [0x00000000e0000000, 0x00000000e5560000, 0x00000000e5560000)
  from space 21824K,  22% used [0x00000000e6ab0000, 0x00000000e6f6c3a0, 0x00000000e8000000)
  to   space 21824K,   0% used [0x00000000e5560000, 0x00000000e5560000, 0x00000000e6ab0000)
 concurrent mark-sweep generation total 393216K, used 52240K [0x00000000e8000000, 0x0000000100000000, 0x0000000100000000)
 Metaspace       used 37795K, capacity 39146K, committed 39396K, reserved 1083392K
  class space    used 4510K, capacity 4799K, committed 4836K, reserved 1048576K
2018-06-13T02:10:46.730-0300: 29976.752: [GC (Allocation Failure) 2018-06-13T02:10:46.730-0300: 29976.752: [ParNew
Desired survivor size 20112992 bytes, new threshold 8 (max 8)
- age   1:     525488 bytes,     525488 total
- age   2:     218136 bytes,     743624 total
- age   3:     312704 bytes,    1056328 total
- age   4:     469608 bytes,    1525936 total
- age   5:     252352 bytes,    1778288 total
- age   6:     781880 bytes,    2560168 total
- age   7:     573888 bytes,    3134056 total
- age   8:     223736 bytes,    3357792 total
: 92272K->4686K(109248K), 0.0048074 secs] 144513K->57287K(502464K), 0.0048876 secs] [Times: user=0.00 sys=0.00, real=0.00 secs] 
Heap after GC invocations=56 (full 1):
 par new generation   total 109248K, used 4686K [0x00000000e0000000, 0x00000000e8000000, 0x00000000e8000000)
  eden space 87424K,   0% used [0x00000000e0000000, 0x00000000e0000000, 0x00000000e5560000)
  from space 21824K,  21% used [0x00000000e5560000, 0x00000000e59f3a40, 0x00000000e6ab0000)
  to   space 21824K,   0% used [0x00000000e6ab0000, 0x00000000e6ab0000, 0x00000000e8000000)
 concurrent mark-sweep generation total 393216K, used 52601K [0x00000000e8000000, 0x0000000100000000, 0x0000000100000000)
 Metaspace       used 37795K, capacity 39146K, committed 39396K, reserved 1083392K
  class space    used 4510K, capacity 4799K, committed 4836K, reserved 1048576K
}
2018-06-13T02:10:46.735-0300: 29976.757: Total time for which application threads were stopped: 0.0051629 seconds, Stopping threads took: 0.0000308 seconds
{Heap before GC invocations=56 (full 1):
 par new generation   total 109248K, used 92110K [0x00000000e0000000, 0x00000000e8000000, 0x00000000e8000000)
  eden space 87424K, 100% used [0x00000000e0000000, 0x00000000e5560000, 0x00000000e5560000)
  from space 21824K,  21% used [0x00000000e5560000, 0x00000000e59f3a40, 0x00000000e6ab0000)
  to   space 21824K,   0% used [0x00000000e6ab0000, 0x00000000e6ab0000, 0x00000000e8000000)
 concurrent mark-sweep generation total 393216K, used 52601K [0x00000000e8000000, 0x0000000100000000, 0x0000000100000000)
 Metaspace       used 37796K, capacity 39146K, committed 39396K, reserved 1083392K
  class space    used 4510K, capacity 4799K, committed 4836K, reserved 1048576K
2018-06-13T02:10:46.844-0300: 29976.865: [GC (Allocation Failure) 2018-06-13T02:10:46.844-0300: 29976.865: [ParNew
Desired survivor size 20112992 bytes, new threshold 8 (max 8)
- age   1:     793800 bytes,     793800 total
- age   2:     205744 bytes,     999544 total
- age   3:     214184 bytes,    1213728 total
- age   4:     312704 bytes,    1526432 total
- age   5:     404056 bytes,    1930488 total
- age   6:     252352 bytes,    2182840 total
- age   7:     732672 bytes,    2915512 total
- age   8:     573888 bytes,    3489400 total
: 92110K->4637K(109248K), 0.0043185 secs] 144711K->57456K(502464K), 0.0044006 secs] [Times: user=0.00 sys=0.00, real=0.00 secs] 
Heap after GC invocations=57 (full 1):
 par new generation   total 109248K, used 4637K [0x00000000e0000000, 0x00000000e8000000, 0x00000000e8000000)
  eden space 87424K,   0% used [0x00000000e0000000, 0x00000000e0000000, 0x00000000e5560000)
  from space 21824K,  21% used [0x00000000e6ab0000, 0x00000000e6f37570, 0x00000000e8000000)
  to   space 21824K,   0% used [0x00000000e5560000, 0x00000000e5560000, 0x00000000e6ab0000)
 concurrent mark-sweep generation total 393216K, used 52819K [0x00000000e8000000, 0x0000000100000000, 0x0000000100000000)
 Metaspace       used 37796K, capacity 39146K, committed 39396K, reserved 1083392K
  class space    used 4510K, capacity 4799K, committed 4836K, reserved 1048576K
}
2018-06-13T02:10:46.849-0300: 29976.870: Total time for which application threads were stopped: 0.0046497 seconds, Stopping threads took: 0.0000266 seconds
{Heap before GC invocations=57 (full 1):
 par new generation   total 109248K, used 92061K [0x00000000e0000000, 0x00000000e8000000, 0x00000000e8000000)
  eden space 87424K, 100% used [0x00000000e0000000, 0x00000000e5560000, 0x00000000e5560000)
  from space 21824K,  21% used [0x00000000e6ab0000, 0x00000000e6f37570, 0x00000000e8000000)
  to   space 21824K,   0% used [0x00000000e5560000, 0x00000000e5560000, 0x00000000e6ab0000)
 concurrent mark-sweep generation total 393216K, used 52819K [0x00000000e8000000, 0x0000000100000000, 0x0000000100000000)
 Metaspace       used 37796K, capacity 39146K, committed 39396K, reserved 1083392K
  class space    used 4510K, capacity 4799K, committed 4836K, reserved 1048576K
2018-06-13T02:10:46.939-0300: 29976.960: [GC (Allocation Failure) 2018-06-13T02:10:46.939-0300: 29976.960: [ParNew
Desired survivor size 20112992 bytes, new threshold 8 (max 8)
- age   1:     612248 bytes,     612248 total
- age   2:     433864 bytes,    1046112 total
- age   3:     205744 bytes,    1251856 total
- age   4:     214184 bytes,    1466040 total
- age   5:     310592 bytes,    1776632 total
- age   6:     404056 bytes,    2180688 total
- age   7:     252352 bytes,    2433040 total
- age   8:     732720 bytes,    3165760 total
: 92061K->4248K(109248K), 0.0041697 secs] 144880K->57628K(502464K), 0.0042616 secs] [Times: user=0.00 sys=0.00, real=0.00 secs] 
Heap after GC invocations=58 (full 1):
 par new generation   total 109248K, used 4248K [0x00000000e0000000, 0x00000000e8000000, 0x00000000e8000000)
  eden space 87424K,   0% used [0x00000000e0000000, 0x00000000e0000000, 0x00000000e5560000)
  from space 21824K,  19% used [0x00000000e5560000, 0x00000000e5986260, 0x00000000e6ab0000)
  to   space 21824K,   0% used [0x00000000e6ab0000, 0x00000000e6ab0000, 0x00000000e8000000)
 concurrent mark-sweep generation total 393216K, used 53379K [0x00000000e8000000, 0x0000000100000000, 0x0000000100000000)
 Metaspace       used 37796K, capacity 39146K, committed 39396K, reserved 1083392K
  class space    used 4510K, capacity 4799K, committed 4836K, reserved 1048576K
}
2018-06-13T02:10:46.943-0300: 29976.964: Total time for which application threads were stopped: 0.0045028 seconds, Stopping threads took: 0.0000355 seconds
{Heap before GC invocations=58 (full 1):
 par new generation   total 109248K, used 91672K [0x00000000e0000000, 0x00000000e8000000, 0x00000000e8000000)
  eden space 87424K, 100% used [0x00000000e0000000, 0x00000000e5560000, 0x00000000e5560000)
  from space 21824K,  19% used [0x00000000e5560000, 0x00000000e5986260, 0x00000000e6ab0000)
  to   space 21824K,   0% used [0x00000000e6ab0000, 0x00000000e6ab0000, 0x00000000e8000000)
 concurrent mark-sweep generation total 393216K, used 53379K [0x00000000e8000000, 0x0000000100000000, 0x0000000100000000)
 Metaspace       used 37796K, capacity 39146K, committed 39396K, reserved 1083392K
  class space    used 4510K, capacity 4799K, committed 4836K, reserved 1048576K
2018-06-13T02:10:47.023-0300: 29977.044: [GC (Allocation Failure) 2018-06-13T02:10:47.023-0300: 29977.044: [ParNew
Desired survivor size 20112992 bytes, new threshold 8 (max 8)
- age   1:     248696 bytes,     248696 total
- age   2:     528080 bytes,     776776 total
- age   3:     433864 bytes,    1210640 total
- age   4:     205744 bytes,    1416384 total
- age   5:     213640 bytes,    1630024 total
- age   6:     310592 bytes,    1940616 total
- age   7:     404056 bytes,    2344672 total
- age   8:     252352 bytes,    2597024 total
: 91672K->3665K(109248K), 0.0052422 secs] 145052K->57763K(502464K), 0.0053238 secs] [Times: user=0.08 sys=0.00, real=0.01 secs] 
Heap after GC invocations=59 (full 1):
 par new generation   total 109248K, used 3665K [0x00000000e0000000, 0x00000000e8000000, 0x00000000e8000000)
  eden space 87424K,   0% used [0x00000000e0000000, 0x00000000e0000000, 0x00000000e5560000)
  from space 21824K,  16% used [0x00000000e6ab0000, 0x00000000e6e445c0, 0x00000000e8000000)
  to   space 21824K,   0% used [0x00000000e5560000, 0x00000000e5560000, 0x00000000e6ab0000)
 concurrent mark-sweep generation total 393216K, used 54097K [0x00000000e8000000, 0x0000000100000000, 0x0000000100000000)
 Metaspace       used 37796K, capacity 39146K, committed 39396K, reserved 1083392K
  class space    used 4510K, capacity 4799K, committed 4836K, reserved 1048576K
}
2018-06-13T02:10:47.028-0300: 29977.050: Total time for which application threads were stopped: 0.0055613 seconds, Stopping threads took: 0.0000327 seconds
{Heap before GC invocations=59 (full 1):
 par new generation   total 109248K, used 91089K [0x00000000e0000000, 0x00000000e8000000, 0x00000000e8000000)
  eden space 87424K, 100% used [0x00000000e0000000, 0x00000000e5560000, 0x00000000e5560000)
  from space 21824K,  16% used [0x00000000e6ab0000, 0x00000000e6e445c0, 0x00000000e8000000)
  to   space 21824K,   0% used [0x00000000e5560000, 0x00000000e5560000, 0x00000000e6ab0000)
 concurrent mark-sweep generation total 393216K, used 54097K [0x00000000e8000000, 0x0000000100000000, 0x0000000100000000)
 Metaspace       used 37796K, capacity 39146K, committed 39396K, reserved 1083392K
  class space    used 4510K, capacity 4799K, committed 4836K, reserved 1048576K
2018-06-13T02:10:47.111-0300: 29977.132: [GC (Allocation Failure) 2018-06-13T02:10:47.111-0300: 29977.132: [ParNew
Desired survivor size 20112992 bytes, new threshold 8 (max 8)
- age   1:     657816 bytes,     657816 total
- age   2:     212320 bytes,     870136 total
- age   3:     246416 bytes,    1116552 total
- age   4:     428912 bytes,    1545464 total
- age   5:     205744 bytes,    1751208 total
- age   6:     213640 bytes,    1964848 total
- age   7:     310592 bytes,    2275440 total
- age   8:     404056 bytes,    2679496 total
: 91089K->3284K(109248K), 0.0046604 secs] 145187K->57628K(502464K), 0.0047482 secs] [Times: user=0.00 sys=0.00, real=0.00 secs] 
Heap after GC invocations=60 (full 1):
 par new generation   total 109248K, used 3284K [0x00000000e0000000, 0x00000000e8000000, 0x00000000e8000000)
  eden space 87424K,   0% used [0x00000000e0000000, 0x00000000e0000000, 0x00000000e5560000)
  from space 21824K,  15% used [0x00000000e5560000, 0x00000000e58951a8, 0x00000000e6ab0000)
  to   space 21824K,   0% used [0x00000000e6ab0000, 0x00000000e6ab0000, 0x00000000e8000000)
 concurrent mark-sweep generation total 393216K, used 54344K [0x00000000e8000000, 0x0000000100000000, 0x0000000100000000)
 Metaspace       used 37796K, capacity 39146K, committed 39396K, reserved 1083392K
  class space    used 4510K, capacity 4799K, committed 4836K, reserved 1048576K
}
2018-06-13T02:10:47.116-0300: 29977.137: Total time for which application threads were stopped: 0.0049805 seconds, Stopping threads took: 0.0000313 seconds
2018-06-13T02:10:47.204-0300: 29977.225: Total time for which application threads were stopped: 0.0001498 seconds, Stopping threads took: 0.0000508 seconds
{Heap before GC invocations=60 (full 1):
 par new generation   total 109248K, used 90708K [0x00000000e0000000, 0x00000000e8000000, 0x00000000e8000000)
  eden space 87424K, 100% used [0x00000000e0000000, 0x00000000e5560000, 0x00000000e5560000)
  from space 21824K,  15% used [0x00000000e5560000, 0x00000000e58951a8, 0x00000000e6ab0000)
  to   space 21824K,   0% used [0x00000000e6ab0000, 0x00000000e6ab0000, 0x00000000e8000000)
 concurrent mark-sweep generation total 393216K, used 54344K [0x00000000e8000000, 0x0000000100000000, 0x0000000100000000)
 Metaspace       used 37797K, capacity 39146K, committed 39396K, reserved 1083392K
  class space    used 4510K, capacity 4799K, committed 4836K, reserved 1048576K
2018-06-13T02:10:47.207-0300: 29977.228: [GC (Allocation Failure) 2018-06-13T02:10:47.207-0300: 29977.228: [ParNew
Desired survivor size 20112992 bytes, new threshold 8 (max 8)
- age   1:     291488 bytes,     291488 total
- age   2:     525480 bytes,     816968 total
- age   3:     211720 bytes,    1028688 total
- age   4:     245888 bytes,    1274576 total
- age   5:     428384 bytes,    1702960 total
- age   6:     203776 bytes,    1906736 total
- age   7:     213256 bytes,    2119992 total
- age   8:     310160 bytes,    2430152 total
: 90708K->3943K(109248K), 0.0056434 secs] 145052K->58681K(502464K), 0.0057581 secs] [Times: user=0.02 sys=0.00, real=0.01 secs] 
Heap after GC invocations=61 (full 1):
 par new generation   total 109248K, used 3943K [0x00000000e0000000, 0x00000000e8000000, 0x00000000e8000000)
  eden space 87424K,   0% used [0x00000000e0000000, 0x00000000e0000000, 0x00000000e5560000)
  from space 21824K,  18% used [0x00000000e6ab0000, 0x00000000e6e89e10, 0x00000000e8000000)
  to   space 21824K,   0% used [0x00000000e5560000, 0x00000000e5560000, 0x00000000e6ab0000)
 concurrent mark-sweep generation total 393216K, used 54738K [0x00000000e8000000, 0x0000000100000000, 0x0000000100000000)
 Metaspace       used 37797K, capacity 39146K, committed 39396K, reserved 1083392K
  class space    used 4510K, capacity 4799K, committed 4836K, reserved 1048576K
}
2018-06-13T02:10:47.213-0300: 29977.234: Total time for which application threads were stopped: 0.0060978 seconds, Stopping threads took: 0.0000429 seconds
2018-06-13T02:10:47.214-0300: 29977.235: Total time for which application threads were stopped: 0.0001110 seconds, Stopping threads took: 0.0000299 seconds
2018-06-13T02:10:47.214-0300: 29977.235: Total time for which application threads were stopped: 0.0000700 seconds, Stopping threads took: 0.0000210 seconds
2018-06-13T02:10:47.419-0300: 29977.440: Total time for which application threads were stopped: 0.0001162 seconds, Stopping threads took: 0.0000345 seconds
2018-06-13T02:10:47.423-0300: 29977.444: Total time for which application threads were stopped: 0.0001138 seconds, Stopping threads took: 0.0000327 seconds
2018-06-13T02:10:47.423-0300: 29977.445: Total time for which application threads were stopped: 0.0000602 seconds, Stopping threads took: 0.0000168 seconds
2018-06-13T02:10:47.423-0300: 29977.445: Total time for which application threads were stopped: 0.0000588 seconds, Stopping threads took: 0.0000159 seconds
2018-06-13T02:10:47.424-0300: 29977.445: Total time for which application threads were stopped: 0.0001647 seconds, Stopping threads took: 0.0000378 seconds
2018-06-13T02:10:47.425-0300: 29977.446: Total time for which application threads were stopped: 0.0000793 seconds, Stopping threads took: 0.0000210 seconds
2018-06-13T02:10:47.556-0300: 29977.578: Total time for which application threads were stopped: 0.0001050 seconds, Stopping threads took: 0.0000303 seconds
2018-06-13T02:10:47.557-0300: 29977.578: Total time for which application threads were stopped: 0.0000569 seconds, Stopping threads took: 0.0000187 seconds
2018-06-13T02:10:47.584-0300: 29977.606: Total time for which application threads were stopped: 0.0001712 seconds, Stopping threads took: 0.0000718 seconds
2018-06-13T02:10:47.585-0300: 29977.606: Total time for which application threads were stopped: 0.0000849 seconds, Stopping threads took: 0.0000369 seconds
2018-06-13T02:10:47.585-0300: 29977.606: Total time for which application threads were stopped: 0.0000770 seconds, Stopping threads took: 0.0000308 seconds
2018-06-13T02:10:47.586-0300: 29977.607: Total time for which application threads were stopped: 0.0000644 seconds, Stopping threads took: 0.0000219 seconds
2018-06-13T02:10:47.586-0300: 29977.608: Total time for which application threads were stopped: 0.0002025 seconds, Stopping threads took: 0.0000229 seconds
2018-06-13T02:10:47.677-0300: 29977.698: Total time for which application threads were stopped: 0.0001250 seconds, Stopping threads took: 0.0000331 seconds
2018-06-13T02:10:47.678-0300: 29977.699: Total time for which application threads were stopped: 0.0000779 seconds, Stopping threads took: 0.0000233 seconds
2018-06-13T02:10:47.678-0300: 29977.699: Total time for which application threads were stopped: 0.0000984 seconds, Stopping threads took: 0.0000490 seconds
{Heap before GC invocations=61 (full 1):
 par new generation   total 109248K, used 91367K [0x00000000e0000000, 0x00000000e8000000, 0x00000000e8000000)
  eden space 87424K, 100% used [0x00000000e0000000, 0x00000000e5560000, 0x00000000e5560000)
  from space 21824K,  18% used [0x00000000e6ab0000, 0x00000000e6e89e10, 0x00000000e8000000)
  to   space 21824K,   0% used [0x00000000e5560000, 0x00000000e5560000, 0x00000000e6ab0000)
 concurrent mark-sweep generation total 393216K, used 54738K [0x00000000e8000000, 0x0000000100000000, 0x0000000100000000)
 Metaspace       used 37813K, capacity 39146K, committed 39396K, reserved 1083392K
  class space    used 4510K, capacity 4799K, committed 4836K, reserved 1048576K
2018-06-13T02:10:47.766-0300: 29977.787: [GC (Allocation Failure) 2018-06-13T02:10:47.766-0300: 29977.787: [ParNew
Desired survivor size 20112992 bytes, new threshold 8 (max 8)
- age   1:    1098176 bytes,    1098176 total
- age   2:     256136 bytes,    1354312 total
- age   3:     524528 bytes,    1878840 total
- age   4:     210496 bytes,    2089336 total
- age   5:     244528 bytes,    2333864 total
- age   6:     410600 bytes,    2744464 total
- age   7:     202824 bytes,    2947288 total
- age   8:     212168 bytes,    3159456 total
: 91367K->3729K(109248K), 0.0046684 secs] 146105K->58769K(502464K), 0.0047402 secs] [Times: user=0.00 sys=0.00, real=0.00 secs] 
Heap after GC invocations=62 (full 1):
 par new generation   total 109248K, used 3729K [0x00000000e0000000, 0x00000000e8000000, 0x00000000e8000000)
  eden space 87424K,   0% used [0x00000000e0000000, 0x00000000e0000000, 0x00000000e5560000)
  from space 21824K,  17% used [0x00000000e5560000, 0x00000000e59045f0, 0x00000000e6ab0000)
  to   space 21824K,   0% used [0x00000000e6ab0000, 0x00000000e6ab0000, 0x00000000e8000000)
 concurrent mark-sweep generation total 393216K, used 55040K [0x00000000e8000000, 0x0000000100000000, 0x0000000100000000)
 Metaspace       used 37813K, capacity 39146K, committed 39396K, reserved 1083392K
  class space    used 4510K, capacity 4799K, committed 4836K, reserved 1048576K
}
2018-06-13T02:10:47.771-0300: 29977.792: Total time for which application threads were stopped: 0.0050159 seconds, Stopping threads took: 0.0000317 seconds
{Heap before GC invocations=62 (full 1):
 par new generation   total 109248K, used 91153K [0x00000000e0000000, 0x00000000e8000000, 0x00000000e8000000)
  eden space 87424K, 100% used [0x00000000e0000000, 0x00000000e5560000, 0x00000000e5560000)
  from space 21824K,  17% used [0x00000000e5560000, 0x00000000e59045f0, 0x00000000e6ab0000)
  to   space 21824K,   0% used [0x00000000e6ab0000, 0x00000000e6ab0000, 0x00000000e8000000)
 concurrent mark-sweep generation total 393216K, used 55040K [0x00000000e8000000, 0x0000000100000000, 0x0000000100000000)
 Metaspace       used 37874K, capacity 39210K, committed 39396K, reserved 1083392K
  class space    used 4510K, capacity 4799K, committed 4836K, reserved 1048576K
2018-06-13T02:10:47.883-0300: 29977.904: [GC (Allocation Failure) 2018-06-13T02:10:47.883-0300: 29977.904: [ParNew
Desired survivor size 20112992 bytes, new threshold 8 (max 8)
- age   1:     626624 bytes,     626624 total
- age   2:     785808 bytes,    1412432 total
- age   3:     256136 bytes,    1668568 total
- age   4:     524528 bytes,    2193096 total
- age   5:     210496 bytes,    2403592 total
- age   6:     244528 bytes,    2648120 total
- age   7:     410600 bytes,    3058720 total
- age   8:     202824 bytes,    3261544 total
: 91153K->4105K(109248K), 0.0048909 secs] 146193K->59352K(502464K), 0.0049758 secs] [Times: user=0.06 sys=0.00, real=0.01 secs] 
Heap after GC invocations=63 (full 1):
 par new generation   total 109248K, used 4105K [0x00000000e0000000, 0x00000000e8000000, 0x00000000e8000000)
  eden space 87424K,   0% used [0x00000000e0000000, 0x00000000e0000000, 0x00000000e5560000)
  from space 21824K,  18% used [0x00000000e6ab0000, 0x00000000e6eb2608, 0x00000000e8000000)
  to   space 21824K,   0% used [0x00000000e5560000, 0x00000000e5560000, 0x00000000e6ab0000)
 concurrent mark-sweep generation total 393216K, used 55247K [0x00000000e8000000, 0x0000000100000000, 0x0000000100000000)
 Metaspace       used 37874K, capacity 39210K, committed 39396K, reserved 1083392K
  class space    used 4510K, capacity 4799K, committed 4836K, reserved 1048576K
}
2018-06-13T02:10:47.888-0300: 29977.909: Total time for which application threads were stopped: 0.0052552 seconds, Stopping threads took: 0.0000271 seconds
{Heap before GC invocations=63 (full 1):
 par new generation   total 109248K, used 91529K [0x00000000e0000000, 0x00000000e8000000, 0x00000000e8000000)
  eden space 87424K, 100% used [0x00000000e0000000, 0x00000000e5560000, 0x00000000e5560000)
  from space 21824K,  18% used [0x00000000e6ab0000, 0x00000000e6eb2608, 0x00000000e8000000)
  to   space 21824K,   0% used [0x00000000e5560000, 0x00000000e5560000, 0x00000000e6ab0000)
 concurrent mark-sweep generation total 393216K, used 55247K [0x00000000e8000000, 0x0000000100000000, 0x0000000100000000)
 Metaspace       used 37874K, capacity 39210K, committed 39396K, reserved 1083392K
  class space    used 4510K, capacity 4799K, committed 4836K, reserved 1048576K
2018-06-13T02:10:48.029-0300: 29978.050: [GC (Allocation Failure) 2018-06-13T02:10:48.029-0300: 29978.050: [ParNew
Desired survivor size 20112992 bytes, new threshold 8 (max 8)
- age   1:     616368 bytes,     616368 total
- age   2:     375320 bytes,     991688 total
- age   3:     752664 bytes,    1744352 total
- age   4:     256136 bytes,    2000488 total
- age   5:     524528 bytes,    2525016 total
- age   6:     210496 bytes,    2735512 total
- age   7:     244528 bytes,    2980040 total
- age   8:     410600 bytes,    3390640 total
: 91529K->4105K(109248K), 0.0051615 secs] 146776K->59550K(502464K), 0.0052566 secs] [Times: user=0.00 sys=0.00, real=0.00 secs] 
Heap after GC invocations=64 (full 1):
 par new generation   total 109248K, used 4105K [0x00000000e0000000, 0x00000000e8000000, 0x00000000e8000000)
  eden space 87424K,   0% used [0x00000000e0000000, 0x00000000e0000000, 0x00000000e5560000)
  from space 21824K,  18% used [0x00000000e5560000, 0x00000000e5962450, 0x00000000e6ab0000)
  to   space 21824K,   0% used [0x00000000e6ab0000, 0x00000000e6ab0000, 0x00000000e8000000)
 concurrent mark-sweep generation total 393216K, used 55445K [0x00000000e8000000, 0x0000000100000000, 0x0000000100000000)
 Metaspace       used 37874K, capacity 39210K, committed 39396K, reserved 1083392K
  class space    used 4510K, capacity 4799K, committed 4836K, reserved 1048576K
}
2018-06-13T02:10:48.034-0300: 29978.055: Total time for which application threads were stopped: 0.0055790 seconds, Stopping threads took: 0.0000359 seconds
{Heap before GC invocations=64 (full 1):
 par new generation   total 109248K, used 91529K [0x00000000e0000000, 0x00000000e8000000, 0x00000000e8000000)
  eden space 87424K, 100% used [0x00000000e0000000, 0x00000000e5560000, 0x00000000e5560000)
  from space 21824K,  18% used [0x00000000e5560000, 0x00000000e5962450, 0x00000000e6ab0000)
  to   space 21824K,   0% used [0x00000000e6ab0000, 0x00000000e6ab0000, 0x00000000e8000000)
 concurrent mark-sweep generation total 393216K, used 55445K [0x00000000e8000000, 0x0000000100000000, 0x0000000100000000)
 Metaspace       used 37874K, capacity 39210K, committed 39396K, reserved 1083392K
  class space    used 4510K, capacity 4799K, committed 4836K, reserved 1048576K
2018-06-13T02:10:48.217-0300: 29978.238: [GC (Allocation Failure) 2018-06-13T02:10:48.217-0300: 29978.238: [ParNew
Desired survivor size 20112992 bytes, new threshold 8 (max 8)
- age   1:     529752 bytes,     529752 total
- age   2:     379112 bytes,     908864 total
- age   3:     340688 bytes,    1249552 total
- age   4:     752608 bytes,    2002160 total
- age   5:     256136 bytes,    2258296 total
- age   6:     524528 bytes,    2782824 total
- age   7:     210496 bytes,    2993320 total
- age   8:     244528 bytes,    3237848 total
: 91529K->4146K(109248K), 0.0056126 secs] 146974K->59993K(502464K), 0.0056919 secs] [Times: user=0.00 sys=0.00, real=0.01 secs] 
Heap after GC invocations=65 (full 1):
 par new generation   total 109248K, used 4146K [0x00000000e0000000, 0x00000000e8000000, 0x00000000e8000000)
  eden space 87424K,   0% used [0x00000000e0000000, 0x00000000e0000000, 0x00000000e5560000)
  from space 21824K,  19% used [0x00000000e6ab0000, 0x00000000e6ebcb28, 0x00000000e8000000)
  to   space 21824K,   0% used [0x00000000e5560000, 0x00000000e5560000, 0x00000000e6ab0000)
 concurrent mark-sweep generation total 393216K, used 55846K [0x00000000e8000000, 0x0000000100000000, 0x0000000100000000)
 Metaspace       used 37874K, capacity 39210K, committed 39396K, reserved 1083392K
  class space    used 4510K, capacity 4799K, committed 4836K, reserved 1048576K
}
2018-06-13T02:10:48.223-0300: 29978.244: Total time for which application threads were stopped: 0.0059914 seconds, Stopping threads took: 0.0000331 seconds
{Heap before GC invocations=65 (full 1):
 par new generation   total 109248K, used 91570K [0x00000000e0000000, 0x00000000e8000000, 0x00000000e8000000)
  eden space 87424K, 100% used [0x00000000e0000000, 0x00000000e5560000, 0x00000000e5560000)
  from space 21824K,  19% used [0x00000000e6ab0000, 0x00000000e6ebcb28, 0x00000000e8000000)
  to   space 21824K,   0% used [0x00000000e5560000, 0x00000000e5560000, 0x00000000e6ab0000)
 concurrent mark-sweep generation total 393216K, used 55846K [0x00000000e8000000, 0x0000000100000000, 0x0000000100000000)
 Metaspace       used 37874K, capacity 39210K, committed 39396K, reserved 1083392K
  class space    used 4510K, capacity 4799K, committed 4836K, reserved 1048576K
2018-06-13T02:10:48.332-0300: 29978.353: [GC (Allocation Failure) 2018-06-13T02:10:48.332-0300: 29978.353: [ParNew
Desired survivor size 20112992 bytes, new threshold 8 (max 8)
- age   1:     489600 bytes,     489600 total
- age   2:     226872 bytes,     716472 total
- age   3:     376896 bytes,    1093368 total
- age   4:     340688 bytes,    1434056 total
- age   5:     818176 bytes,    2252232 total
- age   6:     256136 bytes,    2508368 total
- age   7:     524528 bytes,    3032896 total
- age   8:     210496 bytes,    3243392 total
: 91570K->4509K(109248K), 0.0051834 secs] 147417K->60594K(502464K), 0.0052972 secs] [Times: user=0.01 sys=0.00, real=0.00 secs] 
Heap after GC invocations=66 (full 1):
 par new generation   total 109248K, used 4509K [0x00000000e0000000, 0x00000000e8000000, 0x00000000e8000000)
  eden space 87424K,   0% used [0x00000000e0000000, 0x00000000e0000000, 0x00000000e5560000)
  from space 21824K,  20% used [0x00000000e5560000, 0x00000000e59c7550, 0x00000000e6ab0000)
  to   space 21824K,   0% used [0x00000000e6ab0000, 0x00000000e6ab0000, 0x00000000e8000000)
 concurrent mark-sweep generation total 393216K, used 56085K [0x00000000e8000000, 0x0000000100000000, 0x0000000100000000)
 Metaspace       used 37874K, capacity 39210K, committed 39396K, reserved 1083392K
  class space    used 4510K, capacity 4799K, committed 4836K, reserved 1048576K
}
2018-06-13T02:10:48.337-0300: 29978.358: Total time for which application threads were stopped: 0.0055617 seconds, Stopping threads took: 0.0000322 seconds
{Heap before GC invocations=66 (full 1):
 par new generation   total 109248K, used 91933K [0x00000000e0000000, 0x00000000e8000000, 0x00000000e8000000)
  eden space 87424K, 100% used [0x00000000e0000000, 0x00000000e5560000, 0x00000000e5560000)
  from space 21824K,  20% used [0x00000000e5560000, 0x00000000e59c7550, 0x00000000e6ab0000)
  to   space 21824K,   0% used [0x00000000e6ab0000, 0x00000000e6ab0000, 0x00000000e8000000)
 concurrent mark-sweep generation total 393216K, used 56085K [0x00000000e8000000, 0x0000000100000000, 0x0000000100000000)
 Metaspace       used 37874K, capacity 39210K, committed 39396K, reserved 1083392K
  class space    used 4510K, capacity 4799K, committed 4836K, reserved 1048576K
2018-06-13T02:10:48.459-0300: 29978.479: [GC (Allocation Failure) 2018-06-13T02:10:48.459-0300: 29978.479: [ParNew
Desired survivor size 20112992 bytes, new threshold 8 (max 8)
- age   1:     623392 bytes,     623392 total
- age   2:     223792 bytes,     847184 total
- age   3:     225984 bytes,    1073168 total
- age   4:     376608 bytes,    1449776 total
- age   5:     340688 bytes,    1790464 total
- age   6:     752608 bytes,    2543072 total
- age   7:     256136 bytes,    2799208 total
- age   8:     524528 bytes,    3323736 total
: 91933K->4088K(109248K), 0.0032698 secs] 148018K->60379K(502464K), 0.0033589 secs] [Times: user=0.01 sys=0.00, real=0.00 secs] 
Heap after GC invocations=67 (full 1):
 par new generation   total 109248K, used 4088K [0x00000000e0000000, 0x00000000e8000000, 0x00000000e8000000)
  eden space 87424K,   0% used [0x00000000e0000000, 0x00000000e0000000, 0x00000000e5560000)
  from space 21824K,  18% used [0x00000000e6ab0000, 0x00000000e6eae2f0, 0x00000000e8000000)
  to   space 21824K,   0% used [0x00000000e5560000, 0x00000000e5560000, 0x00000000e6ab0000)
 concurrent mark-sweep generation total 393216K, used 56290K [0x00000000e8000000, 0x0000000100000000, 0x0000000100000000)
 Metaspace       used 37874K, capacity 39210K, committed 39396K, reserved 1083392K
  class space    used 4510K, capacity 4799K, committed 4836K, reserved 1048576K
}
2018-06-13T02:10:48.462-0300: 29978.483: Total time for which application threads were stopped: 0.0035977 seconds, Stopping threads took: 0.0000327 seconds
{Heap before GC invocations=67 (full 1):
 par new generation   total 109248K, used 91512K [0x00000000e0000000, 0x00000000e8000000, 0x00000000e8000000)
  eden space 87424K, 100% used [0x00000000e0000000, 0x00000000e5560000, 0x00000000e5560000)
  from space 21824K,  18% used [0x00000000e6ab0000, 0x00000000e6eae2f0, 0x00000000e8000000)
  to   space 21824K,   0% used [0x00000000e5560000, 0x00000000e5560000, 0x00000000e6ab0000)
 concurrent mark-sweep generation total 393216K, used 56290K [0x00000000e8000000, 0x0000000100000000, 0x0000000100000000)
 Metaspace       used 37874K, capacity 39210K, committed 39396K, reserved 1083392K
  class space    used 4510K, capacity 4799K, committed 4836K, reserved 1048576K
2018-06-13T02:10:48.545-0300: 29978.566: [GC (Allocation Failure) 2018-06-13T02:10:48.545-0300: 29978.566: [ParNew
Desired survivor size 20112992 bytes, new threshold 8 (max 8)
- age   1:     718080 bytes,     718080 total
- age   2:     236040 bytes,     954120 total
- age   3:     252776 bytes,    1206896 total
- age   4:     223872 bytes,    1430768 total
- age   5:     376608 bytes,    1807376 total
- age   6:     275136 bytes,    2082512 total
- age   7:     752512 bytes,    2835024 total
- age   8:     256136 bytes,    3091160 total
: 91512K->4785K(109248K), 0.0041062 secs] 147803K->61588K(502464K), 0.0041935 secs] [Times: user=0.00 sys=0.00, real=0.00 secs] 
Heap after GC invocations=68 (full 1):
 par new generation   total 109248K, used 4785K [0x00000000e0000000, 0x00000000e8000000, 0x00000000e8000000)
  eden space 87424K,   0% used [0x00000000e0000000, 0x00000000e0000000, 0x00000000e5560000)
  from space 21824K,  21% used [0x00000000e5560000, 0x00000000e5a0c510, 0x00000000e6ab0000)
  to   space 21824K,   0% used [0x00000000e6ab0000, 0x00000000e6ab0000, 0x00000000e8000000)
 concurrent mark-sweep generation total 393216K, used 56802K [0x00000000e8000000, 0x0000000100000000, 0x0000000100000000)
 Metaspace       used 37874K, capacity 39210K, committed 39396K, reserved 1083392K
  class space    used 4510K, capacity 4799K, committed 4836K, reserved 1048576K
}
2018-06-13T02:10:48.549-0300: 29978.570: Total time for which application threads were stopped: 0.0044211 seconds, Stopping threads took: 0.0000308 seconds
{Heap before GC invocations=68 (full 1):
 par new generation   total 109248K, used 92209K [0x00000000e0000000, 0x00000000e8000000, 0x00000000e8000000)
  eden space 87424K, 100% used [0x00000000e0000000, 0x00000000e5560000, 0x00000000e5560000)
  from space 21824K,  21% used [0x00000000e5560000, 0x00000000e5a0c510, 0x00000000e6ab0000)
  to   space 21824K,   0% used [0x00000000e6ab0000, 0x00000000e6ab0000, 0x00000000e8000000)
 concurrent mark-sweep generation total 393216K, used 56802K [0x00000000e8000000, 0x0000000100000000, 0x0000000100000000)
 Metaspace       used 37874K, capacity 39210K, committed 39396K, reserved 1083392K
  class space    used 4510K, capacity 4799K, committed 4836K, reserved 1048576K
2018-06-13T02:10:48.652-0300: 29978.674: [GC (Allocation Failure) 2018-06-13T02:10:48.652-0300: 29978.674: [ParNew
Desired survivor size 20112992 bytes, new threshold 8 (max 8)
- age   1:     352256 bytes,     352256 total
- age   2:     689128 bytes,    1041384 total
- age   3:     235952 bytes,    1277336 total
- age   4:     219992 bytes,    1497328 total
- age   5:     223872 bytes,    1721200 total
- age   6:     376608 bytes,    2097808 total
- age   7:     275136 bytes,    2372944 total
- age   8:     752512 bytes,    3125456 total
: 92209K->4232K(109248K), 0.0038403 secs] 149012K->61285K(502464K), 0.0039210 secs] [Times: user=0.00 sys=0.00, real=0.00 secs] 
Heap after GC invocations=69 (full 1):
 par new generation   total 109248K, used 4232K [0x00000000e0000000, 0x00000000e8000000, 0x00000000e8000000)
  eden space 87424K,   0% used [0x00000000e0000000, 0x00000000e0000000, 0x00000000e5560000)
  from space 21824K,  19% used [0x00000000e6ab0000, 0x00000000e6ed2260, 0x00000000e8000000)
  to   space 21824K,   0% used [0x00000000e5560000, 0x00000000e5560000, 0x00000000e6ab0000)
 concurrent mark-sweep generation total 393216K, used 57053K [0x00000000e8000000, 0x0000000100000000, 0x0000000100000000)
 Metaspace       used 37874K, capacity 39210K, committed 39396K, reserved 1083392K
  class space    used 4510K, capacity 4799K, committed 4836K, reserved 1048576K
}
2018-06-13T02:10:48.656-0300: 29978.678: Total time for which application threads were stopped: 0.0041715 seconds, Stopping threads took: 0.0000364 seconds
{Heap before GC invocations=69 (full 1):
 par new generation   total 109248K, used 91656K [0x00000000e0000000, 0x00000000e8000000, 0x00000000e8000000)
  eden space 87424K, 100% used [0x00000000e0000000, 0x00000000e5560000, 0x00000000e5560000)
  from space 21824K,  19% used [0x00000000e6ab0000, 0x00000000e6ed2260, 0x00000000e8000000)
  to   space 21824K,   0% used [0x00000000e5560000, 0x00000000e5560000, 0x00000000e6ab0000)
 concurrent mark-sweep generation total 393216K, used 57053K [0x00000000e8000000, 0x0000000100000000, 0x0000000100000000)
 Metaspace       used 37874K, capacity 39210K, committed 39396K, reserved 1083392K
  class space    used 4510K, capacity 4799K, committed 4836K, reserved 1048576K
2018-06-13T02:10:48.787-0300: 29978.809: [GC (Allocation Failure) 2018-06-13T02:10:48.787-0300: 29978.809: [ParNew
Desired survivor size 20112992 bytes, new threshold 8 (max 8)
- age   1:     612008 bytes,     612008 total
- age   2:     185728 bytes,     797736 total
- age   3:     406920 bytes,    1204656 total
- age   4:     235952 bytes,    1440608 total
- age   5:     219992 bytes,    1660600 total
- age   6:     223872 bytes,    1884472 total
- age   7:     376608 bytes,    2261080 total
- age   8:     275136 bytes,    2536216 total
: 91656K->3255K(109248K), 0.0047738 secs] 148709K->61045K(502464K), 0.0048746 secs] [Times: user=0.08 sys=0.00, real=0.01 secs] 
Heap after GC invocations=70 (full 1):
 par new generation   total 109248K, used 3255K [0x00000000e0000000, 0x00000000e8000000, 0x00000000e8000000)
  eden space 87424K,   0% used [0x00000000e0000000, 0x00000000e0000000, 0x00000000e5560000)
  from space 21824K,  14% used [0x00000000e5560000, 0x00000000e588dd38, 0x00000000e6ab0000)
  to   space 21824K,   0% used [0x00000000e6ab0000, 0x00000000e6ab0000, 0x00000000e8000000)
 concurrent mark-sweep generation total 393216K, used 57790K [0x00000000e8000000, 0x0000000100000000, 0x0000000100000000)
 Metaspace       used 37874K, capacity 39210K, committed 39396K, reserved 1083392K
  class space    used 4510K, capacity 4799K, committed 4836K, reserved 1048576K
}
2018-06-13T02:10:48.792-0300: 29978.814: Total time for which application threads were stopped: 0.0051801 seconds, Stopping threads took: 0.0000504 seconds
{Heap before GC invocations=70 (full 1):
 par new generation   total 109248K, used 90679K [0x00000000e0000000, 0x00000000e8000000, 0x00000000e8000000)
  eden space 87424K, 100% used [0x00000000e0000000, 0x00000000e5560000, 0x00000000e5560000)
  from space 21824K,  14% used [0x00000000e5560000, 0x00000000e588dd38, 0x00000000e6ab0000)
  to   space 21824K,   0% used [0x00000000e6ab0000, 0x00000000e6ab0000, 0x00000000e8000000)
 concurrent mark-sweep generation total 393216K, used 57790K [0x00000000e8000000, 0x0000000100000000, 0x0000000100000000)
 Metaspace       used 37874K, capacity 39210K, committed 39396K, reserved 1083392K
  class space    used 4510K, capacity 4799K, committed 4836K, reserved 1048576K
2018-06-13T02:10:48.884-0300: 29978.906: [GC (Allocation Failure) 2018-06-13T02:10:48.884-0300: 29978.906: [ParNew
Desired survivor size 20112992 bytes, new threshold 8 (max 8)
- age   1:     339360 bytes,     339360 total
- age   2:     552552 bytes,     891912 total
- age   3:     185496 bytes,    1077408 total
- age   4:     401968 bytes,    1479376 total
- age   5:     233824 bytes,    1713200 total
- age   6:     219992 bytes,    1933192 total
- age   7:     223872 bytes,    2157064 total
- age   8:     376608 bytes,    2533672 total
: 90679K->2968K(109248K), 0.0043684 secs] 148469K->61027K(502464K), 0.0044584 secs] [Times: user=0.00 sys=0.00, real=0.00 secs] 
Heap after GC invocations=71 (full 1):
 par new generation   total 109248K, used 2968K [0x00000000e0000000, 0x00000000e8000000, 0x00000000e8000000)
  eden space 87424K,   0% used [0x00000000e0000000, 0x00000000e0000000, 0x00000000e5560000)
  from space 21824K,  13% used [0x00000000e6ab0000, 0x00000000e6d963e8, 0x00000000e8000000)
  to   space 21824K,   0% used [0x00000000e5560000, 0x00000000e5560000, 0x00000000e6ab0000)
 concurrent mark-sweep generation total 393216K, used 58059K [0x00000000e8000000, 0x0000000100000000, 0x0000000100000000)
 Metaspace       used 37874K, capacity 39210K, committed 39396K, reserved 1083392K
  class space    used 4510K, capacity 4799K, committed 4836K, reserved 1048576K
}
2018-06-13T02:10:48.889-0300: 29978.910: Total time for which application threads were stopped: 0.0048214 seconds, Stopping threads took: 0.0000387 seconds
2018-06-13T02:10:48.955-0300: 29978.976: Total time for which application threads were stopped: 0.0001768 seconds, Stopping threads took: 0.0000518 seconds
2018-06-13T02:10:48.957-0300: 29978.978: Total time for which application threads were stopped: 0.0001288 seconds, Stopping threads took: 0.0000448 seconds
2018-06-13T02:10:48.957-0300: 29978.979: Total time for which application threads were stopped: 0.0001320 seconds, Stopping threads took: 0.0000373 seconds
2018-06-13T02:10:49.173-0300: 29979.195: Total time for which application threads were stopped: 0.0002043 seconds, Stopping threads took: 0.0000560 seconds
2018-06-13T02:10:49.174-0300: 29979.195: Total time for which application threads were stopped: 0.0001320 seconds, Stopping threads took: 0.0000499 seconds
2018-06-13T02:10:49.174-0300: 29979.195: Total time for which application threads were stopped: 0.0001176 seconds, Stopping threads took: 0.0000439 seconds
2018-06-13T02:10:49.174-0300: 29979.195: Total time for which application threads were stopped: 0.0001549 seconds, Stopping threads took: 0.0000522 seconds
2018-06-13T02:10:49.178-0300: 29979.199: Total time for which application threads were stopped: 0.0001656 seconds, Stopping threads took: 0.0000383 seconds
2018-06-13T02:10:50.179-0300: 29980.199: Total time for which application threads were stopped: 0.0001339 seconds, Stopping threads took: 0.0000359 seconds
2018-06-13T02:11:45.178-0300: 30035.200: Total time for which application threads were stopped: 0.0001446 seconds, Stopping threads took: 0.0000327 seconds
2018-06-13T02:11:45.178-0300: 30035.200: Total time for which application threads were stopped: 0.0000723 seconds, Stopping threads took: 0.0000219 seconds
2018-06-13T02:11:45.179-0300: 30035.200: Total time for which application threads were stopped: 0.0000714 seconds, Stopping threads took: 0.0000191 seconds
2018-06-13T02:11:45.180-0300: 30035.201: Total time for which application threads were stopped: 0.0000924 seconds, Stopping threads took: 0.0000275 seconds
2018-06-13T02:11:45.180-0300: 30035.201: Total time for which application threads were stopped: 0.0001260 seconds, Stopping threads took: 0.0000476 seconds
{Heap before GC invocations=71 (full 1):
 par new generation   total 109248K, used 90392K [0x00000000e0000000, 0x00000000e8000000, 0x00000000e8000000)
  eden space 87424K, 100% used [0x00000000e0000000, 0x00000000e5560000, 0x00000000e5560000)
  from space 21824K,  13% used [0x00000000e6ab0000, 0x00000000e6d963e8, 0x00000000e8000000)
  to   space 21824K,   0% used [0x00000000e5560000, 0x00000000e5560000, 0x00000000e6ab0000)
 concurrent mark-sweep generation total 393216K, used 58059K [0x00000000e8000000, 0x0000000100000000, 0x0000000100000000)
 Metaspace       used 37924K, capacity 39210K, committed 39396K, reserved 1083392K
  class space    used 4515K, capacity 4799K, committed 4836K, reserved 1048576K
2018-06-13T02:11:45.355-0300: 30035.376: [GC (Allocation Failure) 2018-06-13T02:11:45.355-0300: 30035.376: [ParNew
Desired survivor size 20112992 bytes, new threshold 8 (max 8)
- age   1:     996784 bytes,     996784 total
- age   2:     236168 bytes,    1232952 total
- age   3:     550712 bytes,    1783664 total
- age   4:     184288 bytes,    1967952 total
- age   5:     399864 bytes,    2367816 total
- age   6:     232536 bytes,    2600352 total
- age   7:     217968 bytes,    2818320 total
- age   8:     222216 bytes,    3040536 total
: 90392K->4047K(109248K), 0.0040461 secs] 148451K->62472K(502464K), 0.0042121 secs] [Times: user=0.00 sys=0.00, real=0.00 secs] 
Heap after GC invocations=72 (full 1):
 par new generation   total 109248K, used 4047K [0x00000000e0000000, 0x00000000e8000000, 0x00000000e8000000)
  eden space 87424K,   0% used [0x00000000e0000000, 0x00000000e0000000, 0x00000000e5560000)
  from space 21824K,  18% used [0x00000000e5560000, 0x00000000e5953cd8, 0x00000000e6ab0000)
  to   space 21824K,   0% used [0x00000000e6ab0000, 0x00000000e6ab0000, 0x00000000e8000000)
 concurrent mark-sweep generation total 393216K, used 58425K [0x00000000e8000000, 0x0000000100000000, 0x0000000100000000)
 Metaspace       used 37924K, capacity 39210K, committed 39396K, reserved 1083392K
  class space    used 4515K, capacity 4799K, committed 4836K, reserved 1048576K
}
2018-06-13T02:11:45.359-0300: 30035.381: Total time for which application threads were stopped: 0.0044589 seconds, Stopping threads took: 0.0000336 seconds
{Heap before GC invocations=72 (full 1):
 par new generation   total 109248K, used 91471K [0x00000000e0000000, 0x00000000e8000000, 0x00000000e8000000)
  eden space 87424K, 100% used [0x00000000e0000000, 0x00000000e5560000, 0x00000000e5560000)
  from space 21824K,  18% used [0x00000000e5560000, 0x00000000e5953cd8, 0x00000000e6ab0000)
  to   space 21824K,   0% used [0x00000000e6ab0000, 0x00000000e6ab0000, 0x00000000e8000000)
 concurrent mark-sweep generation total 393216K, used 58425K [0x00000000e8000000, 0x0000000100000000, 0x0000000100000000)
 Metaspace       used 37924K, capacity 39210K, committed 39396K, reserved 1083392K
  class space    used 4515K, capacity 4799K, committed 4836K, reserved 1048576K
2018-06-13T02:11:45.438-0300: 30035.460: [GC (Allocation Failure) 2018-06-13T02:11:45.438-0300: 30035.460: [ParNew
Desired survivor size 20112992 bytes, new threshold 8 (max 8)
- age   1:     516928 bytes,     516928 total
- age   2:     781368 bytes,    1298296 total
- age   3:     236168 bytes,    1534464 total
- age   4:     550712 bytes,    2085176 total
- age   5:     184288 bytes,    2269464 total
- age   6:     399864 bytes,    2669328 total
- age   7:     232536 bytes,    2901864 total
- age   8:     217968 bytes,    3119832 total
: 91471K->3657K(109248K), 0.0038366 secs] 149896K->62300K(502464K), 0.0039327 secs] [Times: user=0.00 sys=0.00, real=0.00 secs] 
Heap after GC invocations=73 (full 1):
 par new generation   total 109248K, used 3657K [0x00000000e0000000, 0x00000000e8000000, 0x00000000e8000000)
  eden space 87424K,   0% used [0x00000000e0000000, 0x00000000e0000000, 0x00000000e5560000)
  from space 21824K,  16% used [0x00000000e6ab0000, 0x00000000e6e425e0, 0x00000000e8000000)
  to   space 21824K,   0% used [0x00000000e5560000, 0x00000000e5560000, 0x00000000e6ab0000)
 concurrent mark-sweep generation total 393216K, used 58642K [0x00000000e8000000, 0x0000000100000000, 0x0000000100000000)
 Metaspace       used 37924K, capacity 39210K, committed 39396K, reserved 1083392K
  class space    used 4515K, capacity 4799K, committed 4836K, reserved 1048576K
}
2018-06-13T02:11:45.442-0300: 30035.464: Total time for which application threads were stopped: 0.0041776 seconds, Stopping threads took: 0.0000420 seconds
{Heap before GC invocations=73 (full 1):
 par new generation   total 109248K, used 91081K [0x00000000e0000000, 0x00000000e8000000, 0x00000000e8000000)
  eden space 87424K, 100% used [0x00000000e0000000, 0x00000000e5560000, 0x00000000e5560000)
  from space 21824K,  16% used [0x00000000e6ab0000, 0x00000000e6e425e0, 0x00000000e8000000)
  to   space 21824K,   0% used [0x00000000e5560000, 0x00000000e5560000, 0x00000000e6ab0000)
 concurrent mark-sweep generation total 393216K, used 58642K [0x00000000e8000000, 0x0000000100000000, 0x0000000100000000)
 Metaspace       used 37924K, capacity 39210K, committed 39396K, reserved 1083392K
  class space    used 4515K, capacity 4799K, committed 4836K, reserved 1048576K
2018-06-13T02:11:45.518-0300: 30035.539: [GC (Allocation Failure) 2018-06-13T02:11:45.518-0300: 30035.539: [ParNew
Desired survivor size 20112992 bytes, new threshold 8 (max 8)
- age   1:     538560 bytes,     538560 total
- age   2:     330000 bytes,     868560 total
- age   3:     781024 bytes,    1649584 total
- age   4:     236168 bytes,    1885752 total
- age   5:     550712 bytes,    2436464 total
- age   6:     184288 bytes,    2620752 total
- age   7:     399864 bytes,    3020616 total
- age   8:     232536 bytes,    3253152 total
: 91081K->4423K(109248K), 0.0046334 secs] 149724K->63279K(502464K), 0.0047295 secs] [Times: user=0.00 sys=0.00, real=0.00 secs] 
Heap after GC invocations=74 (full 1):
 par new generation   total 109248K, used 4423K [0x00000000e0000000, 0x00000000e8000000, 0x00000000e8000000)
  eden space 87424K,   0% used [0x00000000e0000000, 0x00000000e0000000, 0x00000000e5560000)
  from space 21824K,  20% used [0x00000000e5560000, 0x00000000e59b1e08, 0x00000000e6ab0000)
  to   space 21824K,   0% used [0x00000000e6ab0000, 0x00000000e6ab0000, 0x00000000e8000000)
 concurrent mark-sweep generation total 393216K, used 58855K [0x00000000e8000000, 0x0000000100000000, 0x0000000100000000)
 Metaspace       used 37924K, capacity 39210K, committed 39396K, reserved 1083392K
  class space    used 4515K, capacity 4799K, committed 4836K, reserved 1048576K
}
2018-06-13T02:11:45.522-0300: 30035.544: Total time for which application threads were stopped: 0.0050178 seconds, Stopping threads took: 0.0000373 seconds
{Heap before GC invocations=74 (full 1):
 par new generation   total 109248K, used 91847K [0x00000000e0000000, 0x00000000e8000000, 0x00000000e8000000)
  eden space 87424K, 100% used [0x00000000e0000000, 0x00000000e5560000, 0x00000000e5560000)
  from space 21824K,  20% used [0x00000000e5560000, 0x00000000e59b1e08, 0x00000000e6ab0000)
  to   space 21824K,   0% used [0x00000000e6ab0000, 0x00000000e6ab0000, 0x00000000e8000000)
 concurrent mark-sweep generation total 393216K, used 58855K [0x00000000e8000000, 0x0000000100000000, 0x0000000100000000)
 Metaspace       used 37924K, capacity 39210K, committed 39396K, reserved 1083392K
  class space    used 4515K, capacity 4799K, committed 4836K, reserved 1048576K
2018-06-13T02:11:45.605-0300: 30035.626: [GC (Allocation Failure) 2018-06-13T02:11:45.605-0300: 30035.626: [ParNew
Desired survivor size 20112992 bytes, new threshold 8 (max 8)
- age   1:     423368 bytes,     423368 total
- age   2:     339296 bytes,     762664 total
- age   3:     329464 bytes,    1092128 total
- age   4:     780880 bytes,    1873008 total
- age   5:     236168 bytes,    2109176 total
- age   6:     550712 bytes,    2659888 total
- age   7:     184288 bytes,    2844176 total
- age   8:     399864 bytes,    3244040 total
: 91847K->4102K(109248K), 0.0039985 secs] 150703K->63185K(502464K), 0.0040890 secs] [Times: user=0.00 sys=0.00, real=0.00 secs] 
Heap after GC invocations=75 (full 1):
 par new generation   total 109248K, used 4102K [0x00000000e0000000, 0x00000000e8000000, 0x00000000e8000000)
  eden space 87424K,   0% used [0x00000000e0000000, 0x00000000e0000000, 0x00000000e5560000)
  from space 21824K,  18% used [0x00000000e6ab0000, 0x00000000e6eb1988, 0x00000000e8000000)
  to   space 21824K,   0% used [0x00000000e5560000, 0x00000000e5560000, 0x00000000e6ab0000)
 concurrent mark-sweep generation total 393216K, used 59082K [0x00000000e8000000, 0x0000000100000000, 0x0000000100000000)
 Metaspace       used 37924K, capacity 39210K, committed 39396K, reserved 1083392K
  class space    used 4515K, capacity 4799K, committed 4836K, reserved 1048576K
}
2018-06-13T02:11:45.609-0300: 30035.631: Total time for which application threads were stopped: 0.0043735 seconds, Stopping threads took: 0.0000434 seconds
{Heap before GC invocations=75 (full 1):
 par new generation   total 109248K, used 91526K [0x00000000e0000000, 0x00000000e8000000, 0x00000000e8000000)
  eden space 87424K, 100% used [0x00000000e0000000, 0x00000000e5560000, 0x00000000e5560000)
  from space 21824K,  18% used [0x00000000e6ab0000, 0x00000000e6eb1988, 0x00000000e8000000)
  to   space 21824K,   0% used [0x00000000e5560000, 0x00000000e5560000, 0x00000000e6ab0000)
 concurrent mark-sweep generation total 393216K, used 59082K [0x00000000e8000000, 0x0000000100000000, 0x0000000100000000)
 Metaspace       used 37960K, capacity 39210K, committed 39396K, reserved 1083392K
  class space    used 4515K, capacity 4799K, committed 4836K, reserved 1048576K
2018-06-13T02:11:45.690-0300: 30035.711: [GC (Allocation Failure) 2018-06-13T02:11:45.690-0300: 30035.711: [ParNew
Desired survivor size 20112992 bytes, new threshold 8 (max 8)
- age   1:     714752 bytes,     714752 total
- age   2:     211040 bytes,     925792 total
- age   3:     339208 bytes,    1265000 total
- age   4:     275552 bytes,    1540552 total
- age   5:     780824 bytes,    2321376 total
- age   6:     236168 bytes,    2557544 total
- age   7:     550712 bytes,    3108256 total
- age   8:     184288 bytes,    3292544 total
: 91526K->4955K(109248K), 0.0039014 secs] 150609K->64428K(502464K), 0.0040008 secs] [Times: user=0.00 sys=0.00, real=0.00 secs] 
Heap after GC invocations=76 (full 1):
 par new generation   total 109248K, used 4955K [0x00000000e0000000, 0x00000000e8000000, 0x00000000e8000000)
  eden space 87424K,   0% used [0x00000000e0000000, 0x00000000e0000000, 0x00000000e5560000)
  from space 21824K,  22% used [0x00000000e5560000, 0x00000000e5a36ee8, 0x00000000e6ab0000)
  to   space 21824K,   0% used [0x00000000e6ab0000, 0x00000000e6ab0000, 0x00000000e8000000)
 concurrent mark-sweep generation total 393216K, used 59473K [0x00000000e8000000, 0x0000000100000000, 0x0000000100000000)
 Metaspace       used 37960K, capacity 39210K, committed 39396K, reserved 1083392K
  class space    used 4515K, capacity 4799K, committed 4836K, reserved 1048576K
}
2018-06-13T02:11:45.694-0300: 30035.715: Total time for which application threads were stopped: 0.0042676 seconds, Stopping threads took: 0.0000336 seconds
{Heap before GC invocations=76 (full 1):
 par new generation   total 109248K, used 92379K [0x00000000e0000000, 0x00000000e8000000, 0x00000000e8000000)
  eden space 87424K, 100% used [0x00000000e0000000, 0x00000000e5560000, 0x00000000e5560000)
  from space 21824K,  22% used [0x00000000e5560000, 0x00000000e5a36ee8, 0x00000000e6ab0000)
  to   space 21824K,   0% used [0x00000000e6ab0000, 0x00000000e6ab0000, 0x00000000e8000000)
 concurrent mark-sweep generation total 393216K, used 59473K [0x00000000e8000000, 0x0000000100000000, 0x0000000100000000)
 Metaspace       used 37960K, capacity 39210K, committed 39396K, reserved 1083392K
  class space    used 4515K, capacity 4799K, committed 4836K, reserved 1048576K
2018-06-13T02:11:45.776-0300: 30035.797: [GC (Allocation Failure) 2018-06-13T02:11:45.776-0300: 30035.797: [ParNew
Desired survivor size 20112992 bytes, new threshold 8 (max 8)
- age   1:     584120 bytes,     584120 total
- age   2:     379904 bytes,     964024 total
- age   3:     210496 bytes,    1174520 total
- age   4:     339208 bytes,    1513728 total
- age   5:     275552 bytes,    1789280 total
- age   6:     780672 bytes,    2569952 total
- age   7:     236168 bytes,    2806120 total
- age   8:     550712 bytes,    3356832 total
: 92379K->4324K(109248K), 0.0050439 secs] 151852K->63978K(502464K), 0.0051307 secs] [Times: user=0.00 sys=0.00, real=0.00 secs] 
Heap after GC invocations=77 (full 1):
 par new generation   total 109248K, used 4324K [0x00000000e0000000, 0x00000000e8000000, 0x00000000e8000000)
  eden space 87424K,   0% used [0x00000000e0000000, 0x00000000e0000000, 0x00000000e5560000)
  from space 21824K,  19% used [0x00000000e6ab0000, 0x00000000e6ee93b0, 0x00000000e8000000)
  to   space 21824K,   0% used [0x00000000e5560000, 0x00000000e5560000, 0x00000000e6ab0000)
 concurrent mark-sweep generation total 393216K, used 59653K [0x00000000e8000000, 0x0000000100000000, 0x0000000100000000)
 Metaspace       used 37960K, capacity 39210K, committed 39396K, reserved 1083392K
  class space    used 4515K, capacity 4799K, committed 4836K, reserved 1048576K
}
2018-06-13T02:11:45.781-0300: 30035.802: Total time for which application threads were stopped: 0.0054475 seconds, Stopping threads took: 0.0000336 seconds
{Heap before GC invocations=77 (full 1):
 par new generation   total 109248K, used 91748K [0x00000000e0000000, 0x00000000e8000000, 0x00000000e8000000)
  eden space 87424K, 100% used [0x00000000e0000000, 0x00000000e5560000, 0x00000000e5560000)
  from space 21824K,  19% used [0x00000000e6ab0000, 0x00000000e6ee93b0, 0x00000000e8000000)
  to   space 21824K,   0% used [0x00000000e5560000, 0x00000000e5560000, 0x00000000e6ab0000)
 concurrent mark-sweep generation total 393216K, used 59653K [0x00000000e8000000, 0x0000000100000000, 0x0000000100000000)
 Metaspace       used 37960K, capacity 39210K, committed 39396K, reserved 1083392K
  class space    used 4515K, capacity 4799K, committed 4836K, reserved 1048576K
2018-06-13T02:11:45.862-0300: 30035.883: [GC (Allocation Failure) 2018-06-13T02:11:45.862-0300: 30035.883: [ParNew
Desired survivor size 20112992 bytes, new threshold 8 (max 8)
- age   1:     575048 bytes,     575048 total
- age   2:     229320 bytes,     804368 total
- age   3:     376112 bytes,    1180480 total
- age   4:     207824 bytes,    1388304 total
- age   5:     339208 bytes,    1727512 total
- age   6:     275552 bytes,    2003064 total
- age   7:     780640 bytes,    2783704 total
- age   8:     236168 bytes,    3019872 total
: 91748K->3925K(109248K), 0.0039910 secs] 151402K->64116K(502464K), 0.0040834 secs] [Times: user=0.00 sys=0.00, real=0.00 secs] 
Heap after GC invocations=78 (full 1):
 par new generation   total 109248K, used 3925K [0x00000000e0000000, 0x00000000e8000000, 0x00000000e8000000)
  eden space 87424K,   0% used [0x00000000e0000000, 0x00000000e0000000, 0x00000000e5560000)
  from space 21824K,  17% used [0x00000000e5560000, 0x00000000e59354c0, 0x00000000e6ab0000)
  to   space 21824K,   0% used [0x00000000e6ab0000, 0x00000000e6ab0000, 0x00000000e8000000)
 concurrent mark-sweep generation total 393216K, used 60190K [0x00000000e8000000, 0x0000000100000000, 0x0000000100000000)
 Metaspace       used 37960K, capacity 39210K, committed 39396K, reserved 1083392K
  class space    used 4515K, capacity 4799K, committed 4836K, reserved 1048576K
}
2018-06-13T02:11:45.866-0300: 30035.887: Total time for which application threads were stopped: 0.0043498 seconds, Stopping threads took: 0.0000597 seconds
{Heap before GC invocations=78 (full 1):
 par new generation   total 109248K, used 91349K [0x00000000e0000000, 0x00000000e8000000, 0x00000000e8000000)
  eden space 87424K, 100% used [0x00000000e0000000, 0x00000000e5560000, 0x00000000e5560000)
  from space 21824K,  17% used [0x00000000e5560000, 0x00000000e59354c0, 0x00000000e6ab0000)
  to   space 21824K,   0% used [0x00000000e6ab0000, 0x00000000e6ab0000, 0x00000000e8000000)
 concurrent mark-sweep generation total 393216K, used 60190K [0x00000000e8000000, 0x0000000100000000, 0x0000000100000000)
 Metaspace       used 37960K, capacity 39210K, committed 39396K, reserved 1083392K
  class space    used 4515K, capacity 4799K, committed 4836K, reserved 1048576K
2018-06-13T02:11:45.944-0300: 30035.965: [GC (Allocation Failure) 2018-06-13T02:11:45.944-0300: 30035.965: [ParNew
Desired survivor size 20112992 bytes, new threshold 8 (max 8)
- age   1:     398680 bytes,     398680 total
- age   2:     514016 bytes,     912696 total
- age   3:     229320 bytes,    1142016 total
- age   4:     376112 bytes,    1518128 total
- age   5:     207824 bytes,    1725952 total
- age   6:     273656 bytes,    1999608 total
- age   7:     275552 bytes,    2275160 total
- age   8:     780544 bytes,    3055704 total
: 91349K->3798K(109248K), 0.0048573 secs] 151540K->64219K(502464K), 0.0049511 secs] [Times: user=0.06 sys=0.00, real=0.00 secs] 
Heap after GC invocations=79 (full 1):
 par new generation   total 109248K, used 3798K [0x00000000e0000000, 0x00000000e8000000, 0x00000000e8000000)
  eden space 87424K,   0% used [0x00000000e0000000, 0x00000000e0000000, 0x00000000e5560000)
  from space 21824K,  17% used [0x00000000e6ab0000, 0x00000000e6e65860, 0x00000000e8000000)
  to   space 21824K,   0% used [0x00000000e5560000, 0x00000000e5560000, 0x00000000e6ab0000)
 concurrent mark-sweep generation total 393216K, used 60421K [0x00000000e8000000, 0x0000000100000000, 0x0000000100000000)
 Metaspace       used 37960K, capacity 39210K, committed 39396K, reserved 1083392K
  class space    used 4515K, capacity 4799K, committed 4836K, reserved 1048576K
}
2018-06-13T02:11:45.949-0300: 30035.970: Total time for which application threads were stopped: 0.0051871 seconds, Stopping threads took: 0.0000359 seconds
{Heap before GC invocations=79 (full 1):
 par new generation   total 109248K, used 91222K [0x00000000e0000000, 0x00000000e8000000, 0x00000000e8000000)
  eden space 87424K, 100% used [0x00000000e0000000, 0x00000000e5560000, 0x00000000e5560000)
  from space 21824K,  17% used [0x00000000e6ab0000, 0x00000000e6e65860, 0x00000000e8000000)
  to   space 21824K,   0% used [0x00000000e5560000, 0x00000000e5560000, 0x00000000e6ab0000)
 concurrent mark-sweep generation total 393216K, used 60421K [0x00000000e8000000, 0x0000000100000000, 0x0000000100000000)
 Metaspace       used 37960K, capacity 39210K, committed 39396K, reserved 1083392K
  class space    used 4515K, capacity 4799K, committed 4836K, reserved 1048576K
2018-06-13T02:11:46.025-0300: 30036.046: [GC (Allocation Failure) 2018-06-13T02:11:46.025-0300: 30036.046: [ParNew
Desired survivor size 20112992 bytes, new threshold 8 (max 8)
- age   1:     614032 bytes,     614032 total
- age   2:     379536 bytes,     993568 total
- age   3:     263192 bytes,    1256760 total
- age   4:     229320 bytes,    1486080 total
- age   5:     376112 bytes,    1862192 total
- age   6:     207824 bytes,    2070016 total
- age   7:     273656 bytes,    2343672 total
- age   8:     275552 bytes,    2619224 total
: 91222K->3763K(109248K), 0.0046763 secs] 151643K->64950K(502464K), 0.0047808 secs] [Times: user=0.00 sys=0.00, real=0.00 secs] 
Heap after GC invocations=80 (full 1):
 par new generation   total 109248K, used 3763K [0x00000000e0000000, 0x00000000e8000000, 0x00000000e8000000)
  eden space 87424K,   0% used [0x00000000e0000000, 0x00000000e0000000, 0x00000000e5560000)
  from space 21824K,  17% used [0x00000000e5560000, 0x00000000e590ce90, 0x00000000e6ab0000)
  to   space 21824K,   0% used [0x00000000e6ab0000, 0x00000000e6ab0000, 0x00000000e8000000)
 concurrent mark-sweep generation total 393216K, used 61186K [0x00000000e8000000, 0x0000000100000000, 0x0000000100000000)
 Metaspace       used 37960K, capacity 39210K, committed 39396K, reserved 1083392K
  class space    used 4515K, capacity 4799K, committed 4836K, reserved 1048576K
}
2018-06-13T02:11:46.030-0300: 30036.051: Total time for which application threads were stopped: 0.0050346 seconds, Stopping threads took: 0.0000341 seconds
{Heap before GC invocations=80 (full 1):
 par new generation   total 109248K, used 91187K [0x00000000e0000000, 0x00000000e8000000, 0x00000000e8000000)
  eden space 87424K, 100% used [0x00000000e0000000, 0x00000000e5560000, 0x00000000e5560000)
  from space 21824K,  17% used [0x00000000e5560000, 0x00000000e590ce90, 0x00000000e6ab0000)
  to   space 21824K,   0% used [0x00000000e6ab0000, 0x00000000e6ab0000, 0x00000000e8000000)
 concurrent mark-sweep generation total 393216K, used 61186K [0x00000000e8000000, 0x0000000100000000, 0x0000000100000000)
 Metaspace       used 37960K, capacity 39210K, committed 39396K, reserved 1083392K
  class space    used 4515K, capacity 4799K, committed 4836K, reserved 1048576K
2018-06-13T02:11:46.109-0300: 30036.130: [GC (Allocation Failure) 2018-06-13T02:11:46.109-0300: 30036.130: [ParNew
Desired survivor size 20112992 bytes, new threshold 8 (max 8)
- age   1:     645240 bytes,     645240 total
- age   2:     167416 bytes,     812656 total
- age   3:     379432 bytes,    1192088 total
- age   4:     258240 bytes,    1450328 total
- age   5:     229320 bytes,    1679648 total
- age   6:     376112 bytes,    2055760 total
- age   7:     207824 bytes,    2263584 total
- age   8:     273656 bytes,    2537240 total
: 91187K->3305K(109248K), 0.0040139 secs] 152374K->64761K(502464K), 0.0041296 secs] [Times: user=0.00 sys=0.00, real=0.00 secs] 
Heap after GC invocations=81 (full 1):
 par new generation   total 109248K, used 3305K [0x00000000e0000000, 0x00000000e8000000, 0x00000000e8000000)
  eden space 87424K,   0% used [0x00000000e0000000, 0x00000000e0000000, 0x00000000e5560000)
  from space 21824K,  15% used [0x00000000e6ab0000, 0x00000000e6dea5e8, 0x00000000e8000000)
  to   space 21824K,   0% used [0x00000000e5560000, 0x00000000e5560000, 0x00000000e6ab0000)
 concurrent mark-sweep generation total 393216K, used 61455K [0x00000000e8000000, 0x0000000100000000, 0x0000000100000000)
 Metaspace       used 37960K, capacity 39210K, committed 39396K, reserved 1083392K
  class space    used 4515K, capacity 4799K, committed 4836K, reserved 1048576K
}
2018-06-13T02:11:46.113-0300: 30036.134: Total time for which application threads were stopped: 0.0045545 seconds, Stopping threads took: 0.0000406 seconds
2018-06-13T02:11:46.180-0300: 30036.202: Total time for which application threads were stopped: 0.0001176 seconds, Stopping threads took: 0.0000317 seconds
2018-06-13T02:11:46.183-0300: 30036.204: Total time for which application threads were stopped: 0.0001045 seconds, Stopping threads took: 0.0000275 seconds
2018-06-13T02:11:46.183-0300: 30036.204: Total time for which application threads were stopped: 0.0000616 seconds, Stopping threads took: 0.0000168 seconds
2018-06-13T02:11:46.389-0300: 30036.411: Total time for which application threads were stopped: 0.0004348 seconds, Stopping threads took: 0.0001073 seconds
2018-06-13T02:11:46.390-0300: 30036.411: Total time for which application threads were stopped: 0.0003741 seconds, Stopping threads took: 0.0001157 seconds
2018-06-13T02:11:46.390-0300: 30036.412: Total time for which application threads were stopped: 0.0002836 seconds, Stopping threads took: 0.0001185 seconds
2018-06-13T02:11:46.391-0300: 30036.413: Total time for which application threads were stopped: 0.0005253 seconds, Stopping threads took: 0.0001143 seconds
2018-06-13T02:11:46.406-0300: 30036.427: Total time for which application threads were stopped: 0.0001861 seconds, Stopping threads took: 0.0000406 seconds
2018-06-13T02:11:46.589-0300: 30036.610: Total time for which application threads were stopped: 0.0001129 seconds, Stopping threads took: 0.0000275 seconds
2018-06-13T02:11:46.625-0300: 30036.647: Total time for which application threads were stopped: 0.0001707 seconds, Stopping threads took: 0.0000774 seconds
2018-06-13T02:11:46.625-0300: 30036.647: Total time for which application threads were stopped: 0.0000812 seconds, Stopping threads took: 0.0000331 seconds
2018-06-13T02:11:46.625-0300: 30036.647: Total time for which application threads were stopped: 0.0001050 seconds, Stopping threads took: 0.0000364 seconds
2018-06-13T02:11:46.626-0300: 30036.648: Total time for which application threads were stopped: 0.0001465 seconds, Stopping threads took: 0.0000644 seconds
2018-06-13T02:11:46.627-0300: 30036.648: Total time for which application threads were stopped: 0.0000788 seconds, Stopping threads took: 0.0000210 seconds
{Heap before GC invocations=81 (full 1):
 par new generation   total 109248K, used 90729K [0x00000000e0000000, 0x00000000e8000000, 0x00000000e8000000)
  eden space 87424K, 100% used [0x00000000e0000000, 0x00000000e5560000, 0x00000000e5560000)
  from space 21824K,  15% used [0x00000000e6ab0000, 0x00000000e6dea5e8, 0x00000000e8000000)
  to   space 21824K,   0% used [0x00000000e5560000, 0x00000000e5560000, 0x00000000e6ab0000)
 concurrent mark-sweep generation total 393216K, used 61455K [0x00000000e8000000, 0x0000000100000000, 0x0000000100000000)
 Metaspace       used 38003K, capacity 39274K, committed 39396K, reserved 1083392K
  class space    used 4515K, capacity 4799K, committed 4836K, reserved 1048576K
2018-06-13T02:11:46.727-0300: 30036.749: [GC (Allocation Failure) 2018-06-13T02:11:46.727-0300: 30036.749: [ParNew
Desired survivor size 20112992 bytes, new threshold 8 (max 8)
- age   1:     819672 bytes,     819672 total
- age   2:     584400 bytes,    1404072 total
- age   3:     165656 bytes,    1569728 total
- age   4:     377512 bytes,    1947240 total
- age   5:     255136 bytes,    2202376 total
- age   6:     226976 bytes,    2429352 total
- age   7:     375192 bytes,    2804544 total
- age   8:     205248 bytes,    3009792 total
: 90729K->3393K(109248K), 0.0064458 secs] 152185K->65114K(502464K), 0.0065414 secs] [Times: user=0.00 sys=0.00, real=0.01 secs] 
Heap after GC invocations=82 (full 1):
 par new generation   total 109248K, used 3393K [0x00000000e0000000, 0x00000000e8000000, 0x00000000e8000000)
  eden space 87424K,   0% used [0x00000000e0000000, 0x00000000e0000000, 0x00000000e5560000)
  from space 21824K,  15% used [0x00000000e5560000, 0x00000000e58b04e8, 0x00000000e6ab0000)
  to   space 21824K,   0% used [0x00000000e6ab0000, 0x00000000e6ab0000, 0x00000000e8000000)
 concurrent mark-sweep generation total 393216K, used 61721K [0x00000000e8000000, 0x0000000100000000, 0x0000000100000000)
 Metaspace       used 38003K, capacity 39274K, committed 39396K, reserved 1083392K
  class space    used 4515K, capacity 4799K, committed 4836K, reserved 1048576K
}
2018-06-13T02:11:46.734-0300: 30036.755: Total time for which application threads were stopped: 0.0067882 seconds, Stopping threads took: 0.0000341 seconds
{Heap before GC invocations=82 (full 1):
 par new generation   total 109248K, used 90817K [0x00000000e0000000, 0x00000000e8000000, 0x00000000e8000000)
  eden space 87424K, 100% used [0x00000000e0000000, 0x00000000e5560000, 0x00000000e5560000)
  from space 21824K,  15% used [0x00000000e5560000, 0x00000000e58b04e8, 0x00000000e6ab0000)
  to   space 21824K,   0% used [0x00000000e6ab0000, 0x00000000e6ab0000, 0x00000000e8000000)
 concurrent mark-sweep generation total 393216K, used 61721K [0x00000000e8000000, 0x0000000100000000, 0x0000000100000000)
 Metaspace       used 38003K, capacity 39274K, committed 39396K, reserved 1083392K
  class space    used 4515K, capacity 4799K, committed 4836K, reserved 1048576K
2018-06-13T02:11:46.826-0300: 30036.848: [GC (Allocation Failure) 2018-06-13T02:11:46.826-0300: 30036.848: [ParNew
Desired survivor size 20112992 bytes, new threshold 8 (max 8)
- age   1:     557576 bytes,     557576 total
- age   2:     670920 bytes,    1228496 total
- age   3:     584400 bytes,    1812896 total
- age   4:     165656 bytes,    1978552 total
- age   5:     377512 bytes,    2356064 total
- age   6:     255136 bytes,    2611200 total
- age   7:     226976 bytes,    2838176 total
- age   8:     375192 bytes,    3213368 total
: 90817K->3785K(109248K), 0.0040437 secs] 152538K->65707K(502464K), 0.0041342 secs] [Times: user=0.00 sys=0.00, real=0.01 secs] 
Heap after GC invocations=83 (full 1):
 par new generation   total 109248K, used 3785K [0x00000000e0000000, 0x00000000e8000000, 0x00000000e8000000)
  eden space 87424K,   0% used [0x00000000e0000000, 0x00000000e0000000, 0x00000000e5560000)
  from space 21824K,  17% used [0x00000000e6ab0000, 0x00000000e6e62540, 0x00000000e8000000)
  to   space 21824K,   0% used [0x00000000e5560000, 0x00000000e5560000, 0x00000000e6ab0000)
 concurrent mark-sweep generation total 393216K, used 61921K [0x00000000e8000000, 0x0000000100000000, 0x0000000100000000)
 Metaspace       used 38003K, capacity 39274K, committed 39396K, reserved 1083392K
  class space    used 4515K, capacity 4799K, committed 4836K, reserved 1048576K
}
2018-06-13T02:11:46.831-0300: 30036.852: Total time for which application threads were stopped: 0.0043866 seconds, Stopping threads took: 0.0000336 seconds
{Heap before GC invocations=83 (full 1):
 par new generation   total 109248K, used 91209K [0x00000000e0000000, 0x00000000e8000000, 0x00000000e8000000)
  eden space 87424K, 100% used [0x00000000e0000000, 0x00000000e5560000, 0x00000000e5560000)
  from space 21824K,  17% used [0x00000000e6ab0000, 0x00000000e6e62540, 0x00000000e8000000)
  to   space 21824K,   0% used [0x00000000e5560000, 0x00000000e5560000, 0x00000000e6ab0000)
 concurrent mark-sweep generation total 393216K, used 61921K [0x00000000e8000000, 0x0000000100000000, 0x0000000100000000)
 Metaspace       used 38003K, capacity 39274K, committed 39396K, reserved 1083392K
  class space    used 4515K, capacity 4799K, committed 4836K, reserved 1048576K
2018-06-13T02:11:46.934-0300: 30036.955: [GC (Allocation Failure) 2018-06-13T02:11:46.934-0300: 30036.955: [ParNew
Desired survivor size 20112992 bytes, new threshold 8 (max 8)
- age   1:     716104 bytes,     716104 total
- age   2:     333768 bytes,    1049872 total
- age   3:     703288 bytes,    1753160 total
- age   4:     584400 bytes,    2337560 total
- age   5:     165656 bytes,    2503216 total
- age   6:     377512 bytes,    2880728 total
- age   7:     255136 bytes,    3135864 total
- age   8:     226976 bytes,    3362840 total
: 91209K->4946K(109248K), 0.0039873 secs] 153131K->67234K(502464K), 0.0040726 secs] [Times: user=0.00 sys=0.00, real=0.00 secs] 
Heap after GC invocations=84 (full 1):
 par new generation   total 109248K, used 4946K [0x00000000e0000000, 0x00000000e8000000, 0x00000000e8000000)
  eden space 87424K,   0% used [0x00000000e0000000, 0x00000000e0000000, 0x00000000e5560000)
  from space 21824K,  22% used [0x00000000e5560000, 0x00000000e5a34b08, 0x00000000e6ab0000)
  to   space 21824K,   0% used [0x00000000e6ab0000, 0x00000000e6ab0000, 0x00000000e8000000)
 concurrent mark-sweep generation total 393216K, used 62288K [0x00000000e8000000, 0x0000000100000000, 0x0000000100000000)
 Metaspace       used 38003K, capacity 39274K, committed 39396K, reserved 1083392K
  class space    used 4515K, capacity 4799K, committed 4836K, reserved 1048576K
}
2018-06-13T02:11:46.938-0300: 30036.959: Total time for which application threads were stopped: 0.0043110 seconds, Stopping threads took: 0.0000322 seconds
{Heap before GC invocations=84 (full 1):
 par new generation   total 109248K, used 92370K [0x00000000e0000000, 0x00000000e8000000, 0x00000000e8000000)
  eden space 87424K, 100% used [0x00000000e0000000, 0x00000000e5560000, 0x00000000e5560000)
  from space 21824K,  22% used [0x00000000e5560000, 0x00000000e5a34b08, 0x00000000e6ab0000)
  to   space 21824K,   0% used [0x00000000e6ab0000, 0x00000000e6ab0000, 0x00000000e8000000)
 concurrent mark-sweep generation total 393216K, used 62288K [0x00000000e8000000, 0x0000000100000000, 0x0000000100000000)
 Metaspace       used 38003K, capacity 39274K, committed 39396K, reserved 1083392K
  class space    used 4515K, capacity 4799K, committed 4836K, reserved 1048576K
2018-06-13T02:11:47.030-0300: 30037.051: [GC (Allocation Failure) 2018-06-13T02:11:47.030-0300: 30037.051: [ParNew
Desired survivor size 20112992 bytes, new threshold 8 (max 8)
- age   1:     588816 bytes,     588816 total
- age   2:     459224 bytes,    1048040 total
- age   3:     333768 bytes,    1381808 total
- age   4:     670504 bytes,    2052312 total
- age   5:     584400 bytes,    2636712 total
- age   6:     165656 bytes,    2802368 total
- age   7:     377512 bytes,    3179880 total
- age   8:     255136 bytes,    3435016 total
: 92370K->3928K(109248K), 0.0047020 secs] 154658K->66437K(502464K), 0.0047915 secs] [Times: user=0.00 sys=0.00, real=0.01 secs] 
Heap after GC invocations=85 (full 1):
 par new generation   total 109248K, used 3928K [0x00000000e0000000, 0x00000000e8000000, 0x00000000e8000000)
  eden space 87424K,   0% used [0x00000000e0000000, 0x00000000e0000000, 0x00000000e5560000)
  from space 21824K,  17% used [0x00000000e6ab0000, 0x00000000e6e86018, 0x00000000e8000000)
  to   space 21824K,   0% used [0x00000000e5560000, 0x00000000e5560000, 0x00000000e6ab0000)
 concurrent mark-sweep generation total 393216K, used 62509K [0x00000000e8000000, 0x0000000100000000, 0x0000000100000000)
 Metaspace       used 38003K, capacity 39274K, committed 39396K, reserved 1083392K
  class space    used 4515K, capacity 4799K, committed 4836K, reserved 1048576K
}
2018-06-13T02:11:47.035-0300: 30037.056: Total time for which application threads were stopped: 0.0050411 seconds, Stopping threads took: 0.0000341 seconds
{Heap before GC invocations=85 (full 1):
 par new generation   total 109248K, used 91352K [0x00000000e0000000, 0x00000000e8000000, 0x00000000e8000000)
  eden space 87424K, 100% used [0x00000000e0000000, 0x00000000e5560000, 0x00000000e5560000)
  from space 21824K,  17% used [0x00000000e6ab0000, 0x00000000e6e86018, 0x00000000e8000000)
  to   space 21824K,   0% used [0x00000000e5560000, 0x00000000e5560000, 0x00000000e6ab0000)
 concurrent mark-sweep generation total 393216K, used 62509K [0x00000000e8000000, 0x0000000100000000, 0x0000000100000000)
 Metaspace       used 38003K, capacity 39274K, committed 39396K, reserved 1083392K
  class space    used 4515K, capacity 4799K, committed 4836K, reserved 1048576K
2018-06-13T02:11:47.117-0300: 30037.138: [GC (Allocation Failure) 2018-06-13T02:11:47.117-0300: 30037.138: [ParNew
Desired survivor size 20112992 bytes, new threshold 8 (max 8)
- age   1:     535968 bytes,     535968 total
- age   2:     281296 bytes,     817264 total
- age   3:     458936 bytes,    1276200 total
- age   4:     333768 bytes,    1609968 total
- age   5:     670448 bytes,    2280416 total
- age   6:     584400 bytes,    2864816 total
- age   7:     165656 bytes,    3030472 total
- age   8:     508600 bytes,    3539072 total
: 91352K->4898K(109248K), 0.0047006 secs] 153861K->67657K(502464K), 0.0047915 secs] [Times: user=0.06 sys=0.00, real=0.00 secs] 
Heap after GC invocations=86 (full 1):
 par new generation   total 109248K, used 4898K [0x00000000e0000000, 0x00000000e8000000, 0x00000000e8000000)
  eden space 87424K,   0% used [0x00000000e0000000, 0x00000000e0000000, 0x00000000e5560000)
  from space 21824K,  22% used [0x00000000e5560000, 0x00000000e5a28a18, 0x00000000e6ab0000)
  to   space 21824K,   0% used [0x00000000e6ab0000, 0x00000000e6ab0000, 0x00000000e8000000)
 concurrent mark-sweep generation total 393216K, used 62758K [0x00000000e8000000, 0x0000000100000000, 0x0000000100000000)
 Metaspace       used 38003K, capacity 39274K, committed 39396K, reserved 1083392K
  class space    used 4515K, capacity 4799K, committed 4836K, reserved 1048576K
}
2018-06-13T02:11:47.122-0300: 30037.143: Total time for which application threads were stopped: 0.0050337 seconds, Stopping threads took: 0.0000327 seconds
{Heap before GC invocations=86 (full 1):
 par new generation   total 109248K, used 92322K [0x00000000e0000000, 0x00000000e8000000, 0x00000000e8000000)
  eden space 87424K, 100% used [0x00000000e0000000, 0x00000000e5560000, 0x00000000e5560000)
  from space 21824K,  22% used [0x00000000e5560000, 0x00000000e5a28a18, 0x00000000e6ab0000)
  to   space 21824K,   0% used [0x00000000e6ab0000, 0x00000000e6ab0000, 0x00000000e8000000)
 concurrent mark-sweep generation total 393216K, used 62758K [0x00000000e8000000, 0x0000000100000000, 0x0000000100000000)
 Metaspace       used 38003K, capacity 39274K, committed 39396K, reserved 1083392K
  class space    used 4515K, capacity 4799K, committed 4836K, reserved 1048576K
2018-06-13T02:11:47.206-0300: 30037.227: [GC (Allocation Failure) 2018-06-13T02:11:47.206-0300: 30037.227: [ParNew
Desired survivor size 20112992 bytes, new threshold 8 (max 8)
- age   1:     507792 bytes,     507792 total
- age   2:     238744 bytes,     746536 total
- age   3:     278536 bytes,    1025072 total
- age   4:     458936 bytes,    1484008 total
- age   5:     333768 bytes,    1817776 total
- age   6:     670352 bytes,    2488128 total
- age   7:     629640 bytes,    3117768 total
- age   8:     165656 bytes,    3283424 total
: 92322K->4088K(109248K), 0.0041636 secs] 155081K->67216K(502464K), 0.0042602 secs] [Times: user=0.00 sys=0.00, real=0.00 secs] 
Heap after GC invocations=87 (full 1):
 par new generation   total 109248K, used 4088K [0x00000000e0000000, 0x00000000e8000000, 0x00000000e8000000)
  eden space 87424K,   0% used [0x00000000e0000000, 0x00000000e0000000, 0x00000000e5560000)
  from space 21824K,  18% used [0x00000000e6ab0000, 0x00000000e6eae218, 0x00000000e8000000)
  to   space 21824K,   0% used [0x00000000e5560000, 0x00000000e5560000, 0x00000000e6ab0000)
 concurrent mark-sweep generation total 393216K, used 63127K [0x00000000e8000000, 0x0000000100000000, 0x0000000100000000)
 Metaspace       used 38003K, capacity 39274K, committed 39396K, reserved 1083392K
  class space    used 4515K, capacity 4799K, committed 4836K, reserved 1048576K
}
2018-06-13T02:11:47.210-0300: 30037.232: Total time for which application threads were stopped: 0.0045144 seconds, Stopping threads took: 0.0000443 seconds
{Heap before GC invocations=87 (full 1):
 par new generation   total 109248K, used 91512K [0x00000000e0000000, 0x00000000e8000000, 0x00000000e8000000)
  eden space 87424K, 100% used [0x00000000e0000000, 0x00000000e5560000, 0x00000000e5560000)
  from space 21824K,  18% used [0x00000000e6ab0000, 0x00000000e6eae218, 0x00000000e8000000)
  to   space 21824K,   0% used [0x00000000e5560000, 0x00000000e5560000, 0x00000000e6ab0000)
 concurrent mark-sweep generation total 393216K, used 63127K [0x00000000e8000000, 0x0000000100000000, 0x0000000100000000)
 Metaspace       used 38003K, capacity 39274K, committed 39396K, reserved 1083392K
  class space    used 4515K, capacity 4799K, committed 4836K, reserved 1048576K
2018-06-13T02:11:47.298-0300: 30037.319: [GC (Allocation Failure) 2018-06-13T02:11:47.298-0300: 30037.319: [ParNew
Desired survivor size 20112992 bytes, new threshold 8 (max 8)
- age   1:     813360 bytes,     813360 total
- age   2:     232680 bytes,    1046040 total
- age   3:     238672 bytes,    1284712 total
- age   4:     278264 bytes,    1562976 total
- age   5:     393384 bytes,    1956360 total
- age   6:     317344 bytes,    2273704 total
- age   7:     670352 bytes,    2944056 total
- age   8:     584400 bytes,    3528456 total
: 91512K->4529K(109248K), 0.0049128 secs] 154640K->67818K(502464K), 0.0050169 secs] [Times: user=0.00 sys=0.00, real=0.00 secs] 
Heap after GC invocations=88 (full 1):
 par new generation   total 109248K, used 4529K [0x00000000e0000000, 0x00000000e8000000, 0x00000000e8000000)
  eden space 87424K,   0% used [0x00000000e0000000, 0x00000000e0000000, 0x00000000e5560000)
  from space 21824K,  20% used [0x00000000e5560000, 0x00000000e59cc538, 0x00000000e6ab0000)
  to   space 21824K,   0% used [0x00000000e6ab0000, 0x00000000e6ab0000, 0x00000000e8000000)
 concurrent mark-sweep generation total 393216K, used 63289K [0x00000000e8000000, 0x0000000100000000, 0x0000000100000000)
 Metaspace       used 38003K, capacity 39274K, committed 39396K, reserved 1083392K
  class space    used 4515K, capacity 4799K, committed 4836K, reserved 1048576K
}
2018-06-13T02:11:47.303-0300: 30037.324: Total time for which application threads were stopped: 0.0052800 seconds, Stopping threads took: 0.0000369 seconds
{Heap before GC invocations=88 (full 1):
 par new generation   total 109248K, used 91953K [0x00000000e0000000, 0x00000000e8000000, 0x00000000e8000000)
  eden space 87424K, 100% used [0x00000000e0000000, 0x00000000e5560000, 0x00000000e5560000)
  from space 21824K,  20% used [0x00000000e5560000, 0x00000000e59cc538, 0x00000000e6ab0000)
  to   space 21824K,   0% used [0x00000000e6ab0000, 0x00000000e6ab0000, 0x00000000e8000000)
 concurrent mark-sweep generation total 393216K, used 63289K [0x00000000e8000000, 0x0000000100000000, 0x0000000100000000)
 Metaspace       used 38026K, capacity 39274K, committed 39396K, reserved 1083392K
  class space    used 4516K, capacity 4799K, committed 4836K, reserved 1048576K
2018-06-13T02:11:47.384-0300: 30037.405: [GC (Allocation Failure) 2018-06-13T02:11:47.384-0300: 30037.405: [ParNew
Desired survivor size 20112992 bytes, new threshold 8 (max 8)
- age   1:     581816 bytes,     581816 total
- age   2:     453536 bytes,    1035352 total
- age   3:     232680 bytes,    1268032 total
- age   4:     238672 bytes,    1506704 total
- age   5:     276152 bytes,    1782856 total
- age   6:     393384 bytes,    2176240 total
- age   7:     317344 bytes,    2493584 total
- age   8:     670352 bytes,    3163936 total
: 91953K->4304K(109248K), 0.0041771 secs] 155242K->68164K(502464K), 0.0042704 secs] [Times: user=0.00 sys=0.00, real=0.00 secs] 
Heap after GC invocations=89 (full 1):
 par new generation   total 109248K, used 4304K [0x00000000e0000000, 0x00000000e8000000, 0x00000000e8000000)
  eden space 87424K,   0% used [0x00000000e0000000, 0x00000000e0000000, 0x00000000e5560000)
  from space 21824K,  19% used [0x00000000e6ab0000, 0x00000000e6ee4258, 0x00000000e8000000)
  to   space 21824K,   0% used [0x00000000e5560000, 0x00000000e5560000, 0x00000000e6ab0000)
 concurrent mark-sweep generation total 393216K, used 63860K [0x00000000e8000000, 0x0000000100000000, 0x0000000100000000)
 Metaspace       used 38026K, capacity 39274K, committed 39396K, reserved 1083392K
  class space    used 4516K, capacity 4799K, committed 4836K, reserved 1048576K
}
2018-06-13T02:11:47.388-0300: 30037.409: Total time for which application threads were stopped: 0.0045294 seconds, Stopping threads took: 0.0000448 seconds
{Heap before GC invocations=89 (full 1):
 par new generation   total 109248K, used 91728K [0x00000000e0000000, 0x00000000e8000000, 0x00000000e8000000)
  eden space 87424K, 100% used [0x00000000e0000000, 0x00000000e5560000, 0x00000000e5560000)
  from space 21824K,  19% used [0x00000000e6ab0000, 0x00000000e6ee4258, 0x00000000e8000000)
  to   space 21824K,   0% used [0x00000000e5560000, 0x00000000e5560000, 0x00000000e6ab0000)
 concurrent mark-sweep generation total 393216K, used 63860K [0x00000000e8000000, 0x0000000100000000, 0x0000000100000000)
 Metaspace       used 38026K, capacity 39274K, committed 39396K, reserved 1083392K
  class space    used 4516K, capacity 4799K, committed 4836K, reserved 1048576K
2018-06-13T02:11:47.464-0300: 30037.485: [GC (Allocation Failure) 2018-06-13T02:11:47.464-0300: 30037.485: [ParNew
Desired survivor size 20112992 bytes, new threshold 8 (max 8)
- age   1:     295176 bytes,     295176 total
- age   2:     506976 bytes,     802152 total
- age   3:     453536 bytes,    1255688 total
- age   4:     232680 bytes,    1488368 total
- age   5:     238128 bytes,    1726496 total
- age   6:     276152 bytes,    2002648 total
- age   7:     393384 bytes,    2396032 total
- age   8:     317344 bytes,    2713376 total
: 91728K->3122K(109248K), 0.0053523 secs] 155588K->67638K(502464K), 0.0054517 secs] [Times: user=0.00 sys=0.00, real=0.01 secs] 
Heap after GC invocations=90 (full 1):
 par new generation   total 109248K, used 3122K [0x00000000e0000000, 0x00000000e8000000, 0x00000000e8000000)
  eden space 87424K,   0% used [0x00000000e0000000, 0x00000000e0000000, 0x00000000e5560000)
  from space 21824K,  14% used [0x00000000e5560000, 0x00000000e586c850, 0x00000000e6ab0000)
  to   space 21824K,   0% used [0x00000000e6ab0000, 0x00000000e6ab0000, 0x00000000e8000000)
 concurrent mark-sweep generation total 393216K, used 64516K [0x00000000e8000000, 0x0000000100000000, 0x0000000100000000)
 Metaspace       used 38026K, capacity 39274K, committed 39396K, reserved 1083392K
  class space    used 4516K, capacity 4799K, committed 4836K, reserved 1048576K
}
2018-06-13T02:11:47.470-0300: 30037.491: Total time for which application threads were stopped: 0.0057386 seconds, Stopping threads took: 0.0000490 seconds
{Heap before GC invocations=90 (full 1):
 par new generation   total 109248K, used 90546K [0x00000000e0000000, 0x00000000e8000000, 0x00000000e8000000)
  eden space 87424K, 100% used [0x00000000e0000000, 0x00000000e5560000, 0x00000000e5560000)
  from space 21824K,  14% used [0x00000000e5560000, 0x00000000e586c850, 0x00000000e6ab0000)
  to   space 21824K,   0% used [0x00000000e6ab0000, 0x00000000e6ab0000, 0x00000000e8000000)
 concurrent mark-sweep generation total 393216K, used 64516K [0x00000000e8000000, 0x0000000100000000, 0x0000000100000000)
 Metaspace       used 38026K, capacity 39274K, committed 39396K, reserved 1083392K
  class space    used 4516K, capacity 4799K, committed 4836K, reserved 1048576K
2018-06-13T02:11:47.542-0300: 30037.563: [GC (Allocation Failure) 2018-06-13T02:11:47.542-0300: 30037.563: [ParNew
Desired survivor size 20112992 bytes, new threshold 8 (max 8)
- age   1:     649904 bytes,     649904 total
- age   2:     209352 bytes,     859256 total
- age   3:     225360 bytes,    1084616 total
- age   4:     453584 bytes,    1538200 total
- age   5:     232680 bytes,    1770880 total
- age   6:     238152 bytes,    2009032 total
- age   7:     276152 bytes,    2285184 total
- age   8:     393408 bytes,    2678592 total
: 90546K->3474K(109248K), 0.0041809 secs] 155062K->68301K(502464K), 0.0042746 secs] [Times: user=0.00 sys=0.00, real=0.00 secs] 
Heap after GC invocations=91 (full 1):
 par new generation   total 109248K, used 3474K [0x00000000e0000000, 0x00000000e8000000, 0x00000000e8000000)
  eden space 87424K,   0% used [0x00000000e0000000, 0x00000000e0000000, 0x00000000e5560000)
  from space 21824K,  15% used [0x00000000e6ab0000, 0x00000000e6e14888, 0x00000000e8000000)
  to   space 21824K,   0% used [0x00000000e5560000, 0x00000000e5560000, 0x00000000e6ab0000)
 concurrent mark-sweep generation total 393216K, used 64826K [0x00000000e8000000, 0x0000000100000000, 0x0000000100000000)
 Metaspace       used 38026K, capacity 39274K, committed 39396K, reserved 1083392K
  class space    used 4516K, capacity 4799K, committed 4836K, reserved 1048576K
}
2018-06-13T02:11:47.546-0300: 30037.567: Total time for which application threads were stopped: 0.0045149 seconds, Stopping threads took: 0.0000341 seconds
{Heap before GC invocations=91 (full 1):
 par new generation   total 109248K, used 90898K [0x00000000e0000000, 0x00000000e8000000, 0x00000000e8000000)
  eden space 87424K, 100% used [0x00000000e0000000, 0x00000000e5560000, 0x00000000e5560000)
  from space 21824K,  15% used [0x00000000e6ab0000, 0x00000000e6e14888, 0x00000000e8000000)
  to   space 21824K,   0% used [0x00000000e5560000, 0x00000000e5560000, 0x00000000e6ab0000)
 concurrent mark-sweep generation total 393216K, used 64826K [0x00000000e8000000, 0x0000000100000000, 0x0000000100000000)
 Metaspace       used 38026K, capacity 39274K, committed 39396K, reserved 1083392K
  class space    used 4516K, capacity 4799K, committed 4836K, reserved 1048576K
2018-06-13T02:11:47.626-0300: 30037.647: [GC (Allocation Failure) 2018-06-13T02:11:47.626-0300: 30037.647: [ParNew
Desired survivor size 20112992 bytes, new threshold 8 (max 8)
- age   1:     352224 bytes,     352224 total
- age   2:     485928 bytes,     838152 total
- age   3:     209352 bytes,    1047504 total
- age   4:     225312 bytes,    1272816 total
- age   5:     448584 bytes,    1721400 total
- age   6:     231624 bytes,    1953024 total
- age   7:     238128 bytes,    2191152 total
- age   8:     276152 bytes,    2467304 total
: 90898K->3214K(109248K), 0.0047477 secs] 155725K->68425K(502464K), 0.0048331 secs] [Times: user=0.00 sys=0.00, real=0.01 secs] 
Heap after GC invocations=92 (full 1):
 par new generation   total 109248K, used 3214K [0x00000000e0000000, 0x00000000e8000000, 0x00000000e8000000)
  eden space 87424K,   0% used [0x00000000e0000000, 0x00000000e0000000, 0x00000000e5560000)
  from space 21824K,  14% used [0x00000000e5560000, 0x00000000e58839e0, 0x00000000e6ab0000)
  to   space 21824K,   0% used [0x00000000e6ab0000, 0x00000000e6ab0000, 0x00000000e8000000)
 concurrent mark-sweep generation total 393216K, used 65211K [0x00000000e8000000, 0x0000000100000000, 0x0000000100000000)
 Metaspace       used 38026K, capacity 39274K, committed 39396K, reserved 1083392K
  class space    used 4516K, capacity 4799K, committed 4836K, reserved 1048576K
}
2018-06-13T02:11:47.631-0300: 30037.652: Total time for which application threads were stopped: 0.0051209 seconds, Stopping threads took: 0.0000299 seconds
2018-06-13T02:11:47.668-0300: 30037.689: Total time for which application threads were stopped: 0.0001264 seconds, Stopping threads took: 0.0000369 seconds
2018-06-13T02:11:47.673-0300: 30037.694: Total time for which application threads were stopped: 0.0001381 seconds, Stopping threads took: 0.0000536 seconds
2018-06-13T02:11:47.673-0300: 30037.694: Total time for which application threads were stopped: 0.0001185 seconds, Stopping threads took: 0.0000597 seconds
2018-06-13T02:11:47.863-0300: 30037.884: Total time for which application threads were stopped: 0.0001222 seconds, Stopping threads took: 0.0000387 seconds
2018-06-13T02:11:47.864-0300: 30037.885: Total time for which application threads were stopped: 0.0001651 seconds, Stopping threads took: 0.0001106 seconds
2018-06-13T02:11:47.864-0300: 30037.885: Total time for which application threads were stopped: 0.0002692 seconds, Stopping threads took: 0.0000896 seconds
2018-06-13T02:11:47.864-0300: 30037.885: Total time for which application threads were stopped: 0.0000886 seconds, Stopping threads took: 0.0000383 seconds
2018-06-13T02:11:47.871-0300: 30037.892: Total time for which application threads were stopped: 0.0001129 seconds, Stopping threads took: 0.0000261 seconds
2018-06-13T02:11:48.026-0300: 30038.047: Total time for which application threads were stopped: 0.0001176 seconds, Stopping threads took: 0.0000303 seconds
2018-06-13T02:11:48.027-0300: 30038.047: Total time for which application threads were stopped: 0.0000662 seconds, Stopping threads took: 0.0000215 seconds
2018-06-13T02:11:48.027-0300: 30038.047: Total time for which application threads were stopped: 0.0000602 seconds, Stopping threads took: 0.0000168 seconds
2018-06-13T02:11:48.028-0300: 30038.049: Total time for which application threads were stopped: 0.0001017 seconds, Stopping threads took: 0.0000303 seconds
2018-06-13T02:11:48.028-0300: 30038.049: Total time for which application threads were stopped: 0.0000756 seconds, Stopping threads took: 0.0000257 seconds
2018-06-13T02:11:48.028-0300: 30038.049: Total time for which application threads were stopped: 0.0000606 seconds, Stopping threads took: 0.0000177 seconds
2018-06-13T02:11:48.028-0300: 30038.049: Total time for which application threads were stopped: 0.0000690 seconds, Stopping threads took: 0.0000205 seconds
2018-06-13T02:11:48.028-0300: 30038.049: Total time for which application threads were stopped: 0.0000662 seconds, Stopping threads took: 0.0000187 seconds
{Heap before GC invocations=92 (full 1):
 par new generation   total 109248K, used 90638K [0x00000000e0000000, 0x00000000e8000000, 0x00000000e8000000)
  eden space 87424K, 100% used [0x00000000e0000000, 0x00000000e5560000, 0x00000000e5560000)
  from space 21824K,  14% used [0x00000000e5560000, 0x00000000e58839e0, 0x00000000e6ab0000)
  to   space 21824K,   0% used [0x00000000e6ab0000, 0x00000000e6ab0000, 0x00000000e8000000)
 concurrent mark-sweep generation total 393216K, used 65211K [0x00000000e8000000, 0x0000000100000000, 0x0000000100000000)
 Metaspace       used 38047K, capacity 39338K, committed 39396K, reserved 1083392K
  class space    used 4516K, capacity 4799K, committed 4836K, reserved 1048576K
2018-06-13T02:11:48.175-0300: 30038.196: [GC (Allocation Failure) 2018-06-13T02:11:48.175-0300: 30038.196: [ParNew
Desired survivor size 20112992 bytes, new threshold 8 (max 8)
- age   1:     963032 bytes,     963032 total
- age   2:     277744 bytes,    1240776 total
- age   3:     484088 bytes,    1724864 total
- age   4:     207632 bytes,    1932496 total
- age   5:     223472 bytes,    2155968 total
- age   6:     429608 bytes,    2585576 total
- age   7:     229968 bytes,    2815544 total
- age   8:     236656 bytes,    3052200 total
: 90638K->3619K(109248K), 0.0048881 secs] 155849K->69098K(502464K), 0.0049912 secs] [Times: user=0.00 sys=0.00, real=0.01 secs] 
Heap after GC invocations=93 (full 1):
 par new generation   total 109248K, used 3619K [0x00000000e0000000, 0x00000000e8000000, 0x00000000e8000000)
  eden space 87424K,   0% used [0x00000000e0000000, 0x00000000e0000000, 0x00000000e5560000)
  from space 21824K,  16% used [0x00000000e6ab0000, 0x00000000e6e38d10, 0x00000000e8000000)
  to   space 21824K,   0% used [0x00000000e5560000, 0x00000000e5560000, 0x00000000e6ab0000)
 concurrent mark-sweep generation total 393216K, used 65478K [0x00000000e8000000, 0x0000000100000000, 0x0000000100000000)
 Metaspace       used 38047K, capacity 39338K, committed 39396K, reserved 1083392K
  class space    used 4516K, capacity 4799K, committed 4836K, reserved 1048576K
}
2018-06-13T02:11:48.180-0300: 30038.201: Total time for which application threads were stopped: 0.0052450 seconds, Stopping threads took: 0.0000336 seconds
{Heap before GC invocations=93 (full 1):
 par new generation   total 109248K, used 91043K [0x00000000e0000000, 0x00000000e8000000, 0x00000000e8000000)
  eden space 87424K, 100% used [0x00000000e0000000, 0x00000000e5560000, 0x00000000e5560000)
  from space 21824K,  16% used [0x00000000e6ab0000, 0x00000000e6e38d10, 0x00000000e8000000)
  to   space 21824K,   0% used [0x00000000e5560000, 0x00000000e5560000, 0x00000000e6ab0000)
 concurrent mark-sweep generation total 393216K, used 65478K [0x00000000e8000000, 0x0000000100000000, 0x0000000100000000)
 Metaspace       used 38047K, capacity 39338K, committed 39396K, reserved 1083392K
  class space    used 4516K, capacity 4799K, committed 4836K, reserved 1048576K
2018-06-13T02:11:48.255-0300: 30038.276: [GC (Allocation Failure) 2018-06-13T02:11:48.255-0300: 30038.276: [ParNew
Desired survivor size 20112992 bytes, new threshold 8 (max 8)
- age   1:     527376 bytes,     527376 total
- age   2:     720256 bytes,    1247632 total
- age   3:     277744 bytes,    1525376 total
- age   4:     484088 bytes,    2009464 total
- age   5:     207632 bytes,    2217096 total
- age   6:     223472 bytes,    2440568 total
- age   7:     429608 bytes,    2870176 total
- age   8:     229968 bytes,    3100144 total
: 91043K->3707K(109248K), 0.0049278 secs] 156522K->69417K(502464K), 0.0050262 secs] [Times: user=0.06 sys=0.00, real=0.00 secs] 
Heap after GC invocations=94 (full 1):
 par new generation   total 109248K, used 3707K [0x00000000e0000000, 0x00000000e8000000, 0x00000000e8000000)
  eden space 87424K,   0% used [0x00000000e0000000, 0x00000000e0000000, 0x00000000e5560000)
  from space 21824K,  16% used [0x00000000e5560000, 0x00000000e58feeb0, 0x00000000e6ab0000)
  to   space 21824K,   0% used [0x00000000e6ab0000, 0x00000000e6ab0000, 0x00000000e8000000)
 concurrent mark-sweep generation total 393216K, used 65710K [0x00000000e8000000, 0x0000000100000000, 0x0000000100000000)
 Metaspace       used 38047K, capacity 39338K, committed 39396K, reserved 1083392K
  class space    used 4516K, capacity 4799K, committed 4836K, reserved 1048576K
}
2018-06-13T02:11:48.260-0300: 30038.281: Total time for which application threads were stopped: 0.0052734 seconds, Stopping threads took: 0.0000397 seconds
{Heap before GC invocations=94 (full 1):
 par new generation   total 109248K, used 91131K [0x00000000e0000000, 0x00000000e8000000, 0x00000000e8000000)
  eden space 87424K, 100% used [0x00000000e0000000, 0x00000000e5560000, 0x00000000e5560000)
  from space 21824K,  16% used [0x00000000e5560000, 0x00000000e58feeb0, 0x00000000e6ab0000)
  to   space 21824K,   0% used [0x00000000e6ab0000, 0x00000000e6ab0000, 0x00000000e8000000)
 concurrent mark-sweep generation total 393216K, used 65710K [0x00000000e8000000, 0x0000000100000000, 0x0000000100000000)
 Metaspace       used 38047K, capacity 39338K, committed 39396K, reserved 1083392K
  class space    used 4516K, capacity 4799K, committed 4836K, reserved 1048576K
2018-06-13T02:11:48.346-0300: 30038.367: [GC (Allocation Failure) 2018-06-13T02:11:48.346-0300: 30038.367: [ParNew
Desired survivor size 20112992 bytes, new threshold 8 (max 8)
- age   1:     703528 bytes,     703528 total
- age   2:     277992 bytes,     981520 total
- age   3:     687200 bytes,    1668720 total
- age   4:     277744 bytes,    1946464 total
- age   5:     484088 bytes,    2430552 total
- age   6:     207632 bytes,    2638184 total
- age   7:     223472 bytes,    2861656 total
- age   8:     429608 bytes,    3291264 total
: 91131K->4623K(109248K), 0.0047262 secs] 156841K->70558K(502464K), 0.0048275 secs] [Times: user=0.00 sys=0.00, real=0.01 secs] 
Heap after GC invocations=95 (full 1):
 par new generation   total 109248K, used 4623K [0x00000000e0000000, 0x00000000e8000000, 0x00000000e8000000)
  eden space 87424K,   0% used [0x00000000e0000000, 0x00000000e0000000, 0x00000000e5560000)
  from space 21824K,  21% used [0x00000000e6ab0000, 0x00000000e6f33fa0, 0x00000000e8000000)
  to   space 21824K,   0% used [0x00000000e5560000, 0x00000000e5560000, 0x00000000e6ab0000)
 concurrent mark-sweep generation total 393216K, used 65934K [0x00000000e8000000, 0x0000000100000000, 0x0000000100000000)
 Metaspace       used 38047K, capacity 39338K, committed 39396K, reserved 1083392K
  class space    used 4516K, capacity 4799K, committed 4836K, reserved 1048576K
}
2018-06-13T02:11:48.351-0300: 30038.372: Total time for which application threads were stopped: 0.0051069 seconds, Stopping threads took: 0.0000406 seconds
{Heap before GC invocations=95 (full 1):
 par new generation   total 109248K, used 92047K [0x00000000e0000000, 0x00000000e8000000, 0x00000000e8000000)
  eden space 87424K, 100% used [0x00000000e0000000, 0x00000000e5560000, 0x00000000e5560000)
  from space 21824K,  21% used [0x00000000e6ab0000, 0x00000000e6f33fa0, 0x00000000e8000000)
  to   space 21824K,   0% used [0x00000000e5560000, 0x00000000e5560000, 0x00000000e6ab0000)
 concurrent mark-sweep generation total 393216K, used 65934K [0x00000000e8000000, 0x0000000100000000, 0x0000000100000000)
 Metaspace       used 38047K, capacity 39338K, committed 39396K, reserved 1083392K
  class space    used 4516K, capacity 4799K, committed 4836K, reserved 1048576K
2018-06-13T02:11:48.429-0300: 30038.450: [GC (Allocation Failure) 2018-06-13T02:11:48.429-0300: 30038.450: [ParNew
Desired survivor size 20112992 bytes, new threshold 8 (max 8)
- age   1:     619104 bytes,     619104 total
- age   2:     478968 bytes,    1098072 total
- age   3:     277560 bytes,    1375632 total
- age   4:     687144 bytes,    2062776 total
- age   5:     277744 bytes,    2340520 total
- age   6:     484088 bytes,    2824608 total
- age   7:     207632 bytes,    3032240 total
- age   8:     223472 bytes,    3255712 total
: 92047K->4067K(109248K), 0.0044976 secs] 157982K->70421K(502464K), 0.0045947 secs] [Times: user=0.06 sys=0.00, real=0.00 secs] 
Heap after GC invocations=96 (full 1):
 par new generation   total 109248K, used 4067K [0x00000000e0000000, 0x00000000e8000000, 0x00000000e8000000)
  eden space 87424K,   0% used [0x00000000e0000000, 0x00000000e0000000, 0x00000000e5560000)
  from space 21824K,  18% used [0x00000000e5560000, 0x00000000e5958ed0, 0x00000000e6ab0000)
  to   space 21824K,   0% used [0x00000000e6ab0000, 0x00000000e6ab0000, 0x00000000e8000000)
 concurrent mark-sweep generation total 393216K, used 66354K [0x00000000e8000000, 0x0000000100000000, 0x0000000100000000)
 Metaspace       used 38047K, capacity 39338K, committed 39396K, reserved 1083392K
  class space    used 4516K, capacity 4799K, committed 4836K, reserved 1048576K
}
2018-06-13T02:11:48.433-0300: 30038.454: Total time for which application threads were stopped: 0.0048564 seconds, Stopping threads took: 0.0000518 seconds
{Heap before GC invocations=96 (full 1):
 par new generation   total 109248K, used 91491K [0x00000000e0000000, 0x00000000e8000000, 0x00000000e8000000)
  eden space 87424K, 100% used [0x00000000e0000000, 0x00000000e5560000, 0x00000000e5560000)
  from space 21824K,  18% used [0x00000000e5560000, 0x00000000e5958ed0, 0x00000000e6ab0000)
  to   space 21824K,   0% used [0x00000000e6ab0000, 0x00000000e6ab0000, 0x00000000e8000000)
 concurrent mark-sweep generation total 393216K, used 66354K [0x00000000e8000000, 0x0000000100000000, 0x0000000100000000)
 Metaspace       used 38047K, capacity 39338K, committed 39396K, reserved 1083392K
  class space    used 4516K, capacity 4799K, committed 4836K, reserved 1048576K
2018-06-13T02:11:48.513-0300: 30038.535: [GC (Allocation Failure) 2018-06-13T02:11:48.513-0300: 30038.535: [ParNew
Desired survivor size 20112992 bytes, new threshold 8 (max 8)
- age   1:     550880 bytes,     550880 total
- age   2:     223416 bytes,     774296 total
- age   3:     478968 bytes,    1253264 total
- age   4:     276472 bytes,    1529736 total
- age   5:     687144 bytes,    2216880 total
- age   6:     277744 bytes,    2494624 total
- age   7:     484088 bytes,    2978712 total
- age   8:     207632 bytes,    3186344 total
: 91491K->4112K(109248K), 0.0038795 secs] 157845K->70684K(502464K), 0.0039635 secs] [Times: user=0.00 sys=0.00, real=0.00 secs] 
Heap after GC invocations=97 (full 1):
 par new generation   total 109248K, used 4112K [0x00000000e0000000, 0x00000000e8000000, 0x00000000e8000000)
  eden space 87424K,   0% used [0x00000000e0000000, 0x00000000e0000000, 0x00000000e5560000)
  from space 21824K,  18% used [0x00000000e6ab0000, 0x00000000e6eb4048, 0x00000000e8000000)
  to   space 21824K,   0% used [0x00000000e5560000, 0x00000000e5560000, 0x00000000e6ab0000)
 concurrent mark-sweep generation total 393216K, used 66572K [0x00000000e8000000, 0x0000000100000000, 0x0000000100000000)
 Metaspace       used 38047K, capacity 39338K, committed 39396K, reserved 1083392K
  class space    used 4516K, capacity 4799K, committed 4836K, reserved 1048576K
}
2018-06-13T02:11:48.517-0300: 30038.539: Total time for which application threads were stopped: 0.0042107 seconds, Stopping threads took: 0.0000425 seconds
{Heap before GC invocations=97 (full 1):
 par new generation   total 109248K, used 91536K [0x00000000e0000000, 0x00000000e8000000, 0x00000000e8000000)
  eden space 87424K, 100% used [0x00000000e0000000, 0x00000000e5560000, 0x00000000e5560000)
  from space 21824K,  18% used [0x00000000e6ab0000, 0x00000000e6eb4048, 0x00000000e8000000)
  to   space 21824K,   0% used [0x00000000e5560000, 0x00000000e5560000, 0x00000000e6ab0000)
 concurrent mark-sweep generation total 393216K, used 66572K [0x00000000e8000000, 0x0000000100000000, 0x0000000100000000)
 Metaspace       used 38047K, capacity 39338K, committed 39396K, reserved 1083392K
  class space    used 4516K, capacity 4799K, committed 4836K, reserved 1048576K
2018-06-13T02:11:48.597-0300: 30038.618: [GC (Allocation Failure) 2018-06-13T02:11:48.597-0300: 30038.618: [ParNew
Desired survivor size 20112992 bytes, new threshold 8 (max 8)
- age   1:     265992 bytes,     265992 total
- age   2:     481472 bytes,     747464 total
- age   3:     222528 bytes,     969992 total
- age   4:     478680 bytes,    1448672 total
- age   5:     276472 bytes,    1725144 total
- age   6:     687144 bytes,    2412288 total
- age   7:     277744 bytes,    2690032 total
- age   8:     484088 bytes,    3174120 total
: 91536K->4293K(109248K), 0.0041109 secs] 158108K->71068K(502464K), 0.0041977 secs] [Times: user=0.00 sys=0.00, real=0.00 secs] 
Heap after GC invocations=98 (full 1):
 par new generation   total 109248K, used 4293K [0x00000000e0000000, 0x00000000e8000000, 0x00000000e8000000)
  eden space 87424K,   0% used [0x00000000e0000000, 0x00000000e0000000, 0x00000000e5560000)
  from space 21824K,  19% used [0x00000000e5560000, 0x00000000e59916e8, 0x00000000e6ab0000)
  to   space 21824K,   0% used [0x00000000e6ab0000, 0x00000000e6ab0000, 0x00000000e8000000)
 concurrent mark-sweep generation total 393216K, used 66775K [0x00000000e8000000, 0x0000000100000000, 0x0000000100000000)
 Metaspace       used 38047K, capacity 39338K, committed 39396K, reserved 1083392K
  class space    used 4516K, capacity 4799K, committed 4836K, reserved 1048576K
}
2018-06-13T02:11:48.601-0300: 30038.623: Total time for which application threads were stopped: 0.0044435 seconds, Stopping threads took: 0.0000364 seconds
{Heap before GC invocations=98 (full 1):
 par new generation   total 109248K, used 91717K [0x00000000e0000000, 0x00000000e8000000, 0x00000000e8000000)
  eden space 87424K, 100% used [0x00000000e0000000, 0x00000000e5560000, 0x00000000e5560000)
  from space 21824K,  19% used [0x00000000e5560000, 0x00000000e59916e8, 0x00000000e6ab0000)
  to   space 21824K,   0% used [0x00000000e6ab0000, 0x00000000e6ab0000, 0x00000000e8000000)
 concurrent mark-sweep generation total 393216K, used 66775K [0x00000000e8000000, 0x0000000100000000, 0x0000000100000000)
 Metaspace       used 38047K, capacity 39338K, committed 39396K, reserved 1083392K
  class space    used 4516K, capacity 4799K, committed 4836K, reserved 1048576K
2018-06-13T02:11:48.680-0300: 30038.702: [GC (Allocation Failure) 2018-06-13T02:11:48.681-0300: 30038.702: [ParNew
Desired survivor size 20112992 bytes, new threshold 8 (max 8)
- age   1:     775312 bytes,     775312 total
- age   2:     216184 bytes,     991496 total
- age   3:     253080 bytes,    1244576 total
- age   4:     222576 bytes,    1467152 total
- age   5:     413128 bytes,    1880280 total
- age   6:     276472 bytes,    2156752 total
- age   7:     752616 bytes,    2909368 total
- age   8:     277744 bytes,    3187112 total
: 91717K->3935K(109248K), 0.0040157 secs] 158492K->71183K(502464K), 0.0041296 secs] [Times: user=0.00 sys=0.00, real=0.00 secs] 
Heap after GC invocations=99 (full 1):
 par new generation   total 109248K, used 3935K [0x00000000e0000000, 0x00000000e8000000, 0x00000000e8000000)
  eden space 87424K,   0% used [0x00000000e0000000, 0x00000000e0000000, 0x00000000e5560000)
  from space 21824K,  18% used [0x00000000e6ab0000, 0x00000000e6e87e80, 0x00000000e8000000)
  to   space 21824K,   0% used [0x00000000e5560000, 0x00000000e5560000, 0x00000000e6ab0000)
 concurrent mark-sweep generation total 393216K, used 67247K [0x00000000e8000000, 0x0000000100000000, 0x0000000100000000)
 Metaspace       used 38047K, capacity 39338K, committed 39396K, reserved 1083392K
  class space    used 4516K, capacity 4799K, committed 4836K, reserved 1048576K
}
2018-06-13T02:11:48.685-0300: 30038.706: Total time for which application threads were stopped: 0.0043661 seconds, Stopping threads took: 0.0000317 seconds
{Heap before GC invocations=99 (full 1):
 par new generation   total 109248K, used 91359K [0x00000000e0000000, 0x00000000e8000000, 0x00000000e8000000)
  eden space 87424K, 100% used [0x00000000e0000000, 0x00000000e5560000, 0x00000000e5560000)
  from space 21824K,  18% used [0x00000000e6ab0000, 0x00000000e6e87e80, 0x00000000e8000000)
  to   space 21824K,   0% used [0x00000000e5560000, 0x00000000e5560000, 0x00000000e6ab0000)
 concurrent mark-sweep generation total 393216K, used 67247K [0x00000000e8000000, 0x0000000100000000, 0x0000000100000000)
 Metaspace       used 38047K, capacity 39338K, committed 39396K, reserved 1083392K
  class space    used 4516K, capacity 4799K, committed 4836K, reserved 1048576K
2018-06-13T02:11:48.776-0300: 30038.797: [GC (Allocation Failure) 2018-06-13T02:11:48.776-0300: 30038.797: [ParNew
Desired survivor size 20112992 bytes, new threshold 8 (max 8)
- age   1:     371336 bytes,     371336 total
- age   2:     710440 bytes,    1081776 total
- age   3:     216072 bytes,    1297848 total
- age   4:     253080 bytes,    1550928 total
- age   5:     222528 bytes,    1773456 total
- age   6:     413128 bytes,    2186584 total
- age   7:     276472 bytes,    2463056 total
- age   8:     687048 bytes,    3150104 total
: 91359K->3943K(109248K), 0.0049264 secs] 158607K->71462K(502464K), 0.0050313 secs] [Times: user=0.00 sys=0.00, real=0.00 secs] 
Heap after GC invocations=100 (full 1):
 par new generation   total 109248K, used 3943K [0x00000000e0000000, 0x00000000e8000000, 0x00000000e8000000)
  eden space 87424K,   0% used [0x00000000e0000000, 0x00000000e0000000, 0x00000000e5560000)
  from space 21824K,  18% used [0x00000000e5560000, 0x00000000e5939f68, 0x00000000e6ab0000)
  to   space 21824K,   0% used [0x00000000e6ab0000, 0x00000000e6ab0000, 0x00000000e8000000)
 concurrent mark-sweep generation total 393216K, used 67519K [0x00000000e8000000, 0x0000000100000000, 0x0000000100000000)
 Metaspace       used 38047K, capacity 39338K, committed 39396K, reserved 1083392K
  class space    used 4516K, capacity 4799K, committed 4836K, reserved 1048576K
}
2018-06-13T02:11:48.781-0300: 30038.802: Total time for which application threads were stopped: 0.0053238 seconds, Stopping threads took: 0.0000336 seconds
{Heap before GC invocations=100 (full 1):
 par new generation   total 109248K, used 91367K [0x00000000e0000000, 0x00000000e8000000, 0x00000000e8000000)
  eden space 87424K, 100% used [0x00000000e0000000, 0x00000000e5560000, 0x00000000e5560000)
  from space 21824K,  18% used [0x00000000e5560000, 0x00000000e5939f68, 0x00000000e6ab0000)
  to   space 21824K,   0% used [0x00000000e6ab0000, 0x00000000e6ab0000, 0x00000000e8000000)
 concurrent mark-sweep generation total 393216K, used 67519K [0x00000000e8000000, 0x0000000100000000, 0x0000000100000000)
 Metaspace       used 38047K, capacity 39338K, committed 39396K, reserved 1083392K
  class space    used 4516K, capacity 4799K, committed 4836K, reserved 1048576K
2018-06-13T02:11:48.885-0300: 30038.907: [GC (Allocation Failure) 2018-06-13T02:11:48.885-0300: 30038.907: [ParNew
Desired survivor size 20112992 bytes, new threshold 8 (max 8)
- age   1:     571520 bytes,     571520 total
- age   2:     204200 bytes,     775720 total
- age   3:     428880 bytes,    1204600 total
- age   4:     216072 bytes,    1420672 total
- age   5:     253080 bytes,    1673752 total
- age   6:     222528 bytes,    1896280 total
- age   7:     413128 bytes,    2309408 total
- age   8:     276472 bytes,    2585880 total
: 91367K->3327K(109248K), 0.0046800 secs] 158886K->71520K(502464K), 0.0047570 secs] [Times: user=0.00 sys=0.00, real=0.01 secs] 
Heap after GC invocations=101 (full 1):
 par new generation   total 109248K, used 3327K [0x00000000e0000000, 0x00000000e8000000, 0x00000000e8000000)
  eden space 87424K,   0% used [0x00000000e0000000, 0x00000000e0000000, 0x00000000e5560000)
  from space 21824K,  15% used [0x00000000e6ab0000, 0x00000000e6defff0, 0x00000000e8000000)
  to   space 21824K,   0% used [0x00000000e5560000, 0x00000000e5560000, 0x00000000e6ab0000)
 concurrent mark-sweep generation total 393216K, used 68192K [0x00000000e8000000, 0x0000000100000000, 0x0000000100000000)
 Metaspace       used 38047K, capacity 39338K, committed 39396K, reserved 1083392K
  class space    used 4516K, capacity 4799K, committed 4836K, reserved 1048576K
}
2018-06-13T02:11:48.890-0300: 30038.912: Total time for which application threads were stopped: 0.0049931 seconds, Stopping threads took: 0.0000289 seconds
{Heap before GC invocations=101 (full 1):
 par new generation   total 109248K, used 90751K [0x00000000e0000000, 0x00000000e8000000, 0x00000000e8000000)
  eden space 87424K, 100% used [0x00000000e0000000, 0x00000000e5560000, 0x00000000e5560000)
  from space 21824K,  15% used [0x00000000e6ab0000, 0x00000000e6defff0, 0x00000000e8000000)
  to   space 21824K,   0% used [0x00000000e5560000, 0x00000000e5560000, 0x00000000e6ab0000)
 concurrent mark-sweep generation total 393216K, used 68192K [0x00000000e8000000, 0x0000000100000000, 0x0000000100000000)
 Metaspace       used 38047K, capacity 39338K, committed 39396K, reserved 1083392K
  class space    used 4516K, capacity 4799K, committed 4836K, reserved 1048576K
2018-06-13T02:11:48.993-0300: 30039.015: [GC (Allocation Failure) 2018-06-13T02:11:48.993-0300: 30039.015: [ParNew
Desired survivor size 20112992 bytes, new threshold 8 (max 8)
- age   1:     280600 bytes,     280600 total
- age   2:     518808 bytes,     799408 total
- age   3:     203968 bytes,    1003376 total
- age   4:     423928 bytes,    1427304 total
- age   5:     216072 bytes,    1643376 total
- age   6:     253080 bytes,    1896456 total
- age   7:     222528 bytes,    2118984 total
- age   8:     413128 bytes,    2532112 total
: 90751K->3250K(109248K), 0.0041673 secs] 158944K->71712K(502464K), 0.0042485 secs] [Times: user=0.00 sys=0.00, real=0.00 secs] 
Heap after GC invocations=102 (full 1):
 par new generation   total 109248K, used 3250K [0x00000000e0000000, 0x00000000e8000000, 0x00000000e8000000)
  eden space 87424K,   0% used [0x00000000e0000000, 0x00000000e0000000, 0x00000000e5560000)
  from space 21824K,  14% used [0x00000000e5560000, 0x00000000e588c9b8, 0x00000000e6ab0000)
  to   space 21824K,   0% used [0x00000000e6ab0000, 0x00000000e6ab0000, 0x00000000e8000000)
 concurrent mark-sweep generation total 393216K, used 68462K [0x00000000e8000000, 0x0000000100000000, 0x0000000100000000)
 Metaspace       used 38047K, capacity 39338K, committed 39396K, reserved 1083392K
  class space    used 4516K, capacity 4799K, committed 4836K, reserved 1048576K
}
2018-06-13T02:11:48.998-0300: 30039.019: Total time for which application threads were stopped: 0.0044874 seconds, Stopping threads took: 0.0000317 seconds
2018-06-13T02:11:49.053-0300: 30039.074: Total time for which application threads were stopped: 0.0001367 seconds, Stopping threads took: 0.0000448 seconds
2018-06-13T02:11:49.055-0300: 30039.076: Total time for which application threads were stopped: 0.0001134 seconds, Stopping threads took: 0.0000308 seconds
2018-06-13T02:11:49.055-0300: 30039.076: Total time for which application threads were stopped: 0.0000728 seconds, Stopping threads took: 0.0000243 seconds
2018-06-13T02:11:49.259-0300: 30039.280: Total time for which application threads were stopped: 0.0002412 seconds, Stopping threads took: 0.0000728 seconds
2018-06-13T02:11:49.259-0300: 30039.280: Total time for which application threads were stopped: 0.0001829 seconds, Stopping threads took: 0.0000639 seconds
2018-06-13T02:11:49.260-0300: 30039.281: Total time for which application threads were stopped: 0.0002734 seconds, Stopping threads took: 0.0001353 seconds
2018-06-13T02:11:49.260-0300: 30039.281: Total time for which application threads were stopped: 0.0001731 seconds, Stopping threads took: 0.0000518 seconds
2018-06-13T02:11:49.273-0300: 30039.294: Total time for which application threads were stopped: 0.0005533 seconds, Stopping threads took: 0.0000676 seconds
2018-06-13T02:11:49.393-0300: 30039.415: Total time for which application threads were stopped: 0.0001246 seconds, Stopping threads took: 0.0000364 seconds
2018-06-13T02:12:06.052-0300: 30056.073: Total time for which application threads were stopped: 0.0002640 seconds, Stopping threads took: 0.0000369 seconds
2018-06-13T02:12:06.653-0300: 30056.674: Total time for which application threads were stopped: 0.0002076 seconds, Stopping threads took: 0.0000425 seconds
2018-06-13T02:12:06.653-0300: 30056.674: Total time for which application threads were stopped: 0.0001516 seconds, Stopping threads took: 0.0000471 seconds
2018-06-13T02:12:06.654-0300: 30056.674: Total time for which application threads were stopped: 0.0001180 seconds, Stopping threads took: 0.0000303 seconds
2018-06-13T02:12:06.654-0300: 30056.675: Total time for which application threads were stopped: 0.0001479 seconds, Stopping threads took: 0.0000513 seconds
2018-06-13T02:12:06.654-0300: 30056.675: Total time for which application threads were stopped: 0.0002001 seconds, Stopping threads took: 0.0000457 seconds
2018-06-13T02:12:06.656-0300: 30056.676: Total time for which application threads were stopped: 0.0001488 seconds, Stopping threads took: 0.0000504 seconds
2018-06-13T02:12:06.656-0300: 30056.677: Total time for which application threads were stopped: 0.0001110 seconds, Stopping threads took: 0.0000425 seconds
2018-06-13T02:12:06.656-0300: 30056.677: Total time for which application threads were stopped: 0.0001549 seconds, Stopping threads took: 0.0000420 seconds
2018-06-13T02:12:06.656-0300: 30056.677: Total time for which application threads were stopped: 0.0000966 seconds, Stopping threads took: 0.0000406 seconds
2018-06-13T02:12:06.656-0300: 30056.677: Total time for which application threads were stopped: 0.0000784 seconds, Stopping threads took: 0.0000266 seconds
2018-06-13T02:12:06.657-0300: 30056.677: Total time for which application threads were stopped: 0.0000854 seconds, Stopping threads took: 0.0000406 seconds
2018-06-13T02:12:06.657-0300: 30056.678: Total time for which application threads were stopped: 0.0000863 seconds, Stopping threads took: 0.0000238 seconds
2018-06-13T02:12:06.657-0300: 30056.678: Total time for which application threads were stopped: 0.0000835 seconds, Stopping threads took: 0.0000219 seconds
2018-06-13T02:12:07.657-0300: 30057.678: Total time for which application threads were stopped: 0.0002183 seconds, Stopping threads took: 0.0000709 seconds
2018-06-13T02:12:07.993-0300: 30058.014: Total time for which application threads were stopped: 0.0001330 seconds, Stopping threads took: 0.0000369 seconds
2018-06-13T02:12:07.995-0300: 30058.016: Total time for which application threads were stopped: 0.0001166 seconds, Stopping threads took: 0.0000327 seconds
2018-06-13T02:12:08.045-0300: 30058.066: Total time for which application threads were stopped: 0.0001432 seconds, Stopping threads took: 0.0000341 seconds
2018-06-13T02:12:09.045-0300: 30059.066: Total time for which application threads were stopped: 0.0002174 seconds, Stopping threads took: 0.0000672 seconds
2018-06-13T02:12:12.046-0300: 30062.067: Total time for which application threads were stopped: 0.0002235 seconds, Stopping threads took: 0.0000742 seconds
2018-06-13T02:12:18.050-0300: 30068.071: Total time for which application threads were stopped: 0.0001451 seconds, Stopping threads took: 0.0000392 seconds
2018-06-13T02:12:50.405-0300: 30100.427: Total time for which application threads were stopped: 0.0001185 seconds, Stopping threads took: 0.0000327 seconds
{Heap before GC invocations=102 (full 1):
 par new generation   total 109248K, used 90674K [0x00000000e0000000, 0x00000000e8000000, 0x00000000e8000000)
  eden space 87424K, 100% used [0x00000000e0000000, 0x00000000e5560000, 0x00000000e5560000)
  from space 21824K,  14% used [0x00000000e5560000, 0x00000000e588c9b8, 0x00000000e6ab0000)
  to   space 21824K,   0% used [0x00000000e6ab0000, 0x00000000e6ab0000, 0x00000000e8000000)
 concurrent mark-sweep generation total 393216K, used 68462K [0x00000000e8000000, 0x0000000100000000, 0x0000000100000000)
 Metaspace       used 38178K, capacity 39466K, committed 39652K, reserved 1083392K
  class space    used 4519K, capacity 4799K, committed 4836K, reserved 1048576K
2018-06-13T02:12:50.548-0300: 30100.569: [GC (Allocation Failure) 2018-06-13T02:12:50.548-0300: 30100.569: [ParNew
Desired survivor size 20112992 bytes, new threshold 8 (max 8)
- age   1:    1469696 bytes,    1469696 total
- age   2:     227544 bytes,    1697240 total
- age   3:     517336 bytes,    2214576 total
- age   4:     202496 bytes,    2417072 total
- age   5:     553360 bytes,    2970432 total
- age   6:     212552 bytes,    3182984 total
- age   7:     250792 bytes,    3433776 total
- age   8:     221056 bytes,    3654832 total
: 90674K->4015K(109248K), 0.0050201 secs] 159136K->72880K(502464K), 0.0051568 secs] [Times: user=0.00 sys=0.00, real=0.00 secs] 
Heap after GC invocations=103 (full 1):
 par new generation   total 109248K, used 4015K [0x00000000e0000000, 0x00000000e8000000, 0x00000000e8000000)
  eden space 87424K,   0% used [0x00000000e0000000, 0x00000000e0000000, 0x00000000e5560000)
  from space 21824K,  18% used [0x00000000e6ab0000, 0x00000000e6e9bf88, 0x00000000e8000000)
  to   space 21824K,   0% used [0x00000000e5560000, 0x00000000e5560000, 0x00000000e6ab0000)
 concurrent mark-sweep generation total 393216K, used 68865K [0x00000000e8000000, 0x0000000100000000, 0x0000000100000000)
 Metaspace       used 38178K, capacity 39466K, committed 39652K, reserved 1083392K
  class space    used 4519K, capacity 4799K, committed 4836K, reserved 1048576K
}
2018-06-13T02:12:50.553-0300: 30100.574: Total time for which application threads were stopped: 0.0056383 seconds, Stopping threads took: 0.0000634 seconds
2018-06-13T02:12:50.553-0300: 30100.575: Total time for which application threads were stopped: 0.0003527 seconds, Stopping threads took: 0.0000574 seconds
{Heap before GC invocations=103 (full 1):
 par new generation   total 109248K, used 91439K [0x00000000e0000000, 0x00000000e8000000, 0x00000000e8000000)
  eden space 87424K, 100% used [0x00000000e0000000, 0x00000000e5560000, 0x00000000e5560000)
  from space 21824K,  18% used [0x00000000e6ab0000, 0x00000000e6e9bf88, 0x00000000e8000000)
  to   space 21824K,   0% used [0x00000000e5560000, 0x00000000e5560000, 0x00000000e6ab0000)
 concurrent mark-sweep generation total 393216K, used 68865K [0x00000000e8000000, 0x0000000100000000, 0x0000000100000000)
 Metaspace       used 38247K, capacity 39542K, committed 39652K, reserved 1083392K
  class space    used 4525K, capacity 4801K, committed 4836K, reserved 1048576K
2018-06-13T02:12:50.707-0300: 30100.728: [GC (Allocation Failure) 2018-06-13T02:12:50.707-0300: 30100.728: [ParNew
Desired survivor size 20112992 bytes, new threshold 8 (max 8)
- age   1:    1022200 bytes,    1022200 total
- age   2:    1114744 bytes,    2136944 total
- age   3:     227544 bytes,    2364488 total
- age   4:     517336 bytes,    2881824 total
- age   5:     202496 bytes,    3084320 total
- age   6:     455056 bytes,    3539376 total
- age   7:     212552 bytes,    3751928 total
- age   8:     250792 bytes,    4002720 total
: 91439K->5866K(109248K), 0.0046245 secs] 160304K->74947K(502464K), 0.0047188 secs] [Times: user=0.02 sys=0.01, real=0.00 secs] 
Heap after GC invocations=104 (full 1):
 par new generation   total 109248K, used 5866K [0x00000000e0000000, 0x00000000e8000000, 0x00000000e8000000)
  eden space 87424K,   0% used [0x00000000e0000000, 0x00000000e0000000, 0x00000000e5560000)
  from space 21824K,  26% used [0x00000000e5560000, 0x00000000e5b1a9f0, 0x00000000e6ab0000)
  to   space 21824K,   0% used [0x00000000e6ab0000, 0x00000000e6ab0000, 0x00000000e8000000)
 concurrent mark-sweep generation total 393216K, used 69080K [0x00000000e8000000, 0x0000000100000000, 0x0000000100000000)
 Metaspace       used 38247K, capacity 39542K, committed 39652K, reserved 1083392K
  class space    used 4525K, capacity 4801K, committed 4836K, reserved 1048576K
}
2018-06-13T02:12:50.712-0300: 30100.733: Total time for which application threads were stopped: 0.0050061 seconds, Stopping threads took: 0.0000369 seconds
2018-06-13T02:12:50.732-0300: 30100.753: Total time for which application threads were stopped: 0.0007763 seconds, Stopping threads took: 0.0000331 seconds
2018-06-13T02:12:51.130-0300: 30101.151: Total time for which application threads were stopped: 0.0005682 seconds, Stopping threads took: 0.0000322 seconds
2018-06-13T02:12:51.364-0300: 30101.385: Total time for which application threads were stopped: 0.0003559 seconds, Stopping threads took: 0.0001866 seconds
2018-06-13T02:12:51.397-0300: 30101.418: Total time for which application threads were stopped: 0.0001707 seconds, Stopping threads took: 0.0000406 seconds
2018-06-13T02:12:51.404-0300: 30101.425: Total time for which application threads were stopped: 0.0003065 seconds, Stopping threads took: 0.0000578 seconds
2018-06-13T02:12:51.416-0300: 30101.437: Total time for which application threads were stopped: 0.0002706 seconds, Stopping threads took: 0.0000597 seconds
{Heap before GC invocations=104 (full 1):
 par new generation   total 109248K, used 93290K [0x00000000e0000000, 0x00000000e8000000, 0x00000000e8000000)
  eden space 87424K, 100% used [0x00000000e0000000, 0x00000000e5560000, 0x00000000e5560000)
  from space 21824K,  26% used [0x00000000e5560000, 0x00000000e5b1a9f0, 0x00000000e6ab0000)
  to   space 21824K,   0% used [0x00000000e6ab0000, 0x00000000e6ab0000, 0x00000000e8000000)
 concurrent mark-sweep generation total 393216K, used 69080K [0x00000000e8000000, 0x0000000100000000, 0x0000000100000000)
 Metaspace       used 38668K, capacity 39984K, committed 40164K, reserved 1085440K
  class space    used 4559K, capacity 4836K, committed 4836K, reserved 1048576K
2018-06-13T02:12:51.423-0300: 30101.445: [GC (Allocation Failure) 2018-06-13T02:12:51.424-0300: 30101.445: [ParNew
Desired survivor size 20112992 bytes, new threshold 8 (max 8)
- age   1:    3541536 bytes,    3541536 total
- age   2:     170056 bytes,    3711592 total
- age   3:    1091152 bytes,    4802744 total
- age   4:     227544 bytes,    5030288 total
- age   5:     517336 bytes,    5547624 total
- age   6:     202496 bytes,    5750120 total
- age   7:     422272 bytes,    6172392 total
- age   8:     212552 bytes,    6384944 total
: 93290K->7134K(109248K), 0.0066832 secs] 162371K->76460K(502464K), 0.0068199 secs] [Times: user=0.00 sys=0.00, real=0.01 secs] 
Heap after GC invocations=105 (full 1):
 par new generation   total 109248K, used 7134K [0x00000000e0000000, 0x00000000e8000000, 0x00000000e8000000)
  eden space 87424K,   0% used [0x00000000e0000000, 0x00000000e0000000, 0x00000000e5560000)
  from space 21824K,  32% used [0x00000000e6ab0000, 0x00000000e71a7920, 0x00000000e8000000)
  to   space 21824K,   0% used [0x00000000e5560000, 0x00000000e5560000, 0x00000000e6ab0000)
 concurrent mark-sweep generation total 393216K, used 69325K [0x00000000e8000000, 0x0000000100000000, 0x0000000100000000)
 Metaspace       used 38668K, capacity 39984K, committed 40164K, reserved 1085440K
  class space    used 4559K, capacity 4836K, committed 4836K, reserved 1048576K
}
2018-06-13T02:12:51.430-0300: 30101.452: Total time for which application threads were stopped: 0.0071917 seconds, Stopping threads took: 0.0000578 seconds
2018-06-13T02:12:51.431-0300: 30101.452: Total time for which application threads were stopped: 0.0001334 seconds, Stopping threads took: 0.0000392 seconds
2018-06-13T02:12:51.492-0300: 30101.513: Total time for which application threads were stopped: 0.0001465 seconds, Stopping threads took: 0.0000411 seconds
2018-06-13T02:12:51.492-0300: 30101.513: Total time for which application threads were stopped: 0.0000672 seconds, Stopping threads took: 0.0000191 seconds
2018-06-13T02:12:51.492-0300: 30101.513: Total time for which application threads were stopped: 0.0000658 seconds, Stopping threads took: 0.0000191 seconds
2018-06-13T02:13:00.540-0300: 30110.561: Total time for which application threads were stopped: 0.0002207 seconds, Stopping threads took: 0.0000886 seconds
2018-06-13T02:13:00.540-0300: 30110.562: Total time for which application threads were stopped: 0.0001442 seconds, Stopping threads took: 0.0000392 seconds
{Heap before GC invocations=105 (full 1):
 par new generation   total 109248K, used 94558K [0x00000000e0000000, 0x00000000e8000000, 0x00000000e8000000)
  eden space 87424K, 100% used [0x00000000e0000000, 0x00000000e5560000, 0x00000000e5560000)
  from space 21824K,  32% used [0x00000000e6ab0000, 0x00000000e71a7920, 0x00000000e8000000)
  to   space 21824K,   0% used [0x00000000e5560000, 0x00000000e5560000, 0x00000000e6ab0000)
 concurrent mark-sweep generation total 393216K, used 69325K [0x00000000e8000000, 0x0000000100000000, 0x0000000100000000)
 Metaspace       used 38710K, capacity 40052K, committed 40164K, reserved 1085440K
  class space    used 4559K, capacity 4836K, committed 4836K, reserved 1048576K
2018-06-13T02:13:11.031-0300: 30121.052: [GC (Allocation Failure) 2018-06-13T02:13:11.031-0300: 30121.052: [ParNew
Desired survivor size 20112992 bytes, new threshold 8 (max 8)
- age   1:    1934336 bytes,    1934336 total
- age   2:    3158840 bytes,    5093176 total
- age   3:     169880 bytes,    5263056 total
- age   4:    1067960 bytes,    6331016 total
- age   5:     227544 bytes,    6558560 total
- age   6:     517336 bytes,    7075896 total
- age   7:     202496 bytes,    7278392 total
- age   8:     422272 bytes,    7700664 total
: 94558K->9348K(109248K), 0.0078542 secs] 163884K->78881K(502464K), 0.0079391 secs] [Times: user=0.00 sys=0.00, real=0.01 secs] 
Heap after GC invocations=106 (full 1):
 par new generation   total 109248K, used 9348K [0x00000000e0000000, 0x00000000e8000000, 0x00000000e8000000)
  eden space 87424K,   0% used [0x00000000e0000000, 0x00000000e0000000, 0x00000000e5560000)
  from space 21824K,  42% used [0x00000000e5560000, 0x00000000e5e810c0, 0x00000000e6ab0000)
  to   space 21824K,   0% used [0x00000000e6ab0000, 0x00000000e6ab0000, 0x00000000e8000000)
 concurrent mark-sweep generation total 393216K, used 69533K [0x00000000e8000000, 0x0000000100000000, 0x0000000100000000)
 Metaspace       used 38710K, capacity 40052K, committed 40164K, reserved 1085440K
  class space    used 4559K, capacity 4836K, committed 4836K, reserved 1048576K
}
2018-06-13T02:13:11.039-0300: 30121.060: Total time for which application threads were stopped: 0.0082731 seconds, Stopping threads took: 0.0000401 seconds
2018-06-13T02:13:11.039-0300: 30121.060: Total time for which application threads were stopped: 0.0001913 seconds, Stopping threads took: 0.0000546 seconds
{Heap before GC invocations=106 (full 1):
 par new generation   total 109248K, used 96772K [0x00000000e0000000, 0x00000000e8000000, 0x00000000e8000000)
  eden space 87424K, 100% used [0x00000000e0000000, 0x00000000e5560000, 0x00000000e5560000)
  from space 21824K,  42% used [0x00000000e5560000, 0x00000000e5e810c0, 0x00000000e6ab0000)
  to   space 21824K,   0% used [0x00000000e6ab0000, 0x00000000e6ab0000, 0x00000000e8000000)
 concurrent mark-sweep generation total 393216K, used 69533K [0x00000000e8000000, 0x0000000100000000, 0x0000000100000000)
 Metaspace       used 38732K, capacity 40070K, committed 40292K, reserved 1085440K
  class space    used 4560K, capacity 4839K, committed 4964K, reserved 1048576K
2018-06-13T02:13:11.195-0300: 30121.216: [GC (Allocation Failure) 2018-06-13T02:13:11.195-0300: 30121.216: [ParNew
Desired survivor size 20112992 bytes, new threshold 8 (max 8)
- age   1:     505960 bytes,     505960 total
- age   2:    1584896 bytes,    2090856 total
- age   3:    2986920 bytes,    5077776 total
- age   4:     169672 bytes,    5247448 total
- age   5:    1067960 bytes,    6315408 total
- age   6:     227544 bytes,    6542952 total
- age   7:     517336 bytes,    7060288 total
- age   8:     202496 bytes,    7262784 total
: 96772K->11915K(109248K), 0.0081546 secs] 166305K->81861K(502464K), 0.0082423 secs] [Times: user=0.09 sys=0.00, real=0.01 secs] 
Heap after GC invocations=107 (full 1):
 par new generation   total 109248K, used 11915K [0x00000000e0000000, 0x00000000e8000000, 0x00000000e8000000)
  eden space 87424K,   0% used [0x00000000e0000000, 0x00000000e0000000, 0x00000000e5560000)
  from space 21824K,  54% used [0x00000000e6ab0000, 0x00000000e7652cd0, 0x00000000e8000000)
  to   space 21824K,   0% used [0x00000000e5560000, 0x00000000e5560000, 0x00000000e6ab0000)
 concurrent mark-sweep generation total 393216K, used 69945K [0x00000000e8000000, 0x0000000100000000, 0x0000000100000000)
 Metaspace       used 38732K, capacity 40070K, committed 40292K, reserved 1085440K
  class space    used 4560K, capacity 4839K, committed 4964K, reserved 1048576K
}
2018-06-13T02:13:11.203-0300: 30121.224: Total time for which application threads were stopped: 0.0085204 seconds, Stopping threads took: 0.0000383 seconds
2018-06-13T02:13:11.275-0300: 30121.296: Total time for which application threads were stopped: 0.0002169 seconds, Stopping threads took: 0.0000564 seconds
2018-06-13T02:13:11.307-0300: 30121.328: Total time for which application threads were stopped: 0.0002076 seconds, Stopping threads took: 0.0000732 seconds
2018-06-13T02:13:11.317-0300: 30121.338: Total time for which application threads were stopped: 0.0001857 seconds, Stopping threads took: 0.0000625 seconds
2018-06-13T02:13:11.376-0300: 30121.397: Total time for which application threads were stopped: 0.0001502 seconds, Stopping threads took: 0.0000462 seconds
2018-06-13T02:13:11.376-0300: 30121.397: Total time for which application threads were stopped: 0.0000681 seconds, Stopping threads took: 0.0000196 seconds
2018-06-13T02:13:11.376-0300: 30121.397: Total time for which application threads were stopped: 0.0000700 seconds, Stopping threads took: 0.0000196 seconds
2018-06-13T02:13:19.380-0300: 30129.401: Total time for which application threads were stopped: 0.0001180 seconds, Stopping threads took: 0.0000345 seconds
{Heap before GC invocations=107 (full 1):
 par new generation   total 109248K, used 99326K [0x00000000e0000000, 0x00000000e8000000, 0x00000000e8000000)
  eden space 87424K,  99% used [0x00000000e0000000, 0x00000000e555ce20, 0x00000000e5560000)
  from space 21824K,  54% used [0x00000000e6ab0000, 0x00000000e7652cd0, 0x00000000e8000000)
  to   space 21824K,   0% used [0x00000000e5560000, 0x00000000e5560000, 0x00000000e6ab0000)
 concurrent mark-sweep generation total 393216K, used 69945K [0x00000000e8000000, 0x0000000100000000, 0x0000000100000000)
 Metaspace       used 38787K, capacity 40080K, committed 40292K, reserved 1085440K
  class space    used 4561K, capacity 4840K, committed 4964K, reserved 1048576K
2018-06-13T02:13:28.103-0300: 30138.124: [GC (Allocation Failure) 2018-06-13T02:13:28.103-0300: 30138.124: [ParNew
Desired survivor size 20112992 bytes, new threshold 8 (max 8)
- age   1:    4536160 bytes,    4536160 total
- age   2:     116216 bytes,    4652376 total
- age   3:     893544 bytes,    5545920 total
- age   4:    2986480 bytes,    8532400 total
- age   5:     169568 bytes,    8701968 total
- age   6:    1061240 bytes,    9763208 total
- age   7:     227544 bytes,    9990752 total
- age   8:     517336 bytes,   10508088 total
: 99326K->11550K(109248K), 0.0100799 secs] 169272K->81694K(502464K), 0.0101634 secs] [Times: user=0.00 sys=0.00, real=0.01 secs] 
Heap after GC invocations=108 (full 1):
 par new generation   total 109248K, used 11550K [0x00000000e0000000, 0x00000000e8000000, 0x00000000e8000000)
  eden space 87424K,   0% used [0x00000000e0000000, 0x00000000e0000000, 0x00000000e5560000)
  from space 21824K,  52% used [0x00000000e5560000, 0x00000000e60a7b20, 0x00000000e6ab0000)
  to   space 21824K,   0% used [0x00000000e6ab0000, 0x00000000e6ab0000, 0x00000000e8000000)
 concurrent mark-sweep generation total 393216K, used 70143K [0x00000000e8000000, 0x0000000100000000, 0x0000000100000000)
 Metaspace       used 38787K, capacity 40080K, committed 40292K, reserved 1085440K
  class space    used 4561K, capacity 4840K, committed 4964K, reserved 1048576K
}
2018-06-13T02:13:28.113-0300: 30138.135: Total time for which application threads were stopped: 0.0104909 seconds, Stopping threads took: 0.0000327 seconds
2018-06-13T02:13:28.114-0300: 30138.135: Total time for which application threads were stopped: 0.0001642 seconds, Stopping threads took: 0.0000690 seconds
2018-06-13T02:13:28.114-0300: 30138.135: Total time for which application threads were stopped: 0.0001829 seconds, Stopping threads took: 0.0000481 seconds
{Heap before GC invocations=108 (full 1):
 par new generation   total 109248K, used 98974K [0x00000000e0000000, 0x00000000e8000000, 0x00000000e8000000)
  eden space 87424K, 100% used [0x00000000e0000000, 0x00000000e5560000, 0x00000000e5560000)
  from space 21824K,  52% used [0x00000000e5560000, 0x00000000e60a7b20, 0x00000000e6ab0000)
  to   space 21824K,   0% used [0x00000000e6ab0000, 0x00000000e6ab0000, 0x00000000e8000000)
 concurrent mark-sweep generation total 393216K, used 70143K [0x00000000e8000000, 0x0000000100000000, 0x0000000100000000)
 Metaspace       used 38807K, capacity 40086K, committed 40292K, reserved 1085440K
  class space    used 4561K, capacity 4841K, committed 4964K, reserved 1048576K
2018-06-13T02:13:28.193-0300: 30138.214: [GC (Allocation Failure) 2018-06-13T02:13:28.193-0300: 30138.215: [ParNew
Desired survivor size 20112992 bytes, new threshold 8 (max 8)
- age   1:     283936 bytes,     283936 total
- age   2:    4210872 bytes,    4494808 total
- age   3:     116216 bytes,    4611024 total
- age   4:     893544 bytes,    5504568 total
- age   5:    2986480 bytes,    8491048 total
- age   6:     169464 bytes,    8660512 total
- age   7:    1061240 bytes,    9721752 total
- age   8:     227544 bytes,    9949296 total
: 98974K->12559K(109248K), 0.0095663 secs] 169118K->83208K(502464K), 0.0096619 secs] [Times: user=0.08 sys=0.02, real=0.01 secs] 
Heap after GC invocations=109 (full 1):
 par new generation   total 109248K, used 12559K [0x00000000e0000000, 0x00000000e8000000, 0x00000000e8000000)
  eden space 87424K,   0% used [0x00000000e0000000, 0x00000000e0000000, 0x00000000e5560000)
  from space 21824K,  57% used [0x00000000e6ab0000, 0x00000000e76f3f20, 0x00000000e8000000)
  to   space 21824K,   0% used [0x00000000e5560000, 0x00000000e5560000, 0x00000000e6ab0000)
 concurrent mark-sweep generation total 393216K, used 70648K [0x00000000e8000000, 0x0000000100000000, 0x0000000100000000)
 Metaspace       used 38807K, capacity 40086K, committed 40292K, reserved 1085440K
  class space    used 4561K, capacity 4841K, committed 4964K, reserved 1048576K
}
2018-06-13T02:13:28.203-0300: 30138.224: Total time for which application threads were stopped: 0.0099166 seconds, Stopping threads took: 0.0000369 seconds
2018-06-13T02:13:28.334-0300: 30138.355: Total time for which application threads were stopped: 0.0002650 seconds, Stopping threads took: 0.0000439 seconds
2018-06-13T02:13:28.364-0300: 30138.385: Total time for which application threads were stopped: 0.0001745 seconds, Stopping threads took: 0.0000299 seconds
2018-06-13T02:13:28.370-0300: 30138.392: Total time for which application threads were stopped: 0.0001693 seconds, Stopping threads took: 0.0000481 seconds
2018-06-13T02:13:28.423-0300: 30138.444: Total time for which application threads were stopped: 0.0001372 seconds, Stopping threads took: 0.0000341 seconds
2018-06-13T02:13:28.423-0300: 30138.445: Total time for which application threads were stopped: 0.0000667 seconds, Stopping threads took: 0.0000182 seconds
2018-06-13T02:13:28.423-0300: 30138.445: Total time for which application threads were stopped: 0.0000700 seconds, Stopping threads took: 0.0000219 seconds
2018-06-13T02:13:29.424-0300: 30139.444: Total time for which application threads were stopped: 0.0002239 seconds, Stopping threads took: 0.0000695 seconds
2018-06-13T02:13:36.427-0300: 30146.448: Total time for which application threads were stopped: 0.0002235 seconds, Stopping threads took: 0.0000648 seconds
{Heap before GC invocations=109 (full 1):
 par new generation   total 109248K, used 99983K [0x00000000e0000000, 0x00000000e8000000, 0x00000000e8000000)
  eden space 87424K, 100% used [0x00000000e0000000, 0x00000000e5560000, 0x00000000e5560000)
  from space 21824K,  57% used [0x00000000e6ab0000, 0x00000000e76f3f20, 0x00000000e8000000)
  to   space 21824K,   0% used [0x00000000e5560000, 0x00000000e5560000, 0x00000000e6ab0000)
 concurrent mark-sweep generation total 393216K, used 70648K [0x00000000e8000000, 0x0000000100000000, 0x0000000100000000)
 Metaspace       used 38863K, capacity 40230K, committed 40548K, reserved 1085440K
  class space    used 4562K, capacity 4843K, committed 4964K, reserved 1048576K
2018-06-13T02:13:44.406-0300: 30154.428: [GC (Allocation Failure) 2018-06-13T02:13:44.407-0300: 30154.428: [ParNew
Desired survivor size 20112992 bytes, new threshold 8 (max 8)
- age   1:    4701544 bytes,    4701544 total
- age   2:      83944 bytes,    4785488 total
- age   3:    3441256 bytes,    8226744 total
- age   4:     116216 bytes,    8342960 total
- age   5:     891512 bytes,    9234472 total
- age   6:    2984240 bytes,   12218712 total
- age   7:     169464 bytes,   12388176 total
- age   8:    1061208 bytes,   13449384 total
: 99983K->16032K(109248K), 0.0113152 secs] 170632K->86903K(502464K), 0.0114034 secs] [Times: user=0.06 sys=0.00, real=0.01 secs] 
Heap after GC invocations=110 (full 1):
 par new generation   total 109248K, used 16032K [0x00000000e0000000, 0x00000000e8000000, 0x00000000e8000000)
  eden space 87424K,   0% used [0x00000000e0000000, 0x00000000e0000000, 0x00000000e5560000)
  from space 21824K,  73% used [0x00000000e5560000, 0x00000000e6508158, 0x00000000e6ab0000)
  to   space 21824K,   0% used [0x00000000e6ab0000, 0x00000000e6ab0000, 0x00000000e8000000)
 concurrent mark-sweep generation total 393216K, used 70871K [0x00000000e8000000, 0x0000000100000000, 0x0000000100000000)
 Metaspace       used 38863K, capacity 40230K, committed 40548K, reserved 1085440K
  class space    used 4562K, capacity 4843K, committed 4964K, reserved 1048576K
}
2018-06-13T02:13:44.418-0300: 30154.439: Total time for which application threads were stopped: 0.0116791 seconds, Stopping threads took: 0.0000490 seconds
2018-06-13T02:13:44.418-0300: 30154.439: Total time for which application threads were stopped: 0.0001609 seconds, Stopping threads took: 0.0000583 seconds
2018-06-13T02:13:44.418-0300: 30154.440: Total time for which application threads were stopped: 0.0001372 seconds, Stopping threads took: 0.0000387 seconds
{Heap before GC invocations=110 (full 1):
 par new generation   total 109248K, used 103456K [0x00000000e0000000, 0x00000000e8000000, 0x00000000e8000000)
  eden space 87424K, 100% used [0x00000000e0000000, 0x00000000e5560000, 0x00000000e5560000)
  from space 21824K,  73% used [0x00000000e5560000, 0x00000000e6508158, 0x00000000e6ab0000)
  to   space 21824K,   0% used [0x00000000e6ab0000, 0x00000000e6ab0000, 0x00000000e8000000)
 concurrent mark-sweep generation total 393216K, used 70871K [0x00000000e8000000, 0x0000000100000000, 0x0000000100000000)
 Metaspace       used 38873K, capacity 40242K, committed 40548K, reserved 1085440K
  class space    used 4564K, capacity 4845K, committed 4964K, reserved 1048576K
2018-06-13T02:13:44.496-0300: 30154.518: [GC (Allocation Failure) 2018-06-13T02:13:44.497-0300: 30154.518: [ParNew
Desired survivor size 20112992 bytes, new threshold 8 (max 8)
- age   1:     271536 bytes,     271536 total
- age   2:    4238088 bytes,    4509624 total
- age   3:      83944 bytes,    4593568 total
- age   4:    3353656 bytes,    7947224 total
- age   5:     116216 bytes,    8063440 total
- age   6:     891512 bytes,    8954952 total
- age   7:    2984240 bytes,   11939192 total
- age   8:     169256 bytes,   12108448 total
: 103456K->19412K(109248K), 0.0124465 secs] 174327K->91324K(502464K), 0.0125431 secs] [Times: user=0.00 sys=0.00, real=0.01 secs] 
Heap after GC invocations=111 (full 1):
 par new generation   total 109248K, used 19412K [0x00000000e0000000, 0x00000000e8000000, 0x00000000e8000000)
  eden space 87424K,   0% used [0x00000000e0000000, 0x00000000e0000000, 0x00000000e5560000)
  from space 21824K,  88% used [0x00000000e6ab0000, 0x00000000e7da51e8, 0x00000000e8000000)
  to   space 21824K,   0% used [0x00000000e5560000, 0x00000000e5560000, 0x00000000e6ab0000)
 concurrent mark-sweep generation total 393216K, used 71912K [0x00000000e8000000, 0x0000000100000000, 0x0000000100000000)
 Metaspace       used 38873K, capacity 40242K, committed 40548K, reserved 1085440K
  class space    used 4564K, capacity 4845K, committed 4964K, reserved 1048576K
}
2018-06-13T02:13:44.509-0300: 30154.530: Total time for which application threads were stopped: 0.0127978 seconds, Stopping threads took: 0.0000378 seconds
2018-06-13T02:13:44.662-0300: 30154.683: Total time for which application threads were stopped: 0.0001945 seconds, Stopping threads took: 0.0000821 seconds
2018-06-13T02:13:44.687-0300: 30154.708: Total time for which application threads were stopped: 0.0001484 seconds, Stopping threads took: 0.0000322 seconds
2018-06-13T02:13:44.694-0300: 30154.715: Total time for which application threads were stopped: 0.0001777 seconds, Stopping threads took: 0.0000569 seconds
2018-06-13T02:13:44.748-0300: 30154.769: Total time for which application threads were stopped: 0.0001796 seconds, Stopping threads took: 0.0000453 seconds
2018-06-13T02:13:44.748-0300: 30154.769: Total time for which application threads were stopped: 0.0001344 seconds, Stopping threads took: 0.0000546 seconds
2018-06-13T02:13:44.748-0300: 30154.769: Total time for which application threads were stopped: 0.0001180 seconds, Stopping threads took: 0.0000294 seconds
2018-06-13T02:14:19.762-0300: 30189.782: Total time for which application threads were stopped: 0.0001222 seconds, Stopping threads took: 0.0000331 seconds
2018-06-13T02:14:31.577-0300: 30201.598: Total time for which application threads were stopped: 0.0001353 seconds, Stopping threads took: 0.0000373 seconds
2018-06-13T02:14:31.577-0300: 30201.598: Total time for which application threads were stopped: 0.0000956 seconds, Stopping threads took: 0.0000448 seconds
2018-06-13T02:14:31.577-0300: 30201.599: Total time for which application threads were stopped: 0.0001246 seconds, Stopping threads took: 0.0000233 seconds
2018-06-13T02:14:31.577-0300: 30201.599: Total time for which application threads were stopped: 0.0001087 seconds, Stopping threads took: 0.0000294 seconds
2018-06-13T02:14:31.577-0300: 30201.599: Total time for which application threads were stopped: 0.0001073 seconds, Stopping threads took: 0.0000280 seconds
2018-06-13T02:14:31.578-0300: 30201.600: Total time for which application threads were stopped: 0.0000784 seconds, Stopping threads took: 0.0000229 seconds
2018-06-13T02:14:31.578-0300: 30201.600: Total time for which application threads were stopped: 0.0002263 seconds, Stopping threads took: 0.0000191 seconds
{Heap before GC invocations=111 (full 1):
 par new generation   total 109248K, used 106836K [0x00000000e0000000, 0x00000000e8000000, 0x00000000e8000000)
  eden space 87424K, 100% used [0x00000000e0000000, 0x00000000e5560000, 0x00000000e5560000)
  from space 21824K,  88% used [0x00000000e6ab0000, 0x00000000e7da51e8, 0x00000000e8000000)
  to   space 21824K,   0% used [0x00000000e5560000, 0x00000000e5560000, 0x00000000e6ab0000)
 concurrent mark-sweep generation total 393216K, used 71912K [0x00000000e8000000, 0x0000000100000000, 0x0000000100000000)
 Metaspace       used 38937K, capacity 40256K, committed 40548K, reserved 1085440K
  class space    used 4565K, capacity 4848K, committed 4964K, reserved 1048576K
2018-06-13T02:14:32.533-0300: 30202.554: [GC (Allocation Failure) 2018-06-13T02:14:32.533-0300: 30202.554: [ParNew
Desired survivor size 20112992 bytes, new threshold 8 (max 8)
- age   1:    3974992 bytes,    3974992 total
- age   2:      88032 bytes,    4063024 total
- age   3:    3380792 bytes,    7443816 total
- age   4:      83944 bytes,    7527760 total
- age   5:    3346128 bytes,   10873888 total
- age   6:     116216 bytes,   10990104 total
- age   7:     891480 bytes,   11881584 total
- age   8:    2983528 bytes,   14865112 total
: 106836K->17188K(109248K), 0.0129144 secs] 178748K->89268K(502464K), 0.0130208 secs] [Times: user=0.06 sys=0.00, real=0.01 secs] 
Heap after GC invocations=112 (full 1):
 par new generation   total 109248K, used 17188K [0x00000000e0000000, 0x00000000e8000000, 0x00000000e8000000)
  eden space 87424K,   0% used [0x00000000e0000000, 0x00000000e0000000, 0x00000000e5560000)
  from space 21824K,  78% used [0x00000000e5560000, 0x00000000e6629080, 0x00000000e6ab0000)
  to   space 21824K,   0% used [0x00000000e6ab0000, 0x00000000e6ab0000, 0x00000000e8000000)
 concurrent mark-sweep generation total 393216K, used 72080K [0x00000000e8000000, 0x0000000100000000, 0x0000000100000000)
 Metaspace       used 38937K, capacity 40256K, committed 40548K, reserved 1085440K
  class space    used 4565K, capacity 4848K, committed 4964K, reserved 1048576K
}
2018-06-13T02:14:32.546-0300: 30202.568: Total time for which application threads were stopped: 0.0133030 seconds, Stopping threads took: 0.0000406 seconds
2018-06-13T02:14:32.547-0300: 30202.568: Total time for which application threads were stopped: 0.0002020 seconds, Stopping threads took: 0.0000639 seconds
2018-06-13T02:14:32.547-0300: 30202.568: Total time for which application threads were stopped: 0.0000994 seconds, Stopping threads took: 0.0000448 seconds
2018-06-13T02:14:32.681-0300: 30202.703: Total time for which application threads were stopped: 0.0002435 seconds, Stopping threads took: 0.0000439 seconds
{Heap before GC invocations=112 (full 1):
 par new generation   total 109248K, used 104612K [0x00000000e0000000, 0x00000000e8000000, 0x00000000e8000000)
  eden space 87424K, 100% used [0x00000000e0000000, 0x00000000e5560000, 0x00000000e5560000)
  from space 21824K,  78% used [0x00000000e5560000, 0x00000000e6629080, 0x00000000e6ab0000)
  to   space 21824K,   0% used [0x00000000e6ab0000, 0x00000000e6ab0000, 0x00000000e8000000)
 concurrent mark-sweep generation total 393216K, used 72080K [0x00000000e8000000, 0x0000000100000000, 0x0000000100000000)
 Metaspace       used 38948K, capacity 40262K, committed 40548K, reserved 1085440K
  class space    used 4566K, capacity 4849K, committed 4964K, reserved 1048576K
2018-06-13T02:14:32.694-0300: 30202.715: [GC (Allocation Failure) 2018-06-13T02:14:32.694-0300: 30202.715: [ParNew
Desired survivor size 20112992 bytes, new threshold 8 (max 8)
- age   1:     884640 bytes,     884640 total
- age   2:    3492448 bytes,    4377088 total
- age   3:      88032 bytes,    4465120 total
- age   4:    3379448 bytes,    7844568 total
- age   5:      83944 bytes,    7928512 total
- age   6:    3346128 bytes,   11274640 total
- age   7:     116216 bytes,   11390856 total
- age   8:     891480 bytes,   12282336 total
: 104612K->18479K(109248K), 0.0156864 secs] 176692K->93485K(502464K), 0.0157839 secs] [Times: user=0.09 sys=0.00, real=0.02 secs] 
Heap after GC invocations=113 (full 1):
 par new generation   total 109248K, used 18479K [0x00000000e0000000, 0x00000000e8000000, 0x00000000e8000000)
  eden space 87424K,   0% used [0x00000000e0000000, 0x00000000e0000000, 0x00000000e5560000)
  from space 21824K,  84% used [0x00000000e6ab0000, 0x00000000e7cbbf70, 0x00000000e8000000)
  to   space 21824K,   0% used [0x00000000e5560000, 0x00000000e5560000, 0x00000000e6ab0000)
 concurrent mark-sweep generation total 393216K, used 75005K [0x00000000e8000000, 0x0000000100000000, 0x0000000100000000)
 Metaspace       used 38948K, capacity 40262K, committed 40548K, reserved 1085440K
  class space    used 4566K, capacity 4849K, committed 4964K, reserved 1048576K
}
2018-06-13T02:14:32.710-0300: 30202.731: Total time for which application threads were stopped: 0.0161711 seconds, Stopping threads took: 0.0000434 seconds
2018-06-13T02:14:32.728-0300: 30202.748: Total time for which application threads were stopped: 0.0001558 seconds, Stopping threads took: 0.0000294 seconds
2018-06-13T02:14:32.729-0300: 30202.750: Total time for which application threads were stopped: 0.0000924 seconds, Stopping threads took: 0.0000219 seconds
2018-06-13T02:14:32.738-0300: 30202.759: Total time for which application threads were stopped: 0.0001148 seconds, Stopping threads took: 0.0000271 seconds
2018-06-13T02:14:32.748-0300: 30202.768: Total time for which application threads were stopped: 0.0001451 seconds, Stopping threads took: 0.0000546 seconds
2018-06-13T02:14:32.748-0300: 30202.769: Total time for which application threads were stopped: 0.0000597 seconds, Stopping threads took: 0.0000163 seconds
2018-06-13T02:14:32.748-0300: 30202.769: Total time for which application threads were stopped: 0.0000611 seconds, Stopping threads took: 0.0000182 seconds
2018-06-13T02:14:32.748-0300: 30202.769: Total time for which application threads were stopped: 0.0000606 seconds, Stopping threads took: 0.0000196 seconds
2018-06-13T02:14:32.748-0300: 30202.769: Total time for which application threads were stopped: 0.0000564 seconds, Stopping threads took: 0.0000159 seconds
2018-06-13T02:14:33.789-0300: 30203.810: Total time for which application threads were stopped: 0.0002118 seconds, Stopping threads took: 0.0000588 seconds
2018-06-13T02:14:33.789-0300: 30203.810: Total time for which application threads were stopped: 0.0001008 seconds, Stopping threads took: 0.0000457 seconds
2018-06-13T02:14:33.789-0300: 30203.810: Total time for which application threads were stopped: 0.0001428 seconds, Stopping threads took: 0.0000849 seconds
2018-06-13T02:14:34.789-0300: 30204.810: Total time for which application threads were stopped: 0.0001344 seconds, Stopping threads took: 0.0000308 seconds
2018-06-13T02:14:43.743-0300: 30213.765: Total time for which application threads were stopped: 0.0001819 seconds, Stopping threads took: 0.0000336 seconds
2018-06-13T02:14:43.745-0300: 30213.766: Total time for which application threads were stopped: 0.0001395 seconds, Stopping threads took: 0.0000471 seconds
2018-06-13T02:14:43.745-0300: 30213.766: Total time for which application threads were stopped: 0.0000952 seconds, Stopping threads took: 0.0000317 seconds
2018-06-13T02:14:43.745-0300: 30213.766: Total time for which application threads were stopped: 0.0000718 seconds, Stopping threads took: 0.0000238 seconds
2018-06-13T02:14:43.747-0300: 30213.769: Total time for which application threads were stopped: 0.0001134 seconds, Stopping threads took: 0.0000271 seconds
2018-06-13T02:14:43.747-0300: 30213.769: Total time for which application threads were stopped: 0.0001073 seconds, Stopping threads took: 0.0000163 seconds
2018-06-13T02:14:43.747-0300: 30213.769: Total time for which application threads were stopped: 0.0000644 seconds, Stopping threads took: 0.0000163 seconds
2018-06-13T02:14:43.748-0300: 30213.769: Total time for which application threads were stopped: 0.0000952 seconds, Stopping threads took: 0.0000448 seconds
2018-06-13T02:14:43.748-0300: 30213.769: Total time for which application threads were stopped: 0.0000947 seconds, Stopping threads took: 0.0000387 seconds
2018-06-13T02:14:43.774-0300: 30213.795: Total time for which application threads were stopped: 0.0001414 seconds, Stopping threads took: 0.0000313 seconds
2018-06-13T02:14:43.804-0300: 30213.826: Total time for which application threads were stopped: 0.0004315 seconds, Stopping threads took: 0.0000359 seconds
2018-06-13T02:14:43.805-0300: 30213.826: Total time for which application threads were stopped: 0.0000928 seconds, Stopping threads took: 0.0000238 seconds
2018-06-13T02:14:43.805-0300: 30213.826: Total time for which application threads were stopped: 0.0001120 seconds, Stopping threads took: 0.0000411 seconds
2018-06-13T02:14:43.807-0300: 30213.828: Total time for which application threads were stopped: 0.0001880 seconds, Stopping threads took: 0.0000784 seconds
2018-06-13T02:14:43.807-0300: 30213.828: Total time for which application threads were stopped: 0.0001218 seconds, Stopping threads took: 0.0000471 seconds
2018-06-13T02:14:43.807-0300: 30213.829: Total time for which application threads were stopped: 0.0001064 seconds, Stopping threads took: 0.0000401 seconds
2018-06-13T02:14:43.807-0300: 30213.829: Total time for which application threads were stopped: 0.0001092 seconds, Stopping threads took: 0.0000373 seconds
2018-06-13T02:14:43.808-0300: 30213.829: Total time for which application threads were stopped: 0.0001470 seconds, Stopping threads took: 0.0000700 seconds
2018-06-13T02:14:43.954-0300: 30213.975: Total time for which application threads were stopped: 0.0001530 seconds, Stopping threads took: 0.0000499 seconds
{Heap before GC invocations=113 (full 1):
 par new generation   total 109248K, used 105903K [0x00000000e0000000, 0x00000000e8000000, 0x00000000e8000000)
  eden space 87424K, 100% used [0x00000000e0000000, 0x00000000e5560000, 0x00000000e5560000)
  from space 21824K,  84% used [0x00000000e6ab0000, 0x00000000e7cbbf70, 0x00000000e8000000)
  to   space 21824K,   0% used [0x00000000e5560000, 0x00000000e5560000, 0x00000000e6ab0000)
 concurrent mark-sweep generation total 393216K, used 75005K [0x00000000e8000000, 0x0000000100000000, 0x0000000100000000)
 Metaspace       used 38985K, capacity 40344K, committed 40548K, reserved 1085440K
  class space    used 4567K, capacity 4852K, committed 4964K, reserved 1048576K
2018-06-13T02:14:44.045-0300: 30214.067: [GC (Allocation Failure) 2018-06-13T02:14:44.045-0300: 30214.067: [ParNew
Desired survivor size 20112992 bytes, new threshold 8 (max 8)
- age   1:    1211136 bytes,    1211136 total
- age   2:     654624 bytes,    1865760 total
- age   3:    3304672 bytes,    5170432 total
- age   4:      88032 bytes,    5258464 total
- age   5:    3378848 bytes,    8637312 total
- age   6:      83944 bytes,    8721256 total
- age   7:    3346096 bytes,   12067352 total
- age   8:     116216 bytes,   12183568 total
: 105903K->13676K(109248K), 0.0103477 secs] 180909K->89556K(502464K), 0.0104555 secs] [Times: user=0.01 sys=0.00, real=0.01 secs] 
Heap after GC invocations=114 (full 1):
 par new generation   total 109248K, used 13676K [0x00000000e0000000, 0x00000000e8000000, 0x00000000e8000000)
  eden space 87424K,   0% used [0x00000000e0000000, 0x00000000e0000000, 0x00000000e5560000)
  from space 21824K,  62% used [0x00000000e5560000, 0x00000000e62bb358, 0x00000000e6ab0000)
  to   space 21824K,   0% used [0x00000000e6ab0000, 0x00000000e6ab0000, 0x00000000e8000000)
 concurrent mark-sweep generation total 393216K, used 75880K [0x00000000e8000000, 0x0000000100000000, 0x0000000100000000)
 Metaspace       used 38985K, capacity 40344K, committed 40548K, reserved 1085440K
  class space    used 4567K, capacity 4852K, committed 4964K, reserved 1048576K
}
2018-06-13T02:14:44.056-0300: 30214.077: Total time for which application threads were stopped: 0.0107568 seconds, Stopping threads took: 0.0000387 seconds
2018-06-13T02:14:44.056-0300: 30214.077: Total time for which application threads were stopped: 0.0001358 seconds, Stopping threads took: 0.0000425 seconds
{Heap before GC invocations=114 (full 1):
 par new generation   total 109248K, used 101100K [0x00000000e0000000, 0x00000000e8000000, 0x00000000e8000000)
  eden space 87424K, 100% used [0x00000000e0000000, 0x00000000e5560000, 0x00000000e5560000)
  from space 21824K,  62% used [0x00000000e5560000, 0x00000000e62bb358, 0x00000000e6ab0000)
  to   space 21824K,   0% used [0x00000000e6ab0000, 0x00000000e6ab0000, 0x00000000e8000000)
 concurrent mark-sweep generation total 393216K, used 75880K [0x00000000e8000000, 0x0000000100000000, 0x0000000100000000)
 Metaspace       used 38985K, capacity 40344K, committed 40548K, reserved 1085440K
  class space    used 4567K, capacity 4852K, committed 4964K, reserved 1048576K
2018-06-13T02:14:44.131-0300: 30214.152: [GC (Allocation Failure) 2018-06-13T02:14:44.131-0300: 30214.152: [ParNew
Desired survivor size 20112992 bytes, new threshold 8 (max 8)
- age   1:     418952 bytes,     418952 total
- age   2:    1003176 bytes,    1422128 total
- age   3:     604512 bytes,    2026640 total
- age   4:    3304672 bytes,    5331312 total
- age   5:      88032 bytes,    5419344 total
- age   6:    3378848 bytes,    8798192 total
- age   7:      83944 bytes,    8882136 total
- age   8:    3346096 bytes,   12228232 total
: 101100K->18275K(109248K), 0.0103402 secs] 176980K->94272K(502464K), 0.0104298 secs] [Times: user=0.06 sys=0.00, real=0.01 secs] 
Heap after GC invocations=115 (full 1):
 par new generation   total 109248K, used 18275K [0x00000000e0000000, 0x00000000e8000000, 0x00000000e8000000)
  eden space 87424K,   0% used [0x00000000e0000000, 0x00000000e0000000, 0x00000000e5560000)
  from space 21824K,  83% used [0x00000000e6ab0000, 0x00000000e7c88e50, 0x00000000e8000000)
  to   space 21824K,   0% used [0x00000000e5560000, 0x00000000e5560000, 0x00000000e6ab0000)
 concurrent mark-sweep generation total 393216K, used 75996K [0x00000000e8000000, 0x0000000100000000, 0x0000000100000000)
 Metaspace       used 38985K, capacity 40344K, committed 40548K, reserved 1085440K
  class space    used 4567K, capacity 4852K, committed 4964K, reserved 1048576K
}
2018-06-13T02:14:44.142-0300: 30214.163: Total time for which application threads were stopped: 0.0106845 seconds, Stopping threads took: 0.0000341 seconds
{Heap before GC invocations=115 (full 1):
 par new generation   total 109248K, used 105699K [0x00000000e0000000, 0x00000000e8000000, 0x00000000e8000000)
  eden space 87424K, 100% used [0x00000000e0000000, 0x00000000e5560000, 0x00000000e5560000)
  from space 21824K,  83% used [0x00000000e6ab0000, 0x00000000e7c88e50, 0x00000000e8000000)
  to   space 21824K,   0% used [0x00000000e5560000, 0x00000000e5560000, 0x00000000e6ab0000)
 concurrent mark-sweep generation total 393216K, used 75996K [0x00000000e8000000, 0x0000000100000000, 0x0000000100000000)
 Metaspace       used 38985K, capacity 40344K, committed 40548K, reserved 1085440K
  class space    used 4567K, capacity 4852K, committed 4964K, reserved 1048576K
2018-06-13T02:14:44.221-0300: 30214.242: [GC (Allocation Failure) 2018-06-13T02:14:44.221-0300: 30214.242: [ParNew
Desired survivor size 20112992 bytes, new threshold 8 (max 8)
- age   1:     492040 bytes,     492040 total
- age   2:     258592 bytes,     750632 total
- age   3:     848408 bytes,    1599040 total
- age   4:     604512 bytes,    2203552 total
- age   5:    3304672 bytes,    5508224 total
- age   6:      88032 bytes,    5596256 total
- age   7:    3378848 bytes,    8975104 total
- age   8:      83944 bytes,    9059048 total
: 105699K->12847K(109248K), 0.0111296 secs] 181696K->92121K(502464K), 0.0112229 secs] [Times: user=0.06 sys=0.00, real=0.01 secs] 
Heap after GC invocations=116 (full 1):
 par new generation   total 109248K, used 12847K [0x00000000e0000000, 0x00000000e8000000, 0x00000000e8000000)
  eden space 87424K,   0% used [0x00000000e0000000, 0x00000000e0000000, 0x00000000e5560000)
  from space 21824K,  58% used [0x00000000e5560000, 0x00000000e61ebe08, 0x00000000e6ab0000)
  to   space 21824K,   0% used [0x00000000e6ab0000, 0x00000000e6ab0000, 0x00000000e8000000)
 concurrent mark-sweep generation total 393216K, used 79273K [0x00000000e8000000, 0x0000000100000000, 0x0000000100000000)
 Metaspace       used 38985K, capacity 40344K, committed 40548K, reserved 1085440K
  class space    used 4567K, capacity 4852K, committed 4964K, reserved 1048576K
}
2018-06-13T02:14:44.232-0300: 30214.253: Total time for which application threads were stopped: 0.0114794 seconds, Stopping threads took: 0.0000359 seconds
{Heap before GC invocations=116 (full 1):
 par new generation   total 109248K, used 100271K [0x00000000e0000000, 0x00000000e8000000, 0x00000000e8000000)
  eden space 87424K, 100% used [0x00000000e0000000, 0x00000000e5560000, 0x00000000e5560000)
  from space 21824K,  58% used [0x00000000e5560000, 0x00000000e61ebe08, 0x00000000e6ab0000)
  to   space 21824K,   0% used [0x00000000e6ab0000, 0x00000000e6ab0000, 0x00000000e8000000)
 concurrent mark-sweep generation total 393216K, used 79273K [0x00000000e8000000, 0x0000000100000000, 0x0000000100000000)
 Metaspace       used 38985K, capacity 40344K, committed 40548K, reserved 1085440K
  class space    used 4567K, capacity 4852K, committed 4964K, reserved 1048576K
2018-06-13T02:14:44.309-0300: 30214.329: [GC (Allocation Failure) 2018-06-13T02:14:44.309-0300: 30214.329: [ParNew
Desired survivor size 20112992 bytes, new threshold 8 (max 8)
- age   1:     740296 bytes,     740296 total
- age   2:     312712 bytes,    1053008 total
- age   3:     257168 bytes,    1310176 total
- age   4:     794360 bytes,    2104536 total
- age   5:     604512 bytes,    2709048 total
- age   6:    3304672 bytes,    6013720 total
- age   7:      88032 bytes,    6101752 total
- age   8:    3378848 bytes,    9480600 total
: 100271K->11551K(109248K), 0.0078887 secs] 179545K->90909K(502464K), 0.0079764 secs] [Times: user=0.00 sys=0.00, real=0.01 secs] 
Heap after GC invocations=117 (full 1):
 par new generation   total 109248K, used 11551K [0x00000000e0000000, 0x00000000e8000000, 0x00000000e8000000)
  eden space 87424K,   0% used [0x00000000e0000000, 0x00000000e0000000, 0x00000000e5560000)
  from space 21824K,  52% used [0x00000000e6ab0000, 0x00000000e75f7da0, 0x00000000e8000000)
  to   space 21824K,   0% used [0x00000000e5560000, 0x00000000e5560000, 0x00000000e6ab0000)
 concurrent mark-sweep generation total 393216K, used 79358K [0x00000000e8000000, 0x0000000100000000, 0x0000000100000000)
 Metaspace       used 38985K, capacity 40344K, committed 40548K, reserved 1085440K
  class space    used 4567K, capacity 4852K, committed 4964K, reserved 1048576K
}
2018-06-13T02:14:44.317-0300: 30214.337: Total time for which application threads were stopped: 0.0082381 seconds, Stopping threads took: 0.0000369 seconds
{Heap before GC invocations=117 (full 1):
 par new generation   total 109248K, used 98975K [0x00000000e0000000, 0x00000000e8000000, 0x00000000e8000000)
  eden space 87424K, 100% used [0x00000000e0000000, 0x00000000e5560000, 0x00000000e5560000)
  from space 21824K,  52% used [0x00000000e6ab0000, 0x00000000e75f7da0, 0x00000000e8000000)
  to   space 21824K,   0% used [0x00000000e5560000, 0x00000000e5560000, 0x00000000e6ab0000)
 concurrent mark-sweep generation total 393216K, used 79358K [0x00000000e8000000, 0x0000000100000000, 0x0000000100000000)
 Metaspace       used 38985K, capacity 40344K, committed 40548K, reserved 1085440K
  class space    used 4567K, capacity 4852K, committed 4964K, reserved 1048576K
2018-06-13T02:14:44.399-0300: 30214.420: [GC (Allocation Failure) 2018-06-13T02:14:44.400-0300: 30214.420: [ParNew
Desired survivor size 20112992 bytes, new threshold 8 (max 8)
- age   1:     650200 bytes,     650200 total
- age   2:     256840 bytes,     907040 total
- age   3:     310496 bytes,    1217536 total
- age   4:     257168 bytes,    1474704 total
- age   5:     794312 bytes,    2269016 total
- age   6:     604512 bytes,    2873528 total
- age   7:    3304672 bytes,    6178200 total
- age   8:      88032 bytes,    6266232 total
: 98975K->12148K(109248K), 0.0134337 secs] 178333K->94816K(502464K), 0.0136893 secs] [Times: user=0.00 sys=0.02, real=0.01 secs] 
Heap after GC invocations=118 (full 1):
 par new generation   total 109248K, used 12148K [0x00000000e0000000, 0x00000000e8000000, 0x00000000e8000000)
  eden space 87424K,   0% used [0x00000000e0000000, 0x00000000e0000000, 0x00000000e5560000)
  from space 21824K,  55% used [0x00000000e5560000, 0x00000000e613d1d0, 0x00000000e6ab0000)
  to   space 21824K,   0% used [0x00000000e6ab0000, 0x00000000e6ab0000, 0x00000000e8000000)
 concurrent mark-sweep generation total 393216K, used 82668K [0x00000000e8000000, 0x0000000100000000, 0x0000000100000000)
 Metaspace       used 38985K, capacity 40344K, committed 40548K, reserved 1085440K
  class space    used 4567K, capacity 4852K, committed 4964K, reserved 1048576K
}
2018-06-13T02:14:44.413-0300: 30214.434: Total time for which application threads were stopped: 0.0139450 seconds, Stopping threads took: 0.0000317 seconds
{Heap before GC invocations=118 (full 1):
 par new generation   total 109248K, used 99572K [0x00000000e0000000, 0x00000000e8000000, 0x00000000e8000000)
  eden space 87424K, 100% used [0x00000000e0000000, 0x00000000e5560000, 0x00000000e5560000)
  from space 21824K,  55% used [0x00000000e5560000, 0x00000000e613d1d0, 0x00000000e6ab0000)
  to   space 21824K,   0% used [0x00000000e6ab0000, 0x00000000e6ab0000, 0x00000000e8000000)
 concurrent mark-sweep generation total 393216K, used 82668K [0x00000000e8000000, 0x0000000100000000, 0x0000000100000000)
 Metaspace       used 38985K, capacity 40344K, committed 40548K, reserved 1085440K
  class space    used 4567K, capacity 4852K, committed 4964K, reserved 1048576K
2018-06-13T02:14:44.492-0300: 30214.514: [GC (Allocation Failure) 2018-06-13T02:14:44.492-0300: 30214.514: [ParNew
Desired survivor size 20112992 bytes, new threshold 8 (max 8)
- age   1:     498704 bytes,     498704 total
- age   2:     354024 bytes,     852728 total
- age   3:     254384 bytes,    1107112 total
- age   4:     309680 bytes,    1416792 total
- age   5:     257168 bytes,    1673960 total
- age   6:     794312 bytes,    2468272 total
- age   7:     604512 bytes,    3072784 total
- age   8:    3304672 bytes,    6377456 total
: 99572K->7930K(109248K), 0.0063753 secs] 182240K->90687K(502464K), 0.0064738 secs] [Times: user=0.06 sys=0.00, real=0.01 secs] 
Heap after GC invocations=119 (full 1):
 par new generation   total 109248K, used 7930K [0x00000000e0000000, 0x00000000e8000000, 0x00000000e8000000)
  eden space 87424K,   0% used [0x00000000e0000000, 0x00000000e0000000, 0x00000000e5560000)
  from space 21824K,  36% used [0x00000000e6ab0000, 0x00000000e726e940, 0x00000000e8000000)
  to   space 21824K,   0% used [0x00000000e5560000, 0x00000000e5560000, 0x00000000e6ab0000)
 concurrent mark-sweep generation total 393216K, used 82756K [0x00000000e8000000, 0x0000000100000000, 0x0000000100000000)
 Metaspace       used 38985K, capacity 40344K, committed 40548K, reserved 1085440K
  class space    used 4567K, capacity 4852K, committed 4964K, reserved 1048576K
}
2018-06-13T02:14:44.499-0300: 30214.520: Total time for which application threads were stopped: 0.0067280 seconds, Stopping threads took: 0.0000373 seconds
{Heap before GC invocations=119 (full 1):
 par new generation   total 109248K, used 95354K [0x00000000e0000000, 0x00000000e8000000, 0x00000000e8000000)
  eden space 87424K, 100% used [0x00000000e0000000, 0x00000000e5560000, 0x00000000e5560000)
  from space 21824K,  36% used [0x00000000e6ab0000, 0x00000000e726e940, 0x00000000e8000000)
  to   space 21824K,   0% used [0x00000000e5560000, 0x00000000e5560000, 0x00000000e6ab0000)
 concurrent mark-sweep generation total 393216K, used 82756K [0x00000000e8000000, 0x0000000100000000, 0x0000000100000000)
 Metaspace       used 38985K, capacity 40344K, committed 40548K, reserved 1085440K
  class space    used 4567K, capacity 4852K, committed 4964K, reserved 1048576K
2018-06-13T02:14:44.577-0300: 30214.598: [GC (Allocation Failure) 2018-06-13T02:14:44.577-0300: 30214.598: [ParNew
Desired survivor size 20112992 bytes, new threshold 8 (max 8)
- age   1:     773168 bytes,     773168 total
- age   2:     214312 bytes,     987480 total
- age   3:     350712 bytes,    1338192 total
- age   4:     252272 bytes,    1590464 total
- age   5:     244128 bytes,    1834592 total
- age   6:     257168 bytes,    2091760 total
- age   7:     794216 bytes,    2885976 total
- age   8:     604512 bytes,    3490488 total
: 95354K->8196K(109248K), 0.0088119 secs] 178111K->94190K(502464K), 0.0089001 secs] [Times: user=0.00 sys=0.00, real=0.01 secs] 
Heap after GC invocations=120 (full 1):
 par new generation   total 109248K, used 8196K [0x00000000e0000000, 0x00000000e8000000, 0x00000000e8000000)
  eden space 87424K,   0% used [0x00000000e0000000, 0x00000000e0000000, 0x00000000e5560000)
  from space 21824K,  37% used [0x00000000e5560000, 0x00000000e5d61030, 0x00000000e6ab0000)
  to   space 21824K,   0% used [0x00000000e6ab0000, 0x00000000e6ab0000, 0x00000000e8000000)
 concurrent mark-sweep generation total 393216K, used 85994K [0x00000000e8000000, 0x0000000100000000, 0x0000000100000000)
 Metaspace       used 38985K, capacity 40344K, committed 40548K, reserved 1085440K
  class space    used 4567K, capacity 4852K, committed 4964K, reserved 1048576K
}
2018-06-13T02:14:44.586-0300: 30214.607: Total time for which application threads were stopped: 0.0091488 seconds, Stopping threads took: 0.0000336 seconds
{Heap before GC invocations=120 (full 1):
 par new generation   total 109248K, used 95620K [0x00000000e0000000, 0x00000000e8000000, 0x00000000e8000000)
  eden space 87424K, 100% used [0x00000000e0000000, 0x00000000e5560000, 0x00000000e5560000)
  from space 21824K,  37% used [0x00000000e5560000, 0x00000000e5d61030, 0x00000000e6ab0000)
  to   space 21824K,   0% used [0x00000000e6ab0000, 0x00000000e6ab0000, 0x00000000e8000000)
 concurrent mark-sweep generation total 393216K, used 85994K [0x00000000e8000000, 0x0000000100000000, 0x0000000100000000)
 Metaspace       used 38985K, capacity 40344K, committed 40548K, reserved 1085440K
  class space    used 4567K, capacity 4852K, committed 4964K, reserved 1048576K
2018-06-13T02:14:44.667-0300: 30214.688: [GC (Allocation Failure) 2018-06-13T02:14:44.667-0300: 30214.688: [ParNew
Desired survivor size 20112992 bytes, new threshold 8 (max 8)
- age   1:     561168 bytes,     561168 total
- age   2:     422136 bytes,     983304 total
- age   3:     214224 bytes,    1197528 total
- age   4:     350712 bytes,    1548240 total
- age   5:     252272 bytes,    1800512 total
- age   6:     244128 bytes,    2044640 total
- age   7:     257168 bytes,    2301808 total
- age   8:     794216 bytes,    3096024 total
: 95620K->4693K(109248K), 0.0049959 secs] 181614K->91282K(502464K), 0.0050812 secs] [Times: user=0.00 sys=0.00, real=0.00 secs] 
Heap after GC invocations=121 (full 1):
 par new generation   total 109248K, used 4693K [0x00000000e0000000, 0x00000000e8000000, 0x00000000e8000000)
  eden space 87424K,   0% used [0x00000000e0000000, 0x00000000e0000000, 0x00000000e5560000)
  from space 21824K,  21% used [0x00000000e6ab0000, 0x00000000e6f454d0, 0x00000000e8000000)
  to   space 21824K,   0% used [0x00000000e5560000, 0x00000000e5560000, 0x00000000e6ab0000)
 concurrent mark-sweep generation total 393216K, used 86589K [0x00000000e8000000, 0x0000000100000000, 0x0000000100000000)
 Metaspace       used 38985K, capacity 40344K, committed 40548K, reserved 1085440K
  class space    used 4567K, capacity 4852K, committed 4964K, reserved 1048576K
}
2018-06-13T02:14:44.672-0300: 30214.693: Total time for which application threads were stopped: 0.0053388 seconds, Stopping threads took: 0.0000331 seconds
{Heap before GC invocations=121 (full 1):
 par new generation   total 109248K, used 92117K [0x00000000e0000000, 0x00000000e8000000, 0x00000000e8000000)
  eden space 87424K, 100% used [0x00000000e0000000, 0x00000000e5560000, 0x00000000e5560000)
  from space 21824K,  21% used [0x00000000e6ab0000, 0x00000000e6f454d0, 0x00000000e8000000)
  to   space 21824K,   0% used [0x00000000e5560000, 0x00000000e5560000, 0x00000000e6ab0000)
 concurrent mark-sweep generation total 393216K, used 86589K [0x00000000e8000000, 0x0000000100000000, 0x0000000100000000)
 Metaspace       used 38985K, capacity 40344K, committed 40548K, reserved 1085440K
  class space    used 4567K, capacity 4852K, committed 4964K, reserved 1048576K
2018-06-13T02:14:44.745-0300: 30214.766: [GC (Allocation Failure) 2018-06-13T02:14:44.745-0300: 30214.766: [ParNew
Desired survivor size 20112992 bytes, new threshold 8 (max 8)
- age   1:     266632 bytes,     266632 total
- age   2:     493560 bytes,     760192 total
- age   3:     422024 bytes,    1182216 total
- age   4:     214224 bytes,    1396440 total
- age   5:     350712 bytes,    1747152 total
- age   6:     252272 bytes,    1999424 total
- age   7:     244128 bytes,    2243552 total
- age   8:     257168 bytes,    2500720 total
: 92117K->3149K(109248K), 0.0045867 secs] 178706K->90518K(502464K), 0.0047407 secs] [Times: user=0.00 sys=0.00, real=0.00 secs] 
Heap after GC invocations=122 (full 1):
 par new generation   total 109248K, used 3149K [0x00000000e0000000, 0x00000000e8000000, 0x00000000e8000000)
  eden space 87424K,   0% used [0x00000000e0000000, 0x00000000e0000000, 0x00000000e5560000)
  from space 21824K,  14% used [0x00000000e5560000, 0x00000000e5873740, 0x00000000e6ab0000)
  to   space 21824K,   0% used [0x00000000e6ab0000, 0x00000000e6ab0000, 0x00000000e8000000)
 concurrent mark-sweep generation total 393216K, used 87368K [0x00000000e8000000, 0x0000000100000000, 0x0000000100000000)
 Metaspace       used 38985K, capacity 40344K, committed 40548K, reserved 1085440K
  class space    used 4567K, capacity 4852K, committed 4964K, reserved 1048576K
}
2018-06-13T02:14:44.749-0300: 30214.771: Total time for which application threads were stopped: 0.0050234 seconds, Stopping threads took: 0.0000406 seconds
{Heap before GC invocations=122 (full 1):
 par new generation   total 109248K, used 90573K [0x00000000e0000000, 0x00000000e8000000, 0x00000000e8000000)
  eden space 87424K, 100% used [0x00000000e0000000, 0x00000000e5560000, 0x00000000e5560000)
  from space 21824K,  14% used [0x00000000e5560000, 0x00000000e5873740, 0x00000000e6ab0000)
  to   space 21824K,   0% used [0x00000000e6ab0000, 0x00000000e6ab0000, 0x00000000e8000000)
 concurrent mark-sweep generation total 393216K, used 87368K [0x00000000e8000000, 0x0000000100000000, 0x0000000100000000)
 Metaspace       used 38985K, capacity 40344K, committed 40548K, reserved 1085440K
  class space    used 4567K, capacity 4852K, committed 4964K, reserved 1048576K
2018-06-13T02:14:44.828-0300: 30214.850: [GC (Allocation Failure) 2018-06-13T02:14:44.828-0300: 30214.850: [ParNew
Desired survivor size 20112992 bytes, new threshold 8 (max 8)
- age   1:     651320 bytes,     651320 total
- age   2:     210600 bytes,     861920 total
- age   3:     211248 bytes,    1073168 total
- age   4:     417072 bytes,    1490240 total
- age   5:     213168 bytes,    1703408 total
- age   6:     350712 bytes,    2054120 total
- age   7:     252272 bytes,    2306392 total
- age   8:     244128 bytes,    2550520 total
: 90573K->3160K(109248K), 0.0046964 secs] 177942K->90779K(502464K), 0.0047887 secs] [Times: user=0.00 sys=0.00, real=0.00 secs] 
Heap after GC invocations=123 (full 1):
 par new generation   total 109248K, used 3160K [0x00000000e0000000, 0x00000000e8000000, 0x00000000e8000000)
  eden space 87424K,   0% used [0x00000000e0000000, 0x00000000e0000000, 0x00000000e5560000)
  from space 21824K,  14% used [0x00000000e6ab0000, 0x00000000e6dc60b8, 0x00000000e8000000)
  to   space 21824K,   0% used [0x00000000e5560000, 0x00000000e5560000, 0x00000000e6ab0000)
 concurrent mark-sweep generation total 393216K, used 87619K [0x00000000e8000000, 0x0000000100000000, 0x0000000100000000)
 Metaspace       used 38985K, capacity 40344K, committed 40548K, reserved 1085440K
  class space    used 4567K, capacity 4852K, committed 4964K, reserved 1048576K
}
2018-06-13T02:14:44.833-0300: 30214.854: Total time for which application threads were stopped: 0.0050719 seconds, Stopping threads took: 0.0000350 seconds
2018-06-13T02:14:44.861-0300: 30214.883: Total time for which application threads were stopped: 0.0001227 seconds, Stopping threads took: 0.0000317 seconds
2018-06-13T02:14:44.862-0300: 30214.883: Total time for which application threads were stopped: 0.0000942 seconds, Stopping threads took: 0.0000219 seconds
2018-06-13T02:14:44.864-0300: 30214.886: Total time for which application threads were stopped: 0.0001693 seconds, Stopping threads took: 0.0000882 seconds
2018-06-13T02:14:44.865-0300: 30214.886: Total time for which application threads were stopped: 0.0002752 seconds, Stopping threads took: 0.0000868 seconds
2018-06-13T02:14:44.888-0300: 30214.909: Total time for which application threads were stopped: 0.0001283 seconds, Stopping threads took: 0.0000359 seconds
2018-06-13T02:14:45.097-0300: 30215.118: Total time for which application threads were stopped: 0.0001129 seconds, Stopping threads took: 0.0000285 seconds
2018-06-13T02:14:45.097-0300: 30215.118: Total time for which application threads were stopped: 0.0000611 seconds, Stopping threads took: 0.0000168 seconds
2018-06-13T02:14:45.101-0300: 30215.122: Total time for which application threads were stopped: 0.0001194 seconds, Stopping threads took: 0.0000434 seconds
2018-06-13T02:14:45.101-0300: 30215.122: Total time for which application threads were stopped: 0.0002235 seconds, Stopping threads took: 0.0000350 seconds
2018-06-13T02:14:45.101-0300: 30215.122: Total time for which application threads were stopped: 0.0000658 seconds, Stopping threads took: 0.0000201 seconds
2018-06-13T02:14:45.108-0300: 30215.130: Total time for which application threads were stopped: 0.0002174 seconds, Stopping threads took: 0.0000481 seconds
2018-06-13T02:14:45.108-0300: 30215.130: Total time for which application threads were stopped: 0.0001008 seconds, Stopping threads took: 0.0000182 seconds
2018-06-13T02:14:45.283-0300: 30215.305: Total time for which application threads were stopped: 0.0002804 seconds, Stopping threads took: 0.0000280 seconds
2018-06-13T02:14:45.310-0300: 30215.331: Total time for which application threads were stopped: 0.0001871 seconds, Stopping threads took: 0.0000560 seconds
2018-06-13T02:14:45.310-0300: 30215.332: Total time for which application threads were stopped: 0.0001068 seconds, Stopping threads took: 0.0000289 seconds
2018-06-13T02:14:45.310-0300: 30215.332: Total time for which application threads were stopped: 0.0000966 seconds, Stopping threads took: 0.0000229 seconds
2018-06-13T02:14:45.311-0300: 30215.332: Total time for which application threads were stopped: 0.0000718 seconds, Stopping threads took: 0.0000201 seconds
2018-06-13T02:14:45.311-0300: 30215.333: Total time for which application threads were stopped: 0.0000784 seconds, Stopping threads took: 0.0000294 seconds
{Heap before GC invocations=123 (full 1):
 par new generation   total 109248K, used 90584K [0x00000000e0000000, 0x00000000e8000000, 0x00000000e8000000)
  eden space 87424K, 100% used [0x00000000e0000000, 0x00000000e5560000, 0x00000000e5560000)
  from space 21824K,  14% used [0x00000000e6ab0000, 0x00000000e6dc60b8, 0x00000000e8000000)
  to   space 21824K,   0% used [0x00000000e5560000, 0x00000000e5560000, 0x00000000e6ab0000)
 concurrent mark-sweep generation total 393216K, used 87619K [0x00000000e8000000, 0x0000000100000000, 0x0000000100000000)
 Metaspace       used 39002K, capacity 40344K, committed 40548K, reserved 1085440K
  class space    used 4567K, capacity 4852K, committed 4964K, reserved 1048576K
2018-06-13T02:14:45.489-0300: 30215.510: [GC (Allocation Failure) 2018-06-13T02:14:45.489-0300: 30215.510: [ParNew
Desired survivor size 20112992 bytes, new threshold 8 (max 8)
- age   1:     995792 bytes,     995792 total
- age   2:     546904 bytes,    1542696 total
- age   3:     208680 bytes,    1751376 total
- age   4:     209408 bytes,    1960784 total
- age   5:     415048 bytes,    2375832 total
- age   6:     210432 bytes,    2586264 total
- age   7:     349976 bytes,    2936240 total
- age   8:     250248 bytes,    3186488 total
: 90584K->3663K(109248K), 0.0045387 secs] 178203K->91519K(502464K), 0.0046124 secs] [Times: user=0.06 sys=0.00, real=0.00 secs] 
Heap after GC invocations=124 (full 1):
 par new generation   total 109248K, used 3663K [0x00000000e0000000, 0x00000000e8000000, 0x00000000e8000000)
  eden space 87424K,   0% used [0x00000000e0000000, 0x00000000e0000000, 0x00000000e5560000)
  from space 21824K,  16% used [0x00000000e5560000, 0x00000000e58f3d20, 0x00000000e6ab0000)
  to   space 21824K,   0% used [0x00000000e6ab0000, 0x00000000e6ab0000, 0x00000000e8000000)
 concurrent mark-sweep generation total 393216K, used 87856K [0x00000000e8000000, 0x0000000100000000, 0x0000000100000000)
 Metaspace       used 39002K, capacity 40344K, committed 40548K, reserved 1085440K
  class space    used 4567K, capacity 4852K, committed 4964K, reserved 1048576K
}
2018-06-13T02:14:45.494-0300: 30215.515: Total time for which application threads were stopped: 0.0049100 seconds, Stopping threads took: 0.0000341 seconds
{Heap before GC invocations=124 (full 1):
 par new generation   total 109248K, used 91087K [0x00000000e0000000, 0x00000000e8000000, 0x00000000e8000000)
  eden space 87424K, 100% used [0x00000000e0000000, 0x00000000e5560000, 0x00000000e5560000)
  from space 21824K,  16% used [0x00000000e5560000, 0x00000000e58f3d20, 0x00000000e6ab0000)
  to   space 21824K,   0% used [0x00000000e6ab0000, 0x00000000e6ab0000, 0x00000000e8000000)
 concurrent mark-sweep generation total 393216K, used 87856K [0x00000000e8000000, 0x0000000100000000, 0x0000000100000000)
 Metaspace       used 39002K, capacity 40344K, committed 40548K, reserved 1085440K
  class space    used 4567K, capacity 4852K, committed 4964K, reserved 1048576K
2018-06-13T02:14:45.580-0300: 30215.601: [GC (Allocation Failure) 2018-06-13T02:14:45.580-0300: 30215.601: [ParNew
Desired survivor size 20112992 bytes, new threshold 8 (max 8)
- age   1:     769992 bytes,     769992 total
- age   2:     842840 bytes,    1612832 total
- age   3:     546904 bytes,    2159736 total
- age   4:     208680 bytes,    2368416 total
- age   5:     209408 bytes,    2577824 total
- age   6:     415048 bytes,    2992872 total
- age   7:     210432 bytes,    3203304 total
- age   8:     349976 bytes,    3553280 total
: 91087K->4627K(109248K), 0.0037120 secs] 178943K->92727K(502464K), 0.0038081 secs] [Times: user=0.00 sys=0.00, real=0.00 secs] 
Heap after GC invocations=125 (full 1):
 par new generation   total 109248K, used 4627K [0x00000000e0000000, 0x00000000e8000000, 0x00000000e8000000)
  eden space 87424K,   0% used [0x00000000e0000000, 0x00000000e0000000, 0x00000000e5560000)
  from space 21824K,  21% used [0x00000000e6ab0000, 0x00000000e6f34d88, 0x00000000e8000000)
  to   space 21824K,   0% used [0x00000000e5560000, 0x00000000e5560000, 0x00000000e6ab0000)
 concurrent mark-sweep generation total 393216K, used 88100K [0x00000000e8000000, 0x0000000100000000, 0x0000000100000000)
 Metaspace       used 39002K, capacity 40344K, committed 40548K, reserved 1085440K
  class space    used 4567K, capacity 4852K, committed 4964K, reserved 1048576K
}
2018-06-13T02:14:45.584-0300: 30215.605: Total time for which application threads were stopped: 0.0040642 seconds, Stopping threads took: 0.0000341 seconds
{Heap before GC invocations=125 (full 1):
 par new generation   total 109248K, used 92051K [0x00000000e0000000, 0x00000000e8000000, 0x00000000e8000000)
  eden space 87424K, 100% used [0x00000000e0000000, 0x00000000e5560000, 0x00000000e5560000)
  from space 21824K,  21% used [0x00000000e6ab0000, 0x00000000e6f34d88, 0x00000000e8000000)
  to   space 21824K,   0% used [0x00000000e5560000, 0x00000000e5560000, 0x00000000e6ab0000)
 concurrent mark-sweep generation total 393216K, used 88100K [0x00000000e8000000, 0x0000000100000000, 0x0000000100000000)
 Metaspace       used 39002K, capacity 40344K, committed 40548K, reserved 1085440K
  class space    used 4567K, capacity 4852K, committed 4964K, reserved 1048576K
2018-06-13T02:14:45.672-0300: 30215.693: [GC (Allocation Failure) 2018-06-13T02:14:45.672-0300: 30215.693: [ParNew
Desired survivor size 20112992 bytes, new threshold 8 (max 8)
- age   1:     663512 bytes,     663512 total
- age   2:     295520 bytes,     959032 total
- age   3:     776936 bytes,    1735968 total
- age   4:     546904 bytes,    2282872 total
- age   5:     208680 bytes,    2491552 total
- age   6:     209408 bytes,    2700960 total
- age   7:     415048 bytes,    3116008 total
- age   8:     210432 bytes,    3326440 total
: 92051K->4790K(109248K), 0.0045984 secs] 180151K->93232K(502464K), 0.0046992 secs] [Times: user=0.00 sys=0.00, real=0.01 secs] 
Heap after GC invocations=126 (full 1):
 par new generation   total 109248K, used 4790K [0x00000000e0000000, 0x00000000e8000000, 0x00000000e8000000)
  eden space 87424K,   0% used [0x00000000e0000000, 0x00000000e0000000, 0x00000000e5560000)
  from space 21824K,  21% used [0x00000000e5560000, 0x00000000e5a0d9b0, 0x00000000e6ab0000)
  to   space 21824K,   0% used [0x00000000e6ab0000, 0x00000000e6ab0000, 0x00000000e8000000)
 concurrent mark-sweep generation total 393216K, used 88442K [0x00000000e8000000, 0x0000000100000000, 0x0000000100000000)
 Metaspace       used 39002K, capacity 40344K, committed 40548K, reserved 1085440K
  class space    used 4567K, capacity 4852K, committed 4964K, reserved 1048576K
}
2018-06-13T02:14:45.677-0300: 30215.697: Total time for which application threads were stopped: 0.0049539 seconds, Stopping threads took: 0.0000331 seconds
{Heap before GC invocations=126 (full 1):
 par new generation   total 109248K, used 92214K [0x00000000e0000000, 0x00000000e8000000, 0x00000000e8000000)
  eden space 87424K, 100% used [0x00000000e0000000, 0x00000000e5560000, 0x00000000e5560000)
  from space 21824K,  21% used [0x00000000e5560000, 0x00000000e5a0d9b0, 0x00000000e6ab0000)
  to   space 21824K,   0% used [0x00000000e6ab0000, 0x00000000e6ab0000, 0x00000000e8000000)
 concurrent mark-sweep generation total 393216K, used 88442K [0x00000000e8000000, 0x0000000100000000, 0x0000000100000000)
 Metaspace       used 39002K, capacity 40344K, committed 40548K, reserved 1085440K
  class space    used 4567K, capacity 4852K, committed 4964K, reserved 1048576K
2018-06-13T02:14:45.752-0300: 30215.773: [GC (Allocation Failure) 2018-06-13T02:14:45.752-0300: 30215.773: [ParNew
Desired survivor size 20112992 bytes, new threshold 8 (max 8)
- age   1:     531472 bytes,     531472 total
- age   2:     460560 bytes,     992032 total
- age   3:     295520 bytes,    1287552 total
- age   4:     776880 bytes,    2064432 total
- age   5:     546904 bytes,    2611336 total
- age   6:     208680 bytes,    2820016 total
- age   7:     209408 bytes,    3029424 total
- age   8:     415048 bytes,    3444472 total
: 92214K->4497K(109248K), 0.0039164 secs] 180656K->93145K(502464K), 0.0040055 secs] [Times: user=0.00 sys=0.00, real=0.00 secs] 
Heap after GC invocations=127 (full 1):
 par new generation   total 109248K, used 4497K [0x00000000e0000000, 0x00000000e8000000, 0x00000000e8000000)
  eden space 87424K,   0% used [0x00000000e0000000, 0x00000000e0000000, 0x00000000e5560000)
  from space 21824K,  20% used [0x00000000e6ab0000, 0x00000000e6f14610, 0x00000000e8000000)
  to   space 21824K,   0% used [0x00000000e5560000, 0x00000000e5560000, 0x00000000e6ab0000)
 concurrent mark-sweep generation total 393216K, used 88647K [0x00000000e8000000, 0x0000000100000000, 0x0000000100000000)
 Metaspace       used 39002K, capacity 40344K, committed 40548K, reserved 1085440K
  class space    used 4567K, capacity 4852K, committed 4964K, reserved 1048576K
}
2018-06-13T02:14:45.756-0300: 30215.777: Total time for which application threads were stopped: 0.0042662 seconds, Stopping threads took: 0.0000341 seconds
{Heap before GC invocations=127 (full 1):
 par new generation   total 109248K, used 91921K [0x00000000e0000000, 0x00000000e8000000, 0x00000000e8000000)
  eden space 87424K, 100% used [0x00000000e0000000, 0x00000000e5560000, 0x00000000e5560000)
  from space 21824K,  20% used [0x00000000e6ab0000, 0x00000000e6f14610, 0x00000000e8000000)
  to   space 21824K,   0% used [0x00000000e5560000, 0x00000000e5560000, 0x00000000e6ab0000)
 concurrent mark-sweep generation total 393216K, used 88647K [0x00000000e8000000, 0x0000000100000000, 0x0000000100000000)
 Metaspace       used 39002K, capacity 40344K, committed 40548K, reserved 1085440K
  class space    used 4567K, capacity 4852K, committed 4964K, reserved 1048576K
2018-06-13T02:14:45.837-0300: 30215.859: [GC (Allocation Failure) 2018-06-13T02:14:45.838-0300: 30215.859: [ParNew
Desired survivor size 20112992 bytes, new threshold 8 (max 8)
- age   1:     529856 bytes,     529856 total
- age   2:     229808 bytes,     759664 total
- age   3:     460560 bytes,    1220224 total
- age   4:     295520 bytes,    1515744 total
- age   5:     776784 bytes,    2292528 total
- age   6:     546904 bytes,    2839432 total
- age   7:     208680 bytes,    3048112 total
- age   8:     209408 bytes,    3257520 total
: 91921K->3799K(109248K), 0.0042434 secs] 180569K->92853K(502464K), 0.0043339 secs] [Times: user=0.00 sys=0.00, real=0.01 secs] 
Heap after GC invocations=128 (full 1):
 par new generation   total 109248K, used 3799K [0x00000000e0000000, 0x00000000e8000000, 0x00000000e8000000)
  eden space 87424K,   0% used [0x00000000e0000000, 0x00000000e0000000, 0x00000000e5560000)
  from space 21824K,  17% used [0x00000000e5560000, 0x00000000e5915f90, 0x00000000e6ab0000)
  to   space 21824K,   0% used [0x00000000e6ab0000, 0x00000000e6ab0000, 0x00000000e8000000)
 concurrent mark-sweep generation total 393216K, used 89053K [0x00000000e8000000, 0x0000000100000000, 0x0000000100000000)
 Metaspace       used 39002K, capacity 40344K, committed 40548K, reserved 1085440K
  class space    used 4567K, capacity 4852K, committed 4964K, reserved 1048576K
}
2018-06-13T02:14:45.842-0300: 30215.863: Total time for which application threads were stopped: 0.0046124 seconds, Stopping threads took: 0.0000341 seconds
{Heap before GC invocations=128 (full 1):
 par new generation   total 109248K, used 91223K [0x00000000e0000000, 0x00000000e8000000, 0x00000000e8000000)
  eden space 87424K, 100% used [0x00000000e0000000, 0x00000000e5560000, 0x00000000e5560000)
  from space 21824K,  17% used [0x00000000e5560000, 0x00000000e5915f90, 0x00000000e6ab0000)
  to   space 21824K,   0% used [0x00000000e6ab0000, 0x00000000e6ab0000, 0x00000000e8000000)
 concurrent mark-sweep generation total 393216K, used 89053K [0x00000000e8000000, 0x0000000100000000, 0x0000000100000000)
 Metaspace       used 39002K, capacity 40344K, committed 40548K, reserved 1085440K
  class space    used 4567K, capacity 4852K, committed 4964K, reserved 1048576K
2018-06-13T02:14:45.929-0300: 30215.951: [GC (Allocation Failure) 2018-06-13T02:14:45.929-0300: 30215.951: [ParNew
Desired survivor size 20112992 bytes, new threshold 8 (max 8)
- age   1:     555120 bytes,     555120 total
- age   2:     250176 bytes,     805296 total
- age   3:     229736 bytes,    1035032 total
- age   4:     459744 bytes,    1494776 total
- age   5:     295520 bytes,    1790296 total
- age   6:     760360 bytes,    2550656 total
- age   7:     546904 bytes,    3097560 total
- age   8:     208680 bytes,    3306240 total
: 91223K->4579K(109248K), 0.0041366 secs] 180277K->93837K(502464K), 0.0042383 secs] [Times: user=0.06 sys=0.00, real=0.01 secs] 
Heap after GC invocations=129 (full 1):
 par new generation   total 109248K, used 4579K [0x00000000e0000000, 0x00000000e8000000, 0x00000000e8000000)
  eden space 87424K,   0% used [0x00000000e0000000, 0x00000000e0000000, 0x00000000e5560000)
  from space 21824K,  20% used [0x00000000e6ab0000, 0x00000000e6f28ef8, 0x00000000e8000000)
  to   space 21824K,   0% used [0x00000000e5560000, 0x00000000e5560000, 0x00000000e6ab0000)
 concurrent mark-sweep generation total 393216K, used 89257K [0x00000000e8000000, 0x0000000100000000, 0x0000000100000000)
 Metaspace       used 39002K, capacity 40344K, committed 40548K, reserved 1085440K
  class space    used 4567K, capacity 4852K, committed 4964K, reserved 1048576K
}
2018-06-13T02:14:45.934-0300: 30215.955: Total time for which application threads were stopped: 0.0044995 seconds, Stopping threads took: 0.0000373 seconds
{Heap before GC invocations=129 (full 1):
 par new generation   total 109248K, used 92003K [0x00000000e0000000, 0x00000000e8000000, 0x00000000e8000000)
  eden space 87424K, 100% used [0x00000000e0000000, 0x00000000e5560000, 0x00000000e5560000)
  from space 21824K,  20% used [0x00000000e6ab0000, 0x00000000e6f28ef8, 0x00000000e8000000)
  to   space 21824K,   0% used [0x00000000e5560000, 0x00000000e5560000, 0x00000000e6ab0000)
 concurrent mark-sweep generation total 393216K, used 89257K [0x00000000e8000000, 0x0000000100000000, 0x0000000100000000)
 Metaspace       used 39002K, capacity 40344K, committed 40548K, reserved 1085440K
  class space    used 4567K, capacity 4852K, committed 4964K, reserved 1048576K
2018-06-13T02:14:46.010-0300: 30216.032: [GC (Allocation Failure) 2018-06-13T02:14:46.010-0300: 30216.032: [ParNew
Desired survivor size 20112992 bytes, new threshold 8 (max 8)
- age   1:     793896 bytes,     793896 total
- age   2:     239120 bytes,    1033016 total
- age   3:     246752 bytes,    1279768 total
- age   4:     227624 bytes,    1507392 total
- age   5:     459744 bytes,    1967136 total
- age   6:     229968 bytes,    2197104 total
- age   7:     760360 bytes,    2957464 total
- age   8:     546904 bytes,    3504368 total
: 92003K->4761K(109248K), 0.0039812 secs] 181261K->94222K(502464K), 0.0040726 secs] [Times: user=0.00 sys=0.00, real=0.00 secs] 
Heap after GC invocations=130 (full 1):
 par new generation   total 109248K, used 4761K [0x00000000e0000000, 0x00000000e8000000, 0x00000000e8000000)
  eden space 87424K,   0% used [0x00000000e0000000, 0x00000000e0000000, 0x00000000e5560000)
  from space 21824K,  21% used [0x00000000e5560000, 0x00000000e5a06628, 0x00000000e6ab0000)
  to   space 21824K,   0% used [0x00000000e6ab0000, 0x00000000e6ab0000, 0x00000000e8000000)
 concurrent mark-sweep generation total 393216K, used 89461K [0x00000000e8000000, 0x0000000100000000, 0x0000000100000000)
 Metaspace       used 39002K, capacity 40344K, committed 40548K, reserved 1085440K
  class space    used 4567K, capacity 4852K, committed 4964K, reserved 1048576K
}
2018-06-13T02:14:46.014-0300: 30216.036: Total time for which application threads were stopped: 0.0043283 seconds, Stopping threads took: 0.0000359 seconds
{Heap before GC invocations=130 (full 1):
 par new generation   total 109248K, used 92185K [0x00000000e0000000, 0x00000000e8000000, 0x00000000e8000000)
  eden space 87424K, 100% used [0x00000000e0000000, 0x00000000e5560000, 0x00000000e5560000)
  from space 21824K,  21% used [0x00000000e5560000, 0x00000000e5a06628, 0x00000000e6ab0000)
  to   space 21824K,   0% used [0x00000000e6ab0000, 0x00000000e6ab0000, 0x00000000e8000000)
 concurrent mark-sweep generation total 393216K, used 89461K [0x00000000e8000000, 0x0000000100000000, 0x0000000100000000)
 Metaspace       used 39002K, capacity 40344K, committed 40548K, reserved 1085440K
  class space    used 4567K, capacity 4852K, committed 4964K, reserved 1048576K
2018-06-13T02:14:46.096-0300: 30216.118: [GC (Allocation Failure) 2018-06-13T02:14:46.096-0300: 30216.118: [ParNew
Desired survivor size 20112992 bytes, new threshold 8 (max 8)
- age   1:     323160 bytes,     323160 total
- age   2:     692568 bytes,    1015728 total
- age   3:     238384 bytes,    1254112 total
- age   4:     246752 bytes,    1500864 total
- age   5:     227624 bytes,    1728488 total
- age   6:     459744 bytes,    2188232 total
- age   7:     229968 bytes,    2418200 total
- age   8:     760360 bytes,    3178560 total
: 92185K->4418K(109248K), 0.0038641 secs] 181646K->94414K(502464K), 0.0039691 secs] [Times: user=0.00 sys=0.00, real=0.00 secs] 
Heap after GC invocations=131 (full 1):
 par new generation   total 109248K, used 4418K [0x00000000e0000000, 0x00000000e8000000, 0x00000000e8000000)
  eden space 87424K,   0% used [0x00000000e0000000, 0x00000000e0000000, 0x00000000e5560000)
  from space 21824K,  20% used [0x00000000e6ab0000, 0x00000000e6f009f0, 0x00000000e8000000)
  to   space 21824K,   0% used [0x00000000e5560000, 0x00000000e5560000, 0x00000000e6ab0000)
 concurrent mark-sweep generation total 393216K, used 89995K [0x00000000e8000000, 0x0000000100000000, 0x0000000100000000)
 Metaspace       used 39002K, capacity 40344K, committed 40548K, reserved 1085440K
  class space    used 4567K, capacity 4852K, committed 4964K, reserved 1048576K
}
2018-06-13T02:14:46.100-0300: 30216.122: Total time for which application threads were stopped: 0.0042737 seconds, Stopping threads took: 0.0000774 seconds
{Heap before GC invocations=131 (full 1):
 par new generation   total 109248K, used 91842K [0x00000000e0000000, 0x00000000e8000000, 0x00000000e8000000)
  eden space 87424K, 100% used [0x00000000e0000000, 0x00000000e5560000, 0x00000000e5560000)
  from space 21824K,  20% used [0x00000000e6ab0000, 0x00000000e6f009f0, 0x00000000e8000000)
  to   space 21824K,   0% used [0x00000000e5560000, 0x00000000e5560000, 0x00000000e6ab0000)
 concurrent mark-sweep generation total 393216K, used 89995K [0x00000000e8000000, 0x0000000100000000, 0x0000000100000000)
 Metaspace       used 39002K, capacity 40344K, committed 40548K, reserved 1085440K
  class space    used 4567K, capacity 4852K, committed 4964K, reserved 1048576K
2018-06-13T02:14:46.182-0300: 30216.203: [GC (Allocation Failure) 2018-06-13T02:14:46.182-0300: 30216.203: [ParNew
Desired survivor size 20112992 bytes, new threshold 8 (max 8)
- age   1:     628328 bytes,     628328 total
- age   2:     217056 bytes,     845384 total
- age   3:     411008 bytes,    1256392 total
- age   4:     238384 bytes,    1494776 total
- age   5:     246752 bytes,    1741528 total
- age   6:     227080 bytes,    1968608 total
- age   7:     459744 bytes,    2428352 total
- age   8:     229968 bytes,    2658320 total
: 91842K->3604K(109248K), 0.0039061 secs] 181838K->94344K(502464K), 0.0039882 secs] [Times: user=0.00 sys=0.00, real=0.00 secs] 
Heap after GC invocations=132 (full 1):
 par new generation   total 109248K, used 3604K [0x00000000e0000000, 0x00000000e8000000, 0x00000000e8000000)
  eden space 87424K,   0% used [0x00000000e0000000, 0x00000000e0000000, 0x00000000e5560000)
  from space 21824K,  16% used [0x00000000e5560000, 0x00000000e58e51a0, 0x00000000e6ab0000)
  to   space 21824K,   0% used [0x00000000e6ab0000, 0x00000000e6ab0000, 0x00000000e8000000)
 concurrent mark-sweep generation total 393216K, used 90740K [0x00000000e8000000, 0x0000000100000000, 0x0000000100000000)
 Metaspace       used 39002K, capacity 40344K, committed 40548K, reserved 1085440K
  class space    used 4567K, capacity 4852K, committed 4964K, reserved 1048576K
}
2018-06-13T02:14:46.186-0300: 30216.207: Total time for which application threads were stopped: 0.0042513 seconds, Stopping threads took: 0.0000415 seconds
{Heap before GC invocations=132 (full 1):
 par new generation   total 109248K, used 91028K [0x00000000e0000000, 0x00000000e8000000, 0x00000000e8000000)
  eden space 87424K, 100% used [0x00000000e0000000, 0x00000000e5560000, 0x00000000e5560000)
  from space 21824K,  16% used [0x00000000e5560000, 0x00000000e58e51a0, 0x00000000e6ab0000)
  to   space 21824K,   0% used [0x00000000e6ab0000, 0x00000000e6ab0000, 0x00000000e8000000)
 concurrent mark-sweep generation total 393216K, used 90740K [0x00000000e8000000, 0x0000000100000000, 0x0000000100000000)
 Metaspace       used 39002K, capacity 40344K, committed 40548K, reserved 1085440K
  class space    used 4567K, capacity 4852K, committed 4964K, reserved 1048576K
2018-06-13T02:14:46.279-0300: 30216.300: [GC (Allocation Failure) 2018-06-13T02:14:46.279-0300: 30216.300: [ParNew
Desired survivor size 20112992 bytes, new threshold 8 (max 8)
- age   1:     291816 bytes,     291816 total
- age   2:     532024 bytes,     823840 total
- age   3:     215424 bytes,    1039264 total
- age   4:     406056 bytes,    1445320 total
- age   5:     238384 bytes,    1683704 total
- age   6:     246752 bytes,    1930456 total
- age   7:     227080 bytes,    2157536 total
- age   8:     459744 bytes,    2617280 total
: 91028K->3540K(109248K), 0.0075593 secs] 181768K->94505K(502464K), 0.0076802 secs] [Times: user=0.00 sys=0.00, real=0.01 secs] 
Heap after GC invocations=133 (full 1):
 par new generation   total 109248K, used 3540K [0x00000000e0000000, 0x00000000e8000000, 0x00000000e8000000)
  eden space 87424K,   0% used [0x00000000e0000000, 0x00000000e0000000, 0x00000000e5560000)
  from space 21824K,  16% used [0x00000000e6ab0000, 0x00000000e6e25380, 0x00000000e8000000)
  to   space 21824K,   0% used [0x00000000e5560000, 0x00000000e5560000, 0x00000000e6ab0000)
 concurrent mark-sweep generation total 393216K, used 90964K [0x00000000e8000000, 0x0000000100000000, 0x0000000100000000)
 Metaspace       used 39002K, capacity 40344K, committed 40548K, reserved 1085440K
  class space    used 4567K, capacity 4852K, committed 4964K, reserved 1048576K
}
2018-06-13T02:14:46.286-0300: 30216.308: Total time for which application threads were stopped: 0.0081453 seconds, Stopping threads took: 0.0000383 seconds
2018-06-13T02:14:46.353-0300: 30216.374: Total time for which application threads were stopped: 0.0001302 seconds, Stopping threads took: 0.0000406 seconds
2018-06-13T02:14:46.355-0300: 30216.376: Total time for which application threads were stopped: 0.0001176 seconds, Stopping threads took: 0.0000383 seconds
2018-06-13T02:14:46.355-0300: 30216.377: Total time for which application threads were stopped: 0.0000840 seconds, Stopping threads took: 0.0000299 seconds
2018-06-13T02:14:46.554-0300: 30216.575: Total time for which application threads were stopped: 0.0001358 seconds, Stopping threads took: 0.0000359 seconds
2018-06-13T02:14:46.554-0300: 30216.576: Total time for which application threads were stopped: 0.0001428 seconds, Stopping threads took: 0.0000882 seconds
2018-06-13T02:14:46.555-0300: 30216.576: Total time for which application threads were stopped: 0.0000835 seconds, Stopping threads took: 0.0000261 seconds
2018-06-13T02:14:46.555-0300: 30216.576: Total time for which application threads were stopped: 0.0000886 seconds, Stopping threads took: 0.0000205 seconds
2018-06-13T02:14:46.562-0300: 30216.583: Total time for which application threads were stopped: 0.0001222 seconds, Stopping threads took: 0.0000289 seconds
2018-06-13T02:14:46.713-0300: 30216.735: Total time for which application threads were stopped: 0.0001264 seconds, Stopping threads took: 0.0000364 seconds
2018-06-13T02:14:46.713-0300: 30216.735: Total time for which application threads were stopped: 0.0001297 seconds, Stopping threads took: 0.0000756 seconds
2018-06-13T02:14:46.714-0300: 30216.735: Total time for which application threads were stopped: 0.0000821 seconds, Stopping threads took: 0.0000285 seconds
2018-06-13T02:14:46.714-0300: 30216.736: Total time for which application threads were stopped: 0.0000821 seconds, Stopping threads took: 0.0000159 seconds
2018-06-13T02:14:46.715-0300: 30216.736: Total time for which application threads were stopped: 0.0000611 seconds, Stopping threads took: 0.0000159 seconds
{Heap before GC invocations=133 (full 1):
 par new generation   total 109248K, used 90964K [0x00000000e0000000, 0x00000000e8000000, 0x00000000e8000000)
  eden space 87424K, 100% used [0x00000000e0000000, 0x00000000e5560000, 0x00000000e5560000)
  from space 21824K,  16% used [0x00000000e6ab0000, 0x00000000e6e25380, 0x00000000e8000000)
  to   space 21824K,   0% used [0x00000000e5560000, 0x00000000e5560000, 0x00000000e6ab0000)
 concurrent mark-sweep generation total 393216K, used 90964K [0x00000000e8000000, 0x0000000100000000, 0x0000000100000000)
 Metaspace       used 39011K, capacity 40344K, committed 40548K, reserved 1085440K
  class space    used 4567K, capacity 4852K, committed 4964K, reserved 1048576K
2018-06-13T02:14:46.838-0300: 30216.860: [GC (Allocation Failure) 2018-06-13T02:14:46.838-0300: 30216.860: [ParNew
Desired survivor size 20112992 bytes, new threshold 8 (max 8)
- age   1:     855904 bytes,     855904 total
- age   2:     211032 bytes,    1066936 total
- age   3:     526736 bytes,    1593672 total
- age   4:     213320 bytes,    1806992 total
- age   5:     403848 bytes,    2210840 total
- age   6:     219088 bytes,    2429928 total
- age   7:     244912 bytes,    2674840 total
- age   8:     225792 bytes,    2900632 total
: 90964K->3522K(109248K), 0.0046586 secs] 181929K->94934K(502464K), 0.0048097 secs] [Times: user=0.00 sys=0.00, real=0.00 secs] 
Heap after GC invocations=134 (full 1):
 par new generation   total 109248K, used 3522K [0x00000000e0000000, 0x00000000e8000000, 0x00000000e8000000)
  eden space 87424K,   0% used [0x00000000e0000000, 0x00000000e0000000, 0x00000000e5560000)
  from space 21824K,  16% used [0x00000000e5560000, 0x00000000e58d0bb8, 0x00000000e6ab0000)
  to   space 21824K,   0% used [0x00000000e6ab0000, 0x00000000e6ab0000, 0x00000000e8000000)
 concurrent mark-sweep generation total 393216K, used 91411K [0x00000000e8000000, 0x0000000100000000, 0x0000000100000000)
 Metaspace       used 39011K, capacity 40344K, committed 40548K, reserved 1085440K
  class space    used 4567K, capacity 4852K, committed 4964K, reserved 1048576K
}
2018-06-13T02:14:46.843-0300: 30216.865: Total time for which application threads were stopped: 0.0050663 seconds, Stopping threads took: 0.0000364 seconds
{Heap before GC invocations=134 (full 1):
 par new generation   total 109248K, used 90946K [0x00000000e0000000, 0x00000000e8000000, 0x00000000e8000000)
  eden space 87424K, 100% used [0x00000000e0000000, 0x00000000e5560000, 0x00000000e5560000)
  from space 21824K,  16% used [0x00000000e5560000, 0x00000000e58d0bb8, 0x00000000e6ab0000)
  to   space 21824K,   0% used [0x00000000e6ab0000, 0x00000000e6ab0000, 0x00000000e8000000)
 concurrent mark-sweep generation total 393216K, used 91411K [0x00000000e8000000, 0x0000000100000000, 0x0000000100000000)
 Metaspace       used 39011K, capacity 40344K, committed 40548K, reserved 1085440K
  class space    used 4567K, capacity 4852K, committed 4964K, reserved 1048576K
2018-06-13T02:14:46.928-0300: 30216.950: [GC (Allocation Failure) 2018-06-13T02:14:46.928-0300: 30216.950: [ParNew
Desired survivor size 20112992 bytes, new threshold 8 (max 8)
- age   1:     524632 bytes,     524632 total
- age   2:     679112 bytes,    1203744 total
- age   3:     211032 bytes,    1414776 total
- age   4:     526736 bytes,    1941512 total
- age   5:     213320 bytes,    2154832 total
- age   6:     403848 bytes,    2558680 total
- age   7:     219088 bytes,    2777768 total
- age   8:     244912 bytes,    3022680 total
: 90946K->3843K(109248K), 0.0047850 secs] 182358K->95475K(502464K), 0.0048606 secs] [Times: user=0.06 sys=0.00, real=0.01 secs] 
Heap after GC invocations=135 (full 1):
 par new generation   total 109248K, used 3843K [0x00000000e0000000, 0x00000000e8000000, 0x00000000e8000000)
  eden space 87424K,   0% used [0x00000000e0000000, 0x00000000e0000000, 0x00000000e5560000)
  from space 21824K,  17% used [0x00000000e6ab0000, 0x00000000e6e70f70, 0x00000000e8000000)
  to   space 21824K,   0% used [0x00000000e5560000, 0x00000000e5560000, 0x00000000e6ab0000)
 concurrent mark-sweep generation total 393216K, used 91631K [0x00000000e8000000, 0x0000000100000000, 0x0000000100000000)
 Metaspace       used 39011K, capacity 40344K, committed 40548K, reserved 1085440K
  class space    used 4567K, capacity 4852K, committed 4964K, reserved 1048576K
}
2018-06-13T02:14:46.933-0300: 30216.954: Total time for which application threads were stopped: 0.0051106 seconds, Stopping threads took: 0.0000313 seconds
{Heap before GC invocations=135 (full 1):
 par new generation   total 109248K, used 91267K [0x00000000e0000000, 0x00000000e8000000, 0x00000000e8000000)
  eden space 87424K, 100% used [0x00000000e0000000, 0x00000000e5560000, 0x00000000e5560000)
  from space 21824K,  17% used [0x00000000e6ab0000, 0x00000000e6e70f70, 0x00000000e8000000)
  to   space 21824K,   0% used [0x00000000e5560000, 0x00000000e5560000, 0x00000000e6ab0000)
 concurrent mark-sweep generation total 393216K, used 91631K [0x00000000e8000000, 0x0000000100000000, 0x0000000100000000)
 Metaspace       used 39011K, capacity 40344K, committed 40548K, reserved 1085440K
  class space    used 4567K, capacity 4852K, committed 4964K, reserved 1048576K
2018-06-13T02:14:47.019-0300: 30217.040: [GC (Allocation Failure) 2018-06-13T02:14:47.019-0300: 30217.040: [ParNew
Desired survivor size 20112992 bytes, new threshold 8 (max 8)
- age   1:     790848 bytes,     790848 total
- age   2:     316744 bytes,    1107592 total
- age   3:     678680 bytes,    1786272 total
- age   4:     211032 bytes,    1997304 total
- age   5:     526736 bytes,    2524040 total
- age   6:     213320 bytes,    2737360 total
- age   7:     403848 bytes,    3141208 total
- age   8:     219088 bytes,    3360296 total
: 91267K->3874K(109248K), 0.0040241 secs] 182899K->95745K(502464K), 0.0041314 secs] [Times: user=0.00 sys=0.00, real=0.00 secs] 
Heap after GC invocations=136 (full 1):
 par new generation   total 109248K, used 3874K [0x00000000e0000000, 0x00000000e8000000, 0x00000000e8000000)
  eden space 87424K,   0% used [0x00000000e0000000, 0x00000000e0000000, 0x00000000e5560000)
  from space 21824K,  17% used [0x00000000e5560000, 0x00000000e5928880, 0x00000000e6ab0000)
  to   space 21824K,   0% used [0x00000000e6ab0000, 0x00000000e6ab0000, 0x00000000e8000000)
 concurrent mark-sweep generation total 393216K, used 91871K [0x00000000e8000000, 0x0000000100000000, 0x0000000100000000)
 Metaspace       used 39011K, capacity 40344K, committed 40548K, reserved 1085440K
  class space    used 4567K, capacity 4852K, committed 4964K, reserved 1048576K
}
2018-06-13T02:14:47.023-0300: 30217.045: Total time for which application threads were stopped: 0.0043950 seconds, Stopping threads took: 0.0000369 seconds
{Heap before GC invocations=136 (full 1):
 par new generation   total 109248K, used 91298K [0x00000000e0000000, 0x00000000e8000000, 0x00000000e8000000)
  eden space 87424K, 100% used [0x00000000e0000000, 0x00000000e5560000, 0x00000000e5560000)
  from space 21824K,  17% used [0x00000000e5560000, 0x00000000e5928880, 0x00000000e6ab0000)
  to   space 21824K,   0% used [0x00000000e6ab0000, 0x00000000e6ab0000, 0x00000000e8000000)
 concurrent mark-sweep generation total 393216K, used 91871K [0x00000000e8000000, 0x0000000100000000, 0x0000000100000000)
 Metaspace       used 39011K, capacity 40344K, committed 40548K, reserved 1085440K
  class space    used 4567K, capacity 4852K, committed 4964K, reserved 1048576K
2018-06-13T02:14:47.099-0300: 30217.120: [GC (Allocation Failure) 2018-06-13T02:14:47.099-0300: 30217.120: [ParNew
Desired survivor size 20112992 bytes, new threshold 8 (max 8)
- age   1:     629952 bytes,     629952 total
- age   2:     336880 bytes,     966832 total
- age   3:     316744 bytes,    1283576 total
- age   4:     678680 bytes,    1962256 total
- age   5:     211032 bytes,    2173288 total
- age   6:     526736 bytes,    2700024 total
- age   7:     213320 bytes,    2913344 total
- age   8:     403848 bytes,    3317192 total
: 91298K->4378K(109248K), 0.0040055 secs] 183169K->96463K(502464K), 0.0041002 secs] [Times: user=0.06 sys=0.00, real=0.00 secs] 
Heap after GC invocations=137 (full 1):
 par new generation   total 109248K, used 4378K [0x00000000e0000000, 0x00000000e8000000, 0x00000000e8000000)
  eden space 87424K,   0% used [0x00000000e0000000, 0x00000000e0000000, 0x00000000e5560000)
  from space 21824K,  20% used [0x00000000e6ab0000, 0x00000000e6ef6a08, 0x00000000e8000000)
  to   space 21824K,   0% used [0x00000000e5560000, 0x00000000e5560000, 0x00000000e6ab0000)
 concurrent mark-sweep generation total 393216K, used 92085K [0x00000000e8000000, 0x0000000100000000, 0x0000000100000000)
 Metaspace       used 39011K, capacity 40344K, committed 40548K, reserved 1085440K
  class space    used 4567K, capacity 4852K, committed 4964K, reserved 1048576K
}
2018-06-13T02:14:47.103-0300: 30217.124: Total time for which application threads were stopped: 0.0043651 seconds, Stopping threads took: 0.0000453 seconds
{Heap before GC invocations=137 (full 1):
 par new generation   total 109248K, used 91802K [0x00000000e0000000, 0x00000000e8000000, 0x00000000e8000000)
  eden space 87424K, 100% used [0x00000000e0000000, 0x00000000e5560000, 0x00000000e5560000)
  from space 21824K,  20% used [0x00000000e6ab0000, 0x00000000e6ef6a08, 0x00000000e8000000)
  to   space 21824K,   0% used [0x00000000e5560000, 0x00000000e5560000, 0x00000000e6ab0000)
 concurrent mark-sweep generation total 393216K, used 92085K [0x00000000e8000000, 0x0000000100000000, 0x0000000100000000)
 Metaspace       used 39011K, capacity 40344K, committed 40548K, reserved 1085440K
  class space    used 4567K, capacity 4852K, committed 4964K, reserved 1048576K
2018-06-13T02:14:47.185-0300: 30217.206: [GC (Allocation Failure) 2018-06-13T02:14:47.185-0300: 30217.206: [ParNew
Desired survivor size 20112992 bytes, new threshold 8 (max 8)
- age   1:     490240 bytes,     490240 total
- age   2:     387096 bytes,     877336 total
- age   3:     335464 bytes,    1212800 total
- age   4:     316744 bytes,    1529544 total
- age   5:     678624 bytes,    2208168 total
- age   6:     211032 bytes,    2419200 total
- age   7:     526736 bytes,    2945936 total
- age   8:     213320 bytes,    3159256 total
: 91802K->4288K(109248K), 0.0036924 secs] 183887K->96768K(502464K), 0.0037727 secs] [Times: user=0.00 sys=0.00, real=0.00 secs] 
Heap after GC invocations=138 (full 1):
 par new generation   total 109248K, used 4288K [0x00000000e0000000, 0x00000000e8000000, 0x00000000e8000000)
  eden space 87424K,   0% used [0x00000000e0000000, 0x00000000e0000000, 0x00000000e5560000)
  from space 21824K,  19% used [0x00000000e5560000, 0x00000000e59902c8, 0x00000000e6ab0000)
  to   space 21824K,   0% used [0x00000000e6ab0000, 0x00000000e6ab0000, 0x00000000e8000000)
 concurrent mark-sweep generation total 393216K, used 92479K [0x00000000e8000000, 0x0000000100000000, 0x0000000100000000)
 Metaspace       used 39011K, capacity 40344K, committed 40548K, reserved 1085440K
  class space    used 4567K, capacity 4852K, committed 4964K, reserved 1048576K
}
2018-06-13T02:14:47.189-0300: 30217.210: Total time for which application threads were stopped: 0.0040269 seconds, Stopping threads took: 0.0000373 seconds
{Heap before GC invocations=138 (full 1):
 par new generation   total 109248K, used 91712K [0x00000000e0000000, 0x00000000e8000000, 0x00000000e8000000)
  eden space 87424K, 100% used [0x00000000e0000000, 0x00000000e5560000, 0x00000000e5560000)
  from space 21824K,  19% used [0x00000000e5560000, 0x00000000e59902c8, 0x00000000e6ab0000)
  to   space 21824K,   0% used [0x00000000e6ab0000, 0x00000000e6ab0000, 0x00000000e8000000)
 concurrent mark-sweep generation total 393216K, used 92479K [0x00000000e8000000, 0x0000000100000000, 0x0000000100000000)
 Metaspace       used 39011K, capacity 40344K, committed 40548K, reserved 1085440K
  class space    used 4567K, capacity 4852K, committed 4964K, reserved 1048576K
2018-06-13T02:14:47.269-0300: 30217.290: [GC (Allocation Failure) 2018-06-13T02:14:47.269-0300: 30217.290: [ParNew
Desired survivor size 20112992 bytes, new threshold 8 (max 8)
- age   1:     534600 bytes,     534600 total
- age   2:     233104 bytes,     767704 total
- age   3:     386280 bytes,    1153984 total
- age   4:     335176 bytes,    1489160 total
- age   5:     316744 bytes,    1805904 total
- age   6:     678624 bytes,    2484528 total
- age   7:     211032 bytes,    2695560 total
- age   8:     526736 bytes,    3222296 total
: 91712K->4008K(109248K), 0.0039271 secs] 184192K->96696K(502464K), 0.0040181 secs] [Times: user=0.00 sys=0.00, real=0.00 secs] 
Heap after GC invocations=139 (full 1):
 par new generation   total 109248K, used 4008K [0x00000000e0000000, 0x00000000e8000000, 0x00000000e8000000)
  eden space 87424K,   0% used [0x00000000e0000000, 0x00000000e0000000, 0x00000000e5560000)
  from space 21824K,  18% used [0x00000000e6ab0000, 0x00000000e6e9a398, 0x00000000e8000000)
  to   space 21824K,   0% used [0x00000000e5560000, 0x00000000e5560000, 0x00000000e6ab0000)
 concurrent mark-sweep generation total 393216K, used 92687K [0x00000000e8000000, 0x0000000100000000, 0x0000000100000000)
 Metaspace       used 39011K, capacity 40344K, committed 40548K, reserved 1085440K
  class space    used 4567K, capacity 4852K, committed 4964K, reserved 1048576K
}
2018-06-13T02:14:47.273-0300: 30217.294: Total time for which application threads were stopped: 0.0042928 seconds, Stopping threads took: 0.0000508 seconds
{Heap before GC invocations=139 (full 1):
 par new generation   total 109248K, used 91432K [0x00000000e0000000, 0x00000000e8000000, 0x00000000e8000000)
  eden space 87424K, 100% used [0x00000000e0000000, 0x00000000e5560000, 0x00000000e5560000)
  from space 21824K,  18% used [0x00000000e6ab0000, 0x00000000e6e9a398, 0x00000000e8000000)
  to   space 21824K,   0% used [0x00000000e5560000, 0x00000000e5560000, 0x00000000e6ab0000)
 concurrent mark-sweep generation total 393216K, used 92687K [0x00000000e8000000, 0x0000000100000000, 0x0000000100000000)
 Metaspace       used 39011K, capacity 40344K, committed 40548K, reserved 1085440K
  class space    used 4567K, capacity 4852K, committed 4964K, reserved 1048576K
2018-06-13T02:14:47.357-0300: 30217.379: [GC (Allocation Failure) 2018-06-13T02:14:47.357-0300: 30217.379: [ParNew
Desired survivor size 20112992 bytes, new threshold 8 (max 8)
- age   1:     780640 bytes,     780640 total
- age   2:     216728 bytes,     997368 total
- age   3:     229720 bytes,    1227088 total
- age   4:     386280 bytes,    1613368 total
- age   5:     269624 bytes,    1882992 total
- age   6:     316744 bytes,    2199736 total
- age   7:     678624 bytes,    2878360 total
- age   8:     211032 bytes,    3089392 total
: 91432K->4025K(109248K), 0.0049879 secs] 184120K->97227K(502464K), 0.0050831 secs] [Times: user=0.00 sys=0.00, real=0.01 secs] 
Heap after GC invocations=140 (full 1):
 par new generation   total 109248K, used 4025K [0x00000000e0000000, 0x00000000e8000000, 0x00000000e8000000)
  eden space 87424K,   0% used [0x00000000e0000000, 0x00000000e0000000, 0x00000000e5560000)
  from space 21824K,  18% used [0x00000000e5560000, 0x00000000e594e670, 0x00000000e6ab0000)
  to   space 21824K,   0% used [0x00000000e6ab0000, 0x00000000e6ab0000, 0x00000000e8000000)
 concurrent mark-sweep generation total 393216K, used 93202K [0x00000000e8000000, 0x0000000100000000, 0x0000000100000000)
 Metaspace       used 39011K, capacity 40344K, committed 40548K, reserved 1085440K
  class space    used 4567K, capacity 4852K, committed 4964K, reserved 1048576K
}
2018-06-13T02:14:47.363-0300: 30217.384: Total time for which application threads were stopped: 0.0053444 seconds, Stopping threads took: 0.0000397 seconds
{Heap before GC invocations=140 (full 1):
 par new generation   total 109248K, used 91449K [0x00000000e0000000, 0x00000000e8000000, 0x00000000e8000000)
  eden space 87424K, 100% used [0x00000000e0000000, 0x00000000e5560000, 0x00000000e5560000)
  from space 21824K,  18% used [0x00000000e5560000, 0x00000000e594e670, 0x00000000e6ab0000)
  to   space 21824K,   0% used [0x00000000e6ab0000, 0x00000000e6ab0000, 0x00000000e8000000)
 concurrent mark-sweep generation total 393216K, used 93202K [0x00000000e8000000, 0x0000000100000000, 0x0000000100000000)
 Metaspace       used 39011K, capacity 40344K, committed 40548K, reserved 1085440K
  class space    used 4567K, capacity 4852K, committed 4964K, reserved 1048576K
2018-06-13T02:14:47.450-0300: 30217.471: [GC (Allocation Failure) 2018-06-13T02:14:47.450-0300: 30217.471: [ParNew
Desired survivor size 20112992 bytes, new threshold 8 (max 8)
- age   1:     603584 bytes,     603584 total
- age   2:     422408 bytes,    1025992 total
- age   3:     216728 bytes,    1242720 total
- age   4:     227608 bytes,    1470328 total
- age   5:     386280 bytes,    1856608 total
- age   6:     269624 bytes,    2126232 total
- age   7:     316744 bytes,    2442976 total
- age   8:     678584 bytes,    3121560 total
: 91449K->4517K(109248K), 0.0065522 secs] 184651K->97925K(502464K), 0.0066296 secs] [Times: user=0.00 sys=0.00, real=0.01 secs] 
Heap after GC invocations=141 (full 1):
 par new generation   total 109248K, used 4517K [0x00000000e0000000, 0x00000000e8000000, 0x00000000e8000000)
  eden space 87424K,   0% used [0x00000000e0000000, 0x00000000e0000000, 0x00000000e5560000)
  from space 21824K,  20% used [0x00000000e6ab0000, 0x00000000e6f19588, 0x00000000e8000000)
  to   space 21824K,   0% used [0x00000000e5560000, 0x00000000e5560000, 0x00000000e6ab0000)
 concurrent mark-sweep generation total 393216K, used 93408K [0x00000000e8000000, 0x0000000100000000, 0x0000000100000000)
 Metaspace       used 39011K, capacity 40344K, committed 40548K, reserved 1085440K
  class space    used 4567K, capacity 4852K, committed 4964K, reserved 1048576K
}
2018-06-13T02:14:47.457-0300: 30217.478: Total time for which application threads were stopped: 0.0068848 seconds, Stopping threads took: 0.0000289 seconds
{Heap before GC invocations=141 (full 1):
 par new generation   total 109248K, used 91941K [0x00000000e0000000, 0x00000000e8000000, 0x00000000e8000000)
  eden space 87424K, 100% used [0x00000000e0000000, 0x00000000e5560000, 0x00000000e5560000)
  from space 21824K,  20% used [0x00000000e6ab0000, 0x00000000e6f19588, 0x00000000e8000000)
  to   space 21824K,   0% used [0x00000000e5560000, 0x00000000e5560000, 0x00000000e6ab0000)
 concurrent mark-sweep generation total 393216K, used 93408K [0x00000000e8000000, 0x0000000100000000, 0x0000000100000000)
 Metaspace       used 39011K, capacity 40344K, committed 40548K, reserved 1085440K
  class space    used 4567K, capacity 4852K, committed 4964K, reserved 1048576K
2018-06-13T02:14:47.566-0300: 30217.587: [GC (Allocation Failure) 2018-06-13T02:14:47.566-0300: 30217.587: [ParNew
Desired survivor size 20112992 bytes, new threshold 8 (max 8)
- age   1:     299816 bytes,     299816 total
- age   2:     497256 bytes,     797072 total
- age   3:     422408 bytes,    1219480 total
- age   4:     216728 bytes,    1436208 total
- age   5:     227608 bytes,    1663816 total
- age   6:     386280 bytes,    2050096 total
- age   7:     269624 bytes,    2319720 total
- age   8:     316744 bytes,    2636464 total
: 91941K->3707K(109248K), 0.0039672 secs] 185349K->97780K(502464K), 0.0040414 secs] [Times: user=0.00 sys=0.00, real=0.00 secs] 
Heap after GC invocations=142 (full 1):
 par new generation   total 109248K, used 3707K [0x00000000e0000000, 0x00000000e8000000, 0x00000000e8000000)
  eden space 87424K,   0% used [0x00000000e0000000, 0x00000000e0000000, 0x00000000e5560000)
  from space 21824K,  16% used [0x00000000e5560000, 0x00000000e58fed80, 0x00000000e6ab0000)
  to   space 21824K,   0% used [0x00000000e6ab0000, 0x00000000e6ab0000, 0x00000000e8000000)
 concurrent mark-sweep generation total 393216K, used 94073K [0x00000000e8000000, 0x0000000100000000, 0x0000000100000000)
 Metaspace       used 39011K, capacity 40344K, committed 40548K, reserved 1085440K
  class space    used 4567K, capacity 4852K, committed 4964K, reserved 1048576K
}
2018-06-13T02:14:47.570-0300: 30217.591: Total time for which application threads were stopped: 0.0042952 seconds, Stopping threads took: 0.0000303 seconds
{Heap before GC invocations=142 (full 1):
 par new generation   total 109248K, used 91131K [0x00000000e0000000, 0x00000000e8000000, 0x00000000e8000000)
  eden space 87424K, 100% used [0x00000000e0000000, 0x00000000e5560000, 0x00000000e5560000)
  from space 21824K,  16% used [0x00000000e5560000, 0x00000000e58fed80, 0x00000000e6ab0000)
  to   space 21824K,   0% used [0x00000000e6ab0000, 0x00000000e6ab0000, 0x00000000e8000000)
 concurrent mark-sweep generation total 393216K, used 94073K [0x00000000e8000000, 0x0000000100000000, 0x0000000100000000)
 Metaspace       used 39011K, capacity 40344K, committed 40548K, reserved 1085440K
  class space    used 4567K, capacity 4852K, committed 4964K, reserved 1048576K
2018-06-13T02:14:47.650-0300: 30217.671: [GC (Allocation Failure) 2018-06-13T02:14:47.650-0300: 30217.671: [ParNew
Desired survivor size 20112992 bytes, new threshold 8 (max 8)
- age   1:     629120 bytes,     629120 total
- age   2:     193528 bytes,     822648 total
- age   3:     214176 bytes,    1036824 total
- age   4:     417456 bytes,    1454280 total
- age   5:     216728 bytes,    1671008 total
- age   6:     227608 bytes,    1898616 total
- age   7:     386280 bytes,    2284896 total
- age   8:     269624 bytes,    2554520 total
: 91131K->3214K(109248K), 0.0038100 secs] 185204K->97596K(502464K), 0.0039089 secs] [Times: user=0.00 sys=0.00, real=0.00 secs] 
Heap after GC invocations=143 (full 1):
 par new generation   total 109248K, used 3214K [0x00000000e0000000, 0x00000000e8000000, 0x00000000e8000000)
  eden space 87424K,   0% used [0x00000000e0000000, 0x00000000e0000000, 0x00000000e5560000)
  from space 21824K,  14% used [0x00000000e6ab0000, 0x00000000e6dd38b8, 0x00000000e8000000)
  to   space 21824K,   0% used [0x00000000e5560000, 0x00000000e5560000, 0x00000000e6ab0000)
 concurrent mark-sweep generation total 393216K, used 94382K [0x00000000e8000000, 0x0000000100000000, 0x0000000100000000)
 Metaspace       used 39011K, capacity 40344K, committed 40548K, reserved 1085440K
  class space    used 4567K, capacity 4852K, committed 4964K, reserved 1048576K
}
2018-06-13T02:14:47.654-0300: 30217.675: Total time for which application threads were stopped: 0.0041589 seconds, Stopping threads took: 0.0000331 seconds
{Heap before GC invocations=143 (full 1):
 par new generation   total 109248K, used 90638K [0x00000000e0000000, 0x00000000e8000000, 0x00000000e8000000)
  eden space 87424K, 100% used [0x00000000e0000000, 0x00000000e5560000, 0x00000000e5560000)
  from space 21824K,  14% used [0x00000000e6ab0000, 0x00000000e6dd38b8, 0x00000000e8000000)
  to   space 21824K,   0% used [0x00000000e5560000, 0x00000000e5560000, 0x00000000e6ab0000)
 concurrent mark-sweep generation total 393216K, used 94382K [0x00000000e8000000, 0x0000000100000000, 0x0000000100000000)
 Metaspace       used 39011K, capacity 40344K, committed 40548K, reserved 1085440K
  class space    used 4567K, capacity 4852K, committed 4964K, reserved 1048576K
2018-06-13T02:14:47.735-0300: 30217.756: [GC (Allocation Failure) 2018-06-13T02:14:47.735-0300: 30217.756: [ParNew
Desired survivor size 20112992 bytes, new threshold 8 (max 8)
- age   1:     320704 bytes,     320704 total
- age   2:     559480 bytes,     880184 total
- age   3:     193528 bytes,    1073712 total
- age   4:     214176 bytes,    1287888 total
- age   5:     417456 bytes,    1705344 total
- age   6:     214600 bytes,    1919944 total
- age   7:     227608 bytes,    2147552 total
- age   8:     386280 bytes,    2533832 total
: 90638K->2646K(109248K), 0.0042518 secs] 185020K->97292K(502464K), 0.0043339 secs] [Times: user=0.00 sys=0.00, real=0.00 secs] 
Heap after GC invocations=144 (full 1):
 par new generation   total 109248K, used 2646K [0x00000000e0000000, 0x00000000e8000000, 0x00000000e8000000)
  eden space 87424K,   0% used [0x00000000e0000000, 0x00000000e0000000, 0x00000000e5560000)
  from space 21824K,  12% used [0x00000000e5560000, 0x00000000e57f5ba8, 0x00000000e6ab0000)
  to   space 21824K,   0% used [0x00000000e6ab0000, 0x00000000e6ab0000, 0x00000000e8000000)
 concurrent mark-sweep generation total 393216K, used 94645K [0x00000000e8000000, 0x0000000100000000, 0x0000000100000000)
 Metaspace       used 39011K, capacity 40344K, committed 40548K, reserved 1085440K
  class space    used 4567K, capacity 4852K, committed 4964K, reserved 1048576K
}
2018-06-13T02:14:47.739-0300: 30217.760: Total time for which application threads were stopped: 0.0045690 seconds, Stopping threads took: 0.0000313 seconds
2018-06-13T02:14:47.743-0300: 30217.765: Total time for which application threads were stopped: 0.0001274 seconds, Stopping threads took: 0.0000406 seconds
2018-06-13T02:14:47.746-0300: 30217.767: Total time for which application threads were stopped: 0.0001577 seconds, Stopping threads took: 0.0000695 seconds
2018-06-13T02:14:47.746-0300: 30217.767: Total time for which application threads were stopped: 0.0000970 seconds, Stopping threads took: 0.0000485 seconds
2018-06-13T02:14:47.976-0300: 30217.998: Total time for which application threads were stopped: 0.0002384 seconds, Stopping threads took: 0.0000980 seconds
2018-06-13T02:14:47.977-0300: 30217.998: Total time for which application threads were stopped: 0.0001539 seconds, Stopping threads took: 0.0001012 seconds
2018-06-13T02:14:47.977-0300: 30217.998: Total time for which application threads were stopped: 0.0000882 seconds, Stopping threads took: 0.0000317 seconds
2018-06-13T02:14:47.999-0300: 30218.020: Total time for which application threads were stopped: 0.0001274 seconds, Stopping threads took: 0.0000313 seconds
2018-06-13T02:14:48.100-0300: 30218.122: Total time for which application threads were stopped: 0.0001246 seconds, Stopping threads took: 0.0000280 seconds
2018-06-13T02:14:48.101-0300: 30218.123: Total time for which application threads were stopped: 0.0000653 seconds, Stopping threads took: 0.0000154 seconds
2018-06-13T02:14:48.102-0300: 30218.124: Total time for which application threads were stopped: 0.0000630 seconds, Stopping threads took: 0.0000145 seconds
2018-06-13T02:14:48.103-0300: 30218.124: Total time for which application threads were stopped: 0.0000602 seconds, Stopping threads took: 0.0000149 seconds
2018-06-13T02:14:48.103-0300: 30218.124: Total time for which application threads were stopped: 0.0000765 seconds, Stopping threads took: 0.0000229 seconds
2018-06-13T02:14:48.103-0300: 30218.124: Total time for which application threads were stopped: 0.0000793 seconds, Stopping threads took: 0.0000303 seconds
2018-06-13T02:14:48.105-0300: 30218.126: Total time for which application threads were stopped: 0.0000938 seconds, Stopping threads took: 0.0000252 seconds
2018-06-13T02:14:48.105-0300: 30218.126: Total time for which application threads were stopped: 0.0000695 seconds, Stopping threads took: 0.0000168 seconds
2018-06-13T02:14:48.105-0300: 30218.127: Total time for which application threads were stopped: 0.0001092 seconds, Stopping threads took: 0.0000630 seconds
2018-06-13T02:14:48.105-0300: 30218.127: Total time for which application threads were stopped: 0.0000634 seconds, Stopping threads took: 0.0000159 seconds
2018-06-13T02:14:48.115-0300: 30218.136: Total time for which application threads were stopped: 0.0001353 seconds, Stopping threads took: 0.0000425 seconds
2018-06-13T02:14:48.115-0300: 30218.137: Total time for which application threads were stopped: 0.0000756 seconds, Stopping threads took: 0.0000280 seconds
2018-06-13T02:14:48.115-0300: 30218.137: Total time for which application threads were stopped: 0.0000592 seconds, Stopping threads took: 0.0000145 seconds
2018-06-13T02:14:48.115-0300: 30218.137: Total time for which application threads were stopped: 0.0000583 seconds, Stopping threads took: 0.0000140 seconds
2018-06-13T02:14:48.911-0300: 30218.932: Total time for which application threads were stopped: 0.0001927 seconds, Stopping threads took: 0.0000350 seconds
2018-06-13T02:14:48.930-0300: 30218.952: Total time for which application threads were stopped: 0.0001484 seconds, Stopping threads took: 0.0000336 seconds
{Heap before GC invocations=144 (full 1):
 par new generation   total 109248K, used 90070K [0x00000000e0000000, 0x00000000e8000000, 0x00000000e8000000)
  eden space 87424K, 100% used [0x00000000e0000000, 0x00000000e5560000, 0x00000000e5560000)
  from space 21824K,  12% used [0x00000000e5560000, 0x00000000e57f5ba8, 0x00000000e6ab0000)
  to   space 21824K,   0% used [0x00000000e6ab0000, 0x00000000e6ab0000, 0x00000000e8000000)
 concurrent mark-sweep generation total 393216K, used 94645K [0x00000000e8000000, 0x0000000100000000, 0x0000000100000000)
 Metaspace       used 39444K, capacity 40876K, committed 41060K, reserved 1085440K
  class space    used 4630K, capacity 4936K, committed 4964K, reserved 1048576K
2018-06-13T02:14:49.144-0300: 30219.165: [GC (Allocation Failure) 2018-06-13T02:14:49.144-0300: 30219.165: [ParNew
Desired survivor size 20112992 bytes, new threshold 8 (max 8)
- age   1:    3857808 bytes,    3857808 total
- age   2:     318808 bytes,    4176616 total
- age   3:     556904 bytes,    4733520 total
- age   4:     192976 bytes,    4926496 total
- age   5:     211968 bytes,    5138464 total
- age   6:     416168 bytes,    5554632 total
- age   7:     212208 bytes,    5766840 total
- age   8:     225952 bytes,    5992792 total
: 90070K->6704K(109248K), 0.0045699 secs] 184716K->101725K(502464K), 0.0047500 secs] [Times: user=0.00 sys=0.00, real=0.00 secs] 
Heap after GC invocations=145 (full 1):
 par new generation   total 109248K, used 6704K [0x00000000e0000000, 0x00000000e8000000, 0x00000000e8000000)
  eden space 87424K,   0% used [0x00000000e0000000, 0x00000000e0000000, 0x00000000e5560000)
  from space 21824K,  30% used [0x00000000e6ab0000, 0x00000000e713c0c8, 0x00000000e8000000)
  to   space 21824K,   0% used [0x00000000e5560000, 0x00000000e5560000, 0x00000000e6ab0000)
 concurrent mark-sweep generation total 393216K, used 95021K [0x00000000e8000000, 0x0000000100000000, 0x0000000100000000)
 Metaspace       used 39444K, capacity 40876K, committed 41060K, reserved 1085440K
  class space    used 4630K, capacity 4936K, committed 4964K, reserved 1048576K
}
2018-06-13T02:14:49.148-0300: 30219.170: Total time for which application threads were stopped: 0.0050612 seconds, Stopping threads took: 0.0000415 seconds
2018-06-13T02:14:49.300-0300: 30219.322: Total time for which application threads were stopped: 0.0001563 seconds, Stopping threads took: 0.0000429 seconds
2018-06-13T02:14:49.301-0300: 30219.323: Total time for which application threads were stopped: 0.0000924 seconds, Stopping threads took: 0.0000233 seconds
2018-06-13T02:14:49.365-0300: 30219.386: Total time for which application threads were stopped: 0.0001763 seconds, Stopping threads took: 0.0000765 seconds
2018-06-13T02:14:49.366-0300: 30219.386: Total time for which application threads were stopped: 0.0001236 seconds, Stopping threads took: 0.0000672 seconds
2018-06-13T02:14:49.435-0300: 30219.456: Total time for which application threads were stopped: 0.0001470 seconds, Stopping threads took: 0.0000415 seconds
2018-06-13T02:14:49.660-0300: 30219.681: Total time for which application threads were stopped: 0.0001250 seconds, Stopping threads took: 0.0000359 seconds
2018-06-13T02:14:49.660-0300: 30219.682: Total time for which application threads were stopped: 0.0000676 seconds, Stopping threads took: 0.0000196 seconds
2018-06-13T02:14:49.663-0300: 30219.685: Total time for which application threads were stopped: 0.0000924 seconds, Stopping threads took: 0.0000266 seconds
2018-06-13T02:14:49.667-0300: 30219.689: Total time for which application threads were stopped: 0.0001288 seconds, Stopping threads took: 0.0000378 seconds
2018-06-13T02:14:49.668-0300: 30219.689: Total time for which application threads were stopped: 0.0001068 seconds, Stopping threads took: 0.0000499 seconds
2018-06-13T02:14:49.668-0300: 30219.689: Total time for which application threads were stopped: 0.0000966 seconds, Stopping threads took: 0.0000443 seconds
2018-06-13T02:14:49.668-0300: 30219.689: Total time for which application threads were stopped: 0.0001376 seconds, Stopping threads took: 0.0000816 seconds
2018-06-13T02:14:49.809-0300: 30219.831: Total time for which application threads were stopped: 0.0001344 seconds, Stopping threads took: 0.0000313 seconds
2018-06-13T02:14:49.810-0300: 30219.831: Total time for which application threads were stopped: 0.0001073 seconds, Stopping threads took: 0.0000299 seconds
2018-06-13T02:14:49.811-0300: 30219.833: Total time for which application threads were stopped: 0.0000779 seconds, Stopping threads took: 0.0000201 seconds
2018-06-13T02:14:49.811-0300: 30219.833: Total time for which application threads were stopped: 0.0000620 seconds, Stopping threads took: 0.0000163 seconds
2018-06-13T02:14:49.812-0300: 30219.833: Total time for which application threads were stopped: 0.0000630 seconds, Stopping threads took: 0.0000159 seconds
2018-06-13T02:14:49.812-0300: 30219.833: Total time for which application threads were stopped: 0.0000606 seconds, Stopping threads took: 0.0000159 seconds
2018-06-13T02:14:49.813-0300: 30219.835: Total time for which application threads were stopped: 0.0000634 seconds, Stopping threads took: 0.0000168 seconds
2018-06-13T02:14:49.814-0300: 30219.835: Total time for which application threads were stopped: 0.0000672 seconds, Stopping threads took: 0.0000219 seconds
2018-06-13T02:14:49.814-0300: 30219.835: Total time for which application threads were stopped: 0.0000611 seconds, Stopping threads took: 0.0000159 seconds
2018-06-13T02:14:49.814-0300: 30219.835: Total time for which application threads were stopped: 0.0000611 seconds, Stopping threads took: 0.0000163 seconds
2018-06-13T02:14:49.823-0300: 30219.845: Total time for which application threads were stopped: 0.0001255 seconds, Stopping threads took: 0.0000299 seconds
2018-06-13T02:14:49.823-0300: 30219.845: Total time for which application threads were stopped: 0.0000672 seconds, Stopping threads took: 0.0000154 seconds
2018-06-13T02:14:49.824-0300: 30219.845: Total time for which application threads were stopped: 0.0000630 seconds, Stopping threads took: 0.0000191 seconds
2018-06-13T02:14:49.824-0300: 30219.845: Total time for which application threads were stopped: 0.0000751 seconds, Stopping threads took: 0.0000196 seconds
2018-06-13T02:14:49.824-0300: 30219.845: Total time for which application threads were stopped: 0.0000611 seconds, Stopping threads took: 0.0000145 seconds
{Heap before GC invocations=145 (full 1):
 par new generation   total 109248K, used 94128K [0x00000000e0000000, 0x00000000e8000000, 0x00000000e8000000)
  eden space 87424K, 100% used [0x00000000e0000000, 0x00000000e5560000, 0x00000000e5560000)
  from space 21824K,  30% used [0x00000000e6ab0000, 0x00000000e713c0c8, 0x00000000e8000000)
  to   space 21824K,   0% used [0x00000000e5560000, 0x00000000e5560000, 0x00000000e6ab0000)
 concurrent mark-sweep generation total 393216K, used 95021K [0x00000000e8000000, 0x0000000100000000, 0x0000000100000000)
 Metaspace       used 39507K, capacity 40940K, committed 41060K, reserved 1085440K
  class space    used 4635K, capacity 4936K, committed 4964K, reserved 1048576K
2018-06-13T02:14:50.137-0300: 30220.158: [GC (Allocation Failure) 2018-06-13T02:14:50.137-0300: 30220.159: [ParNew
Desired survivor size 20112992 bytes, new threshold 8 (max 8)
- age   1:     882048 bytes,     882048 total
- age   2:     911520 bytes,    1793568 total
- age   3:     318776 bytes,    2112344 total
- age   4:     556904 bytes,    2669248 total
- age   5:     192976 bytes,    2862224 total
- age   6:     211968 bytes,    3074192 total
- age   7:     416168 bytes,    3490360 total
- age   8:     212208 bytes,    3702568 total
: 94128K->6451K(109248K), 0.0046712 secs] 189149K->101693K(502464K), 0.0047808 secs] [Times: user=0.00 sys=0.00, real=0.00 secs] 
Heap after GC invocations=146 (full 1):
 par new generation   total 109248K, used 6451K [0x00000000e0000000, 0x00000000e8000000, 0x00000000e8000000)
  eden space 87424K,   0% used [0x00000000e0000000, 0x00000000e0000000, 0x00000000e5560000)
  from space 21824K,  29% used [0x00000000e5560000, 0x00000000e5bacce0, 0x00000000e6ab0000)
  to   space 21824K,   0% used [0x00000000e6ab0000, 0x00000000e6ab0000, 0x00000000e8000000)
 concurrent mark-sweep generation total 393216K, used 95242K [0x00000000e8000000, 0x0000000100000000, 0x0000000100000000)
 Metaspace       used 39507K, capacity 40940K, committed 41060K, reserved 1085440K
  class space    used 4635K, capacity 4936K, committed 4964K, reserved 1048576K
}
2018-06-13T02:14:50.142-0300: 30220.163: Total time for which application threads were stopped: 0.0051400 seconds, Stopping threads took: 0.0000378 seconds
2018-06-13T02:14:50.186-0300: 30220.207: Total time for which application threads were stopped: 0.0001577 seconds, Stopping threads took: 0.0000457 seconds
2018-06-13T02:14:50.395-0300: 30220.417: Total time for which application threads were stopped: 0.0001922 seconds, Stopping threads took: 0.0000378 seconds
2018-06-13T02:14:50.396-0300: 30220.417: Total time for which application threads were stopped: 0.0000807 seconds, Stopping threads took: 0.0000201 seconds
2018-06-13T02:14:50.396-0300: 30220.418: Total time for which application threads were stopped: 0.0000662 seconds, Stopping threads took: 0.0000168 seconds
2018-06-13T02:14:50.399-0300: 30220.421: Total time for which application threads were stopped: 0.0001152 seconds, Stopping threads took: 0.0000327 seconds
2018-06-13T02:14:50.399-0300: 30220.421: Total time for which application threads were stopped: 0.0000709 seconds, Stopping threads took: 0.0000215 seconds
2018-06-13T02:14:50.442-0300: 30220.463: Total time for which application threads were stopped: 0.0001316 seconds, Stopping threads took: 0.0000369 seconds
2018-06-13T02:14:50.622-0300: 30220.643: Total time for which application threads were stopped: 0.0001218 seconds, Stopping threads took: 0.0000308 seconds
2018-06-13T02:14:50.622-0300: 30220.643: Total time for which application threads were stopped: 0.0000653 seconds, Stopping threads took: 0.0000173 seconds
2018-06-13T02:14:50.629-0300: 30220.650: Total time for which application threads were stopped: 0.0001339 seconds, Stopping threads took: 0.0000373 seconds
2018-06-13T02:14:50.629-0300: 30220.651: Total time for which application threads were stopped: 0.0000928 seconds, Stopping threads took: 0.0000387 seconds
2018-06-13T02:14:50.630-0300: 30220.651: Total time for which application threads were stopped: 0.0001595 seconds, Stopping threads took: 0.0000994 seconds
2018-06-13T02:14:50.630-0300: 30220.651: Total time for which application threads were stopped: 0.0001241 seconds, Stopping threads took: 0.0000714 seconds
2018-06-13T02:14:50.698-0300: 30220.719: Total time for which application threads were stopped: 0.0001386 seconds, Stopping threads took: 0.0000336 seconds
2018-06-13T02:14:50.699-0300: 30220.720: Total time for which application threads were stopped: 0.0001302 seconds, Stopping threads took: 0.0000527 seconds
2018-06-13T02:14:50.701-0300: 30220.722: Total time for which application threads were stopped: 0.0000854 seconds, Stopping threads took: 0.0000219 seconds
2018-06-13T02:14:50.701-0300: 30220.722: Total time for which application threads were stopped: 0.0000840 seconds, Stopping threads took: 0.0000327 seconds
2018-06-13T02:14:50.701-0300: 30220.722: Total time for which application threads were stopped: 0.0000742 seconds, Stopping threads took: 0.0000215 seconds
2018-06-13T02:14:50.701-0300: 30220.722: Total time for which application threads were stopped: 0.0001227 seconds, Stopping threads took: 0.0000714 seconds
2018-06-13T02:14:50.703-0300: 30220.724: Total time for which application threads were stopped: 0.0001325 seconds, Stopping threads took: 0.0000471 seconds
2018-06-13T02:14:50.703-0300: 30220.724: Total time for which application threads were stopped: 0.0000994 seconds, Stopping threads took: 0.0000233 seconds
2018-06-13T02:14:50.703-0300: 30220.724: Total time for which application threads were stopped: 0.0000802 seconds, Stopping threads took: 0.0000233 seconds
2018-06-13T02:14:50.704-0300: 30220.725: Total time for which application threads were stopped: 0.0000816 seconds, Stopping threads took: 0.0000289 seconds
2018-06-13T02:14:50.713-0300: 30220.734: Total time for which application threads were stopped: 0.0001283 seconds, Stopping threads took: 0.0000341 seconds
2018-06-13T02:14:50.713-0300: 30220.734: Total time for which application threads were stopped: 0.0000919 seconds, Stopping threads took: 0.0000369 seconds
2018-06-13T02:14:50.714-0300: 30220.735: Total time for which application threads were stopped: 0.0000788 seconds, Stopping threads took: 0.0000229 seconds
2018-06-13T02:14:50.714-0300: 30220.735: Total time for which application threads were stopped: 0.0000882 seconds, Stopping threads took: 0.0000378 seconds
2018-06-13T02:14:50.714-0300: 30220.735: Total time for which application threads were stopped: 0.0000779 seconds, Stopping threads took: 0.0000294 seconds
{Heap before GC invocations=146 (full 1):
 par new generation   total 109248K, used 93875K [0x00000000e0000000, 0x00000000e8000000, 0x00000000e8000000)
  eden space 87424K, 100% used [0x00000000e0000000, 0x00000000e5560000, 0x00000000e5560000)
  from space 21824K,  29% used [0x00000000e5560000, 0x00000000e5bacce0, 0x00000000e6ab0000)
  to   space 21824K,   0% used [0x00000000e6ab0000, 0x00000000e6ab0000, 0x00000000e8000000)
 concurrent mark-sweep generation total 393216K, used 95242K [0x00000000e8000000, 0x0000000100000000, 0x0000000100000000)
 Metaspace       used 39609K, capacity 41022K, committed 41060K, reserved 1085440K
  class space    used 4642K, capacity 4949K, committed 4964K, reserved 1048576K
2018-06-13T02:14:50.914-0300: 30220.935: [GC (Allocation Failure) 2018-06-13T02:14:50.914-0300: 30220.935: [ParNew
Desired survivor size 20112992 bytes, new threshold 8 (max 8)
- age   1:    1430840 bytes,    1430840 total
- age   2:     342464 bytes,    1773304 total
- age   3:     910512 bytes,    2683816 total
- age   4:     318776 bytes,    3002592 total
- age   5:     556904 bytes,    3559496 total
- age   6:     192976 bytes,    3752472 total
- age   7:     211968 bytes,    3964440 total
- age   8:     416168 bytes,    4380608 total
: 93875K->5442K(109248K), 0.0050565 secs] 189117K->100892K(502464K), 0.0051783 secs] [Times: user=0.05 sys=0.00, real=0.00 secs] 
Heap after GC invocations=147 (full 1):
 par new generation   total 109248K, used 5442K [0x00000000e0000000, 0x00000000e8000000, 0x00000000e8000000)
  eden space 87424K,   0% used [0x00000000e0000000, 0x00000000e0000000, 0x00000000e5560000)
  from space 21824K,  24% used [0x00000000e6ab0000, 0x00000000e7000ab8, 0x00000000e8000000)
  to   space 21824K,   0% used [0x00000000e5560000, 0x00000000e5560000, 0x00000000e6ab0000)
 concurrent mark-sweep generation total 393216K, used 95449K [0x00000000e8000000, 0x0000000100000000, 0x0000000100000000)
 Metaspace       used 39609K, capacity 41022K, committed 41060K, reserved 1085440K
  class space    used 4642K, capacity 4949K, committed 4964K, reserved 1048576K
}
2018-06-13T02:14:50.919-0300: 30220.940: Total time for which application threads were stopped: 0.0055128 seconds, Stopping threads took: 0.0000378 seconds
2018-06-13T02:14:51.040-0300: 30221.060: Total time for which application threads were stopped: 0.0001488 seconds, Stopping threads took: 0.0000317 seconds
2018-06-13T02:14:51.235-0300: 30221.257: Total time for which application threads were stopped: 0.0001264 seconds, Stopping threads took: 0.0000285 seconds
2018-06-13T02:14:51.236-0300: 30221.258: Total time for which application threads were stopped: 0.0000942 seconds, Stopping threads took: 0.0000280 seconds
2018-06-13T02:14:51.241-0300: 30221.263: Total time for which application threads were stopped: 0.0002598 seconds, Stopping threads took: 0.0000481 seconds
2018-06-13T02:14:51.241-0300: 30221.263: Total time for which application threads were stopped: 0.0001661 seconds, Stopping threads took: 0.0000261 seconds
2018-06-13T02:14:51.280-0300: 30221.301: Total time for which application threads were stopped: 0.0002207 seconds, Stopping threads took: 0.0000448 seconds
2018-06-13T02:14:51.522-0300: 30221.543: Total time for which application threads were stopped: 0.0001376 seconds, Stopping threads took: 0.0000317 seconds
2018-06-13T02:14:51.522-0300: 30221.543: Total time for which application threads were stopped: 0.0000690 seconds, Stopping threads took: 0.0000168 seconds
2018-06-13T02:14:51.528-0300: 30221.549: Total time for which application threads were stopped: 0.0001124 seconds, Stopping threads took: 0.0000327 seconds
2018-06-13T02:14:51.528-0300: 30221.549: Total time for which application threads were stopped: 0.0000770 seconds, Stopping threads took: 0.0000233 seconds
2018-06-13T02:14:51.529-0300: 30221.550: Total time for which application threads were stopped: 0.0002225 seconds, Stopping threads took: 0.0001488 seconds
2018-06-13T02:14:51.529-0300: 30221.550: Total time for which application threads were stopped: 0.0000779 seconds, Stopping threads took: 0.0000224 seconds
2018-06-13T02:14:59.532-0300: 30229.552: Total time for which application threads were stopped: 0.0001250 seconds, Stopping threads took: 0.0000397 seconds
2018-06-13T02:15:44.068-0300: 30274.089: Total time for which application threads were stopped: 0.0001633 seconds, Stopping threads took: 0.0000434 seconds
2018-06-13T02:15:44.068-0300: 30274.089: Total time for which application threads were stopped: 0.0001442 seconds, Stopping threads took: 0.0000261 seconds
2018-06-13T02:15:44.068-0300: 30274.089: Total time for which application threads were stopped: 0.0001003 seconds, Stopping threads took: 0.0000257 seconds
2018-06-13T02:15:44.069-0300: 30274.090: Total time for which application threads were stopped: 0.0000900 seconds, Stopping threads took: 0.0000275 seconds
2018-06-13T02:15:44.069-0300: 30274.090: Total time for which application threads were stopped: 0.0000784 seconds, Stopping threads took: 0.0000224 seconds
2018-06-13T02:15:44.203-0300: 30274.224: Total time for which application threads were stopped: 0.0001409 seconds, Stopping threads took: 0.0000294 seconds
2018-06-13T02:15:44.204-0300: 30274.225: Total time for which application threads were stopped: 0.0000840 seconds, Stopping threads took: 0.0000177 seconds
{Heap before GC invocations=147 (full 1):
 par new generation   total 109248K, used 92866K [0x00000000e0000000, 0x00000000e8000000, 0x00000000e8000000)
  eden space 87424K, 100% used [0x00000000e0000000, 0x00000000e5560000, 0x00000000e5560000)
  from space 21824K,  24% used [0x00000000e6ab0000, 0x00000000e7000ab8, 0x00000000e8000000)
  to   space 21824K,   0% used [0x00000000e5560000, 0x00000000e5560000, 0x00000000e6ab0000)
 concurrent mark-sweep generation total 393216K, used 95449K [0x00000000e8000000, 0x0000000100000000, 0x0000000100000000)
 Metaspace       used 39648K, capacity 41094K, committed 41316K, reserved 1085440K
  class space    used 4642K, capacity 4949K, committed 4964K, reserved 1048576K
2018-06-13T02:15:44.218-0300: 30274.238: [GC (Allocation Failure) 2018-06-13T02:15:44.218-0300: 30274.239: [ParNew
Desired survivor size 20112992 bytes, new threshold 8 (max 8)
- age   1:    1331264 bytes,    1331264 total
- age   2:     628400 bytes,    1959664 total
- age   3:     341816 bytes,    2301480 total
- age   4:     910336 bytes,    3211816 total
- age   5:     318776 bytes,    3530592 total
- age   6:     556904 bytes,    4087496 total
- age   7:     192976 bytes,    4280472 total
- age   8:     211968 bytes,    4492440 total
: 92866K->6480K(109248K), 0.0044020 secs] 188316K->102336K(502464K), 0.0044706 secs] [Times: user=0.00 sys=0.00, real=0.00 secs] 
Heap after GC invocations=148 (full 1):
 par new generation   total 109248K, used 6480K [0x00000000e0000000, 0x00000000e8000000, 0x00000000e8000000)
  eden space 87424K,   0% used [0x00000000e0000000, 0x00000000e0000000, 0x00000000e5560000)
  from space 21824K,  29% used [0x00000000e5560000, 0x00000000e5bb42f8, 0x00000000e6ab0000)
  to   space 21824K,   0% used [0x00000000e6ab0000, 0x00000000e6ab0000, 0x00000000e8000000)
 concurrent mark-sweep generation total 393216K, used 95856K [0x00000000e8000000, 0x0000000100000000, 0x0000000100000000)
 Metaspace       used 39648K, capacity 41094K, committed 41316K, reserved 1085440K
  class space    used 4642K, capacity 4949K, committed 4964K, reserved 1048576K
}
2018-06-13T02:15:44.222-0300: 30274.243: Total time for which application threads were stopped: 0.0047691 seconds, Stopping threads took: 0.0000359 seconds
2018-06-13T02:15:44.222-0300: 30274.243: Total time for which application threads were stopped: 0.0003093 seconds, Stopping threads took: 0.0000369 seconds
{Heap before GC invocations=148 (full 1):
 par new generation   total 109248K, used 93904K [0x00000000e0000000, 0x00000000e8000000, 0x00000000e8000000)
  eden space 87424K, 100% used [0x00000000e0000000, 0x00000000e5560000, 0x00000000e5560000)
  from space 21824K,  29% used [0x00000000e5560000, 0x00000000e5bb42f8, 0x00000000e6ab0000)
  to   space 21824K,   0% used [0x00000000e6ab0000, 0x00000000e6ab0000, 0x00000000e8000000)
 concurrent mark-sweep generation total 393216K, used 95856K [0x00000000e8000000, 0x0000000100000000, 0x0000000100000000)
 Metaspace       used 39648K, capacity 41094K, committed 41316K, reserved 1085440K
  class space    used 4642K, capacity 4949K, committed 4964K, reserved 1048576K
2018-06-13T02:15:44.299-0300: 30274.320: [GC (Allocation Failure) 2018-06-13T02:15:44.299-0300: 30274.320: [ParNew
Desired survivor size 20112992 bytes, new threshold 8 (max 8)
- age   1:     570536 bytes,     570536 total
- age   2:    1160808 bytes,    1731344 total
- age   3:     628400 bytes,    2359744 total
- age   4:     341816 bytes,    2701560 total
- age   5:     910336 bytes,    3611896 total
- age   6:     318776 bytes,    3930672 total
- age   7:     556904 bytes,    4487576 total
- age   8:     192976 bytes,    4680552 total
: 93904K->6427K(109248K), 0.0048769 secs] 189760K->102490K(502464K), 0.0049856 secs] [Times: user=0.00 sys=0.00, real=0.00 secs] 
Heap after GC invocations=149 (full 1):
 par new generation   total 109248K, used 6427K [0x00000000e0000000, 0x00000000e8000000, 0x00000000e8000000)
  eden space 87424K,   0% used [0x00000000e0000000, 0x00000000e0000000, 0x00000000e5560000)
  from space 21824K,  29% used [0x00000000e6ab0000, 0x00000000e70f6e00, 0x00000000e8000000)
  to   space 21824K,   0% used [0x00000000e5560000, 0x00000000e5560000, 0x00000000e6ab0000)
 concurrent mark-sweep generation total 393216K, used 96063K [0x00000000e8000000, 0x0000000100000000, 0x0000000100000000)
 Metaspace       used 39648K, capacity 41094K, committed 41316K, reserved 1085440K
  class space    used 4642K, capacity 4949K, committed 4964K, reserved 1048576K
}
2018-06-13T02:15:44.304-0300: 30274.325: Total time for which application threads were stopped: 0.0052613 seconds, Stopping threads took: 0.0000453 seconds
{Heap before GC invocations=149 (full 1):
 par new generation   total 109248K, used 93851K [0x00000000e0000000, 0x00000000e8000000, 0x00000000e8000000)
  eden space 87424K, 100% used [0x00000000e0000000, 0x00000000e5560000, 0x00000000e5560000)
  from space 21824K,  29% used [0x00000000e6ab0000, 0x00000000e70f6e00, 0x00000000e8000000)
  to   space 21824K,   0% used [0x00000000e5560000, 0x00000000e5560000, 0x00000000e6ab0000)
 concurrent mark-sweep generation total 393216K, used 96063K [0x00000000e8000000, 0x0000000100000000, 0x0000000100000000)
 Metaspace       used 39648K, capacity 41094K, committed 41316K, reserved 1085440K
  class space    used 4642K, capacity 4949K, committed 4964K, reserved 1048576K
2018-06-13T02:15:44.378-0300: 30274.399: [GC (Allocation Failure) 2018-06-13T02:15:44.378-0300: 30274.399: [ParNew
Desired survivor size 20112992 bytes, new threshold 8 (max 8)
- age   1:     439592 bytes,     439592 total
- age   2:     456064 bytes,     895656 total
- age   3:    1160264 bytes,    2055920 total
- age   4:     628400 bytes,    2684320 total
- age   5:     341816 bytes,    3026136 total
- age   6:     910336 bytes,    3936472 total
- age   7:     318776 bytes,    4255248 total
- age   8:     556904 bytes,    4812152 total
: 93851K->6081K(109248K), 0.0042317 secs] 189914K->102333K(502464K), 0.0043311 secs] [Times: user=0.00 sys=0.00, real=0.00 secs] 
Heap after GC invocations=150 (full 1):
 par new generation   total 109248K, used 6081K [0x00000000e0000000, 0x00000000e8000000, 0x00000000e8000000)
  eden space 87424K,   0% used [0x00000000e0000000, 0x00000000e0000000, 0x00000000e5560000)
  from space 21824K,  27% used [0x00000000e5560000, 0x00000000e5b50778, 0x00000000e6ab0000)
  to   space 21824K,   0% used [0x00000000e6ab0000, 0x00000000e6ab0000, 0x00000000e8000000)
 concurrent mark-sweep generation total 393216K, used 96251K [0x00000000e8000000, 0x0000000100000000, 0x0000000100000000)
 Metaspace       used 39648K, capacity 41094K, committed 41316K, reserved 1085440K
  class space    used 4642K, capacity 4949K, committed 4964K, reserved 1048576K
}
2018-06-13T02:15:44.382-0300: 30274.404: Total time for which application threads were stopped: 0.0046166 seconds, Stopping threads took: 0.0000378 seconds
{Heap before GC invocations=150 (full 1):
 par new generation   total 109248K, used 93505K [0x00000000e0000000, 0x00000000e8000000, 0x00000000e8000000)
  eden space 87424K, 100% used [0x00000000e0000000, 0x00000000e5560000, 0x00000000e5560000)
  from space 21824K,  27% used [0x00000000e5560000, 0x00000000e5b50778, 0x00000000e6ab0000)
  to   space 21824K,   0% used [0x00000000e6ab0000, 0x00000000e6ab0000, 0x00000000e8000000)
 concurrent mark-sweep generation total 393216K, used 96251K [0x00000000e8000000, 0x0000000100000000, 0x0000000100000000)
 Metaspace       used 39648K, capacity 41094K, committed 41316K, reserved 1085440K
  class space    used 4642K, capacity 4949K, committed 4964K, reserved 1048576K
2018-06-13T02:15:44.464-0300: 30274.485: [GC (Allocation Failure) 2018-06-13T02:15:44.464-0300: 30274.485: [ParNew
Desired survivor size 20112992 bytes, new threshold 8 (max 8)
- age   1:     508376 bytes,     508376 total
- age   2:     240088 bytes,     748464 total
- age   3:     423280 bytes,    1171744 total
- age   4:    1160200 bytes,    2331944 total
- age   5:     628400 bytes,    2960344 total
- age   6:     341816 bytes,    3302160 total
- age   7:     910336 bytes,    4212496 total
- age   8:     318776 bytes,    4531272 total
: 93505K->5700K(109248K), 0.0047197 secs] 189757K->102496K(502464K), 0.0047981 secs] [Times: user=0.00 sys=0.00, real=0.01 secs] 
Heap after GC invocations=151 (full 1):
 par new generation   total 109248K, used 5700K [0x00000000e0000000, 0x00000000e8000000, 0x00000000e8000000)
  eden space 87424K,   0% used [0x00000000e0000000, 0x00000000e0000000, 0x00000000e5560000)
  from space 21824K,  26% used [0x00000000e6ab0000, 0x00000000e70412d0, 0x00000000e8000000)
  to   space 21824K,   0% used [0x00000000e5560000, 0x00000000e5560000, 0x00000000e6ab0000)
 concurrent mark-sweep generation total 393216K, used 96795K [0x00000000e8000000, 0x0000000100000000, 0x0000000100000000)
 Metaspace       used 39648K, capacity 41094K, committed 41316K, reserved 1085440K
  class space    used 4642K, capacity 4949K, committed 4964K, reserved 1048576K
}
2018-06-13T02:15:44.469-0300: 30274.490: Total time for which application threads were stopped: 0.0050486 seconds, Stopping threads took: 0.0000322 seconds
{Heap before GC invocations=151 (full 1):
 par new generation   total 109248K, used 93124K [0x00000000e0000000, 0x00000000e8000000, 0x00000000e8000000)
  eden space 87424K, 100% used [0x00000000e0000000, 0x00000000e5560000, 0x00000000e5560000)
  from space 21824K,  26% used [0x00000000e6ab0000, 0x00000000e70412d0, 0x00000000e8000000)
  to   space 21824K,   0% used [0x00000000e5560000, 0x00000000e5560000, 0x00000000e6ab0000)
 concurrent mark-sweep generation total 393216K, used 96795K [0x00000000e8000000, 0x0000000100000000, 0x0000000100000000)
 Metaspace       used 39648K, capacity 41094K, committed 41316K, reserved 1085440K
  class space    used 4642K, capacity 4949K, committed 4964K, reserved 1048576K
2018-06-13T02:15:44.543-0300: 30274.565: [GC (Allocation Failure) 2018-06-13T02:15:44.543-0300: 30274.565: [ParNew
Desired survivor size 20112992 bytes, new threshold 8 (max 8)
- age   1:     660888 bytes,     660888 total
- age   2:     318680 bytes,     979568 total
- age   3:     239920 bytes,    1219488 total
- age   4:     369368 bytes,    1588856 total
- age   5:    1160064 bytes,    2748920 total
- age   6:     628400 bytes,    3377320 total
- age   7:     341816 bytes,    3719136 total
- age   8:     910336 bytes,    4629472 total
: 93124K->6805K(109248K), 0.0050183 secs] 189920K->103912K(502464K), 0.0051130 secs] [Times: user=0.00 sys=0.00, real=0.01 secs] 
Heap after GC invocations=152 (full 1):
 par new generation   total 109248K, used 6805K [0x00000000e0000000, 0x00000000e8000000, 0x00000000e8000000)
  eden space 87424K,   0% used [0x00000000e0000000, 0x00000000e0000000, 0x00000000e5560000)
  from space 21824K,  31% used [0x00000000e5560000, 0x00000000e5c05658, 0x00000000e6ab0000)
  to   space 21824K,   0% used [0x00000000e6ab0000, 0x00000000e6ab0000, 0x00000000e8000000)
 concurrent mark-sweep generation total 393216K, used 97106K [0x00000000e8000000, 0x0000000100000000, 0x0000000100000000)
 Metaspace       used 39648K, capacity 41094K, committed 41316K, reserved 1085440K
  class space    used 4642K, capacity 4949K, committed 4964K, reserved 1048576K
}
2018-06-13T02:15:44.549-0300: 30274.570: Total time for which application threads were stopped: 0.0053812 seconds, Stopping threads took: 0.0000369 seconds
{Heap before GC invocations=152 (full 1):
 par new generation   total 109248K, used 94229K [0x00000000e0000000, 0x00000000e8000000, 0x00000000e8000000)
  eden space 87424K, 100% used [0x00000000e0000000, 0x00000000e5560000, 0x00000000e5560000)
  from space 21824K,  31% used [0x00000000e5560000, 0x00000000e5c05658, 0x00000000e6ab0000)
  to   space 21824K,   0% used [0x00000000e6ab0000, 0x00000000e6ab0000, 0x00000000e8000000)
 concurrent mark-sweep generation total 393216K, used 97106K [0x00000000e8000000, 0x0000000100000000, 0x0000000100000000)
 Metaspace       used 39648K, capacity 41094K, committed 41316K, reserved 1085440K
  class space    used 4642K, capacity 4949K, committed 4964K, reserved 1048576K
2018-06-13T02:15:44.635-0300: 30274.656: [GC (Allocation Failure) 2018-06-13T02:15:44.635-0300: 30274.656: [ParNew
Desired survivor size 20112992 bytes, new threshold 8 (max 8)
- age   1:     686784 bytes,     686784 total
- age   2:     175512 bytes,     862296 total
- age   3:     316136 bytes,    1178432 total
- age   4:     239920 bytes,    1418352 total
- age   5:     369184 bytes,    1787536 total
- age   6:    1160064 bytes,    2947600 total
- age   7:     628400 bytes,    3576000 total
- age   8:     341816 bytes,    3917816 total
: 94229K->5335K(109248K), 0.0050859 secs] 191336K->103338K(502464K), 0.0051750 secs] [Times: user=0.00 sys=0.00, real=0.01 secs] 
Heap after GC invocations=153 (full 1):
 par new generation   total 109248K, used 5335K [0x00000000e0000000, 0x00000000e8000000, 0x00000000e8000000)
  eden space 87424K,   0% used [0x00000000e0000000, 0x00000000e0000000, 0x00000000e5560000)
  from space 21824K,  24% used [0x00000000e6ab0000, 0x00000000e6fe5cc0, 0x00000000e8000000)
  to   space 21824K,   0% used [0x00000000e5560000, 0x00000000e5560000, 0x00000000e6ab0000)
 concurrent mark-sweep generation total 393216K, used 98003K [0x00000000e8000000, 0x0000000100000000, 0x0000000100000000)
 Metaspace       used 39648K, capacity 41094K, committed 41316K, reserved 1085440K
  class space    used 4642K, capacity 4949K, committed 4964K, reserved 1048576K
}
2018-06-13T02:15:44.641-0300: 30274.662: Total time for which application threads were stopped: 0.0054810 seconds, Stopping threads took: 0.0000327 seconds
{Heap before GC invocations=153 (full 1):
 par new generation   total 109248K, used 92759K [0x00000000e0000000, 0x00000000e8000000, 0x00000000e8000000)
  eden space 87424K, 100% used [0x00000000e0000000, 0x00000000e5560000, 0x00000000e5560000)
  from space 21824K,  24% used [0x00000000e6ab0000, 0x00000000e6fe5cc0, 0x00000000e8000000)
  to   space 21824K,   0% used [0x00000000e5560000, 0x00000000e5560000, 0x00000000e6ab0000)
 concurrent mark-sweep generation total 393216K, used 98003K [0x00000000e8000000, 0x0000000100000000, 0x0000000100000000)
 Metaspace       used 39648K, capacity 41094K, committed 41316K, reserved 1085440K
  class space    used 4642K, capacity 4949K, committed 4964K, reserved 1048576K
2018-06-13T02:15:44.718-0300: 30274.739: [GC (Allocation Failure) 2018-06-13T02:15:44.718-0300: 30274.739: [ParNew
Desired survivor size 20112992 bytes, new threshold 8 (max 8)
- age   1:     476672 bytes,     476672 total
- age   2:     435728 bytes,     912400 total
- age   3:     175152 bytes,    1087552 total
- age   4:     315320 bytes,    1402872 total
- age   5:     239920 bytes,    1642792 total
- age   6:     369184 bytes,    2011976 total
- age   7:    1160064 bytes,    3172040 total
- age   8:     628400 bytes,    3800440 total
: 92759K->4920K(109248K), 0.0038958 secs] 190762K->103259K(502464K), 0.0039980 secs] [Times: user=0.00 sys=0.00, real=0.00 secs] 
Heap after GC invocations=154 (full 1):
 par new generation   total 109248K, used 4920K [0x00000000e0000000, 0x00000000e8000000, 0x00000000e8000000)
  eden space 87424K,   0% used [0x00000000e0000000, 0x00000000e0000000, 0x00000000e5560000)
  from space 21824K,  22% used [0x00000000e5560000, 0x00000000e5a2e2d0, 0x00000000e6ab0000)
  to   space 21824K,   0% used [0x00000000e6ab0000, 0x00000000e6ab0000, 0x00000000e8000000)
 concurrent mark-sweep generation total 393216K, used 98338K [0x00000000e8000000, 0x0000000100000000, 0x0000000100000000)
 Metaspace       used 39648K, capacity 41094K, committed 41316K, reserved 1085440K
  class space    used 4642K, capacity 4949K, committed 4964K, reserved 1048576K
}
2018-06-13T02:15:44.722-0300: 30274.743: Total time for which application threads were stopped: 0.0042569 seconds, Stopping threads took: 0.0000383 seconds
{Heap before GC invocations=154 (full 1):
 par new generation   total 109248K, used 92344K [0x00000000e0000000, 0x00000000e8000000, 0x00000000e8000000)
  eden space 87424K, 100% used [0x00000000e0000000, 0x00000000e5560000, 0x00000000e5560000)
  from space 21824K,  22% used [0x00000000e5560000, 0x00000000e5a2e2d0, 0x00000000e6ab0000)
  to   space 21824K,   0% used [0x00000000e6ab0000, 0x00000000e6ab0000, 0x00000000e8000000)
 concurrent mark-sweep generation total 393216K, used 98338K [0x00000000e8000000, 0x0000000100000000, 0x0000000100000000)
 Metaspace       used 39648K, capacity 41094K, committed 41316K, reserved 1085440K
  class space    used 4642K, capacity 4949K, committed 4964K, reserved 1048576K
2018-06-13T02:15:44.799-0300: 30274.820: [GC (Allocation Failure) 2018-06-13T02:15:44.799-0300: 30274.820: [ParNew
Desired survivor size 20112992 bytes, new threshold 8 (max 8)
- age   1:     683352 bytes,     683352 total
- age   2:     213448 bytes,     896800 total
- age   3:     435728 bytes,    1332528 total
- age   4:     175152 bytes,    1507680 total
- age   5:     247656 bytes,    1755336 total
- age   6:     239920 bytes,    1995256 total
- age   7:     369184 bytes,    2364440 total
- age   8:    1159936 bytes,    3524376 total
: 92344K->4399K(109248K), 0.0043087 secs] 190683K->103359K(502464K), 0.0044654 secs] [Times: user=0.00 sys=0.00, real=0.00 secs] 
Heap after GC invocations=155 (full 1):
 par new generation   total 109248K, used 4399K [0x00000000e0000000, 0x00000000e8000000, 0x00000000e8000000)
  eden space 87424K,   0% used [0x00000000e0000000, 0x00000000e0000000, 0x00000000e5560000)
  from space 21824K,  20% used [0x00000000e6ab0000, 0x00000000e6efbfc0, 0x00000000e8000000)
  to   space 21824K,   0% used [0x00000000e5560000, 0x00000000e5560000, 0x00000000e6ab0000)
 concurrent mark-sweep generation total 393216K, used 98959K [0x00000000e8000000, 0x0000000100000000, 0x0000000100000000)
 Metaspace       used 39648K, capacity 41094K, committed 41316K, reserved 1085440K
  class space    used 4642K, capacity 4949K, committed 4964K, reserved 1048576K
}
2018-06-13T02:15:44.804-0300: 30274.825: Total time for which application threads were stopped: 0.0049441 seconds, Stopping threads took: 0.0001003 seconds
{Heap before GC invocations=155 (full 1):
 par new generation   total 109248K, used 91823K [0x00000000e0000000, 0x00000000e8000000, 0x00000000e8000000)
  eden space 87424K, 100% used [0x00000000e0000000, 0x00000000e5560000, 0x00000000e5560000)
  from space 21824K,  20% used [0x00000000e6ab0000, 0x00000000e6efbfc0, 0x00000000e8000000)
  to   space 21824K,   0% used [0x00000000e5560000, 0x00000000e5560000, 0x00000000e6ab0000)
 concurrent mark-sweep generation total 393216K, used 98959K [0x00000000e8000000, 0x0000000100000000, 0x0000000100000000)
 Metaspace       used 39648K, capacity 41094K, committed 41316K, reserved 1085440K
  class space    used 4642K, capacity 4949K, committed 4964K, reserved 1048576K
2018-06-13T02:15:44.883-0300: 30274.904: [GC (Allocation Failure) 2018-06-13T02:15:44.883-0300: 30274.904: [ParNew
Desired survivor size 20112992 bytes, new threshold 8 (max 8)
- age   1:     694208 bytes,     694208 total
- age   2:     367088 bytes,    1061296 total
- age   3:     213360 bytes,    1274656 total
- age   4:     435728 bytes,    1710384 total
- age   5:     175152 bytes,    1885536 total
- age   6:     247656 bytes,    2133192 total
- age   7:     239920 bytes,    2373112 total
- age   8:     369184 bytes,    2742296 total
: 91823K->3445K(109248K), 0.0048946 secs] 190783K->103545K(502464K), 0.0050015 secs] [Times: user=0.06 sys=0.00, real=0.01 secs] 
Heap after GC invocations=156 (full 1):
 par new generation   total 109248K, used 3445K [0x00000000e0000000, 0x00000000e8000000, 0x00000000e8000000)
  eden space 87424K,   0% used [0x00000000e0000000, 0x00000000e0000000, 0x00000000e5560000)
  from space 21824K,  15% used [0x00000000e5560000, 0x00000000e58bd6d0, 0x00000000e6ab0000)
  to   space 21824K,   0% used [0x00000000e6ab0000, 0x00000000e6ab0000, 0x00000000e8000000)
 concurrent mark-sweep generation total 393216K, used 100099K [0x00000000e8000000, 0x0000000100000000, 0x0000000100000000)
 Metaspace       used 39648K, capacity 41094K, committed 41316K, reserved 1085440K
  class space    used 4642K, capacity 4949K, committed 4964K, reserved 1048576K
}
2018-06-13T02:15:44.888-0300: 30274.909: Total time for which application threads were stopped: 0.0052720 seconds, Stopping threads took: 0.0000373 seconds
{Heap before GC invocations=156 (full 1):
 par new generation   total 109248K, used 90869K [0x00000000e0000000, 0x00000000e8000000, 0x00000000e8000000)
  eden space 87424K, 100% used [0x00000000e0000000, 0x00000000e5560000, 0x00000000e5560000)
  from space 21824K,  15% used [0x00000000e5560000, 0x00000000e58bd6d0, 0x00000000e6ab0000)
  to   space 21824K,   0% used [0x00000000e6ab0000, 0x00000000e6ab0000, 0x00000000e8000000)
 concurrent mark-sweep generation total 393216K, used 100099K [0x00000000e8000000, 0x0000000100000000, 0x0000000100000000)
 Metaspace       used 39648K, capacity 41094K, committed 41316K, reserved 1085440K
  class space    used 4642K, capacity 4949K, committed 4964K, reserved 1048576K
2018-06-13T02:15:44.963-0300: 30274.983: [GC (Allocation Failure) 2018-06-13T02:15:44.963-0300: 30274.983: [ParNew
Desired survivor size 20112992 bytes, new threshold 8 (max 8)
- age   1:     654008 bytes,     654008 total
- age   2:     247384 bytes,     901392 total
- age   3:     367088 bytes,    1268480 total
- age   4:     208408 bytes,    1476888 total
- age   5:     435728 bytes,    1912616 total
- age   6:     175152 bytes,    2087768 total
- age   7:     247656 bytes,    2335424 total
- age   8:     239920 bytes,    2575344 total
: 90869K->4072K(109248K), 0.0040806 secs] 190969K->104533K(502464K), 0.0041664 secs] [Times: user=0.00 sys=0.00, real=0.00 secs] 
Heap after GC invocations=157 (full 1):
 par new generation   total 109248K, used 4072K [0x00000000e0000000, 0x00000000e8000000, 0x00000000e8000000)
  eden space 87424K,   0% used [0x00000000e0000000, 0x00000000e0000000, 0x00000000e5560000)
  from space 21824K,  18% used [0x00000000e6ab0000, 0x00000000e6eaa2c0, 0x00000000e8000000)
  to   space 21824K,   0% used [0x00000000e5560000, 0x00000000e5560000, 0x00000000e6ab0000)
 concurrent mark-sweep generation total 393216K, used 100460K [0x00000000e8000000, 0x0000000100000000, 0x0000000100000000)
 Metaspace       used 39648K, capacity 41094K, committed 41316K, reserved 1085440K
  class space    used 4642K, capacity 4949K, committed 4964K, reserved 1048576K
}
2018-06-13T02:15:44.967-0300: 30274.988: Total time for which application threads were stopped: 0.0044151 seconds, Stopping threads took: 0.0000336 seconds
2018-06-13T02:15:45.051-0300: 30275.072: Total time for which application threads were stopped: 0.0001269 seconds, Stopping threads took: 0.0000336 seconds
{Heap before GC invocations=157 (full 1):
 par new generation   total 109248K, used 91158K [0x00000000e0000000, 0x00000000e8000000, 0x00000000e8000000)
  eden space 87424K,  99% used [0x00000000e0000000, 0x00000000e550b7f0, 0x00000000e5560000)
  from space 21824K,  18% used [0x00000000e6ab0000, 0x00000000e6eaa2c0, 0x00000000e8000000)
  to   space 21824K,   0% used [0x00000000e5560000, 0x00000000e5560000, 0x00000000e6ab0000)
 concurrent mark-sweep generation total 393216K, used 100460K [0x00000000e8000000, 0x0000000100000000, 0x0000000100000000)
 Metaspace       used 39649K, capacity 41094K, committed 41316K, reserved 1085440K
  class space    used 4642K, capacity 4949K, committed 4964K, reserved 1048576K
2018-06-13T02:15:45.053-0300: 30275.074: [GC (Allocation Failure) 2018-06-13T02:15:45.053-0300: 30275.074: [ParNew
Desired survivor size 20112992 bytes, new threshold 8 (max 8)
- age   1:     328912 bytes,     328912 total
- age   2:     553528 bytes,     882440 total
- age   3:     246760 bytes,    1129200 total
- age   4:     366608 bytes,    1495808 total
- age   5:     206248 bytes,    1702056 total
- age   6:     435392 bytes,    2137448 total
- age   7:     174768 bytes,    2312216 total
- age   8:     247176 bytes,    2559392 total
: 91158K->3228K(109248K), 0.0048251 secs] 191619K->103922K(502464K), 0.0049250 secs] [Times: user=0.06 sys=0.00, real=0.01 secs] 
Heap after GC invocations=158 (full 1):
 par new generation   total 109248K, used 3228K [0x00000000e0000000, 0x00000000e8000000, 0x00000000e8000000)
  eden space 87424K,   0% used [0x00000000e0000000, 0x00000000e0000000, 0x00000000e5560000)
  from space 21824K,  14% used [0x00000000e5560000, 0x00000000e5887150, 0x00000000e6ab0000)
  to   space 21824K,   0% used [0x00000000e6ab0000, 0x00000000e6ab0000, 0x00000000e8000000)
 concurrent mark-sweep generation total 393216K, used 100694K [0x00000000e8000000, 0x0000000100000000, 0x0000000100000000)
 Metaspace       used 39649K, capacity 41094K, committed 41316K, reserved 1085440K
  class space    used 4642K, capacity 4949K, committed 4964K, reserved 1048576K
}
2018-06-13T02:15:45.058-0300: 30275.079: Total time for which application threads were stopped: 0.0051815 seconds, Stopping threads took: 0.0000317 seconds
2018-06-13T02:15:45.059-0300: 30275.080: Total time for which application threads were stopped: 0.0001264 seconds, Stopping threads took: 0.0000294 seconds
2018-06-13T02:15:45.059-0300: 30275.080: Total time for which application threads were stopped: 0.0001218 seconds, Stopping threads took: 0.0000616 seconds
2018-06-13T02:15:45.277-0300: 30275.299: Total time for which application threads were stopped: 0.0001418 seconds, Stopping threads took: 0.0000471 seconds
2018-06-13T02:15:45.278-0300: 30275.299: Total time for which application threads were stopped: 0.0000905 seconds, Stopping threads took: 0.0000364 seconds
2018-06-13T02:15:45.278-0300: 30275.299: Total time for which application threads were stopped: 0.0001227 seconds, Stopping threads took: 0.0000667 seconds
2018-06-13T02:15:45.278-0300: 30275.299: Total time for which application threads were stopped: 0.0001358 seconds, Stopping threads took: 0.0000411 seconds
2018-06-13T02:15:45.284-0300: 30275.306: Total time for which application threads were stopped: 0.0001679 seconds, Stopping threads took: 0.0000681 seconds
2018-06-13T02:15:45.461-0300: 30275.482: Total time for which application threads were stopped: 0.0001339 seconds, Stopping threads took: 0.0000350 seconds
2018-06-13T02:15:45.462-0300: 30275.484: Total time for which application threads were stopped: 0.0001633 seconds, Stopping threads took: 0.0000443 seconds
2018-06-13T02:15:45.504-0300: 30275.525: Total time for which application threads were stopped: 0.0002081 seconds, Stopping threads took: 0.0000606 seconds
2018-06-13T02:15:45.504-0300: 30275.525: Total time for which application threads were stopped: 0.0001488 seconds, Stopping threads took: 0.0000816 seconds
2018-06-13T02:15:45.504-0300: 30275.526: Total time for which application threads were stopped: 0.0003037 seconds, Stopping threads took: 0.0000639 seconds
2018-06-13T02:15:45.505-0300: 30275.527: Total time for which application threads were stopped: 0.0000798 seconds, Stopping threads took: 0.0000229 seconds
2018-06-13T02:15:45.505-0300: 30275.527: Total time for which application threads were stopped: 0.0001348 seconds, Stopping threads took: 0.0000672 seconds
2018-06-13T02:15:45.506-0300: 30275.527: Total time for which application threads were stopped: 0.0001124 seconds, Stopping threads took: 0.0000373 seconds
2018-06-13T02:15:45.506-0300: 30275.527: Total time for which application threads were stopped: 0.0001222 seconds, Stopping threads took: 0.0000592 seconds
{Heap before GC invocations=158 (full 1):
 par new generation   total 109248K, used 90652K [0x00000000e0000000, 0x00000000e8000000, 0x00000000e8000000)
  eden space 87424K, 100% used [0x00000000e0000000, 0x00000000e5560000, 0x00000000e5560000)
  from space 21824K,  14% used [0x00000000e5560000, 0x00000000e5887150, 0x00000000e6ab0000)
  to   space 21824K,   0% used [0x00000000e6ab0000, 0x00000000e6ab0000, 0x00000000e8000000)
 concurrent mark-sweep generation total 393216K, used 100694K [0x00000000e8000000, 0x0000000100000000, 0x0000000100000000)
 Metaspace       used 39657K, capacity 41094K, committed 41316K, reserved 1085440K
  class space    used 4642K, capacity 4949K, committed 4964K, reserved 1048576K
2018-06-13T02:15:45.668-0300: 30275.689: [GC (Allocation Failure) 2018-06-13T02:15:45.668-0300: 30275.689: [ParNew
Desired survivor size 20112992 bytes, new threshold 8 (max 8)
- age   1:     922920 bytes,     922920 total
- age   2:     290752 bytes,    1213672 total
- age   3:     552304 bytes,    1765976 total
- age   4:     244992 bytes,    2010968 total
- age   5:     365384 bytes,    2376352 total
- age   6:     204752 bytes,    2581104 total
- age   7:     434440 bytes,    3015544 total
- age   8:     173680 bytes,    3189224 total
: 90652K->3708K(109248K), 0.0043689 secs] 191346K->104642K(502464K), 0.0044766 secs] [Times: user=0.00 sys=0.00, real=0.00 secs] 
Heap after GC invocations=159 (full 1):
 par new generation   total 109248K, used 3708K [0x00000000e0000000, 0x00000000e8000000, 0x00000000e8000000)
  eden space 87424K,   0% used [0x00000000e0000000, 0x00000000e0000000, 0x00000000e5560000)
  from space 21824K,  16% used [0x00000000e6ab0000, 0x00000000e6e4f258, 0x00000000e8000000)
  to   space 21824K,   0% used [0x00000000e5560000, 0x00000000e5560000, 0x00000000e6ab0000)
 concurrent mark-sweep generation total 393216K, used 100934K [0x00000000e8000000, 0x0000000100000000, 0x0000000100000000)
 Metaspace       used 39657K, capacity 41094K, committed 41316K, reserved 1085440K
  class space    used 4642K, capacity 4949K, committed 4964K, reserved 1048576K
}
2018-06-13T02:15:45.672-0300: 30275.694: Total time for which application threads were stopped: 0.0047402 seconds, Stopping threads took: 0.0000373 seconds
{Heap before GC invocations=159 (full 1):
 par new generation   total 109248K, used 91132K [0x00000000e0000000, 0x00000000e8000000, 0x00000000e8000000)
  eden space 87424K, 100% used [0x00000000e0000000, 0x00000000e5560000, 0x00000000e5560000)
  from space 21824K,  16% used [0x00000000e6ab0000, 0x00000000e6e4f258, 0x00000000e8000000)
  to   space 21824K,   0% used [0x00000000e5560000, 0x00000000e5560000, 0x00000000e6ab0000)
 concurrent mark-sweep generation total 393216K, used 100934K [0x00000000e8000000, 0x0000000100000000, 0x0000000100000000)
 Metaspace       used 39657K, capacity 41094K, committed 41316K, reserved 1085440K
  class space    used 4642K, capacity 4949K, committed 4964K, reserved 1048576K
2018-06-13T02:15:45.759-0300: 30275.781: [GC (Allocation Failure) 2018-06-13T02:15:45.759-0300: 30275.781: [ParNew
Desired survivor size 20112992 bytes, new threshold 8 (max 8)
- age   1:     704400 bytes,     704400 total
- age   2:     695624 bytes,    1400024 total
- age   3:     290752 bytes,    1690776 total
- age   4:     552304 bytes,    2243080 total
- age   5:     244992 bytes,    2488072 total
- age   6:     365384 bytes,    2853456 total
- age   7:     204752 bytes,    3058208 total
- age   8:     434440 bytes,    3492648 total
: 91132K->4907K(109248K), 0.0043973 secs] 192066K->106011K(502464K), 0.0044818 secs] [Times: user=0.00 sys=0.00, real=0.00 secs] 
Heap after GC invocations=160 (full 1):
 par new generation   total 109248K, used 4907K [0x00000000e0000000, 0x00000000e8000000, 0x00000000e8000000)
  eden space 87424K,   0% used [0x00000000e0000000, 0x00000000e0000000, 0x00000000e5560000)
  from space 21824K,  22% used [0x00000000e5560000, 0x00000000e5a2af40, 0x00000000e6ab0000)
  to   space 21824K,   0% used [0x00000000e6ab0000, 0x00000000e6ab0000, 0x00000000e8000000)
 concurrent mark-sweep generation total 393216K, used 101103K [0x00000000e8000000, 0x0000000100000000, 0x0000000100000000)
 Metaspace       used 39657K, capacity 41094K, committed 41316K, reserved 1085440K
  class space    used 4642K, capacity 4949K, committed 4964K, reserved 1048576K
}
2018-06-13T02:15:45.764-0300: 30275.785: Total time for which application threads were stopped: 0.0047463 seconds, Stopping threads took: 0.0000341 seconds
{Heap before GC invocations=160 (full 1):
 par new generation   total 109248K, used 92331K [0x00000000e0000000, 0x00000000e8000000, 0x00000000e8000000)
  eden space 87424K, 100% used [0x00000000e0000000, 0x00000000e5560000, 0x00000000e5560000)
  from space 21824K,  22% used [0x00000000e5560000, 0x00000000e5a2af40, 0x00000000e6ab0000)
  to   space 21824K,   0% used [0x00000000e6ab0000, 0x00000000e6ab0000, 0x00000000e8000000)
 concurrent mark-sweep generation total 393216K, used 101103K [0x00000000e8000000, 0x0000000100000000, 0x0000000100000000)
 Metaspace       used 39657K, capacity 41094K, committed 41316K, reserved 1085440K
  class space    used 4642K, capacity 4949K, committed 4964K, reserved 1048576K
2018-06-13T02:15:45.850-0300: 30275.871: [GC (Allocation Failure) 2018-06-13T02:15:45.850-0300: 30275.871: [ParNew
Desired survivor size 20112992 bytes, new threshold 8 (max 8)
- age   1:     572576 bytes,     572576 total
- age   2:     450224 bytes,    1022800 total
- age   3:     695432 bytes,    1718232 total
- age   4:     290752 bytes,    2008984 total
- age   5:     552304 bytes,    2561288 total
- age   6:     244992 bytes,    2806280 total
- age   7:     365384 bytes,    3171664 total
- age   8:     204752 bytes,    3376416 total
: 92331K->4560K(109248K), 0.0046101 secs] 193435K->106089K(502464K), 0.0047099 secs] [Times: user=0.08 sys=0.00, real=0.00 secs] 
Heap after GC invocations=161 (full 1):
 par new generation   total 109248K, used 4560K [0x00000000e0000000, 0x00000000e8000000, 0x00000000e8000000)
  eden space 87424K,   0% used [0x00000000e0000000, 0x00000000e0000000, 0x00000000e5560000)
  from space 21824K,  20% used [0x00000000e6ab0000, 0x00000000e6f24370, 0x00000000e8000000)
  to   space 21824K,   0% used [0x00000000e5560000, 0x00000000e5560000, 0x00000000e6ab0000)
 concurrent mark-sweep generation total 393216K, used 101528K [0x00000000e8000000, 0x0000000100000000, 0x0000000100000000)
 Metaspace       used 39657K, capacity 41094K, committed 41316K, reserved 1085440K
  class space    used 4642K, capacity 4949K, committed 4964K, reserved 1048576K
}
2018-06-13T02:15:45.854-0300: 30275.876: Total time for which application threads were stopped: 0.0049828 seconds, Stopping threads took: 0.0000415 seconds
{Heap before GC invocations=161 (full 1):
 par new generation   total 109248K, used 91984K [0x00000000e0000000, 0x00000000e8000000, 0x00000000e8000000)
  eden space 87424K, 100% used [0x00000000e0000000, 0x00000000e5560000, 0x00000000e5560000)
  from space 21824K,  20% used [0x00000000e6ab0000, 0x00000000e6f24370, 0x00000000e8000000)
  to   space 21824K,   0% used [0x00000000e5560000, 0x00000000e5560000, 0x00000000e6ab0000)
 concurrent mark-sweep generation total 393216K, used 101528K [0x00000000e8000000, 0x0000000100000000, 0x0000000100000000)
 Metaspace       used 39657K, capacity 41094K, committed 41316K, reserved 1085440K
  class space    used 4642K, capacity 4949K, committed 4964K, reserved 1048576K
2018-06-13T02:15:45.931-0300: 30275.952: [GC (Allocation Failure) 2018-06-13T02:15:45.931-0300: 30275.952: [ParNew
Desired survivor size 20112992 bytes, new threshold 8 (max 8)
- age   1:     511448 bytes,     511448 total
- age   2:     297248 bytes,     808696 total
- age   3:     482720 bytes,    1291416 total
- age   4:     728160 bytes,    2019576 total
- age   5:     290752 bytes,    2310328 total
- age   6:     552304 bytes,    2862632 total
- age   7:     244992 bytes,    3107624 total
- age   8:     365384 bytes,    3473008 total
: 91984K->4489K(109248K), 0.0047682 secs] 193513K->106217K(502464K), 0.0048727 secs] [Times: user=0.00 sys=0.00, real=0.01 secs] 
Heap after GC invocations=162 (full 1):
 par new generation   total 109248K, used 4489K [0x00000000e0000000, 0x00000000e8000000, 0x00000000e8000000)
  eden space 87424K,   0% used [0x00000000e0000000, 0x00000000e0000000, 0x00000000e5560000)
  from space 21824K,  20% used [0x00000000e5560000, 0x00000000e59c2538, 0x00000000e6ab0000)
  to   space 21824K,   0% used [0x00000000e6ab0000, 0x00000000e6ab0000, 0x00000000e8000000)
 concurrent mark-sweep generation total 393216K, used 101728K [0x00000000e8000000, 0x0000000100000000, 0x0000000100000000)
 Metaspace       used 39657K, capacity 41094K, committed 41316K, reserved 1085440K
  class space    used 4642K, capacity 4949K, committed 4964K, reserved 1048576K
}
2018-06-13T02:15:45.936-0300: 30275.957: Total time for which application threads were stopped: 0.0051526 seconds, Stopping threads took: 0.0000420 seconds
{Heap before GC invocations=162 (full 1):
 par new generation   total 109248K, used 91913K [0x00000000e0000000, 0x00000000e8000000, 0x00000000e8000000)
  eden space 87424K, 100% used [0x00000000e0000000, 0x00000000e5560000, 0x00000000e5560000)
  from space 21824K,  20% used [0x00000000e5560000, 0x00000000e59c2538, 0x00000000e6ab0000)
  to   space 21824K,   0% used [0x00000000e6ab0000, 0x00000000e6ab0000, 0x00000000e8000000)
 concurrent mark-sweep generation total 393216K, used 101728K [0x00000000e8000000, 0x0000000100000000, 0x0000000100000000)
 Metaspace       used 39657K, capacity 41094K, committed 41316K, reserved 1085440K
  class space    used 4642K, capacity 4949K, committed 4964K, reserved 1048576K
2018-06-13T02:15:46.020-0300: 30276.041: [GC (Allocation Failure) 2018-06-13T02:15:46.020-0300: 30276.041: [ParNew
Desired survivor size 20112992 bytes, new threshold 8 (max 8)
- age   1:     552096 bytes,     552096 total
- age   2:     233152 bytes,     785248 total
- age   3:     295032 bytes,    1080280 total
- age   4:     449936 bytes,    1530216 total
- age   5:     695280 bytes,    2225496 total
- age   6:     290752 bytes,    2516248 total
- age   7:     552304 bytes,    3068552 total
- age   8:     244992 bytes,    3313544 total
: 91913K->4149K(109248K), 0.0036369 secs] 193641K->106234K(502464K), 0.0037232 secs] [Times: user=0.00 sys=0.00, real=0.00 secs] 
Heap after GC invocations=163 (full 1):
 par new generation   total 109248K, used 4149K [0x00000000e0000000, 0x00000000e8000000, 0x00000000e8000000)
  eden space 87424K,   0% used [0x00000000e0000000, 0x00000000e0000000, 0x00000000e5560000)
  from space 21824K,  19% used [0x00000000e6ab0000, 0x00000000e6ebd750, 0x00000000e8000000)
  to   space 21824K,   0% used [0x00000000e5560000, 0x00000000e5560000, 0x00000000e6ab0000)
 concurrent mark-sweep generation total 393216K, used 102084K [0x00000000e8000000, 0x0000000100000000, 0x0000000100000000)
 Metaspace       used 39657K, capacity 41094K, committed 41316K, reserved 1085440K
  class space    used 4642K, capacity 4949K, committed 4964K, reserved 1048576K
}
2018-06-13T02:15:46.024-0300: 30276.045: Total time for which application threads were stopped: 0.0039882 seconds, Stopping threads took: 0.0000313 seconds
{Heap before GC invocations=163 (full 1):
 par new generation   total 109248K, used 91573K [0x00000000e0000000, 0x00000000e8000000, 0x00000000e8000000)
  eden space 87424K, 100% used [0x00000000e0000000, 0x00000000e5560000, 0x00000000e5560000)
  from space 21824K,  19% used [0x00000000e6ab0000, 0x00000000e6ebd750, 0x00000000e8000000)
  to   space 21824K,   0% used [0x00000000e5560000, 0x00000000e5560000, 0x00000000e6ab0000)
 concurrent mark-sweep generation total 393216K, used 102084K [0x00000000e8000000, 0x0000000100000000, 0x0000000100000000)
 Metaspace       used 39657K, capacity 41094K, committed 41316K, reserved 1085440K
  class space    used 4642K, capacity 4949K, committed 4964K, reserved 1048576K
2018-06-13T02:15:46.106-0300: 30276.127: [GC (Allocation Failure) 2018-06-13T02:15:46.106-0300: 30276.127: [ParNew
Desired survivor size 20112992 bytes, new threshold 8 (max 8)
- age   1:     761088 bytes,     761088 total
- age   2:     194952 bytes,     956040 total
- age   3:     233080 bytes,    1189120 total
- age   4:     294216 bytes,    1483336 total
- age   5:     384384 bytes,    1867720 total
- age   6:     678856 bytes,    2546576 total
- age   7:     290752 bytes,    2837328 total
- age   8:     552304 bytes,    3389632 total
: 91573K->4198K(109248K), 0.0037759 secs] 193658K->106522K(502464K), 0.0038832 secs] [Times: user=0.00 sys=0.00, real=0.00 secs] 
Heap after GC invocations=164 (full 1):
 par new generation   total 109248K, used 4198K [0x00000000e0000000, 0x00000000e8000000, 0x00000000e8000000)
  eden space 87424K,   0% used [0x00000000e0000000, 0x00000000e0000000, 0x00000000e5560000)
  from space 21824K,  19% used [0x00000000e5560000, 0x00000000e5979990, 0x00000000e6ab0000)
  to   space 21824K,   0% used [0x00000000e6ab0000, 0x00000000e6ab0000, 0x00000000e8000000)
 concurrent mark-sweep generation total 393216K, used 102324K [0x00000000e8000000, 0x0000000100000000, 0x0000000100000000)
 Metaspace       used 39657K, capacity 41094K, committed 41316K, reserved 1085440K
  class space    used 4642K, capacity 4949K, committed 4964K, reserved 1048576K
}
2018-06-13T02:15:46.110-0300: 30276.131: Total time for which application threads were stopped: 0.0041501 seconds, Stopping threads took: 0.0000350 seconds
{Heap before GC invocations=164 (full 1):
 par new generation   total 109248K, used 91622K [0x00000000e0000000, 0x00000000e8000000, 0x00000000e8000000)
  eden space 87424K, 100% used [0x00000000e0000000, 0x00000000e5560000, 0x00000000e5560000)
  from space 21824K,  19% used [0x00000000e5560000, 0x00000000e5979990, 0x00000000e6ab0000)
  to   space 21824K,   0% used [0x00000000e6ab0000, 0x00000000e6ab0000, 0x00000000e8000000)
 concurrent mark-sweep generation total 393216K, used 102324K [0x00000000e8000000, 0x0000000100000000, 0x0000000100000000)
 Metaspace       used 39657K, capacity 41094K, committed 41316K, reserved 1085440K
  class space    used 4642K, capacity 4949K, committed 4964K, reserved 1048576K
2018-06-13T02:15:46.187-0300: 30276.208: [GC (Allocation Failure) 2018-06-13T02:15:46.187-0300: 30276.208: [ParNew
Desired survivor size 20112992 bytes, new threshold 8 (max 8)
- age   1:     580616 bytes,     580616 total
- age   2:     445736 bytes,    1026352 total
- age   3:     191528 bytes,    1217880 total
- age   4:     233080 bytes,    1450960 total
- age   5:     292104 bytes,    1743064 total
- age   6:     384384 bytes,    2127448 total
- age   7:     678856 bytes,    2806304 total
- age   8:     290752 bytes,    3097056 total
: 91622K->4296K(109248K), 0.0045881 secs] 193946K->107160K(502464K), 0.0047220 secs] [Times: user=0.00 sys=0.00, real=0.00 secs] 
Heap after GC invocations=165 (full 1):
 par new generation   total 109248K, used 4296K [0x00000000e0000000, 0x00000000e8000000, 0x00000000e8000000)
  eden space 87424K,   0% used [0x00000000e0000000, 0x00000000e0000000, 0x00000000e5560000)
  from space 21824K,  19% used [0x00000000e6ab0000, 0x00000000e6ee2210, 0x00000000e8000000)
  to   space 21824K,   0% used [0x00000000e5560000, 0x00000000e5560000, 0x00000000e6ab0000)
 concurrent mark-sweep generation total 393216K, used 102863K [0x00000000e8000000, 0x0000000100000000, 0x0000000100000000)
 Metaspace       used 39657K, capacity 41094K, committed 41316K, reserved 1085440K
  class space    used 4642K, capacity 4949K, committed 4964K, reserved 1048576K
}
2018-06-13T02:15:46.192-0300: 30276.213: Total time for which application threads were stopped: 0.0049772 seconds, Stopping threads took: 0.0000350 seconds
{Heap before GC invocations=165 (full 1):
 par new generation   total 109248K, used 91720K [0x00000000e0000000, 0x00000000e8000000, 0x00000000e8000000)
  eden space 87424K, 100% used [0x00000000e0000000, 0x00000000e5560000, 0x00000000e5560000)
  from space 21824K,  19% used [0x00000000e6ab0000, 0x00000000e6ee2210, 0x00000000e8000000)
  to   space 21824K,   0% used [0x00000000e5560000, 0x00000000e5560000, 0x00000000e6ab0000)
 concurrent mark-sweep generation total 393216K, used 102863K [0x00000000e8000000, 0x0000000100000000, 0x0000000100000000)
 Metaspace       used 39657K, capacity 41094K, committed 41316K, reserved 1085440K
  class space    used 4642K, capacity 4949K, committed 4964K, reserved 1048576K
2018-06-13T02:15:46.271-0300: 30276.292: [GC (Allocation Failure) 2018-06-13T02:15:46.271-0300: 30276.292: [ParNew
Desired survivor size 20112992 bytes, new threshold 8 (max 8)
- age   1:     307792 bytes,     307792 total
- age   2:     523992 bytes,     831784 total
- age   3:     445648 bytes,    1277432 total
- age   4:     191528 bytes,    1468960 total
- age   5:     232536 bytes,    1701496 total
- age   6:     292104 bytes,    1993600 total
- age   7:     384384 bytes,    2377984 total
- age   8:     744448 bytes,    3122432 total
: 91720K->4163K(109248K), 0.0041034 secs] 194584K->107310K(502464K), 0.0041995 secs] [Times: user=0.00 sys=0.00, real=0.00 secs] 
Heap after GC invocations=166 (full 1):
 par new generation   total 109248K, used 4163K [0x00000000e0000000, 0x00000000e8000000, 0x00000000e8000000)
  eden space 87424K,   0% used [0x00000000e0000000, 0x00000000e0000000, 0x00000000e5560000)
  from space 21824K,  19% used [0x00000000e5560000, 0x00000000e5970c40, 0x00000000e6ab0000)
  to   space 21824K,   0% used [0x00000000e6ab0000, 0x00000000e6ab0000, 0x00000000e8000000)
 concurrent mark-sweep generation total 393216K, used 103147K [0x00000000e8000000, 0x0000000100000000, 0x0000000100000000)
 Metaspace       used 39657K, capacity 41094K, committed 41316K, reserved 1085440K
  class space    used 4642K, capacity 4949K, committed 4964K, reserved 1048576K
}
2018-06-13T02:15:46.275-0300: 30276.296: Total time for which application threads were stopped: 0.0044626 seconds, Stopping threads took: 0.0000401 seconds
{Heap before GC invocations=166 (full 1):
 par new generation   total 109248K, used 91587K [0x00000000e0000000, 0x00000000e8000000, 0x00000000e8000000)
  eden space 87424K, 100% used [0x00000000e0000000, 0x00000000e5560000, 0x00000000e5560000)
  from space 21824K,  19% used [0x00000000e5560000, 0x00000000e5970c40, 0x00000000e6ab0000)
  to   space 21824K,   0% used [0x00000000e6ab0000, 0x00000000e6ab0000, 0x00000000e8000000)
 concurrent mark-sweep generation total 393216K, used 103147K [0x00000000e8000000, 0x0000000100000000, 0x0000000100000000)
 Metaspace       used 39657K, capacity 41094K, committed 41316K, reserved 1085440K
  class space    used 4642K, capacity 4949K, committed 4964K, reserved 1048576K
2018-06-13T02:15:46.353-0300: 30276.373: [GC (Allocation Failure) 2018-06-13T02:15:46.353-0300: 30276.373: [ParNew
Desired survivor size 20112992 bytes, new threshold 8 (max 8)
- age   1:     674216 bytes,     674216 total
- age   2:     216992 bytes,     891208 total
- age   3:     242432 bytes,    1133640 total
- age   4:     445648 bytes,    1579288 total
- age   5:     191528 bytes,    1770816 total
- age   6:     232536 bytes,    2003352 total
- age   7:     292104 bytes,    2295456 total
- age   8:     384384 bytes,    2679840 total
: 91587K->3752K(109248K), 0.0041160 secs] 194734K->107565K(502464K), 0.0042224 secs] [Times: user=0.00 sys=0.00, real=0.00 secs] 
Heap after GC invocations=167 (full 1):
 par new generation   total 109248K, used 3752K [0x00000000e0000000, 0x00000000e8000000, 0x00000000e8000000)
  eden space 87424K,   0% used [0x00000000e0000000, 0x00000000e0000000, 0x00000000e5560000)
  from space 21824K,  17% used [0x00000000e6ab0000, 0x00000000e6e5a210, 0x00000000e8000000)
  to   space 21824K,   0% used [0x00000000e5560000, 0x00000000e5560000, 0x00000000e6ab0000)
 concurrent mark-sweep generation total 393216K, used 103812K [0x00000000e8000000, 0x0000000100000000, 0x0000000100000000)
 Metaspace       used 39657K, capacity 41094K, committed 41316K, reserved 1085440K
  class space    used 4642K, capacity 4949K, committed 4964K, reserved 1048576K
}
2018-06-13T02:15:46.357-0300: 30276.378: Total time for which application threads were stopped: 0.0045093 seconds, Stopping threads took: 0.0000462 seconds
{Heap before GC invocations=167 (full 1):
 par new generation   total 109248K, used 91176K [0x00000000e0000000, 0x00000000e8000000, 0x00000000e8000000)
  eden space 87424K, 100% used [0x00000000e0000000, 0x00000000e5560000, 0x00000000e5560000)
  from space 21824K,  17% used [0x00000000e6ab0000, 0x00000000e6e5a210, 0x00000000e8000000)
  to   space 21824K,   0% used [0x00000000e5560000, 0x00000000e5560000, 0x00000000e6ab0000)
 concurrent mark-sweep generation total 393216K, used 103812K [0x00000000e8000000, 0x0000000100000000, 0x0000000100000000)
 Metaspace       used 39657K, capacity 41094K, committed 41316K, reserved 1085440K
  class space    used 4642K, capacity 4949K, committed 4964K, reserved 1048576K
2018-06-13T02:15:46.431-0300: 30276.451: [GC (Allocation Failure) 2018-06-13T02:15:46.431-0300: 30276.451: [ParNew
Desired survivor size 20112992 bytes, new threshold 8 (max 8)
- age   1:     297624 bytes,     297624 total
- age   2:     514416 bytes,     812040 total
- age   3:     216888 bytes,    1028928 total
- age   4:     237480 bytes,    1266408 total
- age   5:     445648 bytes,    1712056 total
- age   6:     191528 bytes,    1903584 total
- age   7:     232536 bytes,    2136120 total
- age   8:     292104 bytes,    2428224 total
: 91176K->3023K(109248K), 0.0038081 secs] 194989K->107211K(502464K), 0.0039052 secs] [Times: user=0.00 sys=0.00, real=0.00 secs] 
Heap after GC invocations=168 (full 1):
 par new generation   total 109248K, used 3023K [0x00000000e0000000, 0x00000000e8000000, 0x00000000e8000000)
  eden space 87424K,   0% used [0x00000000e0000000, 0x00000000e0000000, 0x00000000e5560000)
  from space 21824K,  13% used [0x00000000e5560000, 0x00000000e5853df0, 0x00000000e6ab0000)
  to   space 21824K,   0% used [0x00000000e6ab0000, 0x00000000e6ab0000, 0x00000000e8000000)
 concurrent mark-sweep generation total 393216K, used 104188K [0x00000000e8000000, 0x0000000100000000, 0x0000000100000000)
 Metaspace       used 39657K, capacity 41094K, committed 41316K, reserved 1085440K
  class space    used 4642K, capacity 4949K, committed 4964K, reserved 1048576K
}
2018-06-13T02:15:46.435-0300: 30276.455: Total time for which application threads were stopped: 0.0041967 seconds, Stopping threads took: 0.0000453 seconds
2018-06-13T02:15:46.474-0300: 30276.495: Total time for which application threads were stopped: 0.0001735 seconds, Stopping threads took: 0.0000784 seconds
2018-06-13T02:15:46.476-0300: 30276.497: Total time for which application threads were stopped: 0.0001428 seconds, Stopping threads took: 0.0000485 seconds
2018-06-13T02:15:46.476-0300: 30276.497: Total time for which application threads were stopped: 0.0000784 seconds, Stopping threads took: 0.0000285 seconds
2018-06-13T02:15:46.661-0300: 30276.682: Total time for which application threads were stopped: 0.0001553 seconds, Stopping threads took: 0.0000513 seconds
2018-06-13T02:15:46.661-0300: 30276.682: Total time for which application threads were stopped: 0.0000830 seconds, Stopping threads took: 0.0000322 seconds
2018-06-13T02:15:46.661-0300: 30276.683: Total time for which application threads were stopped: 0.0001138 seconds, Stopping threads took: 0.0000485 seconds
2018-06-13T02:15:46.661-0300: 30276.683: Total time for which application threads were stopped: 0.0001003 seconds, Stopping threads took: 0.0000392 seconds
2018-06-13T02:15:46.667-0300: 30276.689: Total time for which application threads were stopped: 0.0001274 seconds, Stopping threads took: 0.0000294 seconds
2018-06-13T02:15:46.667-0300: 30276.689: Total time for which application threads were stopped: 0.0000630 seconds, Stopping threads took: 0.0000154 seconds
2018-06-13T02:15:46.832-0300: 30276.853: Total time for which application threads were stopped: 0.0001278 seconds, Stopping threads took: 0.0000373 seconds
2018-06-13T02:15:46.832-0300: 30276.853: Total time for which application threads were stopped: 0.0001819 seconds, Stopping threads took: 0.0001236 seconds
2018-06-13T02:15:46.832-0300: 30276.853: Total time for which application threads were stopped: 0.0000779 seconds, Stopping threads took: 0.0000261 seconds
2018-06-13T02:15:46.833-0300: 30276.854: Total time for which application threads were stopped: 0.0000919 seconds, Stopping threads took: 0.0000280 seconds
2018-06-13T02:15:46.834-0300: 30276.854: Total time for which application threads were stopped: 0.0000779 seconds, Stopping threads took: 0.0000285 seconds
2018-06-13T02:15:46.834-0300: 30276.854: Total time for which application threads were stopped: 0.0000639 seconds, Stopping threads took: 0.0000163 seconds
2018-06-13T02:15:46.834-0300: 30276.855: Total time for which application threads were stopped: 0.0000630 seconds, Stopping threads took: 0.0000159 seconds
2018-06-13T02:15:46.834-0300: 30276.855: Total time for which application threads were stopped: 0.0000625 seconds, Stopping threads took: 0.0000154 seconds
{Heap before GC invocations=168 (full 1):
 par new generation   total 109248K, used 90447K [0x00000000e0000000, 0x00000000e8000000, 0x00000000e8000000)
  eden space 87424K, 100% used [0x00000000e0000000, 0x00000000e5560000, 0x00000000e5560000)
  from space 21824K,  13% used [0x00000000e5560000, 0x00000000e5853df0, 0x00000000e6ab0000)
  to   space 21824K,   0% used [0x00000000e6ab0000, 0x00000000e6ab0000, 0x00000000e8000000)
 concurrent mark-sweep generation total 393216K, used 104188K [0x00000000e8000000, 0x0000000100000000, 0x0000000100000000)
 Metaspace       used 39666K, capacity 41094K, committed 41316K, reserved 1085440K
  class space    used 4642K, capacity 4949K, committed 4964K, reserved 1048576K
2018-06-13T02:15:46.968-0300: 30276.990: [GC (Allocation Failure) 2018-06-13T02:15:46.968-0300: 30276.990: [ParNew
Desired survivor size 20112992 bytes, new threshold 8 (max 8)
- age   1:     889864 bytes,     889864 total
- age   2:     237032 bytes,    1126896 total
- age   3:     507864 bytes,    1634760 total
- age   4:     214864 bytes,    1849624 total
- age   5:     235088 bytes,    2084712 total
- age   6:     426136 bytes,    2510848 total
- age   7:     190136 bytes,    2700984 total
- age   8:     231352 bytes,    2932336 total
: 90447K->4076K(109248K), 0.0048475 secs] 194635K->108548K(502464K), 0.0049222 secs] [Times: user=0.00 sys=0.00, real=0.01 secs] 
Heap after GC invocations=169 (full 1):
 par new generation   total 109248K, used 4076K [0x00000000e0000000, 0x00000000e8000000, 0x00000000e8000000)
  eden space 87424K,   0% used [0x00000000e0000000, 0x00000000e0000000, 0x00000000e5560000)
  from space 21824K,  18% used [0x00000000e6ab0000, 0x00000000e6eab300, 0x00000000e8000000)
  to   space 21824K,   0% used [0x00000000e5560000, 0x00000000e5560000, 0x00000000e6ab0000)
 concurrent mark-sweep generation total 393216K, used 104471K [0x00000000e8000000, 0x0000000100000000, 0x0000000100000000)
 Metaspace       used 39666K, capacity 41094K, committed 41316K, reserved 1085440K
  class space    used 4642K, capacity 4949K, committed 4964K, reserved 1048576K
}
2018-06-13T02:15:46.973-0300: 30276.995: Total time for which application threads were stopped: 0.0052422 seconds, Stopping threads took: 0.0000457 seconds
{Heap before GC invocations=169 (full 1):
 par new generation   total 109248K, used 91500K [0x00000000e0000000, 0x00000000e8000000, 0x00000000e8000000)
  eden space 87424K, 100% used [0x00000000e0000000, 0x00000000e5560000, 0x00000000e5560000)
  from space 21824K,  18% used [0x00000000e6ab0000, 0x00000000e6eab300, 0x00000000e8000000)
  to   space 21824K,   0% used [0x00000000e5560000, 0x00000000e5560000, 0x00000000e6ab0000)
 concurrent mark-sweep generation total 393216K, used 104471K [0x00000000e8000000, 0x0000000100000000, 0x0000000100000000)
 Metaspace       used 39666K, capacity 41094K, committed 41316K, reserved 1085440K
  class space    used 4642K, capacity 4949K, committed 4964K, reserved 1048576K
2018-06-13T02:15:47.050-0300: 30277.071: [GC (Allocation Failure) 2018-06-13T02:15:47.050-0300: 30277.071: [ParNew
Desired survivor size 20112992 bytes, new threshold 8 (max 8)
- age   1:     572336 bytes,     572336 total
- age   2:     676896 bytes,    1249232 total
- age   3:     237032 bytes,    1486264 total
- age   4:     507864 bytes,    1994128 total
- age   5:     214864 bytes,    2208992 total
- age   6:     235088 bytes,    2444080 total
- age   7:     426136 bytes,    2870216 total
- age   8:     190136 bytes,    3060352 total
: 91500K->3943K(109248K), 0.0045485 secs] 195972K->108640K(502464K), 0.0046548 secs] [Times: user=0.00 sys=0.00, real=0.01 secs] 
Heap after GC invocations=170 (full 1):
 par new generation   total 109248K, used 3943K [0x00000000e0000000, 0x00000000e8000000, 0x00000000e8000000)
  eden space 87424K,   0% used [0x00000000e0000000, 0x00000000e0000000, 0x00000000e5560000)
  from space 21824K,  18% used [0x00000000e5560000, 0x00000000e5939d50, 0x00000000e6ab0000)
  to   space 21824K,   0% used [0x00000000e6ab0000, 0x00000000e6ab0000, 0x00000000e8000000)
 concurrent mark-sweep generation total 393216K, used 104697K [0x00000000e8000000, 0x0000000100000000, 0x0000000100000000)
 Metaspace       used 39666K, capacity 41094K, committed 41316K, reserved 1085440K
  class space    used 4642K, capacity 4949K, committed 4964K, reserved 1048576K
}
2018-06-13T02:15:47.055-0300: 30277.076: Total time for which application threads were stopped: 0.0049170 seconds, Stopping threads took: 0.0000345 seconds
{Heap before GC invocations=170 (full 1):
 par new generation   total 109248K, used 91367K [0x00000000e0000000, 0x00000000e8000000, 0x00000000e8000000)
  eden space 87424K, 100% used [0x00000000e0000000, 0x00000000e5560000, 0x00000000e5560000)
  from space 21824K,  18% used [0x00000000e5560000, 0x00000000e5939d50, 0x00000000e6ab0000)
  to   space 21824K,   0% used [0x00000000e6ab0000, 0x00000000e6ab0000, 0x00000000e8000000)
 concurrent mark-sweep generation total 393216K, used 104697K [0x00000000e8000000, 0x0000000100000000, 0x0000000100000000)
 Metaspace       used 39666K, capacity 41094K, committed 41316K, reserved 1085440K
  class space    used 4642K, capacity 4949K, committed 4964K, reserved 1048576K
2018-06-13T02:15:47.134-0300: 30277.155: [GC (Allocation Failure) 2018-06-13T02:15:47.134-0300: 30277.155: [ParNew
Desired survivor size 20112992 bytes, new threshold 8 (max 8)
- age   1:     772056 bytes,     772056 total
- age   2:     319832 bytes,    1091888 total
- age   3:     676624 bytes,    1768512 total
- age   4:     237032 bytes,    2005544 total
- age   5:     507864 bytes,    2513408 total
- age   6:     214864 bytes,    2728272 total
- age   7:     235088 bytes,    2963360 total
- age   8:     426136 bytes,    3389496 total
: 91367K->3968K(109248K), 0.0042425 secs] 196064K->108851K(502464K), 0.0043498 secs] [Times: user=0.00 sys=0.00, real=0.00 secs] 
Heap after GC invocations=171 (full 1):
 par new generation   total 109248K, used 3968K [0x00000000e0000000, 0x00000000e8000000, 0x00000000e8000000)
  eden space 87424K,   0% used [0x00000000e0000000, 0x00000000e0000000, 0x00000000e5560000)
  from space 21824K,  18% used [0x00000000e6ab0000, 0x00000000e6e90258, 0x00000000e8000000)
  to   space 21824K,   0% used [0x00000000e5560000, 0x00000000e5560000, 0x00000000e6ab0000)
 concurrent mark-sweep generation total 393216K, used 104883K [0x00000000e8000000, 0x0000000100000000, 0x0000000100000000)
 Metaspace       used 39666K, capacity 41094K, committed 41316K, reserved 1085440K
  class space    used 4642K, capacity 4949K, committed 4964K, reserved 1048576K
}
2018-06-13T02:15:47.138-0300: 30277.159: Total time for which application threads were stopped: 0.0046147 seconds, Stopping threads took: 0.0000373 seconds
{Heap before GC invocations=171 (full 1):
 par new generation   total 109248K, used 91392K [0x00000000e0000000, 0x00000000e8000000, 0x00000000e8000000)
  eden space 87424K, 100% used [0x00000000e0000000, 0x00000000e5560000, 0x00000000e5560000)
  from space 21824K,  18% used [0x00000000e6ab0000, 0x00000000e6e90258, 0x00000000e8000000)
  to   space 21824K,   0% used [0x00000000e5560000, 0x00000000e5560000, 0x00000000e6ab0000)
 concurrent mark-sweep generation total 393216K, used 104883K [0x00000000e8000000, 0x0000000100000000, 0x0000000100000000)
 Metaspace       used 39666K, capacity 41094K, committed 41316K, reserved 1085440K
  class space    used 4642K, capacity 4949K, committed 4964K, reserved 1048576K
2018-06-13T02:15:47.216-0300: 30277.237: [GC (Allocation Failure) 2018-06-13T02:15:47.216-0300: 30277.237: [ParNew
Desired survivor size 20112992 bytes, new threshold 8 (max 8)
- age   1:     665912 bytes,     665912 total
- age   2:     309760 bytes,     975672 total
- age   3:     319400 bytes,    1295072 total
- age   4:     676624 bytes,    1971696 total
- age   5:     237032 bytes,    2208728 total
- age   6:     507864 bytes,    2716592 total
- age   7:     214864 bytes,    2931456 total
- age   8:     235088 bytes,    3166544 total
: 91392K->4695K(109248K), 0.0036271 secs] 196275K->109994K(502464K), 0.0037433 secs] [Times: user=0.00 sys=0.00, real=0.00 secs] 
Heap after GC invocations=172 (full 1):
 par new generation   total 109248K, used 4695K [0x00000000e0000000, 0x00000000e8000000, 0x00000000e8000000)
  eden space 87424K,   0% used [0x00000000e0000000, 0x00000000e0000000, 0x00000000e5560000)
  from space 21824K,  21% used [0x00000000e5560000, 0x00000000e59f5e88, 0x00000000e6ab0000)
  to   space 21824K,   0% used [0x00000000e6ab0000, 0x00000000e6ab0000, 0x00000000e8000000)
 concurrent mark-sweep generation total 393216K, used 105299K [0x00000000e8000000, 0x0000000100000000, 0x0000000100000000)
 Metaspace       used 39666K, capacity 41094K, committed 41316K, reserved 1085440K
  class space    used 4642K, capacity 4949K, committed 4964K, reserved 1048576K
}
2018-06-13T02:15:47.220-0300: 30277.241: Total time for which application threads were stopped: 0.0040069 seconds, Stopping threads took: 0.0000336 seconds
{Heap before GC invocations=172 (full 1):
 par new generation   total 109248K, used 92119K [0x00000000e0000000, 0x00000000e8000000, 0x00000000e8000000)
  eden space 87424K, 100% used [0x00000000e0000000, 0x00000000e5560000, 0x00000000e5560000)
  from space 21824K,  21% used [0x00000000e5560000, 0x00000000e59f5e88, 0x00000000e6ab0000)
  to   space 21824K,   0% used [0x00000000e6ab0000, 0x00000000e6ab0000, 0x00000000e8000000)
 concurrent mark-sweep generation total 393216K, used 105299K [0x00000000e8000000, 0x0000000100000000, 0x0000000100000000)
 Metaspace       used 39666K, capacity 41094K, committed 41316K, reserved 1085440K
  class space    used 4642K, capacity 4949K, committed 4964K, reserved 1048576K
2018-06-13T02:15:47.298-0300: 30277.319: [GC (Allocation Failure) 2018-06-13T02:15:47.298-0300: 30277.319: [ParNew
Desired survivor size 20112992 bytes, new threshold 8 (max 8)
- age   1:     553512 bytes,     553512 total
- age   2:     364240 bytes,     917752 total
- age   3:     309760 bytes,    1227512 total
- age   4:     318312 bytes,    1545824 total
- age   5:     676568 bytes,    2222392 total
- age   6:     237032 bytes,    2459424 total
- age   7:     507864 bytes,    2967288 total
- age   8:     214864 bytes,    3182152 total
: 92119K->4638K(109248K), 0.0040143 secs] 197418K->110167K(502464K), 0.0041156 secs] [Times: user=0.00 sys=0.00, real=0.00 secs] 
Heap after GC invocations=173 (full 1):
 par new generation   total 109248K, used 4638K [0x00000000e0000000, 0x00000000e8000000, 0x00000000e8000000)
  eden space 87424K,   0% used [0x00000000e0000000, 0x00000000e0000000, 0x00000000e5560000)
  from space 21824K,  21% used [0x00000000e6ab0000, 0x00000000e6f37a08, 0x00000000e8000000)
  to   space 21824K,   0% used [0x00000000e5560000, 0x00000000e5560000, 0x00000000e6ab0000)
 concurrent mark-sweep generation total 393216K, used 105528K [0x00000000e8000000, 0x0000000100000000, 0x0000000100000000)
 Metaspace       used 39666K, capacity 41094K, committed 41316K, reserved 1085440K
  class space    used 4642K, capacity 4949K, committed 4964K, reserved 1048576K
}
2018-06-13T02:15:47.302-0300: 30277.323: Total time for which application threads were stopped: 0.0043861 seconds, Stopping threads took: 0.0000462 seconds
{Heap before GC invocations=173 (full 1):
 par new generation   total 109248K, used 92062K [0x00000000e0000000, 0x00000000e8000000, 0x00000000e8000000)
  eden space 87424K, 100% used [0x00000000e0000000, 0x00000000e5560000, 0x00000000e5560000)
  from space 21824K,  21% used [0x00000000e6ab0000, 0x00000000e6f37a08, 0x00000000e8000000)
  to   space 21824K,   0% used [0x00000000e5560000, 0x00000000e5560000, 0x00000000e6ab0000)
 concurrent mark-sweep generation total 393216K, used 105528K [0x00000000e8000000, 0x0000000100000000, 0x0000000100000000)
 Metaspace       used 39666K, capacity 41094K, committed 41316K, reserved 1085440K
  class space    used 4642K, capacity 4949K, committed 4964K, reserved 1048576K
2018-06-13T02:15:47.383-0300: 30277.404: [GC (Allocation Failure) 2018-06-13T02:15:47.383-0300: 30277.404: [ParNew
Desired survivor size 20112992 bytes, new threshold 8 (max 8)
- age   1:     362584 bytes,     362584 total
- age   2:     496768 bytes,     859352 total
- age   3:     363424 bytes,    1222776 total
- age   4:     309472 bytes,    1532248 total
- age   5:     318312 bytes,    1850560 total
- age   6:     676568 bytes,    2527128 total
- age   7:     237032 bytes,    2764160 total
- age   8:     507864 bytes,    3272024 total
: 92062K->4382K(109248K), 0.0041417 secs] 197591K->110121K(502464K), 0.0042397 secs] [Times: user=0.06 sys=0.00, real=0.00 secs] 
Heap after GC invocations=174 (full 1):
 par new generation   total 109248K, used 4382K [0x00000000e0000000, 0x00000000e8000000, 0x00000000e8000000)
  eden space 87424K,   0% used [0x00000000e0000000, 0x00000000e0000000, 0x00000000e5560000)
  from space 21824K,  20% used [0x00000000e5560000, 0x00000000e59a7b48, 0x00000000e6ab0000)
  to   space 21824K,   0% used [0x00000000e6ab0000, 0x00000000e6ab0000, 0x00000000e8000000)
 concurrent mark-sweep generation total 393216K, used 105738K [0x00000000e8000000, 0x0000000100000000, 0x0000000100000000)
 Metaspace       used 39666K, capacity 41094K, committed 41316K, reserved 1085440K
  class space    used 4642K, capacity 4949K, committed 4964K, reserved 1048576K
}
2018-06-13T02:15:47.387-0300: 30277.408: Total time for which application threads were stopped: 0.0045014 seconds, Stopping threads took: 0.0000373 seconds
{Heap before GC invocations=174 (full 1):
 par new generation   total 109248K, used 91806K [0x00000000e0000000, 0x00000000e8000000, 0x00000000e8000000)
  eden space 87424K, 100% used [0x00000000e0000000, 0x00000000e5560000, 0x00000000e5560000)
  from space 21824K,  20% used [0x00000000e5560000, 0x00000000e59a7b48, 0x00000000e6ab0000)
  to   space 21824K,   0% used [0x00000000e6ab0000, 0x00000000e6ab0000, 0x00000000e8000000)
 concurrent mark-sweep generation total 393216K, used 105738K [0x00000000e8000000, 0x0000000100000000, 0x0000000100000000)
 Metaspace       used 39666K, capacity 41094K, committed 41316K, reserved 1085440K
  class space    used 4642K, capacity 4949K, committed 4964K, reserved 1048576K
2018-06-13T02:15:47.469-0300: 30277.490: [GC (Allocation Failure) 2018-06-13T02:15:47.469-0300: 30277.490: [ParNew
Desired survivor size 20112992 bytes, new threshold 8 (max 8)
- age   1:     713144 bytes,     713144 total
- age   2:     227408 bytes,     940552 total
- age   3:     270488 bytes,    1211040 total
- age   4:     363424 bytes,    1574464 total
- age   5:     243920 bytes,    1818384 total
- age   6:     318312 bytes,    2136696 total
- age   7:     676472 bytes,    2813168 total
- age   8:     237032 bytes,    3050200 total
: 91806K->3998K(109248K), 0.0048643 secs] 197545K->110233K(502464K), 0.0049562 secs] [Times: user=0.00 sys=0.00, real=0.00 secs] 
Heap after GC invocations=175 (full 1):
 par new generation   total 109248K, used 3998K [0x00000000e0000000, 0x00000000e8000000, 0x00000000e8000000)
  eden space 87424K,   0% used [0x00000000e0000000, 0x00000000e0000000, 0x00000000e5560000)
  from space 21824K,  18% used [0x00000000e6ab0000, 0x00000000e6e97b60, 0x00000000e8000000)
  to   space 21824K,   0% used [0x00000000e5560000, 0x00000000e5560000, 0x00000000e6ab0000)
 concurrent mark-sweep generation total 393216K, used 106234K [0x00000000e8000000, 0x0000000100000000, 0x0000000100000000)
 Metaspace       used 39666K, capacity 41094K, committed 41316K, reserved 1085440K
  class space    used 4642K, capacity 4949K, committed 4964K, reserved 1048576K
}
2018-06-13T02:15:47.474-0300: 30277.495: Total time for which application threads were stopped: 0.0052133 seconds, Stopping threads took: 0.0000350 seconds
{Heap before GC invocations=175 (full 1):
 par new generation   total 109248K, used 91422K [0x00000000e0000000, 0x00000000e8000000, 0x00000000e8000000)
  eden space 87424K, 100% used [0x00000000e0000000, 0x00000000e5560000, 0x00000000e5560000)
  from space 21824K,  18% used [0x00000000e6ab0000, 0x00000000e6e97b60, 0x00000000e8000000)
  to   space 21824K,   0% used [0x00000000e5560000, 0x00000000e5560000, 0x00000000e6ab0000)
 concurrent mark-sweep generation total 393216K, used 106234K [0x00000000e8000000, 0x0000000100000000, 0x0000000100000000)
 Metaspace       used 39666K, capacity 41094K, committed 41316K, reserved 1085440K
  class space    used 4642K, capacity 4949K, committed 4964K, reserved 1048576K
2018-06-13T02:15:47.556-0300: 30277.577: [GC (Allocation Failure) 2018-06-13T02:15:47.556-0300: 30277.577: [ParNew
Desired survivor size 20112992 bytes, new threshold 8 (max 8)
- age   1:     598200 bytes,     598200 total
- age   2:     396288 bytes,     994488 total
- age   3:     227320 bytes,    1221808 total
- age   4:     268376 bytes,    1490184 total
- age   5:     363424 bytes,    1853608 total
- age   6:     243920 bytes,    2097528 total
- age   7:     318312 bytes,    2415840 total
- age   8:     676472 bytes,    3092312 total
: 91422K->3907K(109248K), 0.0047132 secs] 197657K->110374K(502464K), 0.0048023 secs] [Times: user=0.00 sys=0.00, real=0.01 secs] 
Heap after GC invocations=176 (full 1):
 par new generation   total 109248K, used 3907K [0x00000000e0000000, 0x00000000e8000000, 0x00000000e8000000)
  eden space 87424K,   0% used [0x00000000e0000000, 0x00000000e0000000, 0x00000000e5560000)
  from space 21824K,  17% used [0x00000000e5560000, 0x00000000e5930fe0, 0x00000000e6ab0000)
  to   space 21824K,   0% used [0x00000000e6ab0000, 0x00000000e6ab0000, 0x00000000e8000000)
 concurrent mark-sweep generation total 393216K, used 106466K [0x00000000e8000000, 0x0000000100000000, 0x0000000100000000)
 Metaspace       used 39666K, capacity 41094K, committed 41316K, reserved 1085440K
  class space    used 4642K, capacity 4949K, committed 4964K, reserved 1048576K
}
2018-06-13T02:15:47.561-0300: 30277.581: Total time for which application threads were stopped: 0.0050682 seconds, Stopping threads took: 0.0000369 seconds
{Heap before GC invocations=176 (full 1):
 par new generation   total 109248K, used 91331K [0x00000000e0000000, 0x00000000e8000000, 0x00000000e8000000)
  eden space 87424K, 100% used [0x00000000e0000000, 0x00000000e5560000, 0x00000000e5560000)
  from space 21824K,  17% used [0x00000000e5560000, 0x00000000e5930fe0, 0x00000000e6ab0000)
  to   space 21824K,   0% used [0x00000000e6ab0000, 0x00000000e6ab0000, 0x00000000e8000000)
 concurrent mark-sweep generation total 393216K, used 106466K [0x00000000e8000000, 0x0000000100000000, 0x0000000100000000)
 Metaspace       used 39666K, capacity 41094K, committed 41316K, reserved 1085440K
  class space    used 4642K, capacity 4949K, committed 4964K, reserved 1048576K
2018-06-13T02:15:47.637-0300: 30277.658: [GC (Allocation Failure) 2018-06-13T02:15:47.637-0300: 30277.658: [ParNew
Desired survivor size 20112992 bytes, new threshold 8 (max 8)
- age   1:     233592 bytes,     233592 total
- age   2:     537720 bytes,     771312 total
- age   3:     396288 bytes,    1167600 total
- age   4:     227320 bytes,    1394920 total
- age   5:     268376 bytes,    1663296 total
- age   6:     363424 bytes,    2026720 total
- age   7:     243920 bytes,    2270640 total
- age   8:     318312 bytes,    2588952 total
: 91331K->3782K(109248K), 0.0049516 secs] 197798K->110911K(502464K), 0.0050500 secs] [Times: user=0.00 sys=0.00, real=0.00 secs] 
Heap after GC invocations=177 (full 1):
 par new generation   total 109248K, used 3782K [0x00000000e0000000, 0x00000000e8000000, 0x00000000e8000000)
  eden space 87424K,   0% used [0x00000000e0000000, 0x00000000e0000000, 0x00000000e5560000)
  from space 21824K,  17% used [0x00000000e6ab0000, 0x00000000e6e61a68, 0x00000000e8000000)
  to   space 21824K,   0% used [0x00000000e5560000, 0x00000000e5560000, 0x00000000e6ab0000)
 concurrent mark-sweep generation total 393216K, used 107128K [0x00000000e8000000, 0x0000000100000000, 0x0000000100000000)
 Metaspace       used 39666K, capacity 41094K, committed 41316K, reserved 1085440K
  class space    used 4642K, capacity 4949K, committed 4964K, reserved 1048576K
}
2018-06-13T02:15:47.642-0300: 30277.663: Total time for which application threads were stopped: 0.0053061 seconds, Stopping threads took: 0.0000327 seconds
{Heap before GC invocations=177 (full 1):
 par new generation   total 109248K, used 91206K [0x00000000e0000000, 0x00000000e8000000, 0x00000000e8000000)
  eden space 87424K, 100% used [0x00000000e0000000, 0x00000000e5560000, 0x00000000e5560000)
  from space 21824K,  17% used [0x00000000e6ab0000, 0x00000000e6e61a68, 0x00000000e8000000)
  to   space 21824K,   0% used [0x00000000e5560000, 0x00000000e5560000, 0x00000000e6ab0000)
 concurrent mark-sweep generation total 393216K, used 107128K [0x00000000e8000000, 0x0000000100000000, 0x0000000100000000)
 Metaspace       used 39666K, capacity 41094K, committed 41316K, reserved 1085440K
  class space    used 4642K, capacity 4949K, committed 4964K, reserved 1048576K
2018-06-13T02:15:47.724-0300: 30277.745: [GC (Allocation Failure) 2018-06-13T02:15:47.724-0300: 30277.745: [ParNew
Desired survivor size 20112992 bytes, new threshold 8 (max 8)
- age   1:     689280 bytes,     689280 total
- age   2:     171568 bytes,     860848 total
- age   3:     255280 bytes,    1116128 total
- age   4:     391336 bytes,    1507464 total
- age   5:     227320 bytes,    1734784 total
- age   6:     268376 bytes,    2003160 total
- age   7:     363424 bytes,    2366584 total
- age   8:     243920 bytes,    2610504 total
: 91206K->2863K(109248K), 0.0044561 secs] 198335K->110303K(502464K), 0.0045364 secs] [Times: user=0.05 sys=0.01, real=0.01 secs] 
Heap after GC invocations=178 (full 1):
 par new generation   total 109248K, used 2863K [0x00000000e0000000, 0x00000000e8000000, 0x00000000e8000000)
  eden space 87424K,   0% used [0x00000000e0000000, 0x00000000e0000000, 0x00000000e5560000)
  from space 21824K,  13% used [0x00000000e5560000, 0x00000000e582bfd8, 0x00000000e6ab0000)
  to   space 21824K,   0% used [0x00000000e6ab0000, 0x00000000e6ab0000, 0x00000000e8000000)
 concurrent mark-sweep generation total 393216K, used 107439K [0x00000000e8000000, 0x0000000100000000, 0x0000000100000000)
 Metaspace       used 39666K, capacity 41094K, committed 41316K, reserved 1085440K
  class space    used 4642K, capacity 4949K, committed 4964K, reserved 1048576K
}
2018-06-13T02:15:47.729-0300: 30277.749: Total time for which application threads were stopped: 0.0047943 seconds, Stopping threads took: 0.0000322 seconds
2018-06-13T02:15:47.821-0300: 30277.842: Total time for which application threads were stopped: 0.0001693 seconds, Stopping threads took: 0.0000518 seconds
2018-06-13T02:15:47.824-0300: 30277.844: Total time for which application threads were stopped: 0.0001889 seconds, Stopping threads took: 0.0000415 seconds
2018-06-13T02:15:47.824-0300: 30277.845: Total time for which application threads were stopped: 0.0001087 seconds, Stopping threads took: 0.0000261 seconds
2018-06-13T02:15:48.057-0300: 30278.078: Total time for which application threads were stopped: 0.0002071 seconds, Stopping threads took: 0.0000928 seconds
2018-06-13T02:15:48.057-0300: 30278.078: Total time for which application threads were stopped: 0.0001278 seconds, Stopping threads took: 0.0000723 seconds
2018-06-13T02:15:48.057-0300: 30278.078: Total time for which application threads were stopped: 0.0000672 seconds, Stopping threads took: 0.0000187 seconds
2018-06-13T02:15:48.057-0300: 30278.079: Total time for which application threads were stopped: 0.0000872 seconds, Stopping threads took: 0.0000266 seconds
2018-06-13T02:15:48.063-0300: 30278.085: Total time for which application threads were stopped: 0.0002071 seconds, Stopping threads took: 0.0000467 seconds
2018-06-13T02:15:48.459-0300: 30278.480: Total time for which application threads were stopped: 0.0002295 seconds, Stopping threads took: 0.0001199 seconds
2018-06-13T02:15:48.459-0300: 30278.480: Total time for which application threads were stopped: 0.0000882 seconds, Stopping threads took: 0.0000359 seconds
2018-06-13T02:15:48.459-0300: 30278.480: Total time for which application threads were stopped: 0.0000919 seconds, Stopping threads took: 0.0000397 seconds
2018-06-13T02:15:48.460-0300: 30278.481: Total time for which application threads were stopped: 0.0000784 seconds, Stopping threads took: 0.0000252 seconds
2018-06-13T02:15:48.460-0300: 30278.481: Total time for which application threads were stopped: 0.0000756 seconds, Stopping threads took: 0.0000247 seconds
2018-06-13T02:15:48.460-0300: 30278.482: Total time for which application threads were stopped: 0.0000751 seconds, Stopping threads took: 0.0000243 seconds
2018-06-13T02:15:48.461-0300: 30278.482: Total time for which application threads were stopped: 0.0000788 seconds, Stopping threads took: 0.0000280 seconds
2018-06-13T02:15:48.461-0300: 30278.482: Total time for which application threads were stopped: 0.0000751 seconds, Stopping threads took: 0.0000243 seconds
2018-06-13T02:15:48.558-0300: 30278.579: Total time for which application threads were stopped: 0.0002211 seconds, Stopping threads took: 0.0000868 seconds
2018-06-13T02:15:48.559-0300: 30278.580: Total time for which application threads were stopped: 0.0001120 seconds, Stopping threads took: 0.0000271 seconds
2018-06-13T02:15:48.559-0300: 30278.581: Total time for which application threads were stopped: 0.0000788 seconds, Stopping threads took: 0.0000210 seconds
{Heap before GC invocations=178 (full 1):
 par new generation   total 109248K, used 90287K [0x00000000e0000000, 0x00000000e8000000, 0x00000000e8000000)
  eden space 87424K, 100% used [0x00000000e0000000, 0x00000000e5560000, 0x00000000e5560000)
  from space 21824K,  13% used [0x00000000e5560000, 0x00000000e582bfd8, 0x00000000e6ab0000)
  to   space 21824K,   0% used [0x00000000e6ab0000, 0x00000000e6ab0000, 0x00000000e8000000)
 concurrent mark-sweep generation total 393216K, used 107439K [0x00000000e8000000, 0x0000000100000000, 0x0000000100000000)
 Metaspace       used 39700K, capacity 41158K, committed 41316K, reserved 1085440K
  class space    used 4643K, capacity 4949K, committed 4964K, reserved 1048576K
2018-06-13T02:15:48.595-0300: 30278.616: [GC (Allocation Failure) 2018-06-13T02:15:48.595-0300: 30278.616: [ParNew
Desired survivor size 20112992 bytes, new threshold 8 (max 8)
- age   1:    1581944 bytes,    1581944 total
- age   2:     554472 bytes,    2136416 total
- age   3:     170464 bytes,    2306880 total
- age   4:     253408 bytes,    2560288 total
- age   5:     389680 bytes,    2949968 total
- age   6:     223536 bytes,    3173504 total
- age   7:     266536 bytes,    3440040 total
- age   8:     362136 bytes,    3802176 total
: 90287K->5124K(109248K), 0.0040652 secs] 197727K->112801K(502464K), 0.0041492 secs] [Times: user=0.00 sys=0.00, real=0.00 secs] 
Heap after GC invocations=179 (full 1):
 par new generation   total 109248K, used 5124K [0x00000000e0000000, 0x00000000e8000000, 0x00000000e8000000)
  eden space 87424K,   0% used [0x00000000e0000000, 0x00000000e0000000, 0x00000000e5560000)
  from space 21824K,  23% used [0x00000000e6ab0000, 0x00000000e6fb1168, 0x00000000e8000000)
  to   space 21824K,   0% used [0x00000000e5560000, 0x00000000e5560000, 0x00000000e6ab0000)
 concurrent mark-sweep generation total 393216K, used 107676K [0x00000000e8000000, 0x0000000100000000, 0x0000000100000000)
 Metaspace       used 39700K, capacity 41158K, committed 41316K, reserved 1085440K
  class space    used 4643K, capacity 4949K, committed 4964K, reserved 1048576K
}
2018-06-13T02:15:48.599-0300: 30278.621: Total time for which application threads were stopped: 0.0044435 seconds, Stopping threads took: 0.0000401 seconds
2018-06-13T02:15:48.799-0300: 30278.820: Total time for which application threads were stopped: 0.0001456 seconds, Stopping threads took: 0.0000336 seconds
2018-06-13T02:15:48.803-0300: 30278.824: Total time for which application threads were stopped: 0.0002104 seconds, Stopping threads took: 0.0000998 seconds
2018-06-13T02:15:48.803-0300: 30278.824: Total time for which application threads were stopped: 0.0001362 seconds, Stopping threads took: 0.0000821 seconds
2018-06-13T02:15:49.034-0300: 30279.055: Total time for which application threads were stopped: 0.0002468 seconds, Stopping threads took: 0.0000411 seconds
2018-06-13T02:15:49.040-0300: 30279.061: Total time for which application threads were stopped: 0.0002393 seconds, Stopping threads took: 0.0000434 seconds
2018-06-13T02:15:49.040-0300: 30279.061: Total time for which application threads were stopped: 0.0002207 seconds, Stopping threads took: 0.0000499 seconds
2018-06-13T02:15:49.040-0300: 30279.061: Total time for which application threads were stopped: 0.0001414 seconds, Stopping threads took: 0.0000522 seconds
2018-06-13T02:15:49.041-0300: 30279.061: Total time for which application threads were stopped: 0.0001712 seconds, Stopping threads took: 0.0000271 seconds
2018-06-13T02:15:49.048-0300: 30279.069: Total time for which application threads were stopped: 0.0001316 seconds, Stopping threads took: 0.0000313 seconds
2018-06-13T02:15:49.147-0300: 30279.168: Total time for which application threads were stopped: 0.0001805 seconds, Stopping threads took: 0.0000425 seconds
2018-06-13T02:15:49.149-0300: 30279.170: Total time for which application threads were stopped: 0.0001269 seconds, Stopping threads took: 0.0000331 seconds
2018-06-13T02:15:49.149-0300: 30279.170: Total time for which application threads were stopped: 0.0000961 seconds, Stopping threads took: 0.0000364 seconds
2018-06-13T02:15:49.176-0300: 30279.197: Total time for which application threads were stopped: 0.0001297 seconds, Stopping threads took: 0.0000364 seconds
2018-06-13T02:15:49.176-0300: 30279.197: Total time for which application threads were stopped: 0.0000816 seconds, Stopping threads took: 0.0000219 seconds
2018-06-13T02:15:49.176-0300: 30279.197: Total time for which application threads were stopped: 0.0000896 seconds, Stopping threads took: 0.0000322 seconds
2018-06-13T02:15:49.177-0300: 30279.198: Total time for which application threads were stopped: 0.0000975 seconds, Stopping threads took: 0.0000313 seconds
2018-06-13T02:15:49.177-0300: 30279.198: Total time for which application threads were stopped: 0.0000704 seconds, Stopping threads took: 0.0000163 seconds
2018-06-13T02:15:49.178-0300: 30279.199: Total time for which application threads were stopped: 0.0002174 seconds, Stopping threads took: 0.0000145 seconds
2018-06-13T02:15:49.244-0300: 30279.265: Total time for which application threads were stopped: 0.0001581 seconds, Stopping threads took: 0.0000508 seconds
2018-06-13T02:15:49.245-0300: 30279.265: Total time for which application threads were stopped: 0.0001516 seconds, Stopping threads took: 0.0000704 seconds
2018-06-13T02:15:49.245-0300: 30279.266: Total time for which application threads were stopped: 0.0002832 seconds, Stopping threads took: 0.0000597 seconds
2018-06-13T02:15:49.404-0300: 30279.425: Total time for which application threads were stopped: 0.0001306 seconds, Stopping threads took: 0.0000289 seconds
{Heap before GC invocations=179 (full 1):
 par new generation   total 109248K, used 92173K [0x00000000e0000000, 0x00000000e8000000, 0x00000000e8000000)
  eden space 87424K,  99% used [0x00000000e0000000, 0x00000000e55023f8, 0x00000000e5560000)
  from space 21824K,  23% used [0x00000000e6ab0000, 0x00000000e6fb1168, 0x00000000e8000000)
  to   space 21824K,   0% used [0x00000000e5560000, 0x00000000e5560000, 0x00000000e6ab0000)
 concurrent mark-sweep generation total 393216K, used 107676K [0x00000000e8000000, 0x0000000100000000, 0x0000000100000000)
 Metaspace       used 39758K, capacity 41222K, committed 41316K, reserved 1085440K
  class space    used 4643K, capacity 4949K, committed 4964K, reserved 1048576K
2018-06-13T02:15:49.406-0300: 30279.427: [GC (Allocation Failure) 2018-06-13T02:15:49.406-0300: 30279.427: [ParNew
Desired survivor size 20112992 bytes, new threshold 8 (max 8)
- age   1:    3264240 bytes,    3264240 total
- age   2:     452552 bytes,    3716792 total
- age   3:     554472 bytes,    4271264 total
- age   4:     170464 bytes,    4441728 total
- age   5:     253408 bytes,    4695136 total
- age   6:     389680 bytes,    5084816 total
- age   7:     223536 bytes,    5308352 total
- age   8:     266536 bytes,    5574888 total
: 92173K->6703K(109248K), 0.0050719 secs] 199850K->114734K(502464K), 0.0051829 secs] [Times: user=0.00 sys=0.00, real=0.01 secs] 
Heap after GC invocations=180 (full 1):
 par new generation   total 109248K, used 6703K [0x00000000e0000000, 0x00000000e8000000, 0x00000000e8000000)
  eden space 87424K,   0% used [0x00000000e0000000, 0x00000000e0000000, 0x00000000e5560000)
  from space 21824K,  30% used [0x00000000e5560000, 0x00000000e5bebe18, 0x00000000e6ab0000)
  to   space 21824K,   0% used [0x00000000e6ab0000, 0x00000000e6ab0000, 0x00000000e8000000)
 concurrent mark-sweep generation total 393216K, used 108030K [0x00000000e8000000, 0x0000000100000000, 0x0000000100000000)
 Metaspace       used 39758K, capacity 41222K, committed 41316K, reserved 1085440K
  class space    used 4643K, capacity 4949K, committed 4964K, reserved 1048576K
}
2018-06-13T02:15:49.411-0300: 30279.432: Total time for which application threads were stopped: 0.0054899 seconds, Stopping threads took: 0.0000392 seconds
2018-06-13T02:15:49.412-0300: 30279.433: Total time for which application threads were stopped: 0.0001330 seconds, Stopping threads took: 0.0000392 seconds
2018-06-13T02:15:49.412-0300: 30279.433: Total time for which application threads were stopped: 0.0000793 seconds, Stopping threads took: 0.0000280 seconds
2018-06-13T02:15:49.576-0300: 30279.597: Total time for which application threads were stopped: 0.0001819 seconds, Stopping threads took: 0.0000802 seconds
2018-06-13T02:15:49.576-0300: 30279.597: Total time for which application threads were stopped: 0.0001581 seconds, Stopping threads took: 0.0001045 seconds
2018-06-13T02:15:49.576-0300: 30279.597: Total time for which application threads were stopped: 0.0000611 seconds, Stopping threads took: 0.0000126 seconds
2018-06-13T02:15:49.577-0300: 30279.597: Total time for which application threads were stopped: 0.0003018 seconds, Stopping threads took: 0.0000877 seconds
2018-06-13T02:15:49.669-0300: 30279.690: Total time for which application threads were stopped: 0.0001367 seconds, Stopping threads took: 0.0000308 seconds
2018-06-13T02:15:49.669-0300: 30279.691: Total time for which application threads were stopped: 0.0000835 seconds, Stopping threads took: 0.0000327 seconds
2018-06-13T02:15:49.670-0300: 30279.691: Total time for which application threads were stopped: 0.0001372 seconds, Stopping threads took: 0.0000872 seconds
2018-06-13T02:15:49.670-0300: 30279.692: Total time for which application threads were stopped: 0.0000658 seconds, Stopping threads took: 0.0000177 seconds
2018-06-13T02:15:49.671-0300: 30279.692: Total time for which application threads were stopped: 0.0000658 seconds, Stopping threads took: 0.0000173 seconds
2018-06-13T02:15:49.743-0300: 30279.764: Total time for which application threads were stopped: 0.0001409 seconds, Stopping threads took: 0.0000331 seconds
2018-06-13T02:15:49.744-0300: 30279.765: Total time for which application threads were stopped: 0.0000793 seconds, Stopping threads took: 0.0000191 seconds
2018-06-13T02:15:49.894-0300: 30279.915: Total time for which application threads were stopped: 0.0001250 seconds, Stopping threads took: 0.0000313 seconds
2018-06-13T02:15:49.896-0300: 30279.917: Total time for which application threads were stopped: 0.0001260 seconds, Stopping threads took: 0.0000508 seconds
2018-06-13T02:15:49.896-0300: 30279.917: Total time for which application threads were stopped: 0.0000812 seconds, Stopping threads took: 0.0000266 seconds
2018-06-13T02:15:50.123-0300: 30280.144: Total time for which application threads were stopped: 0.0001274 seconds, Stopping threads took: 0.0000303 seconds
2018-06-13T02:15:50.126-0300: 30280.147: Total time for which application threads were stopped: 0.0001036 seconds, Stopping threads took: 0.0000345 seconds
2018-06-13T02:15:50.126-0300: 30280.148: Total time for which application threads were stopped: 0.0000830 seconds, Stopping threads took: 0.0000322 seconds
2018-06-13T02:15:50.126-0300: 30280.148: Total time for which application threads were stopped: 0.0000816 seconds, Stopping threads took: 0.0000322 seconds
2018-06-13T02:15:50.132-0300: 30280.154: Total time for which application threads were stopped: 0.0001381 seconds, Stopping threads took: 0.0000322 seconds
2018-06-13T02:15:50.205-0300: 30280.227: Total time for which application threads were stopped: 0.0001507 seconds, Stopping threads took: 0.0000327 seconds
2018-06-13T02:15:50.206-0300: 30280.228: Total time for which application threads were stopped: 0.0000798 seconds, Stopping threads took: 0.0000191 seconds
2018-06-13T02:15:50.207-0300: 30280.229: Total time for which application threads were stopped: 0.0000728 seconds, Stopping threads took: 0.0000173 seconds
2018-06-13T02:15:50.208-0300: 30280.229: Total time for which application threads were stopped: 0.0001484 seconds, Stopping threads took: 0.0000303 seconds
2018-06-13T02:15:50.208-0300: 30280.229: Total time for which application threads were stopped: 0.0000746 seconds, Stopping threads took: 0.0000177 seconds
2018-06-13T02:15:50.208-0300: 30280.229: Total time for which application threads were stopped: 0.0000625 seconds, Stopping threads took: 0.0000163 seconds
2018-06-13T02:15:50.209-0300: 30280.231: Total time for which application threads were stopped: 0.0001367 seconds, Stopping threads took: 0.0000695 seconds
2018-06-13T02:15:50.209-0300: 30280.231: Total time for which application threads were stopped: 0.0001246 seconds, Stopping threads took: 0.0000616 seconds
2018-06-13T02:15:50.209-0300: 30280.231: Total time for which application threads were stopped: 0.0001148 seconds, Stopping threads took: 0.0000578 seconds
2018-06-13T02:15:50.210-0300: 30280.231: Total time for which application threads were stopped: 0.0001087 seconds, Stopping threads took: 0.0000588 seconds
2018-06-13T02:15:50.219-0300: 30280.241: Total time for which application threads were stopped: 0.0001437 seconds, Stopping threads took: 0.0000453 seconds
2018-06-13T02:15:50.219-0300: 30280.241: Total time for which application threads were stopped: 0.0000784 seconds, Stopping threads took: 0.0000261 seconds
2018-06-13T02:15:50.221-0300: 30280.242: Total time for which application threads were stopped: 0.0000942 seconds, Stopping threads took: 0.0000233 seconds
2018-06-13T02:15:50.221-0300: 30280.242: Total time for which application threads were stopped: 0.0000779 seconds, Stopping threads took: 0.0000224 seconds
2018-06-13T02:15:50.221-0300: 30280.243: Total time for which application threads were stopped: 0.0000630 seconds, Stopping threads took: 0.0000131 seconds
{Heap before GC invocations=180 (full 1):
 par new generation   total 109248K, used 94127K [0x00000000e0000000, 0x00000000e8000000, 0x00000000e8000000)
  eden space 87424K, 100% used [0x00000000e0000000, 0x00000000e5560000, 0x00000000e5560000)
  from space 21824K,  30% used [0x00000000e5560000, 0x00000000e5bebe18, 0x00000000e6ab0000)
  to   space 21824K,   0% used [0x00000000e6ab0000, 0x00000000e6ab0000, 0x00000000e8000000)
 concurrent mark-sweep generation total 393216K, used 108030K [0x00000000e8000000, 0x0000000100000000, 0x0000000100000000)
 Metaspace       used 39779K, capacity 41222K, committed 41316K, reserved 1085440K
  class space    used 4643K, capacity 4949K, committed 4964K, reserved 1048576K
2018-06-13T02:15:50.365-0300: 30280.387: [GC (Allocation Failure) 2018-06-13T02:15:50.365-0300: 30280.387: [ParNew
Desired survivor size 20112992 bytes, new threshold 8 (max 8)
- age   1:    1092096 bytes,    1092096 total
- age   2:     192184 bytes,    1284280 total
- age   3:     451176 bytes,    1735456 total
- age   4:     554472 bytes,    2289928 total
- age   5:     170464 bytes,    2460392 total
- age   6:     253408 bytes,    2713800 total
- age   7:     389680 bytes,    3103480 total
- age   8:     223536 bytes,    3327016 total
: 94127K->5112K(109248K), 0.0039849 secs] 202158K->113403K(502464K), 0.0040997 secs] [Times: user=0.06 sys=0.00, real=0.00 secs] 
Heap after GC invocations=181 (full 1):
 par new generation   total 109248K, used 5112K [0x00000000e0000000, 0x00000000e8000000, 0x00000000e8000000)
  eden space 87424K,   0% used [0x00000000e0000000, 0x00000000e0000000, 0x00000000e5560000)
  from space 21824K,  23% used [0x00000000e6ab0000, 0x00000000e6fae110, 0x00000000e8000000)
  to   space 21824K,   0% used [0x00000000e5560000, 0x00000000e5560000, 0x00000000e6ab0000)
 concurrent mark-sweep generation total 393216K, used 108290K [0x00000000e8000000, 0x0000000100000000, 0x0000000100000000)
 Metaspace       used 39779K, capacity 41222K, committed 41316K, reserved 1085440K
  class space    used 4643K, capacity 4949K, committed 4964K, reserved 1048576K
}
2018-06-13T02:15:50.370-0300: 30280.391: Total time for which application threads were stopped: 0.0044659 seconds, Stopping threads took: 0.0000401 seconds
2018-06-13T02:15:50.670-0300: 30280.691: Total time for which application threads were stopped: 0.0001969 seconds, Stopping threads took: 0.0000327 seconds
2018-06-13T02:15:50.671-0300: 30280.692: Total time for which application threads were stopped: 0.0000928 seconds, Stopping threads took: 0.0000229 seconds
2018-06-13T02:15:50.671-0300: 30280.693: Total time for which application threads were stopped: 0.0000798 seconds, Stopping threads took: 0.0000191 seconds
2018-06-13T02:15:50.674-0300: 30280.695: Total time for which application threads were stopped: 0.0001143 seconds, Stopping threads took: 0.0000275 seconds
2018-06-13T02:15:50.674-0300: 30280.696: Total time for which application threads were stopped: 0.0000667 seconds, Stopping threads took: 0.0000182 seconds
2018-06-13T02:15:50.702-0300: 30280.723: Total time for which application threads were stopped: 0.0001278 seconds, Stopping threads took: 0.0000317 seconds
2018-06-13T02:15:50.875-0300: 30280.896: Total time for which application threads were stopped: 0.0001269 seconds, Stopping threads took: 0.0000308 seconds
2018-06-13T02:15:50.875-0300: 30280.896: Total time for which application threads were stopped: 0.0000723 seconds, Stopping threads took: 0.0000196 seconds
2018-06-13T02:15:50.881-0300: 30280.902: Total time for which application threads were stopped: 0.0001180 seconds, Stopping threads took: 0.0000345 seconds
2018-06-13T02:15:50.881-0300: 30280.902: Total time for which application threads were stopped: 0.0000807 seconds, Stopping threads took: 0.0000271 seconds
2018-06-13T02:15:50.881-0300: 30280.902: Total time for which application threads were stopped: 0.0000620 seconds, Stopping threads took: 0.0000145 seconds
2018-06-13T02:15:50.881-0300: 30280.902: Total time for which application threads were stopped: 0.0000812 seconds, Stopping threads took: 0.0000261 seconds
{Heap before GC invocations=181 (full 1):
 par new generation   total 109248K, used 92536K [0x00000000e0000000, 0x00000000e8000000, 0x00000000e8000000)
  eden space 87424K, 100% used [0x00000000e0000000, 0x00000000e5560000, 0x00000000e5560000)
  from space 21824K,  23% used [0x00000000e6ab0000, 0x00000000e6fae110, 0x00000000e8000000)
  to   space 21824K,   0% used [0x00000000e5560000, 0x00000000e5560000, 0x00000000e6ab0000)
 concurrent mark-sweep generation total 393216K, used 108290K [0x00000000e8000000, 0x0000000100000000, 0x0000000100000000)
 Metaspace       used 39810K, capacity 41286K, committed 41316K, reserved 1085440K
  class space    used 4644K, capacity 4949K, committed 4964K, reserved 1048576K
2018-06-13T02:16:23.187-0300: 30313.209: [GC (Allocation Failure) 2018-06-13T02:16:23.188-0300: 30313.209: [ParNew
Desired survivor size 20112992 bytes, new threshold 8 (max 8)
- age   1:    2358304 bytes,    2358304 total
- age   2:     308744 bytes,    2667048 total
- age   3:     191096 bytes,    2858144 total
- age   4:     451000 bytes,    3309144 total
- age   5:     554472 bytes,    3863616 total
- age   6:     170464 bytes,    4034080 total
- age   7:     253408 bytes,    4287488 total
- age   8:     389680 bytes,    4677168 total
: 92536K->6202K(109248K), 0.0045424 secs] 200827K->114711K(502464K), 0.0046744 secs] [Times: user=0.00 sys=0.00, real=0.00 secs] 
Heap after GC invocations=182 (full 1):
 par new generation   total 109248K, used 6202K [0x00000000e0000000, 0x00000000e8000000, 0x00000000e8000000)
  eden space 87424K,   0% used [0x00000000e0000000, 0x00000000e0000000, 0x00000000e5560000)
  from space 21824K,  28% used [0x00000000e5560000, 0x00000000e5b6ea48, 0x00000000e6ab0000)
  to   space 21824K,   0% used [0x00000000e6ab0000, 0x00000000e6ab0000, 0x00000000e8000000)
 concurrent mark-sweep generation total 393216K, used 108509K [0x00000000e8000000, 0x0000000100000000, 0x0000000100000000)
 Metaspace       used 39810K, capacity 41286K, committed 41316K, reserved 1085440K
  class space    used 4644K, capacity 4949K, committed 4964K, reserved 1048576K
}
2018-06-13T02:16:23.192-0300: 30313.213: Total time for which application threads were stopped: 0.0049637 seconds, Stopping threads took: 0.0000322 seconds
2018-06-13T02:16:24.193-0300: 30314.214: Total time for which application threads were stopped: 0.0002505 seconds, Stopping threads took: 0.0000718 seconds
2018-06-13T02:18:01.200-0300: 30411.222: Total time for which application threads were stopped: 0.0001367 seconds, Stopping threads took: 0.0000313 seconds
2018-06-13T02:18:01.201-0300: 30411.222: Total time for which application threads were stopped: 0.0000779 seconds, Stopping threads took: 0.0000196 seconds
2018-06-13T02:18:01.201-0300: 30411.223: Total time for which application threads were stopped: 0.0000816 seconds, Stopping threads took: 0.0000191 seconds
2018-06-13T02:18:02.202-0300: 30412.223: Total time for which application threads were stopped: 0.0002804 seconds, Stopping threads took: 0.0000704 seconds
2018-06-13T02:18:23.209-0300: 30433.230: Total time for which application threads were stopped: 0.0002645 seconds, Stopping threads took: 0.0000667 seconds
2018-06-13T02:20:25.269-0300: 30555.290: Total time for which application threads were stopped: 0.0001614 seconds, Stopping threads took: 0.0000471 seconds
2018-06-13T02:21:05.291-0300: 30595.312: Total time for which application threads were stopped: 0.0001484 seconds, Stopping threads took: 0.0000439 seconds
2018-06-13T02:21:14.296-0300: 30604.316: Total time for which application threads were stopped: 0.0001320 seconds, Stopping threads took: 0.0000387 seconds
2018-06-13T02:21:29.173-0300: 30619.194: Total time for which application threads were stopped: 0.0002407 seconds, Stopping threads took: 0.0000653 seconds
2018-06-13T02:21:29.173-0300: 30619.194: Total time for which application threads were stopped: 0.0001152 seconds, Stopping threads took: 0.0000327 seconds
2018-06-13T02:21:29.173-0300: 30619.194: Total time for which application threads were stopped: 0.0001026 seconds, Stopping threads took: 0.0000299 seconds
2018-06-13T02:21:29.173-0300: 30619.195: Total time for which application threads were stopped: 0.0001208 seconds, Stopping threads took: 0.0000313 seconds
2018-06-13T02:21:29.173-0300: 30619.195: Total time for which application threads were stopped: 0.0001456 seconds, Stopping threads took: 0.0000634 seconds
2018-06-13T02:21:29.175-0300: 30619.196: Total time for which application threads were stopped: 0.0001880 seconds, Stopping threads took: 0.0000606 seconds
2018-06-13T02:21:29.175-0300: 30619.196: Total time for which application threads were stopped: 0.0001185 seconds, Stopping threads took: 0.0000285 seconds
2018-06-13T02:21:29.175-0300: 30619.196: Total time for which application threads were stopped: 0.0000886 seconds, Stopping threads took: 0.0000252 seconds
2018-06-13T02:21:29.175-0300: 30619.196: Total time for which application threads were stopped: 0.0001022 seconds, Stopping threads took: 0.0000252 seconds
2018-06-13T02:21:29.175-0300: 30619.197: Total time for which application threads were stopped: 0.0001553 seconds, Stopping threads took: 0.0000425 seconds
2018-06-13T02:21:29.176-0300: 30619.197: Total time for which application threads were stopped: 0.0000840 seconds, Stopping threads took: 0.0000247 seconds
2018-06-13T02:21:29.176-0300: 30619.197: Total time for which application threads were stopped: 0.0000807 seconds, Stopping threads took: 0.0000261 seconds
2018-06-13T02:21:29.176-0300: 30619.197: Total time for which application threads were stopped: 0.0000793 seconds, Stopping threads took: 0.0000257 seconds
2018-06-13T02:21:31.424-0300: 30621.445: Total time for which application threads were stopped: 0.0001791 seconds, Stopping threads took: 0.0000756 seconds
2018-06-13T02:21:31.427-0300: 30621.449: Total time for which application threads were stopped: 0.0003107 seconds, Stopping threads took: 0.0000513 seconds
2018-06-13T02:21:31.431-0300: 30621.452: Total time for which application threads were stopped: 0.0002048 seconds, Stopping threads took: 0.0000532 seconds
2018-06-13T02:21:31.435-0300: 30621.456: Total time for which application threads were stopped: 0.0001484 seconds, Stopping threads took: 0.0000401 seconds
2018-06-13T02:21:31.438-0300: 30621.460: Total time for which application threads were stopped: 0.0001456 seconds, Stopping threads took: 0.0000355 seconds
2018-06-13T02:21:31.442-0300: 30621.463: Total time for which application threads were stopped: 0.0001498 seconds, Stopping threads took: 0.0000373 seconds
2018-06-13T02:21:31.445-0300: 30621.466: Total time for which application threads were stopped: 0.0002267 seconds, Stopping threads took: 0.0000658 seconds
2018-06-13T02:21:32.446-0300: 30622.466: Total time for which application threads were stopped: 0.0002645 seconds, Stopping threads took: 0.0000686 seconds
2018-06-13T02:21:34.447-0300: 30624.468: Total time for which application threads were stopped: 0.0002435 seconds, Stopping threads took: 0.0000718 seconds
2018-06-13T02:21:36.447-0300: 30626.468: Total time for which application threads were stopped: 0.0002407 seconds, Stopping threads took: 0.0000686 seconds
2018-06-13T02:21:37.555-0300: 30627.577: Total time for which application threads were stopped: 0.0001707 seconds, Stopping threads took: 0.0000378 seconds
2018-06-13T02:21:37.556-0300: 30627.577: Total time for which application threads were stopped: 0.0001549 seconds, Stopping threads took: 0.0000317 seconds
2018-06-13T02:21:37.558-0300: 30627.579: Total time for which application threads were stopped: 0.0001768 seconds, Stopping threads took: 0.0000364 seconds
2018-06-13T02:21:38.558-0300: 30628.579: Total time for which application threads were stopped: 0.0002305 seconds, Stopping threads took: 0.0000690 seconds
2018-06-13T02:21:46.561-0300: 30636.582: Total time for which application threads were stopped: 0.0002412 seconds, Stopping threads took: 0.0000723 seconds
2018-06-13T02:21:47.561-0300: 30637.582: Total time for which application threads were stopped: 0.0002337 seconds, Stopping threads took: 0.0000704 seconds
2018-06-13T02:21:49.562-0300: 30639.583: Total time for which application threads were stopped: 0.0002389 seconds, Stopping threads took: 0.0000662 seconds
2018-06-13T02:21:52.563-0300: 30642.584: Total time for which application threads were stopped: 0.0002379 seconds, Stopping threads took: 0.0000728 seconds
2018-06-13T02:21:53.563-0300: 30643.584: Total time for which application threads were stopped: 0.0001446 seconds, Stopping threads took: 0.0000453 seconds
2018-06-13T02:21:54.026-0300: 30644.047: Total time for which application threads were stopped: 0.0001605 seconds, Stopping threads took: 0.0000397 seconds
2018-06-13T02:21:54.027-0300: 30644.048: Total time for which application threads were stopped: 0.0001647 seconds, Stopping threads took: 0.0000331 seconds
2018-06-13T02:22:26.686-0300: 30676.707: Total time for which application threads were stopped: 0.0001633 seconds, Stopping threads took: 0.0000401 seconds
2018-06-13T02:23:29.710-0300: 30739.731: Total time for which application threads were stopped: 0.0002272 seconds, Stopping threads took: 0.0000672 seconds
2018-06-13T02:25:27.747-0300: 30857.768: Total time for which application threads were stopped: 0.0001218 seconds, Stopping threads took: 0.0000327 seconds
2018-06-13T02:25:29.378-0300: 30859.400: Total time for which application threads were stopped: 0.0005407 seconds, Stopping threads took: 0.0000513 seconds
2018-06-13T02:25:29.433-0300: 30859.455: Total time for which application threads were stopped: 0.0001661 seconds, Stopping threads took: 0.0000471 seconds
2018-06-13T02:25:29.433-0300: 30859.455: Total time for which application threads were stopped: 0.0001381 seconds, Stopping threads took: 0.0000718 seconds
2018-06-13T02:25:29.434-0300: 30859.455: Total time for which application threads were stopped: 0.0001852 seconds, Stopping threads took: 0.0000201 seconds
2018-06-13T02:25:29.435-0300: 30859.456: Total time for which application threads were stopped: 0.0001050 seconds, Stopping threads took: 0.0000247 seconds
2018-06-13T02:25:29.435-0300: 30859.456: Total time for which application threads were stopped: 0.0000826 seconds, Stopping threads took: 0.0000252 seconds
{Heap before GC invocations=182 (full 1):
 par new generation   total 109248K, used 93626K [0x00000000e0000000, 0x00000000e8000000, 0x00000000e8000000)
  eden space 87424K, 100% used [0x00000000e0000000, 0x00000000e5560000, 0x00000000e5560000)
  from space 21824K,  28% used [0x00000000e5560000, 0x00000000e5b6ea48, 0x00000000e6ab0000)
  to   space 21824K,   0% used [0x00000000e6ab0000, 0x00000000e6ab0000, 0x00000000e8000000)
 concurrent mark-sweep generation total 393216K, used 108509K [0x00000000e8000000, 0x0000000100000000, 0x0000000100000000)
 Metaspace       used 39960K, capacity 41414K, committed 41572K, reserved 1085440K
  class space    used 4644K, capacity 4949K, committed 4964K, reserved 1048576K
2018-06-13T02:25:29.621-0300: 30859.642: [GC (Allocation Failure) 2018-06-13T02:25:29.621-0300: 30859.642: [ParNew
Desired survivor size 20112992 bytes, new threshold 8 (max 8)
- age   1:   12605656 bytes,   12605656 total
- age   2:    2307232 bytes,   14912888 total
- age   3:     303880 bytes,   15216768 total
- age   4:     190008 bytes,   15406776 total
- age   5:     449912 bytes,   15856688 total
- age   6:     554472 bytes,   16411160 total
- age   7:     170464 bytes,   16581624 total
- age   8:     253408 bytes,   16835032 total
: 93626K->18579K(109248K), 0.0063254 secs] 202135K->127468K(502464K), 0.0065839 secs] [Times: user=0.00 sys=0.00, real=0.01 secs] 
Heap after GC invocations=183 (full 1):
 par new generation   total 109248K, used 18579K [0x00000000e0000000, 0x00000000e8000000, 0x00000000e8000000)
  eden space 87424K,   0% used [0x00000000e0000000, 0x00000000e0000000, 0x00000000e5560000)
  from space 21824K,  85% used [0x00000000e6ab0000, 0x00000000e7cd4c70, 0x00000000e8000000)
  to   space 21824K,   0% used [0x00000000e5560000, 0x00000000e5560000, 0x00000000e6ab0000)
 concurrent mark-sweep generation total 393216K, used 108889K [0x00000000e8000000, 0x0000000100000000, 0x0000000100000000)
 Metaspace       used 39960K, capacity 41414K, committed 41572K, reserved 1085440K
  class space    used 4644K, capacity 4949K, committed 4964K, reserved 1048576K
}
2018-06-13T02:25:29.627-0300: 30859.649: Total time for which application threads were stopped: 0.0068586 seconds, Stopping threads took: 0.0000313 seconds
{Heap before GC invocations=183 (full 1):
 par new generation   total 109248K, used 106003K [0x00000000e0000000, 0x00000000e8000000, 0x00000000e8000000)
  eden space 87424K, 100% used [0x00000000e0000000, 0x00000000e5560000, 0x00000000e5560000)
  from space 21824K,  85% used [0x00000000e6ab0000, 0x00000000e7cd4c70, 0x00000000e8000000)
  to   space 21824K,   0% used [0x00000000e5560000, 0x00000000e5560000, 0x00000000e6ab0000)
 concurrent mark-sweep generation total 393216K, used 108889K [0x00000000e8000000, 0x0000000100000000, 0x0000000100000000)
 Metaspace       used 39960K, capacity 41414K, committed 41572K, reserved 1085440K
  class space    used 4644K, capacity 4949K, committed 4964K, reserved 1048576K
2018-06-13T02:25:29.702-0300: 30859.723: [GC (Allocation Failure) 2018-06-13T02:25:29.702-0300: 30859.723: [ParNew
Desired survivor size 20112992 bytes, new threshold 8 (max 8)
- age   1:     555880 bytes,     555880 total
- age   2:   12230440 bytes,   12786320 total
- age   3:    2307184 bytes,   15093504 total
- age   4:     303360 bytes,   15396864 total
- age   5:     189792 bytes,   15586656 total
- age   6:     413304 bytes,   15999960 total
- age   7:     546144 bytes,   16546104 total
- age   8:     170464 bytes,   16716568 total
: 106003K->21824K(109248K), 0.0063809 secs] 214892K->131163K(502464K), 0.0064635 secs] [Times: user=0.00 sys=0.00, real=0.01 secs] 
Heap after GC invocations=184 (full 1):
 par new generation   total 109248K, used 21824K [0x00000000e0000000, 0x00000000e8000000, 0x00000000e8000000)
  eden space 87424K,   0% used [0x00000000e0000000, 0x00000000e0000000, 0x00000000e5560000)
  from space 21824K, 100% used [0x00000000e5560000, 0x00000000e6ab0000, 0x00000000e6ab0000)
  to   space 21824K,   0% used [0x00000000e6ab0000, 0x00000000e6ab0000, 0x00000000e8000000)
 concurrent mark-sweep generation total 393216K, used 109339K [0x00000000e8000000, 0x0000000100000000, 0x0000000100000000)
 Metaspace       used 39960K, capacity 41414K, committed 41572K, reserved 1085440K
  class space    used 4644K, capacity 4949K, committed 4964K, reserved 1048576K
}
2018-06-13T02:25:29.708-0300: 30859.730: Total time for which application threads were stopped: 0.0067677 seconds, Stopping threads took: 0.0000336 seconds
{Heap before GC invocations=184 (full 1):
 par new generation   total 109248K, used 109248K [0x00000000e0000000, 0x00000000e8000000, 0x00000000e8000000)
  eden space 87424K, 100% used [0x00000000e0000000, 0x00000000e5560000, 0x00000000e5560000)
  from space 21824K, 100% used [0x00000000e5560000, 0x00000000e6ab0000, 0x00000000e6ab0000)
  to   space 21824K,   0% used [0x00000000e6ab0000, 0x00000000e6ab0000, 0x00000000e8000000)
 concurrent mark-sweep generation total 393216K, used 109339K [0x00000000e8000000, 0x0000000100000000, 0x0000000100000000)
 Metaspace       used 39960K, capacity 41414K, committed 41572K, reserved 1085440K
  class space    used 4644K, capacity 4949K, committed 4964K, reserved 1048576K
2018-06-13T02:25:29.784-0300: 30859.806: [GC (Allocation Failure) 2018-06-13T02:25:29.784-0300: 30859.806: [ParNew
Desired survivor size 20112992 bytes, new threshold 8 (max 8)
- age   1:     502536 bytes,     502536 total
- age   2:     383584 bytes,     886120 total
- age   3:   12230176 bytes,   13116296 total
- age   4:    2307184 bytes,   15423480 total
- age   5:     303360 bytes,   15726840 total
- age   6:     189792 bytes,   15916632 total
- age   7:     413304 bytes,   16329936 total
- age   8:     546144 bytes,   16876080 total
: 109248K->21824K(109248K), 0.0067737 secs] 218587K->131329K(502464K), 0.0068712 secs] [Times: user=0.06 sys=0.00, real=0.01 secs] 
Heap after GC invocations=185 (full 1):
 par new generation   total 109248K, used 21824K [0x00000000e0000000, 0x00000000e8000000, 0x00000000e8000000)
  eden space 87424K,   0% used [0x00000000e0000000, 0x00000000e0000000, 0x00000000e5560000)
  from space 21824K, 100% used [0x00000000e6ab0000, 0x00000000e8000000, 0x00000000e8000000)
  to   space 21824K,   0% used [0x00000000e5560000, 0x00000000e5560000, 0x00000000e6ab0000)
 concurrent mark-sweep generation total 393216K, used 109505K [0x00000000e8000000, 0x0000000100000000, 0x0000000100000000)
 Metaspace       used 39960K, capacity 41414K, committed 41572K, reserved 1085440K
  class space    used 4644K, capacity 4949K, committed 4964K, reserved 1048576K
}
2018-06-13T02:25:29.791-0300: 30859.813: Total time for which application threads were stopped: 0.0071927 seconds, Stopping threads took: 0.0000355 seconds
{Heap before GC invocations=185 (full 1):
 par new generation   total 109248K, used 109248K [0x00000000e0000000, 0x00000000e8000000, 0x00000000e8000000)
  eden space 87424K, 100% used [0x00000000e0000000, 0x00000000e5560000, 0x00000000e5560000)
  from space 21824K, 100% used [0x00000000e6ab0000, 0x00000000e8000000, 0x00000000e8000000)
  to   space 21824K,   0% used [0x00000000e5560000, 0x00000000e5560000, 0x00000000e6ab0000)
 concurrent mark-sweep generation total 393216K, used 109505K [0x00000000e8000000, 0x0000000100000000, 0x0000000100000000)
 Metaspace       used 39960K, capacity 41414K, committed 41572K, reserved 1085440K
  class space    used 4644K, capacity 4949K, committed 4964K, reserved 1048576K
2018-06-13T02:25:29.871-0300: 30859.892: [GC (Allocation Failure) 2018-06-13T02:25:29.871-0300: 30859.892: [ParNew
Desired survivor size 20112992 bytes, new threshold 8 (max 8)
- age   1:     582976 bytes,     582976 total
- age   2:     303008 bytes,     885984 total
- age   3:     381816 bytes,    1267800 total
- age   4:   12230032 bytes,   13497832 total
- age   5:    2307184 bytes,   15805016 total
- age   6:     303360 bytes,   16108376 total
- age   7:     189792 bytes,   16298168 total
- age   8:     413304 bytes,   16711472 total
: 109248K->21180K(109248K), 0.0061374 secs] 218753K->131219K(502464K), 0.0062396 secs] [Times: user=0.00 sys=0.00, real=0.01 secs] 
Heap after GC invocations=186 (full 1):
 par new generation   total 109248K, used 21180K [0x00000000e0000000, 0x00000000e8000000, 0x00000000e8000000)
  eden space 87424K,   0% used [0x00000000e0000000, 0x00000000e0000000, 0x00000000e5560000)
  from space 21824K,  97% used [0x00000000e5560000, 0x00000000e6a0f320, 0x00000000e6ab0000)
  to   space 21824K,   0% used [0x00000000e6ab0000, 0x00000000e6ab0000, 0x00000000e8000000)
 concurrent mark-sweep generation total 393216K, used 110039K [0x00000000e8000000, 0x0000000100000000, 0x0000000100000000)
 Metaspace       used 39960K, capacity 41414K, committed 41572K, reserved 1085440K
  class space    used 4644K, capacity 4949K, committed 4964K, reserved 1048576K
}
2018-06-13T02:25:29.877-0300: 30859.899: Total time for which application threads were stopped: 0.0065988 seconds, Stopping threads took: 0.0000495 seconds
{Heap before GC invocations=186 (full 1):
 par new generation   total 109248K, used 108604K [0x00000000e0000000, 0x00000000e8000000, 0x00000000e8000000)
  eden space 87424K, 100% used [0x00000000e0000000, 0x00000000e5560000, 0x00000000e5560000)
  from space 21824K,  97% used [0x00000000e5560000, 0x00000000e6a0f320, 0x00000000e6ab0000)
  to   space 21824K,   0% used [0x00000000e6ab0000, 0x00000000e6ab0000, 0x00000000e8000000)
 concurrent mark-sweep generation total 393216K, used 110039K [0x00000000e8000000, 0x0000000100000000, 0x0000000100000000)
 Metaspace       used 39960K, capacity 41414K, committed 41572K, reserved 1085440K
  class space    used 4644K, capacity 4949K, committed 4964K, reserved 1048576K
2018-06-13T02:25:29.958-0300: 30859.980: [GC (Allocation Failure) 2018-06-13T02:25:29.959-0300: 30859.980: [ParNew
Desired survivor size 20112992 bytes, new threshold 8 (max 8)
- age   1:     797400 bytes,     797400 total
- age   2:     243168 bytes,    1040568 total
- age   3:     302920 bytes,    1343488 total
- age   4:     327904 bytes,    1671392 total
- age   5:   12229928 bytes,   13901320 total
- age   6:    2307184 bytes,   16208504 total
- age   7:     303360 bytes,   16511864 total
- age   8:     189792 bytes,   16701656 total
: 108604K->21824K(109248K), 0.0059210 secs] 218643K->132268K(502464K), 0.0060194 secs] [Times: user=0.06 sys=0.00, real=0.01 secs] 
Heap after GC invocations=187 (full 1):
 par new generation   total 109248K, used 21824K [0x00000000e0000000, 0x00000000e8000000, 0x00000000e8000000)
  eden space 87424K,   0% used [0x00000000e0000000, 0x00000000e0000000, 0x00000000e5560000)
  from space 21824K, 100% used [0x00000000e6ab0000, 0x00000000e8000000, 0x00000000e8000000)
  to   space 21824K,   0% used [0x00000000e5560000, 0x00000000e5560000, 0x00000000e6ab0000)
 concurrent mark-sweep generation total 393216K, used 110444K [0x00000000e8000000, 0x0000000100000000, 0x0000000100000000)
 Metaspace       used 39960K, capacity 41414K, committed 41572K, reserved 1085440K
  class space    used 4644K, capacity 4949K, committed 4964K, reserved 1048576K
}
2018-06-13T02:25:29.965-0300: 30859.986: Total time for which application threads were stopped: 0.0062769 seconds, Stopping threads took: 0.0000341 seconds
{Heap before GC invocations=187 (full 1):
 par new generation   total 109248K, used 109248K [0x00000000e0000000, 0x00000000e8000000, 0x00000000e8000000)
  eden space 87424K, 100% used [0x00000000e0000000, 0x00000000e5560000, 0x00000000e5560000)
  from space 21824K, 100% used [0x00000000e6ab0000, 0x00000000e8000000, 0x00000000e8000000)
  to   space 21824K,   0% used [0x00000000e5560000, 0x00000000e5560000, 0x00000000e6ab0000)
 concurrent mark-sweep generation total 393216K, used 110444K [0x00000000e8000000, 0x0000000100000000, 0x0000000100000000)
 Metaspace       used 39960K, capacity 41414K, committed 41572K, reserved 1085440K
  class space    used 4644K, capacity 4949K, committed 4964K, reserved 1048576K
2018-06-13T02:25:30.041-0300: 30860.062: [GC (Allocation Failure) 2018-06-13T02:25:30.041-0300: 30860.062: [ParNew
Desired survivor size 20112992 bytes, new threshold 8 (max 8)
- age   1:     576640 bytes,     576640 total
- age   2:     370096 bytes,     946736 total
- age   3:     242240 bytes,    1188976 total
- age   4:     302920 bytes,    1491896 total
- age   5:     327904 bytes,    1819800 total
- age   6:   12229928 bytes,   14049728 total
- age   7:    2307184 bytes,   16356912 total
- age   8:     303360 bytes,   16660272 total
: 109248K->21824K(109248K), 0.0061118 secs] 219692K->132454K(502464K), 0.0062032 secs] [Times: user=0.00 sys=0.00, real=0.01 secs] 
Heap after GC invocations=188 (full 1):
 par new generation   total 109248K, used 21824K [0x00000000e0000000, 0x00000000e8000000, 0x00000000e8000000)
  eden space 87424K,   0% used [0x00000000e0000000, 0x00000000e0000000, 0x00000000e5560000)
  from space 21824K, 100% used [0x00000000e5560000, 0x00000000e6ab0000, 0x00000000e6ab0000)
  to   space 21824K,   0% used [0x00000000e6ab0000, 0x00000000e6ab0000, 0x00000000e8000000)
 concurrent mark-sweep generation total 393216K, used 110630K [0x00000000e8000000, 0x0000000100000000, 0x0000000100000000)
 Metaspace       used 39960K, capacity 41414K, committed 41572K, reserved 1085440K
  class space    used 4644K, capacity 4949K, committed 4964K, reserved 1048576K
}
2018-06-13T02:25:30.047-0300: 30860.069: Total time for which application threads were stopped: 0.0064700 seconds, Stopping threads took: 0.0000364 seconds
{Heap before GC invocations=188 (full 1):
 par new generation   total 109248K, used 109248K [0x00000000e0000000, 0x00000000e8000000, 0x00000000e8000000)
  eden space 87424K, 100% used [0x00000000e0000000, 0x00000000e5560000, 0x00000000e5560000)
  from space 21824K, 100% used [0x00000000e5560000, 0x00000000e6ab0000, 0x00000000e6ab0000)
  to   space 21824K,   0% used [0x00000000e6ab0000, 0x00000000e6ab0000, 0x00000000e8000000)
 concurrent mark-sweep generation total 393216K, used 110630K [0x00000000e8000000, 0x0000000100000000, 0x0000000100000000)
 Metaspace       used 39960K, capacity 41414K, committed 41572K, reserved 1085440K
  class space    used 4644K, capacity 4949K, committed 4964K, reserved 1048576K
2018-06-13T02:25:30.126-0300: 30860.147: [GC (Allocation Failure) 2018-06-13T02:25:30.126-0300: 30860.147: [ParNew
Desired survivor size 20112992 bytes, new threshold 8 (max 8)
- age   1:     525760 bytes,     525760 total
- age   2:     222112 bytes,     747872 total
- age   3:     366376 bytes,    1114248 total
- age   4:     239568 bytes,    1353816 total
- age   5:     302920 bytes,    1656736 total
- age   6:     327904 bytes,    1984640 total
- age   7:   12262712 bytes,   14247352 total
- age   8:    2307184 bytes,   16554536 total
: 109248K->19187K(109248K), 0.0051694 secs] 219878K->130116K(502464K), 0.0052702 secs] [Times: user=0.00 sys=0.00, real=0.01 secs] 
Heap after GC invocations=189 (full 1):
 par new generation   total 109248K, used 19187K [0x00000000e0000000, 0x00000000e8000000, 0x00000000e8000000)
  eden space 87424K,   0% used [0x00000000e0000000, 0x00000000e0000000, 0x00000000e5560000)
  from space 21824K,  87% used [0x00000000e6ab0000, 0x00000000e7d6cca0, 0x00000000e8000000)
  to   space 21824K,   0% used [0x00000000e5560000, 0x00000000e5560000, 0x00000000e6ab0000)
 concurrent mark-sweep generation total 393216K, used 110929K [0x00000000e8000000, 0x0000000100000000, 0x0000000100000000)
 Metaspace       used 39960K, capacity 41414K, committed 41572K, reserved 1085440K
  class space    used 4644K, capacity 4949K, committed 4964K, reserved 1048576K
}
2018-06-13T02:25:30.132-0300: 30860.153: Total time for which application threads were stopped: 0.0055328 seconds, Stopping threads took: 0.0000355 seconds
{Heap before GC invocations=189 (full 1):
 par new generation   total 109248K, used 106611K [0x00000000e0000000, 0x00000000e8000000, 0x00000000e8000000)
  eden space 87424K, 100% used [0x00000000e0000000, 0x00000000e5560000, 0x00000000e5560000)
  from space 21824K,  87% used [0x00000000e6ab0000, 0x00000000e7d6cca0, 0x00000000e8000000)
  to   space 21824K,   0% used [0x00000000e5560000, 0x00000000e5560000, 0x00000000e6ab0000)
 concurrent mark-sweep generation total 393216K, used 110929K [0x00000000e8000000, 0x0000000100000000, 0x0000000100000000)
 Metaspace       used 39960K, capacity 41414K, committed 41572K, reserved 1085440K
  class space    used 4644K, capacity 4949K, committed 4964K, reserved 1048576K
2018-06-13T02:25:30.209-0300: 30860.230: [GC (Allocation Failure) 2018-06-13T02:25:30.209-0300: 30860.230: [ParNew
Desired survivor size 20112992 bytes, new threshold 8 (max 8)
- age   1:     762312 bytes,     762312 total
- age   2:     239576 bytes,    1001888 total
- age   3:     222024 bytes,    1223912 total
- age   4:     366376 bytes,    1590288 total
- age   5:     239568 bytes,    1829856 total
- age   6:     237368 bytes,    2067224 total
- age   7:     327904 bytes,    2395128 total
- age   8:   12229832 bytes,   14624960 total
: 106611K->21349K(109248K), 0.0062676 secs] 217540K->134538K(502464K), 0.0063674 secs] [Times: user=0.05 sys=0.02, real=0.01 secs] 
Heap after GC invocations=190 (full 1):
 par new generation   total 109248K, used 21349K [0x00000000e0000000, 0x00000000e8000000, 0x00000000e8000000)
  eden space 87424K,   0% used [0x00000000e0000000, 0x00000000e0000000, 0x00000000e5560000)
  from space 21824K,  97% used [0x00000000e5560000, 0x00000000e6a394e0, 0x00000000e6ab0000)
  to   space 21824K,   0% used [0x00000000e6ab0000, 0x00000000e6ab0000, 0x00000000e8000000)
 concurrent mark-sweep generation total 393216K, used 113189K [0x00000000e8000000, 0x0000000100000000, 0x0000000100000000)
 Metaspace       used 39960K, capacity 41414K, committed 41572K, reserved 1085440K
  class space    used 4644K, capacity 4949K, committed 4964K, reserved 1048576K
}
2018-06-13T02:25:30.215-0300: 30860.236: Total time for which application threads were stopped: 0.0066394 seconds, Stopping threads took: 0.0000373 seconds
{Heap before GC invocations=190 (full 1):
 par new generation   total 109248K, used 108773K [0x00000000e0000000, 0x00000000e8000000, 0x00000000e8000000)
  eden space 87424K, 100% used [0x00000000e0000000, 0x00000000e5560000, 0x00000000e5560000)
  from space 21824K,  97% used [0x00000000e5560000, 0x00000000e6a394e0, 0x00000000e6ab0000)
  to   space 21824K,   0% used [0x00000000e6ab0000, 0x00000000e6ab0000, 0x00000000e8000000)
 concurrent mark-sweep generation total 393216K, used 113189K [0x00000000e8000000, 0x0000000100000000, 0x0000000100000000)
 Metaspace       used 39960K, capacity 41414K, committed 41572K, reserved 1085440K
  class space    used 4644K, capacity 4949K, committed 4964K, reserved 1048576K
2018-06-13T02:25:30.293-0300: 30860.314: [GC (Allocation Failure) 2018-06-13T02:25:30.293-0300: 30860.314: [ParNew
Desired survivor size 20112992 bytes, new threshold 8 (max 8)
- age   1:     353880 bytes,     353880 total
- age   2:     652848 bytes,    1006728 total
- age   3:     239576 bytes,    1246304 total
- age   4:     222024 bytes,    1468328 total
- age   5:     366376 bytes,    1834704 total
- age   6:     239568 bytes,    2074272 total
- age   7:     237368 bytes,    2311640 total
- age   8:     327904 bytes,    2639544 total
: 108773K->6685K(109248K), 0.0080916 secs] 221962K->131822K(502464K), 0.0081835 secs] [Times: user=0.00 sys=0.00, real=0.01 secs] 
Heap after GC invocations=191 (full 1):
 par new generation   total 109248K, used 6685K [0x00000000e0000000, 0x00000000e8000000, 0x00000000e8000000)
  eden space 87424K,   0% used [0x00000000e0000000, 0x00000000e0000000, 0x00000000e5560000)
  from space 21824K,  30% used [0x00000000e6ab0000, 0x00000000e7137618, 0x00000000e8000000)
  to   space 21824K,   0% used [0x00000000e5560000, 0x00000000e5560000, 0x00000000e6ab0000)
 concurrent mark-sweep generation total 393216K, used 125137K [0x00000000e8000000, 0x0000000100000000, 0x0000000100000000)
 Metaspace       used 39960K, capacity 41414K, committed 41572K, reserved 1085440K
  class space    used 4644K, capacity 4949K, committed 4964K, reserved 1048576K
}
2018-06-13T02:25:30.301-0300: 30860.322: Total time for which application threads were stopped: 0.0084448 seconds, Stopping threads took: 0.0000303 seconds
{Heap before GC invocations=191 (full 1):
 par new generation   total 109248K, used 94109K [0x00000000e0000000, 0x00000000e8000000, 0x00000000e8000000)
  eden space 87424K, 100% used [0x00000000e0000000, 0x00000000e5560000, 0x00000000e5560000)
  from space 21824K,  30% used [0x00000000e6ab0000, 0x00000000e7137618, 0x00000000e8000000)
  to   space 21824K,   0% used [0x00000000e5560000, 0x00000000e5560000, 0x00000000e6ab0000)
 concurrent mark-sweep generation total 393216K, used 125137K [0x00000000e8000000, 0x0000000100000000, 0x0000000100000000)
 Metaspace       used 39960K, capacity 41414K, committed 41572K, reserved 1085440K
  class space    used 4644K, capacity 4949K, committed 4964K, reserved 1048576K
2018-06-13T02:25:30.379-0300: 30860.399: [GC (Allocation Failure) 2018-06-13T02:25:30.379-0300: 30860.399: [ParNew
Desired survivor size 20112992 bytes, new threshold 8 (max 8)
- age   1:     640816 bytes,     640816 total
- age   2:     223728 bytes,     864544 total
- age   3:     370536 bytes,    1235080 total
- age   4:     234624 bytes,    1469704 total
- age   5:     222024 bytes,    1691728 total
- age   6:     366376 bytes,    2058104 total
- age   7:     239568 bytes,    2297672 total
- age   8:     237368 bytes,    2535040 total
: 94109K->3922K(109248K), 0.0049180 secs] 219246K->129380K(502464K), 0.0050155 secs] [Times: user=0.00 sys=0.00, real=0.01 secs] 
Heap after GC invocations=192 (full 1):
 par new generation   total 109248K, used 3922K [0x00000000e0000000, 0x00000000e8000000, 0x00000000e8000000)
  eden space 87424K,   0% used [0x00000000e0000000, 0x00000000e0000000, 0x00000000e5560000)
  from space 21824K,  17% used [0x00000000e5560000, 0x00000000e5934af0, 0x00000000e6ab0000)
  to   space 21824K,   0% used [0x00000000e6ab0000, 0x00000000e6ab0000, 0x00000000e8000000)
 concurrent mark-sweep generation total 393216K, used 125457K [0x00000000e8000000, 0x0000000100000000, 0x0000000100000000)
 Metaspace       used 39960K, capacity 41414K, committed 41572K, reserved 1085440K
  class space    used 4644K, capacity 4949K, committed 4964K, reserved 1048576K
}
2018-06-13T02:25:30.384-0300: 30860.405: Total time for which application threads were stopped: 0.0052898 seconds, Stopping threads took: 0.0000373 seconds
2018-06-13T02:25:30.441-0300: 30860.462: Total time for which application threads were stopped: 0.0001297 seconds, Stopping threads took: 0.0000303 seconds
2018-06-13T02:25:30.443-0300: 30860.463: Total time for which application threads were stopped: 0.0000858 seconds, Stopping threads took: 0.0000215 seconds
2018-06-13T02:25:30.443-0300: 30860.464: Total time for which application threads were stopped: 0.0000639 seconds, Stopping threads took: 0.0000145 seconds
2018-06-13T02:25:30.660-0300: 30860.680: Total time for which application threads were stopped: 0.0002015 seconds, Stopping threads took: 0.0000471 seconds
2018-06-13T02:25:30.660-0300: 30860.681: Total time for which application threads were stopped: 0.0001829 seconds, Stopping threads took: 0.0000280 seconds
2018-06-13T02:25:30.660-0300: 30860.681: Total time for which application threads were stopped: 0.0000989 seconds, Stopping threads took: 0.0000439 seconds
2018-06-13T02:25:30.669-0300: 30860.690: Total time for which application threads were stopped: 0.0001745 seconds, Stopping threads took: 0.0000359 seconds
2018-06-13T02:25:30.888-0300: 30860.908: Total time for which application threads were stopped: 0.0001829 seconds, Stopping threads took: 0.0000434 seconds
2018-06-13T02:25:30.888-0300: 30860.908: Total time for which application threads were stopped: 0.0001647 seconds, Stopping threads took: 0.0000961 seconds
2018-06-13T02:25:30.888-0300: 30860.909: Total time for which application threads were stopped: 0.0001222 seconds, Stopping threads took: 0.0000667 seconds
2018-06-13T02:25:30.889-0300: 30860.910: Total time for which application threads were stopped: 0.0000956 seconds, Stopping threads took: 0.0000243 seconds
2018-06-13T02:25:30.889-0300: 30860.910: Total time for which application threads were stopped: 0.0001036 seconds, Stopping threads took: 0.0000490 seconds
{Heap before GC invocations=192 (full 1):
 par new generation   total 109248K, used 91346K [0x00000000e0000000, 0x00000000e8000000, 0x00000000e8000000)
  eden space 87424K, 100% used [0x00000000e0000000, 0x00000000e5560000, 0x00000000e5560000)
  from space 21824K,  17% used [0x00000000e5560000, 0x00000000e5934af0, 0x00000000e6ab0000)
  to   space 21824K,   0% used [0x00000000e6ab0000, 0x00000000e6ab0000, 0x00000000e8000000)
 concurrent mark-sweep generation total 393216K, used 125457K [0x00000000e8000000, 0x0000000100000000, 0x0000000100000000)
 Metaspace       used 39973K, capacity 41414K, committed 41572K, reserved 1085440K
  class space    used 4644K, capacity 4949K, committed 4964K, reserved 1048576K
2018-06-13T02:25:31.000-0300: 30861.022: [GC (Allocation Failure) 2018-06-13T02:25:31.000-0300: 30861.022: [ParNew
Desired survivor size 20112992 bytes, new threshold 8 (max 8)
- age   1:     882352 bytes,     882352 total
- age   2:     574072 bytes,    1456424 total
- age   3:     221888 bytes,    1678312 total
- age   4:     368880 bytes,    2047192 total
- age   5:     231488 bytes,    2278680 total
- age   6:     219680 bytes,    2498360 total
- age   7:     365640 bytes,    2864000 total
- age   8:     236992 bytes,    3100992 total
: 91346K->3785K(109248K), 0.0043777 secs] 216804K->129473K(502464K), 0.0044762 secs] [Times: user=0.00 sys=0.00, real=0.01 secs] 
Heap after GC invocations=193 (full 1):
 par new generation   total 109248K, used 3785K [0x00000000e0000000, 0x00000000e8000000, 0x00000000e8000000)
  eden space 87424K,   0% used [0x00000000e0000000, 0x00000000e0000000, 0x00000000e5560000)
  from space 21824K,  17% used [0x00000000e6ab0000, 0x00000000e6e62680, 0x00000000e8000000)
  to   space 21824K,   0% used [0x00000000e5560000, 0x00000000e5560000, 0x00000000e6ab0000)
 concurrent mark-sweep generation total 393216K, used 125687K [0x00000000e8000000, 0x0000000100000000, 0x0000000100000000)
 Metaspace       used 39973K, capacity 41414K, committed 41572K, reserved 1085440K
  class space    used 4644K, capacity 4949K, committed 4964K, reserved 1048576K
}
2018-06-13T02:25:31.005-0300: 30861.026: Total time for which application threads were stopped: 0.0047747 seconds, Stopping threads took: 0.0000336 seconds
{Heap before GC invocations=193 (full 1):
 par new generation   total 109248K, used 91209K [0x00000000e0000000, 0x00000000e8000000, 0x00000000e8000000)
  eden space 87424K, 100% used [0x00000000e0000000, 0x00000000e5560000, 0x00000000e5560000)
  from space 21824K,  17% used [0x00000000e6ab0000, 0x00000000e6e62680, 0x00000000e8000000)
  to   space 21824K,   0% used [0x00000000e5560000, 0x00000000e5560000, 0x00000000e6ab0000)
 concurrent mark-sweep generation total 393216K, used 125687K [0x00000000e8000000, 0x0000000100000000, 0x0000000100000000)
 Metaspace       used 39973K, capacity 41414K, committed 41572K, reserved 1085440K
  class space    used 4644K, capacity 4949K, committed 4964K, reserved 1048576K
2018-06-13T02:25:31.123-0300: 30861.144: [GC (Allocation Failure) 2018-06-13T02:25:31.123-0300: 30861.144: [ParNew
Desired survivor size 20112992 bytes, new threshold 8 (max 8)
- age   1:     712456 bytes,     712456 total
- age   2:     757720 bytes,    1470176 total
- age   3:     574072 bytes,    2044248 total
- age   4:     221888 bytes,    2266136 total
- age   5:     368880 bytes,    2635016 total
- age   6:     231488 bytes,    2866504 total
- age   7:     219680 bytes,    3086184 total
- age   8:     365640 bytes,    3451824 total
: 91209K->4410K(109248K), 0.0040148 secs] 216897K->130329K(502464K), 0.0040922 secs] [Times: user=0.00 sys=0.00, real=0.00 secs] 
Heap after GC invocations=194 (full 1):
 par new generation   total 109248K, used 4410K [0x00000000e0000000, 0x00000000e8000000, 0x00000000e8000000)
  eden space 87424K,   0% used [0x00000000e0000000, 0x00000000e0000000, 0x00000000e5560000)
  from space 21824K,  20% used [0x00000000e5560000, 0x00000000e59ae860, 0x00000000e6ab0000)
  to   space 21824K,   0% used [0x00000000e6ab0000, 0x00000000e6ab0000, 0x00000000e8000000)
 concurrent mark-sweep generation total 393216K, used 125919K [0x00000000e8000000, 0x0000000100000000, 0x0000000100000000)
 Metaspace       used 39973K, capacity 41414K, committed 41572K, reserved 1085440K
  class space    used 4644K, capacity 4949K, committed 4964K, reserved 1048576K
}
2018-06-13T02:25:31.127-0300: 30861.148: Total time for which application threads were stopped: 0.0043581 seconds, Stopping threads took: 0.0000322 seconds
{Heap before GC invocations=194 (full 1):
 par new generation   total 109248K, used 91834K [0x00000000e0000000, 0x00000000e8000000, 0x00000000e8000000)
  eden space 87424K, 100% used [0x00000000e0000000, 0x00000000e5560000, 0x00000000e5560000)
  from space 21824K,  20% used [0x00000000e5560000, 0x00000000e59ae860, 0x00000000e6ab0000)
  to   space 21824K,   0% used [0x00000000e6ab0000, 0x00000000e6ab0000, 0x00000000e8000000)
 concurrent mark-sweep generation total 393216K, used 125919K [0x00000000e8000000, 0x0000000100000000, 0x0000000100000000)
 Metaspace       used 39973K, capacity 41414K, committed 41572K, reserved 1085440K
  class space    used 4644K, capacity 4949K, committed 4964K, reserved 1048576K
2018-06-13T02:25:31.228-0300: 30861.249: [GC (Allocation Failure) 2018-06-13T02:25:31.228-0300: 30861.249: [ParNew
Desired survivor size 20112992 bytes, new threshold 8 (max 8)
- age   1:     607192 bytes,     607192 total
- age   2:     342896 bytes,     950088 total
- age   3:     716480 bytes,    1666568 total
- age   4:     574072 bytes,    2240640 total
- age   5:     221888 bytes,    2462528 total
- age   6:     368880 bytes,    2831408 total
- age   7:     231488 bytes,    3062896 total
- age   8:     219680 bytes,    3282576 total
: 91834K->4218K(109248K), 0.0043050 secs] 217753K->130494K(502464K), 0.0043852 secs] [Times: user=0.00 sys=0.00, real=0.00 secs] 
Heap after GC invocations=195 (full 1):
 par new generation   total 109248K, used 4218K [0x00000000e0000000, 0x00000000e8000000, 0x00000000e8000000)
  eden space 87424K,   0% used [0x00000000e0000000, 0x00000000e0000000, 0x00000000e5560000)
  from space 21824K,  19% used [0x00000000e6ab0000, 0x00000000e6ece860, 0x00000000e8000000)
  to   space 21824K,   0% used [0x00000000e5560000, 0x00000000e5560000, 0x00000000e6ab0000)
 concurrent mark-sweep generation total 393216K, used 126276K [0x00000000e8000000, 0x0000000100000000, 0x0000000100000000)
 Metaspace       used 39973K, capacity 41414K, committed 41572K, reserved 1085440K
  class space    used 4644K, capacity 4949K, committed 4964K, reserved 1048576K
}
2018-06-13T02:25:31.232-0300: 30861.254: Total time for which application threads were stopped: 0.0046446 seconds, Stopping threads took: 0.0000327 seconds
{Heap before GC invocations=195 (full 1):
 par new generation   total 109248K, used 91642K [0x00000000e0000000, 0x00000000e8000000, 0x00000000e8000000)
  eden space 87424K, 100% used [0x00000000e0000000, 0x00000000e5560000, 0x00000000e5560000)
  from space 21824K,  19% used [0x00000000e6ab0000, 0x00000000e6ece860, 0x00000000e8000000)
  to   space 21824K,   0% used [0x00000000e5560000, 0x00000000e5560000, 0x00000000e6ab0000)
 concurrent mark-sweep generation total 393216K, used 126276K [0x00000000e8000000, 0x0000000100000000, 0x0000000100000000)
 Metaspace       used 39973K, capacity 41414K, committed 41572K, reserved 1085440K
  class space    used 4644K, capacity 4949K, committed 4964K, reserved 1048576K
2018-06-13T02:25:31.324-0300: 30861.346: [GC (Allocation Failure) 2018-06-13T02:25:31.324-0300: 30861.346: [ParNew
Desired survivor size 20112992 bytes, new threshold 8 (max 8)
- age   1:     601232 bytes,     601232 total
- age   2:     436840 bytes,    1038072 total
- age   3:     284840 bytes,    1322912 total
- age   4:     716480 bytes,    2039392 total
- age   5:     574072 bytes,    2613464 total
- age   6:     221888 bytes,    2835352 total
- age   7:     368880 bytes,    3204232 total
- age   8:     231488 bytes,    3435720 total
: 91642K->4297K(109248K), 0.0045723 secs] 217918K->130788K(502464K), 0.0046567 secs] [Times: user=0.00 sys=0.00, real=0.01 secs] 
Heap after GC invocations=196 (full 1):
 par new generation   total 109248K, used 4297K [0x00000000e0000000, 0x00000000e8000000, 0x00000000e8000000)
  eden space 87424K,   0% used [0x00000000e0000000, 0x00000000e0000000, 0x00000000e5560000)
  from space 21824K,  19% used [0x00000000e5560000, 0x00000000e5992568, 0x00000000e6ab0000)
  to   space 21824K,   0% used [0x00000000e6ab0000, 0x00000000e6ab0000, 0x00000000e8000000)
 concurrent mark-sweep generation total 393216K, used 126490K [0x00000000e8000000, 0x0000000100000000, 0x0000000100000000)
 Metaspace       used 39973K, capacity 41414K, committed 41572K, reserved 1085440K
  class space    used 4644K, capacity 4949K, committed 4964K, reserved 1048576K
}
2018-06-13T02:25:31.329-0300: 30861.351: Total time for which application threads were stopped: 0.0049217 seconds, Stopping threads took: 0.0000355 seconds
{Heap before GC invocations=196 (full 1):
 par new generation   total 109248K, used 91721K [0x00000000e0000000, 0x00000000e8000000, 0x00000000e8000000)
  eden space 87424K, 100% used [0x00000000e0000000, 0x00000000e5560000, 0x00000000e5560000)
  from space 21824K,  19% used [0x00000000e5560000, 0x00000000e5992568, 0x00000000e6ab0000)
  to   space 21824K,   0% used [0x00000000e6ab0000, 0x00000000e6ab0000, 0x00000000e8000000)
 concurrent mark-sweep generation total 393216K, used 126490K [0x00000000e8000000, 0x0000000100000000, 0x0000000100000000)
 Metaspace       used 39973K, capacity 41414K, committed 41572K, reserved 1085440K
  class space    used 4644K, capacity 4949K, committed 4964K, reserved 1048576K
2018-06-13T02:25:31.406-0300: 30861.427: [GC (Allocation Failure) 2018-06-13T02:25:31.406-0300: 30861.427: [ParNew
Desired survivor size 20112992 bytes, new threshold 8 (max 8)
- age   1:     457312 bytes,     457312 total
- age   2:     313520 bytes,     770832 total
- age   3:     436552 bytes,    1207384 total
- age   4:     284840 bytes,    1492224 total
- age   5:     716424 bytes,    2208648 total
- age   6:     574072 bytes,    2782720 total
- age   7:     221888 bytes,    3004608 total
- age   8:     368880 bytes,    3373488 total
: 91721K->5070K(109248K), 0.0040773 secs] 218212K->131787K(502464K), 0.0041706 secs] [Times: user=0.00 sys=0.00, real=0.00 secs] 
Heap after GC invocations=197 (full 1):
 par new generation   total 109248K, used 5070K [0x00000000e0000000, 0x00000000e8000000, 0x00000000e8000000)
  eden space 87424K,   0% used [0x00000000e0000000, 0x00000000e0000000, 0x00000000e5560000)
  from space 21824K,  23% used [0x00000000e6ab0000, 0x00000000e6fa3920, 0x00000000e8000000)
  to   space 21824K,   0% used [0x00000000e5560000, 0x00000000e5560000, 0x00000000e6ab0000)
 concurrent mark-sweep generation total 393216K, used 126716K [0x00000000e8000000, 0x0000000100000000, 0x0000000100000000)
 Metaspace       used 39973K, capacity 41414K, committed 41572K, reserved 1085440K
  class space    used 4644K, capacity 4949K, committed 4964K, reserved 1048576K
}
2018-06-13T02:25:31.410-0300: 30861.431: Total time for which application threads were stopped: 0.0044319 seconds, Stopping threads took: 0.0000350 seconds
{Heap before GC invocations=197 (full 1):
 par new generation   total 109248K, used 92494K [0x00000000e0000000, 0x00000000e8000000, 0x00000000e8000000)
  eden space 87424K, 100% used [0x00000000e0000000, 0x00000000e5560000, 0x00000000e5560000)
  from space 21824K,  23% used [0x00000000e6ab0000, 0x00000000e6fa3920, 0x00000000e8000000)
  to   space 21824K,   0% used [0x00000000e5560000, 0x00000000e5560000, 0x00000000e6ab0000)
 concurrent mark-sweep generation total 393216K, used 126716K [0x00000000e8000000, 0x0000000100000000, 0x0000000100000000)
 Metaspace       used 39973K, capacity 41414K, committed 41572K, reserved 1085440K
  class space    used 4644K, capacity 4949K, committed 4964K, reserved 1048576K
2018-06-13T02:25:31.491-0300: 30861.512: [GC (Allocation Failure) 2018-06-13T02:25:31.491-0300: 30861.512: [ParNew
Desired survivor size 20112992 bytes, new threshold 8 (max 8)
- age   1:     525256 bytes,     525256 total
- age   2:     217544 bytes,     742800 total
- age   3:     312704 bytes,    1055504 total
- age   4:     469336 bytes,    1524840 total
- age   5:     284840 bytes,    1809680 total
- age   6:     716328 bytes,    2526008 total
- age   7:     574072 bytes,    3100080 total
- age   8:     221888 bytes,    3321968 total
: 92494K->3808K(109248K), 0.0044841 secs] 219211K->130885K(502464K), 0.0045713 secs] [Times: user=0.06 sys=0.00, real=0.01 secs] 
Heap after GC invocations=198 (full 1):
 par new generation   total 109248K, used 3808K [0x00000000e0000000, 0x00000000e8000000, 0x00000000e8000000)
  eden space 87424K,   0% used [0x00000000e0000000, 0x00000000e0000000, 0x00000000e5560000)
  from space 21824K,  17% used [0x00000000e5560000, 0x00000000e59180d0, 0x00000000e6ab0000)
  to   space 21824K,   0% used [0x00000000e6ab0000, 0x00000000e6ab0000, 0x00000000e8000000)
 concurrent mark-sweep generation total 393216K, used 127077K [0x00000000e8000000, 0x0000000100000000, 0x0000000100000000)
 Metaspace       used 39973K, capacity 41414K, committed 41572K, reserved 1085440K
  class space    used 4644K, capacity 4949K, committed 4964K, reserved 1048576K
}
2018-06-13T02:25:31.496-0300: 30861.517: Total time for which application threads were stopped: 0.0048331 seconds, Stopping threads took: 0.0000350 seconds
{Heap before GC invocations=198 (full 1):
 par new generation   total 109248K, used 91232K [0x00000000e0000000, 0x00000000e8000000, 0x00000000e8000000)
  eden space 87424K, 100% used [0x00000000e0000000, 0x00000000e5560000, 0x00000000e5560000)
  from space 21824K,  17% used [0x00000000e5560000, 0x00000000e59180d0, 0x00000000e6ab0000)
  to   space 21824K,   0% used [0x00000000e6ab0000, 0x00000000e6ab0000, 0x00000000e8000000)
 concurrent mark-sweep generation total 393216K, used 127077K [0x00000000e8000000, 0x0000000100000000, 0x0000000100000000)
 Metaspace       used 39973K, capacity 41414K, committed 41572K, reserved 1085440K
  class space    used 4644K, capacity 4949K, committed 4964K, reserved 1048576K
2018-06-13T02:25:31.583-0300: 30861.604: [GC (Allocation Failure) 2018-06-13T02:25:31.583-0300: 30861.604: [ParNew
Desired survivor size 20112992 bytes, new threshold 8 (max 8)
- age   1:     793528 bytes,     793528 total
- age   2:     205744 bytes,     999272 total
- age   3:     213592 bytes,    1212864 total
- age   4:     312704 bytes,    1525568 total
- age   5:     371000 bytes,    1896568 total
- age   6:     284840 bytes,    2181408 total
- age   7:     699904 bytes,    2881312 total
- age   8:     574072 bytes,    3455384 total
: 91232K->4914K(109248K), 0.0039192 secs] 218309K->132208K(502464K), 0.0040153 secs] [Times: user=0.00 sys=0.00, real=0.00 secs] 
Heap after GC invocations=199 (full 1):
 par new generation   total 109248K, used 4914K [0x00000000e0000000, 0x00000000e8000000, 0x00000000e8000000)
  eden space 87424K,   0% used [0x00000000e0000000, 0x00000000e0000000, 0x00000000e5560000)
  from space 21824K,  22% used [0x00000000e6ab0000, 0x00000000e6f7ca58, 0x00000000e8000000)
  to   space 21824K,   0% used [0x00000000e5560000, 0x00000000e5560000, 0x00000000e6ab0000)
 concurrent mark-sweep generation total 393216K, used 127293K [0x00000000e8000000, 0x0000000100000000, 0x0000000100000000)
 Metaspace       used 39973K, capacity 41414K, committed 41572K, reserved 1085440K
  class space    used 4644K, capacity 4949K, committed 4964K, reserved 1048576K
}
2018-06-13T02:25:31.587-0300: 30861.608: Total time for which application threads were stopped: 0.0042914 seconds, Stopping threads took: 0.0000392 seconds
{Heap before GC invocations=199 (full 1):
 par new generation   total 109248K, used 92338K [0x00000000e0000000, 0x00000000e8000000, 0x00000000e8000000)
  eden space 87424K, 100% used [0x00000000e0000000, 0x00000000e5560000, 0x00000000e5560000)
  from space 21824K,  22% used [0x00000000e6ab0000, 0x00000000e6f7ca58, 0x00000000e8000000)
  to   space 21824K,   0% used [0x00000000e5560000, 0x00000000e5560000, 0x00000000e6ab0000)
 concurrent mark-sweep generation total 393216K, used 127293K [0x00000000e8000000, 0x0000000100000000, 0x0000000100000000)
 Metaspace       used 39973K, capacity 41414K, committed 41572K, reserved 1085440K
  class space    used 4644K, capacity 4949K, committed 4964K, reserved 1048576K
2018-06-13T02:25:31.666-0300: 30861.687: [GC (Allocation Failure) 2018-06-13T02:25:31.666-0300: 30861.687: [ParNew
Desired survivor size 20112992 bytes, new threshold 8 (max 8)
- age   1:     579136 bytes,     579136 total
- age   2:     433864 bytes,    1013000 total
- age   3:     205744 bytes,    1218744 total
- age   4:     213592 bytes,    1432336 total
- age   5:     310592 bytes,    1742928 total
- age   6:     371000 bytes,    2113928 total
- age   7:     284840 bytes,    2398768 total
- age   8:     699904 bytes,    3098672 total
: 92338K->4123K(109248K), 0.0051965 secs] 219632K->131977K(502464K), 0.0053084 secs] [Times: user=0.00 sys=0.00, real=0.01 secs] 
Heap after GC invocations=200 (full 1):
 par new generation   total 109248K, used 4123K [0x00000000e0000000, 0x00000000e8000000, 0x00000000e8000000)
  eden space 87424K,   0% used [0x00000000e0000000, 0x00000000e0000000, 0x00000000e5560000)
  from space 21824K,  18% used [0x00000000e5560000, 0x00000000e5966d98, 0x00000000e6ab0000)
  to   space 21824K,   0% used [0x00000000e6ab0000, 0x00000000e6ab0000, 0x00000000e8000000)
 concurrent mark-sweep generation total 393216K, used 127854K [0x00000000e8000000, 0x0000000100000000, 0x0000000100000000)
 Metaspace       used 39973K, capacity 41414K, committed 41572K, reserved 1085440K
  class space    used 4644K, capacity 4949K, committed 4964K, reserved 1048576K
}
2018-06-13T02:25:31.671-0300: 30861.692: Total time for which application threads were stopped: 0.0055753 seconds, Stopping threads took: 0.0000439 seconds
{Heap before GC invocations=200 (full 1):
 par new generation   total 109248K, used 91547K [0x00000000e0000000, 0x00000000e8000000, 0x00000000e8000000)
  eden space 87424K, 100% used [0x00000000e0000000, 0x00000000e5560000, 0x00000000e5560000)
  from space 21824K,  18% used [0x00000000e5560000, 0x00000000e5966d98, 0x00000000e6ab0000)
  to   space 21824K,   0% used [0x00000000e6ab0000, 0x00000000e6ab0000, 0x00000000e8000000)
 concurrent mark-sweep generation total 393216K, used 127854K [0x00000000e8000000, 0x0000000100000000, 0x0000000100000000)
 Metaspace       used 39973K, capacity 41414K, committed 41572K, reserved 1085440K
  class space    used 4644K, capacity 4949K, committed 4964K, reserved 1048576K
2018-06-13T02:25:31.748-0300: 30861.768: [GC (Allocation Failure) 2018-06-13T02:25:31.748-0300: 30861.769: [ParNew
Desired survivor size 20112992 bytes, new threshold 8 (max 8)
- age   1:     280472 bytes,     280472 total
- age   2:     528080 bytes,     808552 total
- age   3:     433864 bytes,    1242416 total
- age   4:     205744 bytes,    1448160 total
- age   5:     213048 bytes,    1661208 total
- age   6:     310592 bytes,    1971800 total
- age   7:     371000 bytes,    2342800 total
- age   8:     284840 bytes,    2627640 total
: 91547K->3235K(109248K), 0.0044491 secs] 219401K->131775K(502464K), 0.0045429 secs] [Times: user=0.00 sys=0.00, real=0.00 secs] 
Heap after GC invocations=201 (full 1):
 par new generation   total 109248K, used 3235K [0x00000000e0000000, 0x00000000e8000000, 0x00000000e8000000)
  eden space 87424K,   0% used [0x00000000e0000000, 0x00000000e0000000, 0x00000000e5560000)
  from space 21824K,  14% used [0x00000000e6ab0000, 0x00000000e6dd8d98, 0x00000000e8000000)
  to   space 21824K,   0% used [0x00000000e5560000, 0x00000000e5560000, 0x00000000e6ab0000)
 concurrent mark-sweep generation total 393216K, used 128540K [0x00000000e8000000, 0x0000000100000000, 0x0000000100000000)
 Metaspace       used 39973K, capacity 41414K, committed 41572K, reserved 1085440K
  class space    used 4644K, capacity 4949K, committed 4964K, reserved 1048576K
}
2018-06-13T02:25:31.752-0300: 30861.773: Total time for which application threads were stopped: 0.0048125 seconds, Stopping threads took: 0.0000317 seconds
{Heap before GC invocations=201 (full 1):
 par new generation   total 109248K, used 90659K [0x00000000e0000000, 0x00000000e8000000, 0x00000000e8000000)
  eden space 87424K, 100% used [0x00000000e0000000, 0x00000000e5560000, 0x00000000e5560000)
  from space 21824K,  14% used [0x00000000e6ab0000, 0x00000000e6dd8d98, 0x00000000e8000000)
  to   space 21824K,   0% used [0x00000000e5560000, 0x00000000e5560000, 0x00000000e6ab0000)
 concurrent mark-sweep generation total 393216K, used 128540K [0x00000000e8000000, 0x0000000100000000, 0x0000000100000000)
 Metaspace       used 39973K, capacity 41414K, committed 41572K, reserved 1085440K
  class space    used 4644K, capacity 4949K, committed 4964K, reserved 1048576K
2018-06-13T02:25:31.824-0300: 30861.845: [GC (Allocation Failure) 2018-06-13T02:25:31.824-0300: 30861.845: [ParNew
Desired survivor size 20112992 bytes, new threshold 8 (max 8)
- age   1:     657160 bytes,     657160 total
- age   2:     212472 bytes,     869632 total
- age   3:     246416 bytes,    1116048 total
- age   4:     428912 bytes,    1544960 total
- age   5:     205744 bytes,    1750704 total
- age   6:     213048 bytes,    1963752 total
- age   7:     310592 bytes,    2274344 total
- age   8:     371000 bytes,    2645344 total
: 90659K->3682K(109248K), 0.0046217 secs] 219199K->132500K(502464K), 0.0047029 secs] [Times: user=0.00 sys=0.00, real=0.01 secs] 
Heap after GC invocations=202 (full 1):
 par new generation   total 109248K, used 3682K [0x00000000e0000000, 0x00000000e8000000, 0x00000000e8000000)
  eden space 87424K,   0% used [0x00000000e0000000, 0x00000000e0000000, 0x00000000e5560000)
  from space 21824K,  16% used [0x00000000e5560000, 0x00000000e58f8950, 0x00000000e6ab0000)
  to   space 21824K,   0% used [0x00000000e6ab0000, 0x00000000e6ab0000, 0x00000000e8000000)
 concurrent mark-sweep generation total 393216K, used 128818K [0x00000000e8000000, 0x0000000100000000, 0x0000000100000000)
 Metaspace       used 39973K, capacity 41414K, committed 41572K, reserved 1085440K
  class space    used 4644K, capacity 4949K, committed 4964K, reserved 1048576K
}
2018-06-13T02:25:31.829-0300: 30861.850: Total time for which application threads were stopped: 0.0049665 seconds, Stopping threads took: 0.0000331 seconds
2018-06-13T02:25:31.940-0300: 30861.961: Total time for which application threads were stopped: 0.0001311 seconds, Stopping threads took: 0.0000294 seconds
{Heap before GC invocations=202 (full 1):
 par new generation   total 109248K, used 91106K [0x00000000e0000000, 0x00000000e8000000, 0x00000000e8000000)
  eden space 87424K, 100% used [0x00000000e0000000, 0x00000000e5560000, 0x00000000e5560000)
  from space 21824K,  16% used [0x00000000e5560000, 0x00000000e58f8950, 0x00000000e6ab0000)
  to   space 21824K,   0% used [0x00000000e6ab0000, 0x00000000e6ab0000, 0x00000000e8000000)
 concurrent mark-sweep generation total 393216K, used 128818K [0x00000000e8000000, 0x0000000100000000, 0x0000000100000000)
 Metaspace       used 39974K, capacity 41478K, committed 41572K, reserved 1085440K
  class space    used 4644K, capacity 4949K, committed 4964K, reserved 1048576K
2018-06-13T02:25:31.942-0300: 30861.962: [GC (Allocation Failure) 2018-06-13T02:25:31.942-0300: 30861.962: [ParNew
Desired survivor size 20112992 bytes, new threshold 8 (max 8)
- age   1:     282200 bytes,     282200 total
- age   2:     525104 bytes,     807304 total
- age   3:     211824 bytes,    1019128 total
- age   4:     245840 bytes,    1264968 total
- age   5:     428384 bytes,    1693352 total
- age   6:     203776 bytes,    1897128 total
- age   7:     212616 bytes,    2109744 total
- age   8:     310112 bytes,    2419856 total
: 91106K->3166K(109248K), 0.0042499 secs] 219924K->132346K(502464K), 0.0043264 secs] [Times: user=0.00 sys=0.00, real=0.00 secs] 
Heap after GC invocations=203 (full 1):
 par new generation   total 109248K, used 3166K [0x00000000e0000000, 0x00000000e8000000, 0x00000000e8000000)
  eden space 87424K,   0% used [0x00000000e0000000, 0x00000000e0000000, 0x00000000e5560000)
  from space 21824K,  14% used [0x00000000e6ab0000, 0x00000000e6dc7960, 0x00000000e8000000)
  to   space 21824K,   0% used [0x00000000e5560000, 0x00000000e5560000, 0x00000000e6ab0000)
 concurrent mark-sweep generation total 393216K, used 129180K [0x00000000e8000000, 0x0000000100000000, 0x0000000100000000)
 Metaspace       used 39974K, capacity 41478K, committed 41572K, reserved 1085440K
  class space    used 4644K, capacity 4949K, committed 4964K, reserved 1048576K
}
2018-06-13T02:25:31.946-0300: 30861.967: Total time for which application threads were stopped: 0.0045611 seconds, Stopping threads took: 0.0000247 seconds
2018-06-13T02:25:31.947-0300: 30861.968: Total time for which application threads were stopped: 0.0001400 seconds, Stopping threads took: 0.0000364 seconds
2018-06-13T02:25:31.947-0300: 30861.968: Total time for which application threads were stopped: 0.0000821 seconds, Stopping threads took: 0.0000285 seconds
2018-06-13T02:25:32.173-0300: 30862.194: Total time for which application threads were stopped: 0.0001386 seconds, Stopping threads took: 0.0000359 seconds
2018-06-13T02:25:32.173-0300: 30862.194: Total time for which application threads were stopped: 0.0000774 seconds, Stopping threads took: 0.0000224 seconds
2018-06-13T02:25:32.173-0300: 30862.194: Total time for which application threads were stopped: 0.0000718 seconds, Stopping threads took: 0.0000196 seconds
2018-06-13T02:25:32.178-0300: 30862.200: Total time for which application threads were stopped: 0.0001199 seconds, Stopping threads took: 0.0000299 seconds
2018-06-13T02:25:32.316-0300: 30862.337: Total time for which application threads were stopped: 0.0001759 seconds, Stopping threads took: 0.0000770 seconds
2018-06-13T02:25:32.317-0300: 30862.337: Total time for which application threads were stopped: 0.0001409 seconds, Stopping threads took: 0.0000700 seconds
2018-06-13T02:25:32.317-0300: 30862.337: Total time for which application threads were stopped: 0.0001446 seconds, Stopping threads took: 0.0000840 seconds
2018-06-13T02:25:32.318-0300: 30862.339: Total time for which application threads were stopped: 0.0003592 seconds, Stopping threads took: 0.0000737 seconds
2018-06-13T02:25:32.318-0300: 30862.339: Total time for which application threads were stopped: 0.0000765 seconds, Stopping threads took: 0.0000210 seconds
{Heap before GC invocations=203 (full 1):
 par new generation   total 109248K, used 90590K [0x00000000e0000000, 0x00000000e8000000, 0x00000000e8000000)
  eden space 87424K, 100% used [0x00000000e0000000, 0x00000000e5560000, 0x00000000e5560000)
  from space 21824K,  14% used [0x00000000e6ab0000, 0x00000000e6dc7960, 0x00000000e8000000)
  to   space 21824K,   0% used [0x00000000e5560000, 0x00000000e5560000, 0x00000000e6ab0000)
 concurrent mark-sweep generation total 393216K, used 129180K [0x00000000e8000000, 0x0000000100000000, 0x0000000100000000)
 Metaspace       used 39980K, capacity 41478K, committed 41572K, reserved 1085440K
  class space    used 4644K, capacity 4949K, committed 4964K, reserved 1048576K
2018-06-13T02:25:32.470-0300: 30862.492: [GC (Allocation Failure) 2018-06-13T02:25:32.471-0300: 30862.492: [ParNew
Desired survivor size 20112992 bytes, new threshold 8 (max 8)
- age   1:     994408 bytes,     994408 total
- age   2:     243472 bytes,    1237880 total
- age   3:     524288 bytes,    1762168 total
- age   4:     210632 bytes,    1972800 total
- age   5:     244448 bytes,    2217248 total
- age   6:     410600 bytes,    2627848 total
- age   7:     202688 bytes,    2830536 total
- age   8:     211392 bytes,    3041928 total
: 90590K->3514K(109248K), 0.0047258 secs] 219770K->132996K(502464K), 0.0048312 secs] [Times: user=0.00 sys=0.00, real=0.00 secs] 
Heap after GC invocations=204 (full 1):
 par new generation   total 109248K, used 3514K [0x00000000e0000000, 0x00000000e8000000, 0x00000000e8000000)
  eden space 87424K,   0% used [0x00000000e0000000, 0x00000000e0000000, 0x00000000e5560000)
  from space 21824K,  16% used [0x00000000e5560000, 0x00000000e58ce920, 0x00000000e6ab0000)
  to   space 21824K,   0% used [0x00000000e6ab0000, 0x00000000e6ab0000, 0x00000000e8000000)
 concurrent mark-sweep generation total 393216K, used 129481K [0x00000000e8000000, 0x0000000100000000, 0x0000000100000000)
 Metaspace       used 39980K, capacity 41478K, committed 41572K, reserved 1085440K
  class space    used 4644K, capacity 4949K, committed 4964K, reserved 1048576K
}
2018-06-13T02:25:32.475-0300: 30862.497: Total time for which application threads were stopped: 0.0050924 seconds, Stopping threads took: 0.0000345 seconds
{Heap before GC invocations=204 (full 1):
 par new generation   total 109248K, used 90938K [0x00000000e0000000, 0x00000000e8000000, 0x00000000e8000000)
  eden space 87424K, 100% used [0x00000000e0000000, 0x00000000e5560000, 0x00000000e5560000)
  from space 21824K,  16% used [0x00000000e5560000, 0x00000000e58ce920, 0x00000000e6ab0000)
  to   space 21824K,   0% used [0x00000000e6ab0000, 0x00000000e6ab0000, 0x00000000e8000000)
 concurrent mark-sweep generation total 393216K, used 129481K [0x00000000e8000000, 0x0000000100000000, 0x0000000100000000)
 Metaspace       used 39980K, capacity 41478K, committed 41572K, reserved 1085440K
  class space    used 4644K, capacity 4949K, committed 4964K, reserved 1048576K
2018-06-13T02:25:32.551-0300: 30862.572: [GC (Allocation Failure) 2018-06-13T02:25:32.551-0300: 30862.572: [ParNew
Desired survivor size 20112992 bytes, new threshold 8 (max 8)
- age   1:     625064 bytes,     625064 total
- age   2:     747864 bytes,    1372928 total
- age   3:     243472 bytes,    1616400 total
- age   4:     524288 bytes,    2140688 total
- age   5:     210632 bytes,    2351320 total
- age   6:     244448 bytes,    2595768 total
- age   7:     410600 bytes,    3006368 total
- age   8:     202688 bytes,    3209056 total
: 90938K->4478K(109248K), 0.0047869 secs] 220420K->134166K(502464K), 0.0049063 secs] [Times: user=0.00 sys=0.00, real=0.00 secs] 
Heap after GC invocations=205 (full 1):
 par new generation   total 109248K, used 4478K [0x00000000e0000000, 0x00000000e8000000, 0x00000000e8000000)
  eden space 87424K,   0% used [0x00000000e0000000, 0x00000000e0000000, 0x00000000e5560000)
  from space 21824K,  20% used [0x00000000e6ab0000, 0x00000000e6f0f800, 0x00000000e8000000)
  to   space 21824K,   0% used [0x00000000e5560000, 0x00000000e5560000, 0x00000000e6ab0000)
 concurrent mark-sweep generation total 393216K, used 129688K [0x00000000e8000000, 0x0000000100000000, 0x0000000100000000)
 Metaspace       used 39980K, capacity 41478K, committed 41572K, reserved 1085440K
  class space    used 4644K, capacity 4949K, committed 4964K, reserved 1048576K
}
2018-06-13T02:25:32.556-0300: 30862.577: Total time for which application threads were stopped: 0.0052259 seconds, Stopping threads took: 0.0000369 seconds
{Heap before GC invocations=205 (full 1):
 par new generation   total 109248K, used 91902K [0x00000000e0000000, 0x00000000e8000000, 0x00000000e8000000)
  eden space 87424K, 100% used [0x00000000e0000000, 0x00000000e5560000, 0x00000000e5560000)
  from space 21824K,  20% used [0x00000000e6ab0000, 0x00000000e6f0f800, 0x00000000e8000000)
  to   space 21824K,   0% used [0x00000000e5560000, 0x00000000e5560000, 0x00000000e6ab0000)
 concurrent mark-sweep generation total 393216K, used 129688K [0x00000000e8000000, 0x0000000100000000, 0x0000000100000000)
 Metaspace       used 39980K, capacity 41478K, committed 41572K, reserved 1085440K
  class space    used 4644K, capacity 4949K, committed 4964K, reserved 1048576K
2018-06-13T02:25:32.636-0300: 30862.656: [GC (Allocation Failure) 2018-06-13T02:25:32.636-0300: 30862.656: [ParNew
Desired survivor size 20112992 bytes, new threshold 8 (max 8)
- age   1:     616240 bytes,     616240 total
- age   2:     341120 bytes,     957360 total
- age   3:     747504 bytes,    1704864 total
- age   4:     243472 bytes,    1948336 total
- age   5:     524288 bytes,    2472624 total
- age   6:     210632 bytes,    2683256 total
- age   7:     244448 bytes,    2927704 total
- age   8:     410600 bytes,    3338304 total
: 91902K->4138K(109248K), 0.0040428 secs] 221590K->134025K(502464K), 0.0041328 secs] [Times: user=0.00 sys=0.00, real=0.00 secs] 
Heap after GC invocations=206 (full 1):
 par new generation   total 109248K, used 4138K [0x00000000e0000000, 0x00000000e8000000, 0x00000000e8000000)
  eden space 87424K,   0% used [0x00000000e0000000, 0x00000000e0000000, 0x00000000e5560000)
  from space 21824K,  18% used [0x00000000e5560000, 0x00000000e596abc8, 0x00000000e6ab0000)
  to   space 21824K,   0% used [0x00000000e6ab0000, 0x00000000e6ab0000, 0x00000000e8000000)
 concurrent mark-sweep generation total 393216K, used 129886K [0x00000000e8000000, 0x0000000100000000, 0x0000000100000000)
 Metaspace       used 39980K, capacity 41478K, committed 41572K, reserved 1085440K
  class space    used 4644K, capacity 4949K, committed 4964K, reserved 1048576K
}
2018-06-13T02:25:32.640-0300: 30862.661: Total time for which application threads were stopped: 0.0043931 seconds, Stopping threads took: 0.0000299 seconds
{Heap before GC invocations=206 (full 1):
 par new generation   total 109248K, used 91562K [0x00000000e0000000, 0x00000000e8000000, 0x00000000e8000000)
  eden space 87424K, 100% used [0x00000000e0000000, 0x00000000e5560000, 0x00000000e5560000)
  from space 21824K,  18% used [0x00000000e5560000, 0x00000000e596abc8, 0x00000000e6ab0000)
  to   space 21824K,   0% used [0x00000000e6ab0000, 0x00000000e6ab0000, 0x00000000e8000000)
 concurrent mark-sweep generation total 393216K, used 129886K [0x00000000e8000000, 0x0000000100000000, 0x0000000100000000)
 Metaspace       used 39980K, capacity 41478K, committed 41572K, reserved 1085440K
  class space    used 4644K, capacity 4949K, committed 4964K, reserved 1048576K
2018-06-13T02:25:32.720-0300: 30862.742: [GC (Allocation Failure) 2018-06-13T02:25:32.720-0300: 30862.742: [ParNew
Desired survivor size 20112992 bytes, new threshold 8 (max 8)
- age   1:     529712 bytes,     529712 total
- age   2:     379112 bytes,     908824 total
- age   3:     339272 bytes,    1248096 total
- age   4:     813016 bytes,    2061112 total
- age   5:     243472 bytes,    2304584 total
- age   6:     524288 bytes,    2828872 total
- age   7:     210632 bytes,    3039504 total
- age   8:     244448 bytes,    3283952 total
: 91562K->4851K(109248K), 0.0047230 secs] 221449K->135139K(502464K), 0.0048181 secs] [Times: user=0.00 sys=0.00, real=0.00 secs] 
Heap after GC invocations=207 (full 1):
 par new generation   total 109248K, used 4851K [0x00000000e0000000, 0x00000000e8000000, 0x00000000e8000000)
  eden space 87424K,   0% used [0x00000000e0000000, 0x00000000e0000000, 0x00000000e5560000)
  from space 21824K,  22% used [0x00000000e6ab0000, 0x00000000e6f6cfc8, 0x00000000e8000000)
  to   space 21824K,   0% used [0x00000000e5560000, 0x00000000e5560000, 0x00000000e6ab0000)
 concurrent mark-sweep generation total 393216K, used 130287K [0x00000000e8000000, 0x0000000100000000, 0x0000000100000000)
 Metaspace       used 39980K, capacity 41478K, committed 41572K, reserved 1085440K
  class space    used 4644K, capacity 4949K, committed 4964K, reserved 1048576K
}
2018-06-13T02:25:32.725-0300: 30862.747: Total time for which application threads were stopped: 0.0050878 seconds, Stopping threads took: 0.0000359 seconds
{Heap before GC invocations=207 (full 1):
 par new generation   total 109248K, used 92275K [0x00000000e0000000, 0x00000000e8000000, 0x00000000e8000000)
  eden space 87424K, 100% used [0x00000000e0000000, 0x00000000e5560000, 0x00000000e5560000)
  from space 21824K,  22% used [0x00000000e6ab0000, 0x00000000e6f6cfc8, 0x00000000e8000000)
  to   space 21824K,   0% used [0x00000000e5560000, 0x00000000e5560000, 0x00000000e6ab0000)
 concurrent mark-sweep generation total 393216K, used 130287K [0x00000000e8000000, 0x0000000100000000, 0x0000000100000000)
 Metaspace       used 39980K, capacity 41478K, committed 41572K, reserved 1085440K
  class space    used 4644K, capacity 4949K, committed 4964K, reserved 1048576K
2018-06-13T02:25:32.808-0300: 30862.829: [GC (Allocation Failure) 2018-06-13T02:25:32.808-0300: 30862.829: [ParNew
Desired survivor size 20112992 bytes, new threshold 8 (max 8)
- age   1:     489584 bytes,     489584 total
- age   2:     226872 bytes,     716456 total
- age   3:     376896 bytes,    1093352 total
- age   4:     339272 bytes,    1432624 total
- age   5:     747448 bytes,    2180072 total
- age   6:     243472 bytes,    2423544 total
- age   7:     524288 bytes,    2947832 total
- age   8:     210632 bytes,    3158464 total
: 92275K->3872K(109248K), 0.0037643 secs] 222563K->134398K(502464K), 0.0038650 secs] [Times: user=0.00 sys=0.00, real=0.00 secs] 
Heap after GC invocations=208 (full 1):
 par new generation   total 109248K, used 3872K [0x00000000e0000000, 0x00000000e8000000, 0x00000000e8000000)
  eden space 87424K,   0% used [0x00000000e0000000, 0x00000000e0000000, 0x00000000e5560000)
  from space 21824K,  17% used [0x00000000e5560000, 0x00000000e5928100, 0x00000000e6ab0000)
  to   space 21824K,   0% used [0x00000000e6ab0000, 0x00000000e6ab0000, 0x00000000e8000000)
 concurrent mark-sweep generation total 393216K, used 130525K [0x00000000e8000000, 0x0000000100000000, 0x0000000100000000)
 Metaspace       used 39980K, capacity 41478K, committed 41572K, reserved 1085440K
  class space    used 4644K, capacity 4949K, committed 4964K, reserved 1048576K
}
2018-06-13T02:25:32.812-0300: 30862.833: Total time for which application threads were stopped: 0.0041268 seconds, Stopping threads took: 0.0000336 seconds
{Heap before GC invocations=208 (full 1):
 par new generation   total 109248K, used 91296K [0x00000000e0000000, 0x00000000e8000000, 0x00000000e8000000)
  eden space 87424K, 100% used [0x00000000e0000000, 0x00000000e5560000, 0x00000000e5560000)
  from space 21824K,  17% used [0x00000000e5560000, 0x00000000e5928100, 0x00000000e6ab0000)
  to   space 21824K,   0% used [0x00000000e6ab0000, 0x00000000e6ab0000, 0x00000000e8000000)
 concurrent mark-sweep generation total 393216K, used 130525K [0x00000000e8000000, 0x0000000100000000, 0x0000000100000000)
 Metaspace       used 39980K, capacity 41478K, committed 41572K, reserved 1085440K
  class space    used 4644K, capacity 4949K, committed 4964K, reserved 1048576K
2018-06-13T02:25:32.892-0300: 30862.913: [GC (Allocation Failure) 2018-06-13T02:25:32.892-0300: 30862.913: [ParNew
Desired survivor size 20112992 bytes, new threshold 8 (max 8)
- age   1:     623288 bytes,     623288 total
- age   2:     223792 bytes,     847080 total
- age   3:     225984 bytes,    1073064 total
- age   4:     376608 bytes,    1449672 total
- age   5:     339272 bytes,    1788944 total
- age   6:     747448 bytes,    2536392 total
- age   7:     243472 bytes,    2779864 total
- age   8:     524288 bytes,    3304152 total
: 91296K->5625K(109248K), 0.0039817 secs] 221822K->136357K(502464K), 0.0040703 secs] [Times: user=0.00 sys=0.00, real=0.00 secs] 
Heap after GC invocations=209 (full 1):
 par new generation   total 109248K, used 5625K [0x00000000e0000000, 0x00000000e8000000, 0x00000000e8000000)
  eden space 87424K,   0% used [0x00000000e0000000, 0x00000000e0000000, 0x00000000e5560000)
  from space 21824K,  25% used [0x00000000e6ab0000, 0x00000000e702e630, 0x00000000e8000000)
  to   space 21824K,   0% used [0x00000000e5560000, 0x00000000e5560000, 0x00000000e6ab0000)
 concurrent mark-sweep generation total 393216K, used 130731K [0x00000000e8000000, 0x0000000100000000, 0x0000000100000000)
 Metaspace       used 39980K, capacity 41478K, committed 41572K, reserved 1085440K
  class space    used 4644K, capacity 4949K, committed 4964K, reserved 1048576K
}
2018-06-13T02:25:32.896-0300: 30862.918: Total time for which application threads were stopped: 0.0043330 seconds, Stopping threads took: 0.0000359 seconds
{Heap before GC invocations=209 (full 1):
 par new generation   total 109248K, used 93049K [0x00000000e0000000, 0x00000000e8000000, 0x00000000e8000000)
  eden space 87424K, 100% used [0x00000000e0000000, 0x00000000e5560000, 0x00000000e5560000)
  from space 21824K,  25% used [0x00000000e6ab0000, 0x00000000e702e630, 0x00000000e8000000)
  to   space 21824K,   0% used [0x00000000e5560000, 0x00000000e5560000, 0x00000000e6ab0000)
 concurrent mark-sweep generation total 393216K, used 130731K [0x00000000e8000000, 0x0000000100000000, 0x0000000100000000)
 Metaspace       used 39980K, capacity 41478K, committed 41572K, reserved 1085440K
  class space    used 4644K, capacity 4949K, committed 4964K, reserved 1048576K
2018-06-13T02:25:32.979-0300: 30863.000: [GC (Allocation Failure) 2018-06-13T02:25:32.979-0300: 30863.000: [ParNew
Desired survivor size 20112992 bytes, new threshold 8 (max 8)
- age   1:     717968 bytes,     717968 total
- age   2:     236040 bytes,     954008 total
- age   3:     219992 bytes,    1174000 total
- age   4:     223872 bytes,    1397872 total
- age   5:     376608 bytes,    1774480 total
- age   6:     273720 bytes,    2048200 total
- age   7:     747352 bytes,    2795552 total
- age   8:     243472 bytes,    3039024 total
: 93049K->3556K(109248K), 0.0051092 secs] 223781K->134799K(502464K), 0.0052972 secs] [Times: user=0.00 sys=0.00, real=0.00 secs] 
Heap after GC invocations=210 (full 1):
 par new generation   total 109248K, used 3556K [0x00000000e0000000, 0x00000000e8000000, 0x00000000e8000000)
  eden space 87424K,   0% used [0x00000000e0000000, 0x00000000e0000000, 0x00000000e5560000)
  from space 21824K,  16% used [0x00000000e5560000, 0x00000000e58d9018, 0x00000000e6ab0000)
  to   space 21824K,   0% used [0x00000000e6ab0000, 0x00000000e6ab0000, 0x00000000e8000000)
 concurrent mark-sweep generation total 393216K, used 131243K [0x00000000e8000000, 0x0000000100000000, 0x0000000100000000)
 Metaspace       used 39980K, capacity 41478K, committed 41572K, reserved 1085440K
  class space    used 4644K, capacity 4949K, committed 4964K, reserved 1048576K
}
2018-06-13T02:25:32.984-0300: 30863.006: Total time for which application threads were stopped: 0.0055641 seconds, Stopping threads took: 0.0000369 seconds
{Heap before GC invocations=210 (full 1):
 par new generation   total 109248K, used 90980K [0x00000000e0000000, 0x00000000e8000000, 0x00000000e8000000)
  eden space 87424K, 100% used [0x00000000e0000000, 0x00000000e5560000, 0x00000000e5560000)
  from space 21824K,  16% used [0x00000000e5560000, 0x00000000e58d9018, 0x00000000e6ab0000)
  to   space 21824K,   0% used [0x00000000e6ab0000, 0x00000000e6ab0000, 0x00000000e8000000)
 concurrent mark-sweep generation total 393216K, used 131243K [0x00000000e8000000, 0x0000000100000000, 0x0000000100000000)
 Metaspace       used 39980K, capacity 41478K, committed 41572K, reserved 1085440K
  class space    used 4644K, capacity 4949K, committed 4964K, reserved 1048576K
2018-06-13T02:25:33.068-0300: 30863.089: [GC (Allocation Failure) 2018-06-13T02:25:33.068-0300: 30863.089: [ParNew
Desired survivor size 20112992 bytes, new threshold 8 (max 8)
- age   1:     352104 bytes,     352104 total
- age   2:     689128 bytes,    1041232 total
- age   3:     235952 bytes,    1277184 total
- age   4:     219992 bytes,    1497176 total
- age   5:     223872 bytes,    1721048 total
- age   6:     376608 bytes,    2097656 total
- age   7:     273720 bytes,    2371376 total
- age   8:     747352 bytes,    3118728 total
: 90980K->4608K(109248K), 0.0037633 secs] 222223K->136090K(502464K), 0.0038464 secs] [Times: user=0.00 sys=0.03, real=0.00 secs] 
Heap after GC invocations=211 (full 1):
 par new generation   total 109248K, used 4608K [0x00000000e0000000, 0x00000000e8000000, 0x00000000e8000000)
  eden space 87424K,   0% used [0x00000000e0000000, 0x00000000e0000000, 0x00000000e5560000)
  from space 21824K,  21% used [0x00000000e6ab0000, 0x00000000e6f303d0, 0x00000000e8000000)
  to   space 21824K,   0% used [0x00000000e5560000, 0x00000000e5560000, 0x00000000e6ab0000)
 concurrent mark-sweep generation total 393216K, used 131481K [0x00000000e8000000, 0x0000000100000000, 0x0000000100000000)
 Metaspace       used 39980K, capacity 41478K, committed 41572K, reserved 1085440K
  class space    used 4644K, capacity 4949K, committed 4964K, reserved 1048576K
}
2018-06-13T02:25:33.072-0300: 30863.093: Total time for which application threads were stopped: 0.0041104 seconds, Stopping threads took: 0.0000285 seconds
{Heap before GC invocations=211 (full 1):
 par new generation   total 109248K, used 92032K [0x00000000e0000000, 0x00000000e8000000, 0x00000000e8000000)
  eden space 87424K, 100% used [0x00000000e0000000, 0x00000000e5560000, 0x00000000e5560000)
  from space 21824K,  21% used [0x00000000e6ab0000, 0x00000000e6f303d0, 0x00000000e8000000)
  to   space 21824K,   0% used [0x00000000e5560000, 0x00000000e5560000, 0x00000000e6ab0000)
 concurrent mark-sweep generation total 393216K, used 131481K [0x00000000e8000000, 0x0000000100000000, 0x0000000100000000)
 Metaspace       used 39980K, capacity 41478K, committed 41572K, reserved 1085440K
  class space    used 4644K, capacity 4949K, committed 4964K, reserved 1048576K
2018-06-13T02:25:33.164-0300: 30863.185: [GC (Allocation Failure) 2018-06-13T02:25:33.164-0300: 30863.185: [ParNew
Desired survivor size 20112992 bytes, new threshold 8 (max 8)
- age   1:     611320 bytes,     611320 total
- age   2:     185672 bytes,     796992 total
- age   3:     406920 bytes,    1203912 total
- age   4:     235952 bytes,    1439864 total
- age   5:     219992 bytes,    1659856 total
- age   6:     223872 bytes,    1883728 total
- age   7:     376608 bytes,    2260336 total
- age   8:     273720 bytes,    2534056 total
: 92032K->3029K(109248K), 0.0047869 secs] 223514K->135242K(502464K), 0.0049669 secs] [Times: user=0.06 sys=0.00, real=0.00 secs] 
Heap after GC invocations=212 (full 1):
 par new generation   total 109248K, used 3029K [0x00000000e0000000, 0x00000000e8000000, 0x00000000e8000000)
  eden space 87424K,   0% used [0x00000000e0000000, 0x00000000e0000000, 0x00000000e5560000)
  from space 21824K,  13% used [0x00000000e5560000, 0x00000000e5855590, 0x00000000e6ab0000)
  to   space 21824K,   0% used [0x00000000e6ab0000, 0x00000000e6ab0000, 0x00000000e8000000)
 concurrent mark-sweep generation total 393216K, used 132213K [0x00000000e8000000, 0x0000000100000000, 0x0000000100000000)
 Metaspace       used 39980K, capacity 41478K, committed 41572K, reserved 1085440K
  class space    used 4644K, capacity 4949K, committed 4964K, reserved 1048576K
}
2018-06-13T02:25:33.169-0300: 30863.190: Total time for which application threads were stopped: 0.0052576 seconds, Stopping threads took: 0.0000327 seconds
{Heap before GC invocations=212 (full 1):
 par new generation   total 109248K, used 90453K [0x00000000e0000000, 0x00000000e8000000, 0x00000000e8000000)
  eden space 87424K, 100% used [0x00000000e0000000, 0x00000000e5560000, 0x00000000e5560000)
  from space 21824K,  13% used [0x00000000e5560000, 0x00000000e5855590, 0x00000000e6ab0000)
  to   space 21824K,   0% used [0x00000000e6ab0000, 0x00000000e6ab0000, 0x00000000e8000000)
 concurrent mark-sweep generation total 393216K, used 132213K [0x00000000e8000000, 0x0000000100000000, 0x0000000100000000)
 Metaspace       used 39980K, capacity 41478K, committed 41572K, reserved 1085440K
  class space    used 4644K, capacity 4949K, committed 4964K, reserved 1048576K
2018-06-13T02:25:33.250-0300: 30863.272: [GC (Allocation Failure) 2018-06-13T02:25:33.250-0300: 30863.272: [ParNew
Desired survivor size 20112992 bytes, new threshold 8 (max 8)
- age   1:     339320 bytes,     339320 total
- age   2:     551896 bytes,     891216 total
- age   3:     185440 bytes,    1076656 total
- age   4:     401968 bytes,    1478624 total
- age   5:     233824 bytes,    1712448 total
- age   6:     219992 bytes,    1932440 total
- age   7:     223872 bytes,    2156312 total
- age   8:     376608 bytes,    2532920 total
: 90453K->3123K(109248K), 0.0038767 secs] 222666K->135604K(502464K), 0.0039714 secs] [Times: user=0.00 sys=0.00, real=0.00 secs] 
Heap after GC invocations=213 (full 1):
 par new generation   total 109248K, used 3123K [0x00000000e0000000, 0x00000000e8000000, 0x00000000e8000000)
  eden space 87424K,   0% used [0x00000000e0000000, 0x00000000e0000000, 0x00000000e5560000)
  from space 21824K,  14% used [0x00000000e6ab0000, 0x00000000e6dbce40, 0x00000000e8000000)
  to   space 21824K,   0% used [0x00000000e5560000, 0x00000000e5560000, 0x00000000e6ab0000)
 concurrent mark-sweep generation total 393216K, used 132480K [0x00000000e8000000, 0x0000000100000000, 0x0000000100000000)
 Metaspace       used 39980K, capacity 41478K, committed 41572K, reserved 1085440K
  class space    used 4644K, capacity 4949K, committed 4964K, reserved 1048576K
}
2018-06-13T02:25:33.254-0300: 30863.276: Total time for which application threads were stopped: 0.0042392 seconds, Stopping threads took: 0.0000336 seconds
2018-06-13T02:25:33.292-0300: 30863.314: Total time for which application threads were stopped: 0.0001264 seconds, Stopping threads took: 0.0000275 seconds
2018-06-13T02:25:33.294-0300: 30863.316: Total time for which application threads were stopped: 0.0001311 seconds, Stopping threads took: 0.0000476 seconds
2018-06-13T02:25:33.295-0300: 30863.316: Total time for which application threads were stopped: 0.0002827 seconds, Stopping threads took: 0.0000434 seconds
2018-06-13T02:25:33.488-0300: 30863.509: Total time for which application threads were stopped: 0.0008309 seconds, Stopping threads took: 0.0000723 seconds
2018-06-13T02:25:33.488-0300: 30863.510: Total time for which application threads were stopped: 0.0004996 seconds, Stopping threads took: 0.0000700 seconds
2018-06-13T02:25:33.488-0300: 30863.510: Total time for which application threads were stopped: 0.0002678 seconds, Stopping threads took: 0.0001292 seconds
2018-06-13T02:25:33.502-0300: 30863.523: Total time for which application threads were stopped: 0.0001586 seconds, Stopping threads took: 0.0000383 seconds
2018-06-13T02:25:33.642-0300: 30863.663: Total time for which application threads were stopped: 0.0001278 seconds, Stopping threads took: 0.0000345 seconds
2018-06-13T02:25:33.642-0300: 30863.664: Total time for which application threads were stopped: 0.0001227 seconds, Stopping threads took: 0.0000574 seconds
2018-06-13T02:25:33.643-0300: 30863.664: Total time for which application threads were stopped: 0.0001073 seconds, Stopping threads took: 0.0000425 seconds
2018-06-13T02:25:33.643-0300: 30863.665: Total time for which application threads were stopped: 0.0000737 seconds, Stopping threads took: 0.0000205 seconds
2018-06-13T02:25:33.946-0300: 30863.966: Total time for which application threads were stopped: 0.0001302 seconds, Stopping threads took: 0.0000331 seconds
{Heap before GC invocations=213 (full 1):
 par new generation   total 109248K, used 90446K [0x00000000e0000000, 0x00000000e8000000, 0x00000000e8000000)
  eden space 87424K,  99% used [0x00000000e0000000, 0x00000000e5546b38, 0x00000000e5560000)
  from space 21824K,  14% used [0x00000000e6ab0000, 0x00000000e6dbce40, 0x00000000e8000000)
  to   space 21824K,   0% used [0x00000000e5560000, 0x00000000e5560000, 0x00000000e6ab0000)
 concurrent mark-sweep generation total 393216K, used 132480K [0x00000000e8000000, 0x0000000100000000, 0x0000000100000000)
 Metaspace       used 39985K, capacity 41478K, committed 41572K, reserved 1085440K
  class space    used 4644K, capacity 4949K, committed 4964K, reserved 1048576K
2018-06-13T02:25:33.947-0300: 30863.968: [GC (Allocation Failure) 2018-06-13T02:25:33.947-0300: 30863.968: [ParNew
Desired survivor size 20112992 bytes, new threshold 8 (max 8)
- age   1:    4556200 bytes,    4556200 total
- age   2:     236352 bytes,    4792552 total
- age   3:     550504 bytes,    5343056 total
- age   4:     184152 bytes,    5527208 total
- age   5:     400048 bytes,    5927256 total
- age   6:     232720 bytes,    6159976 total
- age   7:     218152 bytes,    6378128 total
- age   8:     222032 bytes,    6600160 total
: 90446K->8079K(109248K), 0.0045690 secs] 222927K->140927K(502464K), 0.0046497 secs] [Times: user=0.00 sys=0.00, real=0.00 secs] 
Heap after GC invocations=214 (full 1):
 par new generation   total 109248K, used 8079K [0x00000000e0000000, 0x00000000e8000000, 0x00000000e8000000)
  eden space 87424K,   0% used [0x00000000e0000000, 0x00000000e0000000, 0x00000000e5560000)
  from space 21824K,  37% used [0x00000000e5560000, 0x00000000e5d43f78, 0x00000000e6ab0000)
  to   space 21824K,   0% used [0x00000000e6ab0000, 0x00000000e6ab0000, 0x00000000e8000000)
 concurrent mark-sweep generation total 393216K, used 132847K [0x00000000e8000000, 0x0000000100000000, 0x0000000100000000)
 Metaspace       used 39985K, capacity 41478K, committed 41572K, reserved 1085440K
  class space    used 4644K, capacity 4949K, committed 4964K, reserved 1048576K
}
2018-06-13T02:25:33.952-0300: 30863.973: Total time for which application threads were stopped: 0.0048802 seconds, Stopping threads took: 0.0000257 seconds
2018-06-13T02:25:33.953-0300: 30863.974: Total time for which application threads were stopped: 0.0001166 seconds, Stopping threads took: 0.0000233 seconds
2018-06-13T02:25:33.953-0300: 30863.974: Total time for which application threads were stopped: 0.0000644 seconds, Stopping threads took: 0.0000145 seconds
2018-06-13T02:25:34.194-0300: 30864.215: Total time for which application threads were stopped: 0.0003788 seconds, Stopping threads took: 0.0000723 seconds
2018-06-13T02:25:34.195-0300: 30864.215: Total time for which application threads were stopped: 0.0003000 seconds, Stopping threads took: 0.0000718 seconds
2018-06-13T02:25:34.195-0300: 30864.216: Total time for which application threads were stopped: 0.0003434 seconds, Stopping threads took: 0.0001250 seconds
2018-06-13T02:25:34.213-0300: 30864.234: Total time for which application threads were stopped: 0.0004479 seconds, Stopping threads took: 0.0000984 seconds
2018-06-13T02:25:34.291-0300: 30864.311: Total time for which application threads were stopped: 0.0001442 seconds, Stopping threads took: 0.0000364 seconds
2018-06-13T02:25:34.327-0300: 30864.348: Total time for which application threads were stopped: 0.0002948 seconds, Stopping threads took: 0.0000896 seconds
2018-06-13T02:25:34.327-0300: 30864.348: Total time for which application threads were stopped: 0.0001479 seconds, Stopping threads took: 0.0000569 seconds
2018-06-13T02:25:34.327-0300: 30864.348: Total time for which application threads were stopped: 0.0001829 seconds, Stopping threads took: 0.0000700 seconds
2018-06-13T02:25:34.329-0300: 30864.350: Total time for which application threads were stopped: 0.0002804 seconds, Stopping threads took: 0.0000453 seconds
2018-06-13T02:25:34.329-0300: 30864.350: Total time for which application threads were stopped: 0.0001022 seconds, Stopping threads took: 0.0000219 seconds
2018-06-13T02:25:34.329-0300: 30864.350: Total time for which application threads were stopped: 0.0001423 seconds, Stopping threads took: 0.0000219 seconds
2018-06-13T02:25:34.416-0300: 30864.437: Total time for which application threads were stopped: 0.0001511 seconds, Stopping threads took: 0.0000299 seconds
2018-06-13T02:25:34.582-0300: 30864.604: Total time for which application threads were stopped: 0.0001539 seconds, Stopping threads took: 0.0000467 seconds
2018-06-13T02:25:34.584-0300: 30864.606: Total time for which application threads were stopped: 0.0001358 seconds, Stopping threads took: 0.0000299 seconds
2018-06-13T02:25:34.585-0300: 30864.606: Total time for which application threads were stopped: 0.0001535 seconds, Stopping threads took: 0.0000905 seconds
2018-06-13T02:25:34.792-0300: 30864.813: Total time for which application threads were stopped: 0.0002799 seconds, Stopping threads took: 0.0001166 seconds
2018-06-13T02:25:34.792-0300: 30864.813: Total time for which application threads were stopped: 0.0001372 seconds, Stopping threads took: 0.0000406 seconds
2018-06-13T02:25:34.792-0300: 30864.813: Total time for which application threads were stopped: 0.0001204 seconds, Stopping threads took: 0.0000294 seconds
2018-06-13T02:25:34.801-0300: 30864.822: Total time for which application threads were stopped: 0.0001679 seconds, Stopping threads took: 0.0000420 seconds
2018-06-13T02:25:34.906-0300: 30864.927: Total time for which application threads were stopped: 0.0001670 seconds, Stopping threads took: 0.0000630 seconds
2018-06-13T02:25:34.907-0300: 30864.928: Total time for which application threads were stopped: 0.0001446 seconds, Stopping threads took: 0.0000606 seconds
2018-06-13T02:25:34.907-0300: 30864.928: Total time for which application threads were stopped: 0.0000644 seconds, Stopping threads took: 0.0000154 seconds
2018-06-13T02:25:34.908-0300: 30864.929: Total time for which application threads were stopped: 0.0000793 seconds, Stopping threads took: 0.0000224 seconds
2018-06-13T02:25:34.908-0300: 30864.929: Total time for which application threads were stopped: 0.0000704 seconds, Stopping threads took: 0.0000196 seconds
2018-06-13T02:25:34.908-0300: 30864.929: Total time for which application threads were stopped: 0.0001106 seconds, Stopping threads took: 0.0000578 seconds
2018-06-13T02:25:34.908-0300: 30864.929: Total time for which application threads were stopped: 0.0000672 seconds, Stopping threads took: 0.0000191 seconds
2018-06-13T02:25:34.974-0300: 30864.994: Total time for which application threads were stopped: 0.0001456 seconds, Stopping threads took: 0.0000322 seconds
{Heap before GC invocations=214 (full 1):
 par new generation   total 109248K, used 95503K [0x00000000e0000000, 0x00000000e8000000, 0x00000000e8000000)
  eden space 87424K, 100% used [0x00000000e0000000, 0x00000000e5560000, 0x00000000e5560000)
  from space 21824K,  37% used [0x00000000e5560000, 0x00000000e5d43f78, 0x00000000e6ab0000)
  to   space 21824K,   0% used [0x00000000e6ab0000, 0x00000000e6ab0000, 0x00000000e8000000)
 concurrent mark-sweep generation total 393216K, used 132847K [0x00000000e8000000, 0x0000000100000000, 0x0000000100000000)
 Metaspace       used 39998K, capacity 41482K, committed 41572K, reserved 1085440K
  class space    used 4644K, capacity 4949K, committed 4964K, reserved 1048576K
2018-06-13T02:25:35.028-0300: 30865.049: [GC (Allocation Failure) 2018-06-13T02:25:35.028-0300: 30865.049: [ParNew
Desired survivor size 20112992 bytes, new threshold 8 (max 8)
- age   1:    1994976 bytes,    1994976 total
- age   2:     373768 bytes,    2368744 total
- age   3:     236352 bytes,    2605096 total
- age   4:     550504 bytes,    3155600 total
- age   5:     184152 bytes,    3339752 total
- age   6:     400048 bytes,    3739800 total
- age   7:     232720 bytes,    3972520 total
- age   8:     218152 bytes,    4190672 total
: 95503K->5944K(109248K), 0.0049362 secs] 228351K->139008K(502464K), 0.0050453 secs] [Times: user=0.00 sys=0.00, real=0.00 secs] 
Heap after GC invocations=215 (full 1):
 par new generation   total 109248K, used 5944K [0x00000000e0000000, 0x00000000e8000000, 0x00000000e8000000)
  eden space 87424K,   0% used [0x00000000e0000000, 0x00000000e0000000, 0x00000000e5560000)
  from space 21824K,  27% used [0x00000000e6ab0000, 0x00000000e707e008, 0x00000000e8000000)
  to   space 21824K,   0% used [0x00000000e5560000, 0x00000000e5560000, 0x00000000e6ab0000)
 concurrent mark-sweep generation total 393216K, used 133064K [0x00000000e8000000, 0x0000000100000000, 0x0000000100000000)
 Metaspace       used 39998K, capacity 41482K, committed 41572K, reserved 1085440K
  class space    used 4644K, capacity 4949K, committed 4964K, reserved 1048576K
}
2018-06-13T02:25:35.033-0300: 30865.054: Total time for which application threads were stopped: 0.0053364 seconds, Stopping threads took: 0.0000392 seconds
2018-06-13T02:25:35.138-0300: 30865.159: Total time for which application threads were stopped: 0.0001264 seconds, Stopping threads took: 0.0000280 seconds
2018-06-13T02:25:35.140-0300: 30865.162: Total time for which application threads were stopped: 0.0001367 seconds, Stopping threads took: 0.0000481 seconds
2018-06-13T02:25:35.140-0300: 30865.162: Total time for which application threads were stopped: 0.0001521 seconds, Stopping threads took: 0.0000914 seconds
2018-06-13T02:25:35.352-0300: 30865.373: Total time for which application threads were stopped: 0.0002365 seconds, Stopping threads took: 0.0001068 seconds
2018-06-13T02:25:35.352-0300: 30865.373: Total time for which application threads were stopped: 0.0001969 seconds, Stopping threads took: 0.0001353 seconds
2018-06-13T02:25:35.352-0300: 30865.373: Total time for which application threads were stopped: 0.0000746 seconds, Stopping threads took: 0.0000210 seconds
2018-06-13T02:25:35.352-0300: 30865.373: Total time for which application threads were stopped: 0.0001446 seconds, Stopping threads took: 0.0000709 seconds
2018-06-13T02:25:35.359-0300: 30865.380: Total time for which application threads were stopped: 0.0001903 seconds, Stopping threads took: 0.0000378 seconds
2018-06-13T02:25:35.440-0300: 30865.461: Total time for which application threads were stopped: 0.0001311 seconds, Stopping threads took: 0.0000299 seconds
2018-06-13T02:25:35.440-0300: 30865.461: Total time for which application threads were stopped: 0.0000737 seconds, Stopping threads took: 0.0000177 seconds
2018-06-13T02:25:35.469-0300: 30865.490: Total time for which application threads were stopped: 0.0001511 seconds, Stopping threads took: 0.0000513 seconds
2018-06-13T02:25:35.469-0300: 30865.490: Total time for which application threads were stopped: 0.0000886 seconds, Stopping threads took: 0.0000252 seconds
2018-06-13T02:25:35.469-0300: 30865.490: Total time for which application threads were stopped: 0.0000994 seconds, Stopping threads took: 0.0000467 seconds
2018-06-13T02:25:35.470-0300: 30865.491: Total time for which application threads were stopped: 0.0002459 seconds, Stopping threads took: 0.0000229 seconds
2018-06-13T02:25:35.535-0300: 30865.556: Total time for which application threads were stopped: 0.0001470 seconds, Stopping threads took: 0.0000308 seconds
2018-06-13T02:25:35.535-0300: 30865.557: Total time for which application threads were stopped: 0.0002053 seconds, Stopping threads took: 0.0000275 seconds
2018-06-13T02:25:35.536-0300: 30865.557: Total time for which application threads were stopped: 0.0002155 seconds, Stopping threads took: 0.0000299 seconds
2018-06-13T02:25:35.727-0300: 30865.748: Total time for which application threads were stopped: 0.0001824 seconds, Stopping threads took: 0.0000392 seconds
2018-06-13T02:25:35.729-0300: 30865.750: Total time for which application threads were stopped: 0.0001358 seconds, Stopping threads took: 0.0000383 seconds
2018-06-13T02:25:35.729-0300: 30865.750: Total time for which application threads were stopped: 0.0001031 seconds, Stopping threads took: 0.0000425 seconds
{Heap before GC invocations=215 (full 1):
 par new generation   total 109248K, used 93361K [0x00000000e0000000, 0x00000000e8000000, 0x00000000e8000000)
  eden space 87424K,  99% used [0x00000000e0000000, 0x00000000e555e438, 0x00000000e5560000)
  from space 21824K,  27% used [0x00000000e6ab0000, 0x00000000e707e008, 0x00000000e8000000)
  to   space 21824K,   0% used [0x00000000e5560000, 0x00000000e5560000, 0x00000000e6ab0000)
 concurrent mark-sweep generation total 393216K, used 133064K [0x00000000e8000000, 0x0000000100000000, 0x0000000100000000)
 Metaspace       used 40029K, capacity 41546K, committed 41572K, reserved 1085440K
  class space    used 4644K, capacity 4949K, committed 4964K, reserved 1048576K
2018-06-13T02:25:35.755-0300: 30865.776: [GC (Allocation Failure) 2018-06-13T02:25:35.755-0300: 30865.776: [ParNew
Desired survivor size 20112992 bytes, new threshold 8 (max 8)
- age   1:    3540656 bytes,    3540656 total
- age   2:     378312 bytes,    3918968 total
- age   3:     372856 bytes,    4291824 total
- age   4:     269136 bytes,    4560960 total
- age   5:     550504 bytes,    5111464 total
- age   6:     184152 bytes,    5295616 total
- age   7:     400048 bytes,    5695664 total
- age   8:     232720 bytes,    5928384 total
: 93361K->7346K(109248K), 0.0054824 secs] 226425K->140623K(502464K), 0.0055520 secs] [Times: user=0.06 sys=0.00, real=0.00 secs] 
Heap after GC invocations=216 (full 1):
 par new generation   total 109248K, used 7346K [0x00000000e0000000, 0x00000000e8000000, 0x00000000e8000000)
  eden space 87424K,   0% used [0x00000000e0000000, 0x00000000e0000000, 0x00000000e5560000)
  from space 21824K,  33% used [0x00000000e5560000, 0x00000000e5c8c9e8, 0x00000000e6ab0000)
  to   space 21824K,   0% used [0x00000000e6ab0000, 0x00000000e6ab0000, 0x00000000e8000000)
 concurrent mark-sweep generation total 393216K, used 133277K [0x00000000e8000000, 0x0000000100000000, 0x0000000100000000)
 Metaspace       used 40029K, capacity 41546K, committed 41572K, reserved 1085440K
  class space    used 4644K, capacity 4949K, committed 4964K, reserved 1048576K
}
2018-06-13T02:25:35.760-0300: 30865.781: Total time for which application threads were stopped: 0.0058487 seconds, Stopping threads took: 0.0000369 seconds
2018-06-13T02:25:35.903-0300: 30865.925: Total time for which application threads were stopped: 0.0001913 seconds, Stopping threads took: 0.0000938 seconds
2018-06-13T02:25:35.903-0300: 30865.925: Total time for which application threads were stopped: 0.0001334 seconds, Stopping threads took: 0.0000742 seconds
2018-06-13T02:25:35.903-0300: 30865.925: Total time for which application threads were stopped: 0.0000644 seconds, Stopping threads took: 0.0000154 seconds
2018-06-13T02:25:35.903-0300: 30865.925: Total time for which application threads were stopped: 0.0001507 seconds, Stopping threads took: 0.0000886 seconds
2018-06-13T02:25:35.910-0300: 30865.932: Total time for which application threads were stopped: 0.0001418 seconds, Stopping threads took: 0.0000317 seconds
2018-06-13T02:25:41.914-0300: 30871.935: Total time for which application threads were stopped: 0.0001325 seconds, Stopping threads took: 0.0000392 seconds
2018-06-13T02:43:45.332-0300: 31955.353: Total time for which application threads were stopped: 0.0002123 seconds, Stopping threads took: 0.0000597 seconds
2018-06-13T19:19:28.083-0300: 91698.129: Total time for which application threads were stopped: 0.0019859 seconds, Stopping threads took: 0.0000485 seconds
2018-06-13T19:19:28.085-0300: 91698.131: Total time for which application threads were stopped: 0.0006643 seconds, Stopping threads took: 0.0000224 seconds
2018-06-13T19:19:28.090-0300: 91698.136: Total time for which application threads were stopped: 0.0001171 seconds, Stopping threads took: 0.0000266 seconds
2018-06-13T19:19:28.090-0300: 91698.137: Total time for which application threads were stopped: 0.0000793 seconds, Stopping threads took: 0.0000317 seconds
2018-06-13T19:19:28.091-0300: 91698.137: Total time for which application threads were stopped: 0.0002020 seconds, Stopping threads took: 0.0000252 seconds
2018-06-13T19:19:28.091-0300: 91698.137: Total time for which application threads were stopped: 0.0000532 seconds, Stopping threads took: 0.0000112 seconds
2018-06-13T19:19:28.094-0300: 91698.140: Total time for which application threads were stopped: 0.0002608 seconds, Stopping threads took: 0.0001572 seconds
2018-06-13T19:19:28.094-0300: 91698.140: Total time for which application threads were stopped: 0.0001316 seconds, Stopping threads took: 0.0000723 seconds
2018-06-13T19:19:28.094-0300: 91698.141: Total time for which application threads were stopped: 0.0002440 seconds, Stopping threads took: 0.0001819 seconds
2018-06-13T19:19:28.095-0300: 91698.141: Total time for which application threads were stopped: 0.0001390 seconds, Stopping threads took: 0.0000658 seconds
2018-06-13T19:19:28.095-0300: 91698.141: Total time for which application threads were stopped: 0.0003653 seconds, Stopping threads took: 0.0000401 seconds
2018-06-13T19:19:28.096-0300: 91698.142: Total time for which application threads were stopped: 0.0001460 seconds, Stopping threads took: 0.0000583 seconds
2018-06-13T19:19:28.096-0300: 91698.142: Total time for which application threads were stopped: 0.0002804 seconds, Stopping threads took: 0.0002230 seconds
2018-06-13T19:19:28.096-0300: 91698.143: Total time for which application threads were stopped: 0.0001078 seconds, Stopping threads took: 0.0000564 seconds
2018-06-13T19:19:28.097-0300: 91698.143: Total time for which application threads were stopped: 0.0002622 seconds, Stopping threads took: 0.0002029 seconds
2018-06-13T19:19:28.097-0300: 91698.143: Total time for which application threads were stopped: 0.0001264 seconds, Stopping threads took: 0.0000662 seconds
2018-06-13T19:19:28.097-0300: 91698.144: Total time for which application threads were stopped: 0.0002892 seconds, Stopping threads took: 0.0002291 seconds
2018-06-13T19:19:28.098-0300: 91698.144: Total time for which application threads were stopped: 0.0001120 seconds, Stopping threads took: 0.0000527 seconds
2018-06-13T19:19:28.098-0300: 91698.144: Total time for which application threads were stopped: 0.0001693 seconds, Stopping threads took: 0.0001045 seconds
2018-06-13T19:19:28.099-0300: 91698.145: Total time for which application threads were stopped: 0.0002580 seconds, Stopping threads took: 0.0001950 seconds
2018-06-13T19:19:28.099-0300: 91698.145: Total time for which application threads were stopped: 0.0001045 seconds, Stopping threads took: 0.0000476 seconds
2018-06-13T19:19:28.099-0300: 91698.146: Total time for which application threads were stopped: 0.0001376 seconds, Stopping threads took: 0.0000564 seconds
2018-06-13T19:19:28.100-0300: 91698.146: Total time for which application threads were stopped: 0.0001297 seconds, Stopping threads took: 0.0000522 seconds
2018-06-13T19:19:28.100-0300: 91698.146: Total time for which application threads were stopped: 0.0001269 seconds, Stopping threads took: 0.0000728 seconds
2018-06-13T19:19:28.101-0300: 91698.147: Total time for which application threads were stopped: 0.0001698 seconds, Stopping threads took: 0.0000662 seconds
2018-06-13T19:19:28.101-0300: 91698.147: Total time for which application threads were stopped: 0.0001110 seconds, Stopping threads took: 0.0000378 seconds
2018-06-13T19:19:28.102-0300: 91698.148: Total time for which application threads were stopped: 0.0002748 seconds, Stopping threads took: 0.0002123 seconds
2018-06-13T19:19:28.102-0300: 91698.148: Total time for which application threads were stopped: 0.0001274 seconds, Stopping threads took: 0.0000597 seconds
2018-06-13T19:19:28.102-0300: 91698.149: Total time for which application threads were stopped: 0.0001950 seconds, Stopping threads took: 0.0000611 seconds
2018-06-13T19:19:28.103-0300: 91698.149: Total time for which application threads were stopped: 0.0000877 seconds, Stopping threads took: 0.0000378 seconds
2018-06-13T19:19:28.104-0300: 91698.150: Total time for which application threads were stopped: 0.0002813 seconds, Stopping threads took: 0.0002155 seconds
2018-06-13T19:19:28.104-0300: 91698.151: Total time for which application threads were stopped: 0.0001129 seconds, Stopping threads took: 0.0000313 seconds
2018-06-13T19:19:28.105-0300: 91698.151: Total time for which application threads were stopped: 0.0001068 seconds, Stopping threads took: 0.0000508 seconds
2018-06-13T19:19:28.105-0300: 91698.151: Total time for which application threads were stopped: 0.0000947 seconds, Stopping threads took: 0.0000448 seconds
2018-06-13T19:19:28.105-0300: 91698.152: Total time for which application threads were stopped: 0.0001609 seconds, Stopping threads took: 0.0001096 seconds
2018-06-13T19:19:28.106-0300: 91698.152: Total time for which application threads were stopped: 0.0001269 seconds, Stopping threads took: 0.0000592 seconds
2018-06-13T19:19:28.106-0300: 91698.152: Total time for which application threads were stopped: 0.0000672 seconds, Stopping threads took: 0.0000191 seconds
2018-06-13T19:19:28.107-0300: 91698.153: Total time for which application threads were stopped: 0.0001320 seconds, Stopping threads took: 0.0000723 seconds
2018-06-13T19:19:28.109-0300: 91698.155: Total time for which application threads were stopped: 0.0001418 seconds, Stopping threads took: 0.0000681 seconds
2018-06-13T19:19:28.109-0300: 91698.155: Total time for which application threads were stopped: 0.0004880 seconds, Stopping threads took: 0.0000690 seconds
2018-06-13T19:19:28.119-0300: 91698.166: Total time for which application threads were stopped: 0.0000928 seconds, Stopping threads took: 0.0000415 seconds
2018-06-13T19:19:28.120-0300: 91698.166: Total time for which application threads were stopped: 0.0002463 seconds, Stopping threads took: 0.0000387 seconds
2018-06-13T19:19:28.120-0300: 91698.166: Total time for which application threads were stopped: 0.0002347 seconds, Stopping threads took: 0.0001073 seconds
2018-06-13T19:19:28.120-0300: 91698.167: Total time for which application threads were stopped: 0.0000667 seconds, Stopping threads took: 0.0000439 seconds
2018-06-13T19:19:28.120-0300: 91698.167: Total time for which application threads were stopped: 0.0000490 seconds, Stopping threads took: 0.0000271 seconds
Heap
 par new generation   total 109248K, used 41284K [0x00000000e0000000, 0x00000000e8000000, 0x00000000e8000000)
  eden space 87424K,  38% used [0x00000000e0000000, 0x00000000e21247f0, 0x00000000e5560000)
  from space 21824K,  33% used [0x00000000e5560000, 0x00000000e5c8c9e8, 0x00000000e6ab0000)
  to   space 21824K,   0% used [0x00000000e6ab0000, 0x00000000e6ab0000, 0x00000000e8000000)
 concurrent mark-sweep generation total 393216K, used 133277K [0x00000000e8000000, 0x0000000100000000, 0x0000000100000000)
 Metaspace       used 40094K, capacity 41590K, committed 41700K, reserved 1085440K
  class space    used 4654K, capacity 4985K, committed 5092K, reserved 1048576K
