Java HotSpot(TM) 64-Bit Server VM (25.172-b11) for windows-amd64 JRE (1.8.0_172-b11), built on Mar 28 2018 21:21:52 by "java_re" with MS VC++ 10.0 (VS2010)
Memory: 4k page, physical 8254744k(4391068k free), swap 9893144k(5586756k free)
CommandLine flags: -XX:CMSInitiatingOccupancyFraction=50 -XX:CMSMaxAbortablePrecleanTime=6000 -XX:+CMSParallelRemarkEnabled -XX:+CMSScavengeBeforeRemark -XX:ConcGCThreads=4 -XX:GCLogFileSize=20971520 -XX:InitialHeapSize=536870912 -XX:MaxHeapSize=536870912 -XX:MaxTenuringThreshold=8 -XX:NewRatio=3 -XX:NumberOfGCLogFiles=9 -XX:OldPLABSize=16 -XX:-OmitStackTraceInFastThrow -XX:ParallelGCThreads=4 -XX:+ParallelRefProcEnabled -XX:PretenureSizeThreshold=67108864 -XX:+PrintGC -XX:+PrintGCApplicationStoppedTime -XX:+PrintGCDateStamps -XX:+PrintGCDetails -XX:+PrintGCTimeStamps -XX:+PrintHeapAtGC -XX:+PrintTenuringDistribution -XX:SurvivorRatio=4 -XX:TargetSurvivorRatio=90 -XX:ThreadStackSize=256 -XX:+UseCMSInitiatingOccupancyOnly -XX:+UseCompressedClassPointers -XX:+UseCompressedOops -XX:+UseConcMarkSweepGC -XX:+UseGCLogFileRotation -XX:-UseLargePagesIndividualAllocation -XX:+UseParNewGC 
2019-01-31T09:05:33.509-0200: 0.314: Total time for which application threads were stopped: 0.0001250 seconds, Stopping threads took: 0.0000238 seconds
2019-01-31T09:05:34.525-0200: 1.325: Total time for which application threads were stopped: 0.0001101 seconds, Stopping threads took: 0.0000378 seconds
2019-01-31T09:05:34.650-0200: 1.453: Total time for which application threads were stopped: 0.0000994 seconds, Stopping threads took: 0.0000247 seconds
2019-01-31T09:05:35.665-0200: 2.466: Total time for which application threads were stopped: 0.0000998 seconds, Stopping threads took: 0.0000490 seconds
2019-01-31T09:05:36.681-0200: 3.481: Total time for which application threads were stopped: 0.0001488 seconds, Stopping threads took: 0.0000331 seconds
2019-01-31T09:05:36.853-0200: 3.657: Total time for which application threads were stopped: 0.0001498 seconds, Stopping threads took: 0.0000257 seconds
2019-01-31T09:05:36.868-0200: 3.669: Total time for which application threads were stopped: 0.0001059 seconds, Stopping threads took: 0.0000229 seconds
2019-01-31T09:05:37.009-0200: 3.819: Total time for which application threads were stopped: 0.0001819 seconds, Stopping threads took: 0.0000285 seconds
2019-01-31T09:05:37.040-0200: 3.849: Total time for which application threads were stopped: 0.0001824 seconds, Stopping threads took: 0.0000373 seconds
2019-01-31T09:05:37.368-0200: 4.169: Total time for which application threads were stopped: 0.0001899 seconds, Stopping threads took: 0.0000294 seconds
2019-01-31T09:05:37.790-0200: 4.604: Total time for which application threads were stopped: 0.0002151 seconds, Stopping threads took: 0.0000364 seconds
2019-01-31T09:05:37.884-0200: 4.699: Total time for which application threads were stopped: 0.0002006 seconds, Stopping threads took: 0.0000317 seconds
2019-01-31T09:05:37.915-0200: 4.721: Total time for which application threads were stopped: 0.0002137 seconds, Stopping threads took: 0.0000364 seconds
2019-01-31T09:05:38.400-0200: 5.207: Total time for which application threads were stopped: 0.0002487 seconds, Stopping threads took: 0.0000271 seconds
{Heap before GC invocations=0 (full 0):
 par new generation   total 109248K, used 87424K [0x00000000e0000000, 0x00000000e8000000, 0x00000000e8000000)
  eden space 87424K, 100% used [0x00000000e0000000, 0x00000000e5560000, 0x00000000e5560000)
  from space 21824K,   0% used [0x00000000e5560000, 0x00000000e5560000, 0x00000000e6ab0000)
  to   space 21824K,   0% used [0x00000000e6ab0000, 0x00000000e6ab0000, 0x00000000e8000000)
 concurrent mark-sweep generation total 393216K, used 0K [0x00000000e8000000, 0x0000000100000000, 0x0000000100000000)
 Metaspace       used 16035K, capacity 16362K, committed 16640K, reserved 1064960K
  class space    used 1857K, capacity 1989K, committed 2048K, reserved 1048576K
2019-01-31T09:05:38.790-0200: 5.596: [GC (Allocation Failure) 2019-01-31T09:05:38.790-0200: 5.596: [ParNew
Desired survivor size 20112992 bytes, new threshold 8 (max 8)
- age   1:    8836816 bytes,    8836816 total
: 87424K->8724K(109248K), 0.0332064 secs] 87424K->8724K(502464K), 0.0335203 secs] [Times: user=0.00 sys=0.00, real=0.03 secs] 
Heap after GC invocations=1 (full 0):
 par new generation   total 109248K, used 8724K [0x00000000e0000000, 0x00000000e8000000, 0x00000000e8000000)
  eden space 87424K,   0% used [0x00000000e0000000, 0x00000000e0000000, 0x00000000e5560000)
  from space 21824K,  39% used [0x00000000e6ab0000, 0x00000000e73352f8, 0x00000000e8000000)
  to   space 21824K,   0% used [0x00000000e5560000, 0x00000000e5560000, 0x00000000e6ab0000)
 concurrent mark-sweep generation total 393216K, used 0K [0x00000000e8000000, 0x0000000100000000, 0x0000000100000000)
 Metaspace       used 16035K, capacity 16362K, committed 16640K, reserved 1064960K
  class space    used 1857K, capacity 1989K, committed 2048K, reserved 1048576K
}
2019-01-31T09:05:38.822-0200: 5.630: Total time for which application threads were stopped: 0.0337242 seconds, Stopping threads took: 0.0000271 seconds
2019-01-31T09:05:38.822-0200: 5.630: Total time for which application threads were stopped: 0.0001605 seconds, Stopping threads took: 0.0000630 seconds
2019-01-31T09:05:38.822-0200: 5.630: Total time for which application threads were stopped: 0.0001115 seconds, Stopping threads took: 0.0000499 seconds
2019-01-31T09:05:38.822-0200: 5.631: Total time for which application threads were stopped: 0.0001050 seconds, Stopping threads took: 0.0000247 seconds
2019-01-31T09:05:38.822-0200: 5.633: Total time for which application threads were stopped: 0.0001964 seconds, Stopping threads took: 0.0001348 seconds
2019-01-31T09:05:38.822-0200: 5.634: Total time for which application threads were stopped: 0.0001330 seconds, Stopping threads took: 0.0000658 seconds
2019-01-31T09:05:38.822-0200: 5.634: Total time for which application threads were stopped: 0.0001400 seconds, Stopping threads took: 0.0000858 seconds
2019-01-31T09:05:38.822-0200: 5.634: Total time for which application threads were stopped: 0.0001325 seconds, Stopping threads took: 0.0000830 seconds
2019-01-31T09:05:38.822-0200: 5.634: Total time for which application threads were stopped: 0.0001040 seconds, Stopping threads took: 0.0000602 seconds
2019-01-31T09:05:38.822-0200: 5.635: Total time for which application threads were stopped: 0.0001031 seconds, Stopping threads took: 0.0000597 seconds
2019-01-31T09:05:38.822-0200: 5.635: Total time for which application threads were stopped: 0.0001031 seconds, Stopping threads took: 0.0000550 seconds
2019-01-31T09:05:38.822-0200: 5.635: Total time for which application threads were stopped: 0.0001264 seconds, Stopping threads took: 0.0000798 seconds
2019-01-31T09:05:38.869-0200: 5.669: Total time for which application threads were stopped: 0.0339229 seconds, Stopping threads took: 0.0338585 seconds
2019-01-31T09:05:38.869-0200: 5.670: Total time for which application threads were stopped: 0.0005160 seconds, Stopping threads took: 0.0004548 seconds
2019-01-31T09:05:38.869-0200: 5.670: Total time for which application threads were stopped: 0.0001199 seconds, Stopping threads took: 0.0000620 seconds
2019-01-31T09:05:38.869-0200: 5.670: Total time for which application threads were stopped: 0.0001288 seconds, Stopping threads took: 0.0000658 seconds
2019-01-31T09:05:38.869-0200: 5.670: Total time for which application threads were stopped: 0.0000947 seconds, Stopping threads took: 0.0000387 seconds
2019-01-31T09:05:38.869-0200: 5.670: Total time for which application threads were stopped: 0.0001386 seconds, Stopping threads took: 0.0000905 seconds
2019-01-31T09:05:38.869-0200: 5.671: Total time for which application threads were stopped: 0.0000611 seconds, Stopping threads took: 0.0000177 seconds
2019-01-31T09:05:38.869-0200: 5.671: Total time for which application threads were stopped: 0.0000620 seconds, Stopping threads took: 0.0000191 seconds
2019-01-31T09:05:38.869-0200: 5.671: Total time for which application threads were stopped: 0.0000700 seconds, Stopping threads took: 0.0000252 seconds
2019-01-31T09:05:38.869-0200: 5.671: Total time for which application threads were stopped: 0.0001218 seconds, Stopping threads took: 0.0000191 seconds
2019-01-31T09:05:39.056-0200: 5.860: Total time for which application threads were stopped: 0.0002505 seconds, Stopping threads took: 0.0000275 seconds
2019-01-31T09:05:39.056-0200: 5.861: Total time for which application threads were stopped: 0.0000998 seconds, Stopping threads took: 0.0000159 seconds
2019-01-31T09:05:39.056-0200: 5.864: Total time for which application threads were stopped: 0.0000980 seconds, Stopping threads took: 0.0000154 seconds
2019-01-31T09:05:39.103-0200: 5.911: Total time for which application threads were stopped: 0.0001222 seconds, Stopping threads took: 0.0000271 seconds
2019-01-31T09:05:39.415-0200: 6.216: Total time for which application threads were stopped: 0.0002272 seconds, Stopping threads took: 0.0000322 seconds
2019-01-31T09:05:39.728-0200: 6.538: Total time for which application threads were stopped: 0.0002832 seconds, Stopping threads took: 0.0000345 seconds
2019-01-31T09:05:40.743-0200: 7.544: Total time for which application threads were stopped: 0.0001274 seconds, Stopping threads took: 0.0000504 seconds
2019-01-31T09:05:44.540-0200: 11.355: Total time for which application threads were stopped: 0.0001045 seconds, Stopping threads took: 0.0000275 seconds
2019-01-31T09:05:44.665-0200: 11.479: Total time for which application threads were stopped: 0.0002892 seconds, Stopping threads took: 0.0002132 seconds
2019-01-31T09:05:44.665-0200: 11.480: Total time for which application threads were stopped: 0.0000751 seconds, Stopping threads took: 0.0000327 seconds
2019-01-31T09:05:44.665-0200: 11.480: Total time for which application threads were stopped: 0.0001955 seconds, Stopping threads took: 0.0000788 seconds
2019-01-31T09:05:44.665-0200: 11.480: Total time for which application threads were stopped: 0.0001703 seconds, Stopping threads took: 0.0001054 seconds
2019-01-31T09:05:44.665-0200: 11.481: Total time for which application threads were stopped: 0.0002272 seconds, Stopping threads took: 0.0001521 seconds
2019-01-31T09:05:44.681-0200: 11.481: Total time for which application threads were stopped: 0.0000905 seconds, Stopping threads took: 0.0000373 seconds
2019-01-31T09:05:44.681-0200: 11.482: Total time for which application threads were stopped: 0.0000793 seconds, Stopping threads took: 0.0000247 seconds
2019-01-31T09:05:44.681-0200: 11.482: Total time for which application threads were stopped: 0.0000770 seconds, Stopping threads took: 0.0000257 seconds
2019-01-31T09:05:44.681-0200: 11.482: Total time for which application threads were stopped: 0.0000662 seconds, Stopping threads took: 0.0000191 seconds
2019-01-31T09:05:44.681-0200: 11.482: Total time for which application threads were stopped: 0.0000793 seconds, Stopping threads took: 0.0000308 seconds
2019-01-31T09:05:44.681-0200: 11.482: Total time for which application threads were stopped: 0.0001124 seconds, Stopping threads took: 0.0000597 seconds
2019-01-31T09:05:44.681-0200: 11.482: Total time for which application threads were stopped: 0.0001120 seconds, Stopping threads took: 0.0000583 seconds
2019-01-31T09:05:44.681-0200: 11.482: Total time for which application threads were stopped: 0.0000756 seconds, Stopping threads took: 0.0000289 seconds
2019-01-31T09:05:44.681-0200: 11.482: Total time for which application threads were stopped: 0.0000868 seconds, Stopping threads took: 0.0000359 seconds
2019-01-31T09:05:44.681-0200: 11.483: Total time for which application threads were stopped: 0.0001106 seconds, Stopping threads took: 0.0000602 seconds
2019-01-31T09:05:44.681-0200: 11.483: Total time for which application threads were stopped: 0.0000737 seconds, Stopping threads took: 0.0000294 seconds
2019-01-31T09:05:44.681-0200: 11.483: Total time for which application threads were stopped: 0.0000779 seconds, Stopping threads took: 0.0000294 seconds
2019-01-31T09:05:44.681-0200: 11.483: Total time for which application threads were stopped: 0.0000905 seconds, Stopping threads took: 0.0000350 seconds
2019-01-31T09:05:44.681-0200: 11.483: Total time for which application threads were stopped: 0.0000980 seconds, Stopping threads took: 0.0000522 seconds
2019-01-31T09:05:44.681-0200: 11.484: Total time for which application threads were stopped: 0.0006023 seconds, Stopping threads took: 0.0005127 seconds
2019-01-31T09:05:44.681-0200: 11.484: Total time for which application threads were stopped: 0.0000793 seconds, Stopping threads took: 0.0000224 seconds
2019-01-31T09:05:44.681-0200: 11.484: Total time for which application threads were stopped: 0.0001143 seconds, Stopping threads took: 0.0000606 seconds
2019-01-31T09:05:44.681-0200: 11.484: Total time for which application threads were stopped: 0.0000919 seconds, Stopping threads took: 0.0000457 seconds
2019-01-31T09:05:44.681-0200: 11.484: Total time for which application threads were stopped: 0.0000630 seconds, Stopping threads took: 0.0000191 seconds
2019-01-31T09:05:44.681-0200: 11.484: Total time for which application threads were stopped: 0.0001465 seconds, Stopping threads took: 0.0000816 seconds
2019-01-31T09:05:44.681-0200: 11.485: Total time for which application threads were stopped: 0.0001474 seconds, Stopping threads took: 0.0000313 seconds
2019-01-31T09:05:44.681-0200: 11.485: Total time for which application threads were stopped: 0.0001829 seconds, Stopping threads took: 0.0000854 seconds
2019-01-31T09:05:44.681-0200: 11.485: Total time for which application threads were stopped: 0.0001437 seconds, Stopping threads took: 0.0000844 seconds
2019-01-31T09:05:44.681-0200: 11.485: Total time for which application threads were stopped: 0.0000732 seconds, Stopping threads took: 0.0000196 seconds
2019-01-31T09:05:44.681-0200: 11.486: Total time for which application threads were stopped: 0.0001661 seconds, Stopping threads took: 0.0001096 seconds
2019-01-31T09:05:44.681-0200: 11.486: Total time for which application threads were stopped: 0.0001040 seconds, Stopping threads took: 0.0000578 seconds
2019-01-31T09:05:44.681-0200: 11.486: Total time for which application threads were stopped: 0.0001306 seconds, Stopping threads took: 0.0000947 seconds
2019-01-31T09:05:44.712-0200: 11.513: Total time for which application threads were stopped: 0.0263160 seconds, Stopping threads took: 0.0262287 seconds
2019-01-31T09:05:44.712-0200: 11.513: Total time for which application threads were stopped: 0.0000900 seconds, Stopping threads took: 0.0000243 seconds
2019-01-31T09:05:44.712-0200: 11.513: Total time for which application threads were stopped: 0.0001507 seconds, Stopping threads took: 0.0000868 seconds
2019-01-31T09:05:44.712-0200: 11.513: Total time for which application threads were stopped: 0.0002323 seconds, Stopping threads took: 0.0001922 seconds
2019-01-31T09:05:44.712-0200: 11.513: Total time for which application threads were stopped: 0.0001036 seconds, Stopping threads took: 0.0000536 seconds
2019-01-31T09:05:44.712-0200: 11.514: Total time for which application threads were stopped: 0.0001390 seconds, Stopping threads took: 0.0000714 seconds
2019-01-31T09:05:44.712-0200: 11.514: Total time for which application threads were stopped: 0.0000658 seconds, Stopping threads took: 0.0000261 seconds
2019-01-31T09:05:44.712-0200: 11.514: Total time for which application threads were stopped: 0.0000555 seconds, Stopping threads took: 0.0000173 seconds
2019-01-31T09:05:44.712-0200: 11.514: Total time for which application threads were stopped: 0.0000989 seconds, Stopping threads took: 0.0000588 seconds
2019-01-31T09:05:44.712-0200: 11.514: Total time for which application threads were stopped: 0.0000756 seconds, Stopping threads took: 0.0000261 seconds
2019-01-31T09:05:44.712-0200: 11.514: Total time for which application threads were stopped: 0.0000826 seconds, Stopping threads took: 0.0000359 seconds
2019-01-31T09:05:44.712-0200: 11.515: Total time for which application threads were stopped: 0.0002524 seconds, Stopping threads took: 0.0000224 seconds
2019-01-31T09:05:44.712-0200: 11.515: Total time for which application threads were stopped: 0.0000928 seconds, Stopping threads took: 0.0000182 seconds
2019-01-31T09:05:44.712-0200: 11.515: Total time for which application threads were stopped: 0.0001040 seconds, Stopping threads took: 0.0000299 seconds
2019-01-31T09:05:44.712-0200: 11.515: Total time for which application threads were stopped: 0.0000826 seconds, Stopping threads took: 0.0000177 seconds
2019-01-31T09:05:44.712-0200: 11.515: Total time for which application threads were stopped: 0.0000938 seconds, Stopping threads took: 0.0000476 seconds
2019-01-31T09:05:44.712-0200: 11.515: Total time for which application threads were stopped: 0.0000564 seconds, Stopping threads took: 0.0000159 seconds
2019-01-31T09:05:44.712-0200: 11.515: Total time for which application threads were stopped: 0.0000574 seconds, Stopping threads took: 0.0000182 seconds
2019-01-31T09:05:44.712-0200: 11.516: Total time for which application threads were stopped: 0.0001488 seconds, Stopping threads took: 0.0000177 seconds
2019-01-31T09:05:44.712-0200: 11.516: Total time for which application threads were stopped: 0.0000714 seconds, Stopping threads took: 0.0000177 seconds
2019-01-31T09:05:44.712-0200: 11.516: Total time for which application threads were stopped: 0.0000718 seconds, Stopping threads took: 0.0000177 seconds
2019-01-31T09:05:44.712-0200: 11.516: Total time for which application threads were stopped: 0.0000835 seconds, Stopping threads took: 0.0000308 seconds
2019-01-31T09:05:44.712-0200: 11.517: Total time for which application threads were stopped: 0.0000858 seconds, Stopping threads took: 0.0000327 seconds
2019-01-31T09:05:44.712-0200: 11.517: Total time for which application threads were stopped: 0.0000863 seconds, Stopping threads took: 0.0000364 seconds
2019-01-31T09:05:44.712-0200: 11.517: Total time for which application threads were stopped: 0.0000774 seconds, Stopping threads took: 0.0000289 seconds
2019-01-31T09:05:44.712-0200: 11.517: Total time for which application threads were stopped: 0.0000620 seconds, Stopping threads took: 0.0000201 seconds
2019-01-31T09:05:44.712-0200: 11.518: Total time for which application threads were stopped: 0.0001064 seconds, Stopping threads took: 0.0000336 seconds
2019-01-31T09:05:44.712-0200: 11.518: Total time for which application threads were stopped: 0.0000625 seconds, Stopping threads took: 0.0000187 seconds
2019-01-31T09:05:44.712-0200: 11.520: Total time for which application threads were stopped: 0.0000947 seconds, Stopping threads took: 0.0000280 seconds
2019-01-31T09:05:44.712-0200: 11.520: Total time for which application threads were stopped: 0.0000998 seconds, Stopping threads took: 0.0000485 seconds
2019-01-31T09:05:44.712-0200: 11.520: Total time for which application threads were stopped: 0.0000914 seconds, Stopping threads took: 0.0000364 seconds
2019-01-31T09:05:44.728-0200: 11.533: Total time for which application threads were stopped: 0.0003154 seconds, Stopping threads took: 0.0002333 seconds
2019-01-31T09:05:44.759-0200: 11.573: Total time for which application threads were stopped: 0.0001050 seconds, Stopping threads took: 0.0000299 seconds
2019-01-31T09:05:44.837-0200: 11.638: Total time for which application threads were stopped: 0.0005528 seconds, Stopping threads took: 0.0000779 seconds
2019-01-31T09:05:44.853-0200: 11.653: [GC (CMS Initial Mark) [1 CMS-initial-mark: 0K(393216K)] 54514K(502464K), 0.0092920 secs] [Times: user=0.00 sys=0.00, real=0.00 secs] 
2019-01-31T09:05:44.853-0200: 11.663: Total time for which application threads were stopped: 0.0095444 seconds, Stopping threads took: 0.0000905 seconds
2019-01-31T09:05:44.853-0200: 11.663: [CMS-concurrent-mark-start]
2019-01-31T09:05:44.853-0200: 11.663: [CMS-concurrent-mark: 0.000/0.000 secs] [Times: user=0.00 sys=0.00, real=0.00 secs] 
2019-01-31T09:05:44.853-0200: 11.663: [CMS-concurrent-preclean-start]
2019-01-31T09:05:44.853-0200: 11.664: [CMS-concurrent-preclean: 0.001/0.001 secs] [Times: user=0.00 sys=0.00, real=0.00 secs] 
2019-01-31T09:05:44.853-0200: 11.664: Total time for which application threads were stopped: 0.0001647 seconds, Stopping threads took: 0.0000816 seconds
2019-01-31T09:05:44.853-0200: 11.664: [CMS-concurrent-abortable-preclean-start]
2019-01-31T09:05:44.853-0200: 11.665: Total time for which application threads were stopped: 0.0002001 seconds, Stopping threads took: 0.0001264 seconds
2019-01-31T09:05:44.853-0200: 11.666: Total time for which application threads were stopped: 0.0002160 seconds, Stopping threads took: 0.0001553 seconds
2019-01-31T09:05:44.853-0200: 11.666: Total time for which application threads were stopped: 0.0001068 seconds, Stopping threads took: 0.0000485 seconds
2019-01-31T09:05:44.868-0200: 11.675: Total time for which application threads were stopped: 0.0001115 seconds, Stopping threads took: 0.0000350 seconds
2019-01-31T09:05:44.884-0200: 11.698: Total time for which application threads were stopped: 0.0001586 seconds, Stopping threads took: 0.0000518 seconds
2019-01-31T09:05:44.884-0200: 11.698: Total time for which application threads were stopped: 0.0001166 seconds, Stopping threads took: 0.0000522 seconds
2019-01-31T09:05:44.884-0200: 11.698: Total time for which application threads were stopped: 0.0000989 seconds, Stopping threads took: 0.0000261 seconds
2019-01-31T09:05:44.884-0200: 11.699: Total time for which application threads were stopped: 0.0000816 seconds, Stopping threads took: 0.0000303 seconds
2019-01-31T09:05:44.884-0200: 11.699: Total time for which application threads were stopped: 0.0001115 seconds, Stopping threads took: 0.0000434 seconds
2019-01-31T09:05:44.884-0200: 11.699: Total time for which application threads were stopped: 0.0001059 seconds, Stopping threads took: 0.0000434 seconds
2019-01-31T09:05:44.900-0200: 11.701: Total time for which application threads were stopped: 0.0001134 seconds, Stopping threads took: 0.0000490 seconds
2019-01-31T09:05:44.900-0200: 11.701: Total time for which application threads were stopped: 0.0000900 seconds, Stopping threads took: 0.0000392 seconds
2019-01-31T09:05:44.900-0200: 11.709: Total time for which application threads were stopped: 0.0001255 seconds, Stopping threads took: 0.0000331 seconds
2019-01-31T09:05:44.900-0200: 11.710: Total time for which application threads were stopped: 0.0000914 seconds, Stopping threads took: 0.0000383 seconds
2019-01-31T09:05:44.900-0200: 11.710: Total time for which application threads were stopped: 0.0001465 seconds, Stopping threads took: 0.0000998 seconds
2019-01-31T09:05:44.900-0200: 11.710: Total time for which application threads were stopped: 0.0000872 seconds, Stopping threads took: 0.0000331 seconds
2019-01-31T09:05:44.900-0200: 11.711: Total time for which application threads were stopped: 0.0000798 seconds, Stopping threads took: 0.0000205 seconds
2019-01-31T09:05:44.900-0200: 11.711: Total time for which application threads were stopped: 0.0000690 seconds, Stopping threads took: 0.0000238 seconds
2019-01-31T09:05:44.900-0200: 11.711: Total time for which application threads were stopped: 0.0000788 seconds, Stopping threads took: 0.0000191 seconds
2019-01-31T09:05:44.900-0200: 11.711: Total time for which application threads were stopped: 0.0000807 seconds, Stopping threads took: 0.0000229 seconds
2019-01-31T09:05:44.900-0200: 11.712: Total time for which application threads were stopped: 0.0000746 seconds, Stopping threads took: 0.0000219 seconds
2019-01-31T09:05:44.900-0200: 11.712: Total time for which application threads were stopped: 0.0000938 seconds, Stopping threads took: 0.0000336 seconds
2019-01-31T09:05:44.900-0200: 11.712: Total time for which application threads were stopped: 0.0000700 seconds, Stopping threads took: 0.0000191 seconds
2019-01-31T09:05:44.915-0200: 11.719: Total time for which application threads were stopped: 0.0001260 seconds, Stopping threads took: 0.0000588 seconds
2019-01-31T09:05:44.915-0200: 11.719: Total time for which application threads were stopped: 0.0001278 seconds, Stopping threads took: 0.0000406 seconds
2019-01-31T09:05:44.915-0200: 11.719: Total time for which application threads were stopped: 0.0000928 seconds, Stopping threads took: 0.0000425 seconds
2019-01-31T09:05:44.915-0200: 11.720: Total time for which application threads were stopped: 0.0000905 seconds, Stopping threads took: 0.0000453 seconds
2019-01-31T09:05:44.915-0200: 11.720: Total time for which application threads were stopped: 0.0001129 seconds, Stopping threads took: 0.0000522 seconds
2019-01-31T09:05:44.915-0200: 11.720: Total time for which application threads were stopped: 0.0000914 seconds, Stopping threads took: 0.0000481 seconds
2019-01-31T09:05:44.931-0200: 11.736: Total time for which application threads were stopped: 0.0002869 seconds, Stopping threads took: 0.0000835 seconds
2019-01-31T09:05:44.931-0200: 11.737: Total time for which application threads were stopped: 0.0001847 seconds, Stopping threads took: 0.0000490 seconds
2019-01-31T09:05:44.931-0200: 11.737: Total time for which application threads were stopped: 0.0001054 seconds, Stopping threads took: 0.0000439 seconds
2019-01-31T09:05:44.931-0200: 11.737: Total time for which application threads were stopped: 0.0002076 seconds, Stopping threads took: 0.0000322 seconds
2019-01-31T09:05:44.931-0200: 11.737: Total time for which application threads were stopped: 0.0000961 seconds, Stopping threads took: 0.0000415 seconds
2019-01-31T09:05:44.946-0200: 11.753: Total time for which application threads were stopped: 0.0001157 seconds, Stopping threads took: 0.0000303 seconds
2019-01-31T09:05:44.946-0200: 11.756: Total time for which application threads were stopped: 0.0000886 seconds, Stopping threads took: 0.0000299 seconds
2019-01-31T09:05:44.946-0200: 11.757: Total time for which application threads were stopped: 0.0002473 seconds, Stopping threads took: 0.0000229 seconds
2019-01-31T09:05:44.962-0200: 11.770: Total time for which application threads were stopped: 0.0000989 seconds, Stopping threads took: 0.0000313 seconds
2019-01-31T09:05:44.962-0200: 11.770: Total time for which application threads were stopped: 0.0001045 seconds, Stopping threads took: 0.0000387 seconds
2019-01-31T09:05:44.962-0200: 11.770: Total time for which application threads were stopped: 0.0000910 seconds, Stopping threads took: 0.0000429 seconds
2019-01-31T09:05:44.978-0200: 11.789: Total time for which application threads were stopped: 0.0001036 seconds, Stopping threads took: 0.0000336 seconds
2019-01-31T09:05:44.978-0200: 11.790: Total time for which application threads were stopped: 0.0000798 seconds, Stopping threads took: 0.0000201 seconds
2019-01-31T09:05:44.978-0200: 11.793: Total time for which application threads were stopped: 0.0000872 seconds, Stopping threads took: 0.0000205 seconds
2019-01-31T09:05:44.978-0200: 11.793: Total time for which application threads were stopped: 0.0000788 seconds, Stopping threads took: 0.0000280 seconds
2019-01-31T09:05:44.978-0200: 11.793: Total time for which application threads were stopped: 0.0000872 seconds, Stopping threads took: 0.0000401 seconds
2019-01-31T09:05:45.009-0200: 11.811: Total time for which application threads were stopped: 0.0001059 seconds, Stopping threads took: 0.0000261 seconds
2019-01-31T09:05:45.025-0200: 11.834: Total time for which application threads were stopped: 0.0001124 seconds, Stopping threads took: 0.0000383 seconds
2019-01-31T09:05:45.040-0200: 11.852: Total time for which application threads were stopped: 0.0001120 seconds, Stopping threads took: 0.0000317 seconds
2019-01-31T09:05:45.040-0200: 11.852: Total time for which application threads were stopped: 0.0000714 seconds, Stopping threads took: 0.0000201 seconds
2019-01-31T09:05:45.040-0200: 11.852: Total time for which application threads were stopped: 0.0000728 seconds, Stopping threads took: 0.0000191 seconds
2019-01-31T09:05:45.040-0200: 11.853: Total time for which application threads were stopped: 0.0000718 seconds, Stopping threads took: 0.0000215 seconds
2019-01-31T09:05:45.056-0200: 11.870: Total time for which application threads were stopped: 0.0001110 seconds, Stopping threads took: 0.0000317 seconds
2019-01-31T09:05:45.056-0200: 11.870: Total time for which application threads were stopped: 0.0001106 seconds, Stopping threads took: 0.0000233 seconds
2019-01-31T09:05:45.056-0200: 11.870: Total time for which application threads were stopped: 0.0000826 seconds, Stopping threads took: 0.0000266 seconds
2019-01-31T09:05:45.071-0200: 11.882: Total time for which application threads were stopped: 0.0001036 seconds, Stopping threads took: 0.0000285 seconds
2019-01-31T09:05:45.071-0200: 11.885: Total time for which application threads were stopped: 0.0001157 seconds, Stopping threads took: 0.0000522 seconds
2019-01-31T09:05:45.071-0200: 11.885: Total time for which application threads were stopped: 0.0000634 seconds, Stopping threads took: 0.0000191 seconds
2019-01-31T09:05:45.071-0200: 11.885: Total time for which application threads were stopped: 0.0000690 seconds, Stopping threads took: 0.0000229 seconds
2019-01-31T09:05:45.071-0200: 11.886: Total time for which application threads were stopped: 0.0001194 seconds, Stopping threads took: 0.0000709 seconds
2019-01-31T09:05:45.071-0200: 11.886: Total time for which application threads were stopped: 0.0000835 seconds, Stopping threads took: 0.0000336 seconds
2019-01-31T09:05:45.071-0200: 11.886: Total time for which application threads were stopped: 0.0001045 seconds, Stopping threads took: 0.0000620 seconds
2019-01-31T09:05:45.071-0200: 11.887: Total time for which application threads were stopped: 0.0002118 seconds, Stopping threads took: 0.0000331 seconds
2019-01-31T09:05:45.071-0200: 11.887: Total time for which application threads were stopped: 0.0001059 seconds, Stopping threads took: 0.0000560 seconds
2019-01-31T09:05:45.071-0200: 11.887: Total time for which application threads were stopped: 0.0001045 seconds, Stopping threads took: 0.0000611 seconds
2019-01-31T09:05:45.071-0200: 11.887: Total time for which application threads were stopped: 0.0001232 seconds, Stopping threads took: 0.0000639 seconds
2019-01-31T09:05:45.087-0200: 11.887: Total time for which application threads were stopped: 0.0001096 seconds, Stopping threads took: 0.0000453 seconds
2019-01-31T09:05:45.087-0200: 11.888: Total time for which application threads were stopped: 0.0001577 seconds, Stopping threads took: 0.0000401 seconds
2019-01-31T09:05:45.087-0200: 11.888: Total time for which application threads were stopped: 0.0001129 seconds, Stopping threads took: 0.0000527 seconds
2019-01-31T09:05:45.087-0200: 11.888: Total time for which application threads were stopped: 0.0000751 seconds, Stopping threads took: 0.0000299 seconds
2019-01-31T09:05:45.087-0200: 11.888: Total time for which application threads were stopped: 0.0000942 seconds, Stopping threads took: 0.0000467 seconds
2019-01-31T09:05:45.087-0200: 11.888: Total time for which application threads were stopped: 0.0000798 seconds, Stopping threads took: 0.0000387 seconds
2019-01-31T09:05:45.087-0200: 11.888: Total time for which application threads were stopped: 0.0000956 seconds, Stopping threads took: 0.0000476 seconds
2019-01-31T09:05:45.087-0200: 11.888: Total time for which application threads were stopped: 0.0000840 seconds, Stopping threads took: 0.0000308 seconds
2019-01-31T09:05:45.087-0200: 11.889: Total time for which application threads were stopped: 0.0000919 seconds, Stopping threads took: 0.0000536 seconds
2019-01-31T09:05:45.087-0200: 11.889: Total time for which application threads were stopped: 0.0000947 seconds, Stopping threads took: 0.0000317 seconds
2019-01-31T09:05:45.087-0200: 11.889: Total time for which application threads were stopped: 0.0000956 seconds, Stopping threads took: 0.0000457 seconds
2019-01-31T09:05:45.087-0200: 11.889: Total time for which application threads were stopped: 0.0000840 seconds, Stopping threads took: 0.0000369 seconds
2019-01-31T09:05:45.087-0200: 11.889: Total time for which application threads were stopped: 0.0001064 seconds, Stopping threads took: 0.0000536 seconds
2019-01-31T09:05:45.087-0200: 11.889: Total time for which application threads were stopped: 0.0001082 seconds, Stopping threads took: 0.0000546 seconds
2019-01-31T09:05:45.087-0200: 11.890: Total time for which application threads were stopped: 0.0002151 seconds, Stopping threads took: 0.0000578 seconds
2019-01-31T09:05:45.087-0200: 11.890: Total time for which application threads were stopped: 0.0000830 seconds, Stopping threads took: 0.0000331 seconds
2019-01-31T09:05:45.087-0200: 11.890: Total time for which application threads were stopped: 0.0000728 seconds, Stopping threads took: 0.0000182 seconds
2019-01-31T09:05:45.087-0200: 11.890: Total time for which application threads were stopped: 0.0000667 seconds, Stopping threads took: 0.0000168 seconds
2019-01-31T09:05:45.087-0200: 11.890: Total time for which application threads were stopped: 0.0000648 seconds, Stopping threads took: 0.0000173 seconds
2019-01-31T09:05:45.087-0200: 11.891: Total time for which application threads were stopped: 0.0000914 seconds, Stopping threads took: 0.0000350 seconds
2019-01-31T09:05:45.087-0200: 11.891: Total time for which application threads were stopped: 0.0000802 seconds, Stopping threads took: 0.0000294 seconds
2019-01-31T09:05:45.087-0200: 11.891: Total time for which application threads were stopped: 0.0000774 seconds, Stopping threads took: 0.0000271 seconds
2019-01-31T09:05:45.087-0200: 11.891: Total time for which application threads were stopped: 0.0000662 seconds, Stopping threads took: 0.0000168 seconds
2019-01-31T09:05:45.087-0200: 11.891: Total time for which application threads were stopped: 0.0000760 seconds, Stopping threads took: 0.0000285 seconds
2019-01-31T09:05:45.087-0200: 11.892: Total time for which application threads were stopped: 0.0001791 seconds, Stopping threads took: 0.0000205 seconds
2019-01-31T09:05:45.087-0200: 11.892: Total time for which application threads were stopped: 0.0000849 seconds, Stopping threads took: 0.0000299 seconds
2019-01-31T09:05:45.087-0200: 11.892: Total time for which application threads were stopped: 0.0000728 seconds, Stopping threads took: 0.0000252 seconds
2019-01-31T09:05:45.087-0200: 11.892: Total time for which application threads were stopped: 0.0000676 seconds, Stopping threads took: 0.0000182 seconds
2019-01-31T09:05:45.509-0200: 12.317: Total time for which application threads were stopped: 0.0001078 seconds, Stopping threads took: 0.0000285 seconds
2019-01-31T09:05:45.759-0200: 12.567: Total time for which application threads were stopped: 0.0001054 seconds, Stopping threads took: 0.0000294 seconds
2019-01-31T09:05:46.775-0200: 13.575: Total time for which application threads were stopped: 0.0001246 seconds, Stopping threads took: 0.0000462 seconds
2019-01-31T09:05:47.259-0200: 14.064: Total time for which application threads were stopped: 0.0000854 seconds, Stopping threads took: 0.0000294 seconds
2019-01-31T09:05:47.259-0200: 14.064: Total time for which application threads were stopped: 0.0000634 seconds, Stopping threads took: 0.0000224 seconds
2019-01-31T09:05:47.259-0200: 14.065: Total time for which application threads were stopped: 0.0000616 seconds, Stopping threads took: 0.0000229 seconds
2019-01-31T09:05:47.259-0200: 14.065: Total time for which application threads were stopped: 0.0001609 seconds, Stopping threads took: 0.0001148 seconds
2019-01-31T09:05:47.259-0200: 14.065: Total time for which application threads were stopped: 0.0000634 seconds, Stopping threads took: 0.0000238 seconds
2019-01-31T09:05:47.290-0200: 14.100: Total time for which application threads were stopped: 0.0001222 seconds, Stopping threads took: 0.0000303 seconds
2019-01-31T09:05:47.306-0200: 14.118: Total time for which application threads were stopped: 0.0000779 seconds, Stopping threads took: 0.0000313 seconds
2019-01-31T09:05:47.384-0200: 14.185: Total time for which application threads were stopped: 0.0002165 seconds, Stopping threads took: 0.0001213 seconds
2019-01-31T09:05:47.384-0200: 14.185: Total time for which application threads were stopped: 0.0000793 seconds, Stopping threads took: 0.0000247 seconds
2019-01-31T09:05:47.384-0200: 14.185: Total time for which application threads were stopped: 0.0001484 seconds, Stopping threads took: 0.0001012 seconds
2019-01-31T09:05:47.384-0200: 14.186: Total time for which application threads were stopped: 0.0000830 seconds, Stopping threads took: 0.0000266 seconds
2019-01-31T09:05:47.462-0200: 14.272: Total time for which application threads were stopped: 0.0002883 seconds, Stopping threads took: 0.0002001 seconds
2019-01-31T09:05:47.462-0200: 14.272: Total time for which application threads were stopped: 0.0001479 seconds, Stopping threads took: 0.0000854 seconds
2019-01-31T09:05:47.462-0200: 14.272: Total time for which application threads were stopped: 0.0000966 seconds, Stopping threads took: 0.0000453 seconds
2019-01-31T09:05:47.478-0200: 14.291: Total time for which application threads were stopped: 0.0001073 seconds, Stopping threads took: 0.0000345 seconds
2019-01-31T09:05:47.493-0200: 14.294: Total time for which application threads were stopped: 0.0002477 seconds, Stopping threads took: 0.0000196 seconds
2019-01-31T09:05:47.525-0200: 14.336: Total time for which application threads were stopped: 0.0006886 seconds, Stopping threads took: 0.0006041 seconds
2019-01-31T09:05:47.540-0200: 14.355: Total time for which application threads were stopped: 0.0000952 seconds, Stopping threads took: 0.0000364 seconds
2019-01-31T09:05:47.540-0200: 14.355: Total time for which application threads were stopped: 0.0000499 seconds, Stopping threads took: 0.0000196 seconds
2019-01-31T09:05:47.540-0200: 14.356: Total time for which application threads were stopped: 0.0002575 seconds, Stopping threads took: 0.0000952 seconds
2019-01-31T09:05:47.540-0200: 14.356: Total time for which application threads were stopped: 0.0001703 seconds, Stopping threads took: 0.0001381 seconds
2019-01-31T09:05:47.556-0200: 14.357: Total time for which application threads were stopped: 0.0001143 seconds, Stopping threads took: 0.0000737 seconds
2019-01-31T09:05:47.556-0200: 14.357: Total time for which application threads were stopped: 0.0000513 seconds, Stopping threads took: 0.0000182 seconds
2019-01-31T09:05:47.556-0200: 14.357: Total time for which application threads were stopped: 0.0000504 seconds, Stopping threads took: 0.0000187 seconds
2019-01-31T09:05:47.556-0200: 14.357: Total time for which application threads were stopped: 0.0000728 seconds, Stopping threads took: 0.0000233 seconds
2019-01-31T09:05:47.556-0200: 14.359: Total time for which application threads were stopped: 0.0000667 seconds, Stopping threads took: 0.0000257 seconds
2019-01-31T09:05:47.556-0200: 14.359: Total time for which application threads were stopped: 0.0001941 seconds, Stopping threads took: 0.0000187 seconds
2019-01-31T09:05:47.556-0200: 14.370: Total time for which application threads were stopped: 0.0001297 seconds, Stopping threads took: 0.0000578 seconds
2019-01-31T09:05:47.571-0200: 14.372: Total time for which application threads were stopped: 0.0000858 seconds, Stopping threads took: 0.0000299 seconds
2019-01-31T09:05:47.587-0200: 14.389: Total time for which application threads were stopped: 0.0000956 seconds, Stopping threads took: 0.0000285 seconds
2019-01-31T09:05:47.587-0200: 14.389: Total time for which application threads were stopped: 0.0000508 seconds, Stopping threads took: 0.0000201 seconds
2019-01-31T09:05:47.618-0200: 14.431: Total time for which application threads were stopped: 0.0001031 seconds, Stopping threads took: 0.0000448 seconds
2019-01-31T09:05:47.618-0200: 14.432: Total time for which application threads were stopped: 0.0000714 seconds, Stopping threads took: 0.0000369 seconds
2019-01-31T09:05:47.618-0200: 14.432: Total time for which application threads were stopped: 0.0000844 seconds, Stopping threads took: 0.0000275 seconds
2019-01-31T09:05:47.634-0200: 14.445: Total time for which application threads were stopped: 0.0003000 seconds, Stopping threads took: 0.0001166 seconds
2019-01-31T09:05:47.634-0200: 14.446: Total time for which application threads were stopped: 0.0000900 seconds, Stopping threads took: 0.0000345 seconds
2019-01-31T09:05:47.634-0200: 14.446: Total time for which application threads were stopped: 0.0001451 seconds, Stopping threads took: 0.0000900 seconds
2019-01-31T09:05:47.634-0200: 14.446: Total time for which application threads were stopped: 0.0000784 seconds, Stopping threads took: 0.0000243 seconds
2019-01-31T09:05:47.634-0200: 14.447: Total time for which application threads were stopped: 0.0005831 seconds, Stopping threads took: 0.0005062 seconds
2019-01-31T09:05:47.634-0200: 14.447: Total time for which application threads were stopped: 0.0001362 seconds, Stopping threads took: 0.0000756 seconds
2019-01-31T09:05:47.665-0200: 14.467: Total time for which application threads were stopped: 0.0001544 seconds, Stopping threads took: 0.0000826 seconds
2019-01-31T09:05:47.665-0200: 14.481: Total time for which application threads were stopped: 0.0001525 seconds, Stopping threads took: 0.0000476 seconds
2019-01-31T09:05:47.696-0200: 14.499: Total time for which application threads were stopped: 0.0000816 seconds, Stopping threads took: 0.0000308 seconds
2019-01-31T09:05:47.728-0200: 14.531: Total time for which application threads were stopped: 0.0000868 seconds, Stopping threads took: 0.0000317 seconds
2019-01-31T09:05:47.728-0200: 14.532: Total time for which application threads were stopped: 0.0001162 seconds, Stopping threads took: 0.0000840 seconds
2019-01-31T09:05:47.728-0200: 14.532: Total time for which application threads were stopped: 0.0000961 seconds, Stopping threads took: 0.0000653 seconds
2019-01-31T09:05:47.728-0200: 14.532: Total time for which application threads were stopped: 0.0001325 seconds, Stopping threads took: 0.0000975 seconds
2019-01-31T09:05:47.728-0200: 14.532: Total time for which application threads were stopped: 0.0002249 seconds, Stopping threads took: 0.0001969 seconds
2019-01-31T09:05:47.728-0200: 14.533: Total time for which application threads were stopped: 0.0000574 seconds, Stopping threads took: 0.0000224 seconds
2019-01-31T09:05:47.728-0200: 14.533: Total time for which application threads were stopped: 0.0001031 seconds, Stopping threads took: 0.0000742 seconds
2019-01-31T09:05:47.728-0200: 14.534: Total time for which application threads were stopped: 0.0000854 seconds, Stopping threads took: 0.0000499 seconds
2019-01-31T09:05:47.728-0200: 14.534: Total time for which application threads were stopped: 0.0000840 seconds, Stopping threads took: 0.0000527 seconds
2019-01-31T09:05:47.728-0200: 14.534: Total time for which application threads were stopped: 0.0000760 seconds, Stopping threads took: 0.0000467 seconds
2019-01-31T09:05:47.728-0200: 14.534: Total time for which application threads were stopped: 0.0000732 seconds, Stopping threads took: 0.0000443 seconds
2019-01-31T09:05:47.728-0200: 14.534: Total time for which application threads were stopped: 0.0000765 seconds, Stopping threads took: 0.0000481 seconds
2019-01-31T09:05:47.728-0200: 14.534: Total time for which application threads were stopped: 0.0000835 seconds, Stopping threads took: 0.0000560 seconds
2019-01-31T09:05:47.743-0200: 14.546: Total time for which application threads were stopped: 0.0001525 seconds, Stopping threads took: 0.0000914 seconds
2019-01-31T09:05:47.743-0200: 14.548: Total time for which application threads were stopped: 0.0001712 seconds, Stopping threads took: 0.0001050 seconds
2019-01-31T09:05:47.743-0200: 14.554: Total time for which application threads were stopped: 0.0001959 seconds, Stopping threads took: 0.0000872 seconds
2019-01-31T09:05:47.743-0200: 14.557: Total time for which application threads were stopped: 0.0001082 seconds, Stopping threads took: 0.0000345 seconds
2019-01-31T09:05:47.743-0200: 14.557: Total time for which application threads were stopped: 0.0001050 seconds, Stopping threads took: 0.0000387 seconds
2019-01-31T09:05:47.743-0200: 14.557: Total time for which application threads were stopped: 0.0001026 seconds, Stopping threads took: 0.0000462 seconds
2019-01-31T09:05:47.743-0200: 14.558: Total time for which application threads were stopped: 0.0001577 seconds, Stopping threads took: 0.0001040 seconds
2019-01-31T09:05:47.759-0200: 14.561: Total time for which application threads were stopped: 0.0001544 seconds, Stopping threads took: 0.0000350 seconds
2019-01-31T09:05:47.775-0200: 14.587: Total time for which application threads were stopped: 0.0001600 seconds, Stopping threads took: 0.0000858 seconds
2019-01-31T09:05:47.790-0200: 14.602: Total time for which application threads were stopped: 0.0001698 seconds, Stopping threads took: 0.0000956 seconds
{Heap before GC invocations=1 (full 1):
 par new generation   total 109248K, used 96148K [0x00000000e0000000, 0x00000000e8000000, 0x00000000e8000000)
  eden space 87424K, 100% used [0x00000000e0000000, 0x00000000e5560000, 0x00000000e5560000)
  from space 21824K,  39% used [0x00000000e6ab0000, 0x00000000e73352f8, 0x00000000e8000000)
  to   space 21824K,   0% used [0x00000000e5560000, 0x00000000e5560000, 0x00000000e6ab0000)
 concurrent mark-sweep generation total 393216K, used 0K [0x00000000e8000000, 0x0000000100000000, 0x0000000100000000)
 Metaspace       used 24456K, capacity 25024K, committed 25280K, reserved 1071104K
  class space    used 2960K, capacity 3150K, committed 3248K, reserved 1048576K
2019-01-31T09:05:47.837-0200: 14.638: [GC (Allocation Failure) 2019-01-31T09:05:47.837-0200: 14.638: [ParNew
Desired survivor size 20112992 bytes, new threshold 8 (max 8)
- age   1:   12083232 bytes,   12083232 total
- age   2:    4103192 bytes,   16186424 total
: 96148K->17838K(109248K), 0.0123001 secs] 96148K->17838K(502464K), 0.0123929 secs] [Times: user=0.00 sys=0.00, real=0.00 secs] 
Heap after GC invocations=2 (full 1):
 par new generation   total 109248K, used 17838K [0x00000000e0000000, 0x00000000e8000000, 0x00000000e8000000)
  eden space 87424K,   0% used [0x00000000e0000000, 0x00000000e0000000, 0x00000000e5560000)
  from space 21824K,  81% used [0x00000000e5560000, 0x00000000e66cb9c0, 0x00000000e6ab0000)
  to   space 21824K,   0% used [0x00000000e6ab0000, 0x00000000e6ab0000, 0x00000000e8000000)
 concurrent mark-sweep generation total 393216K, used 0K [0x00000000e8000000, 0x0000000100000000, 0x0000000100000000)
 Metaspace       used 24456K, capacity 25024K, committed 25280K, reserved 1071104K
  class space    used 2960K, capacity 3150K, committed 3248K, reserved 1048576K
}
2019-01-31T09:05:47.837-0200: 14.650: Total time for which application threads were stopped: 0.0420808 seconds, Stopping threads took: 0.0294635 seconds
2019-01-31T09:05:47.837-0200: 14.652: Total time for which application threads were stopped: 0.0001973 seconds, Stopping threads took: 0.0001017 seconds
2019-01-31T09:05:47.868-0200: 14.678: Total time for which application threads were stopped: 0.0001227 seconds, Stopping threads took: 0.0000392 seconds
2019-01-31T09:05:47.915-0200: 14.731: Total time for which application threads were stopped: 0.0001936 seconds, Stopping threads took: 0.0000849 seconds
2019-01-31T09:05:47.931-0200: 14.746: Total time for which application threads were stopped: 0.0001348 seconds, Stopping threads took: 0.0000425 seconds
2019-01-31T09:05:47.993-0200: 14.798: Total time for which application threads were stopped: 0.0000919 seconds, Stopping threads took: 0.0000271 seconds
2019-01-31T09:05:47.993-0200: 14.805: Total time for which application threads were stopped: 0.0002552 seconds, Stopping threads took: 0.0000285 seconds
2019-01-31T09:05:47.993-0200: 14.805: [CMS-concurrent-abortable-preclean: 1.042/3.141 secs] [Times: user=2.73 sys=0.63, real=3.14 secs] 
2019-01-31T09:05:47.993-0200: 14.805: [GC (CMS Final Remark) [YG occupancy: 63281 K (109248 K)]{Heap before GC invocations=2 (full 1):
 par new generation   total 109248K, used 63281K [0x00000000e0000000, 0x00000000e8000000, 0x00000000e8000000)
  eden space 87424K,  51% used [0x00000000e0000000, 0x00000000e2c60a58, 0x00000000e5560000)
  from space 21824K,  81% used [0x00000000e5560000, 0x00000000e66cb9c0, 0x00000000e6ab0000)
  to   space 21824K,   0% used [0x00000000e6ab0000, 0x00000000e6ab0000, 0x00000000e8000000)
 concurrent mark-sweep generation total 393216K, used 0K [0x00000000e8000000, 0x0000000100000000, 0x0000000100000000)
 Metaspace       used 25050K, capacity 25602K, committed 25776K, reserved 1071104K
  class space    used 3022K, capacity 3215K, committed 3248K, reserved 1048576K
2019-01-31T09:05:47.993-0200: 14.805: [GC (CMS Final Remark) 2019-01-31T09:05:47.993-0200: 14.805: [ParNew
Desired survivor size 20112992 bytes, new threshold 8 (max 8)
- age   1:     487568 bytes,     487568 total
- age   2:    5715320 bytes,    6202888 total
- age   3:    4102824 bytes,   10305712 total
: 63281K->13227K(109248K), 0.0072137 secs] 63281K->13227K(502464K), 0.0072753 secs] [Times: user=0.06 sys=0.00, real=0.02 secs] 
Heap after GC invocations=3 (full 1):
 par new generation   total 109248K, used 13227K [0x00000000e0000000, 0x00000000e8000000, 0x00000000e8000000)
  eden space 87424K,   0% used [0x00000000e0000000, 0x00000000e0000000, 0x00000000e5560000)
  from space 21824K,  60% used [0x00000000e6ab0000, 0x00000000e779ae00, 0x00000000e8000000)
  to   space 21824K,   0% used [0x00000000e5560000, 0x00000000e5560000, 0x00000000e6ab0000)
 concurrent mark-sweep generation total 393216K, used 0K [0x00000000e8000000, 0x0000000100000000, 0x0000000100000000)
 Metaspace       used 25050K, capacity 25602K, committed 25776K, reserved 1071104K
  class space    used 3022K, capacity 3215K, committed 3248K, reserved 1048576K
}
2019-01-31T09:05:48.009-0200: 14.813: [Rescan (parallel) , 0.0029311 secs]2019-01-31T09:05:48.009-0200: 14.816: [weak refs processing, 0.0005412 secs]2019-01-31T09:05:48.009-0200: 14.816: [class unloading, 0.0568805 secs]2019-01-31T09:05:48.071-0200: 14.873: [scrub symbol table, 0.0030753 secs]2019-01-31T09:05:48.071-0200: 14.876: [scrub string table, 0.0003308 secs][1 CMS-remark: 0K(393216K)] 13227K(502464K), 0.0720431 secs] [Times: user=0.08 sys=0.00, real=0.08 secs] 
2019-01-31T09:05:48.071-0200: 14.878: Total time for which application threads were stopped: 0.0721802 seconds, Stopping threads took: 0.0000495 seconds
2019-01-31T09:05:48.071-0200: 14.878: [CMS-concurrent-sweep-start]
2019-01-31T09:05:48.071-0200: 14.878: [CMS-concurrent-sweep: 0.000/0.000 secs] [Times: user=0.00 sys=0.00, real=0.00 secs] 
2019-01-31T09:05:48.071-0200: 14.878: [CMS-concurrent-reset-start]
2019-01-31T09:05:48.071-0200: 14.879: Total time for which application threads were stopped: 0.0001796 seconds, Stopping threads took: 0.0001134 seconds
2019-01-31T09:05:48.071-0200: 14.882: [CMS-concurrent-reset: 0.004/0.004 secs] [Times: user=0.00 sys=0.00, real=0.00 secs] 
2019-01-31T09:05:48.118-0200: 14.932: Total time for which application threads were stopped: 0.0003317 seconds, Stopping threads took: 0.0000378 seconds
2019-01-31T09:05:48.181-0200: 14.996: Total time for which application threads were stopped: 0.0000966 seconds, Stopping threads took: 0.0000285 seconds
2019-01-31T09:05:48.228-0200: 15.036: Total time for which application threads were stopped: 0.0001894 seconds, Stopping threads took: 0.0000872 seconds
2019-01-31T09:05:48.228-0200: 15.040: Total time for which application threads were stopped: 0.0001372 seconds, Stopping threads took: 0.0000602 seconds
2019-01-31T09:05:48.228-0200: 15.040: Total time for which application threads were stopped: 0.0000933 seconds, Stopping threads took: 0.0000434 seconds
2019-01-31T09:05:48.228-0200: 15.043: Total time for which application threads were stopped: 0.0001129 seconds, Stopping threads took: 0.0000462 seconds
2019-01-31T09:05:48.228-0200: 15.043: Total time for which application threads were stopped: 0.0000849 seconds, Stopping threads took: 0.0000429 seconds
2019-01-31T09:05:48.243-0200: 15.055: Total time for which application threads were stopped: 0.0001721 seconds, Stopping threads took: 0.0000756 seconds
2019-01-31T09:05:48.243-0200: 15.056: Total time for which application threads were stopped: 0.0000779 seconds, Stopping threads took: 0.0000247 seconds
2019-01-31T09:05:48.243-0200: 15.056: Total time for which application threads were stopped: 0.0000737 seconds, Stopping threads took: 0.0000233 seconds
2019-01-31T09:05:48.290-0200: 15.104: Total time for which application threads were stopped: 0.0001484 seconds, Stopping threads took: 0.0000765 seconds
2019-01-31T09:05:48.306-0200: 15.109: Total time for which application threads were stopped: 0.0001651 seconds, Stopping threads took: 0.0000821 seconds
{Heap before GC invocations=3 (full 1):
 par new generation   total 109248K, used 100651K [0x00000000e0000000, 0x00000000e8000000, 0x00000000e8000000)
  eden space 87424K, 100% used [0x00000000e0000000, 0x00000000e5560000, 0x00000000e5560000)
  from space 21824K,  60% used [0x00000000e6ab0000, 0x00000000e779ae00, 0x00000000e8000000)
  to   space 21824K,   0% used [0x00000000e5560000, 0x00000000e5560000, 0x00000000e6ab0000)
 concurrent mark-sweep generation total 393216K, used 0K [0x00000000e8000000, 0x0000000100000000, 0x0000000100000000)
 Metaspace       used 25698K, capacity 26298K, committed 26416K, reserved 1073152K
  class space    used 3102K, capacity 3297K, committed 3376K, reserved 1048576K
2019-01-31T09:05:48.306-0200: 15.113: [GC (Allocation Failure) 2019-01-31T09:05:48.306-0200: 15.113: [ParNew
Desired survivor size 20112992 bytes, new threshold 8 (max 8)
- age   1:    2376184 bytes,    2376184 total
- age   2:      79680 bytes,    2455864 total
- age   3:    5504704 bytes,    7960568 total
- age   4:    4097504 bytes,   12058072 total
: 100651K->15931K(109248K), 0.0083268 secs] 100651K->15931K(502464K), 0.0084173 secs] [Times: user=0.00 sys=0.00, real=0.00 secs] 
Heap after GC invocations=4 (full 1):
 par new generation   total 109248K, used 15931K [0x00000000e0000000, 0x00000000e8000000, 0x00000000e8000000)
  eden space 87424K,   0% used [0x00000000e0000000, 0x00000000e0000000, 0x00000000e5560000)
  from space 21824K,  73% used [0x00000000e5560000, 0x00000000e64eef98, 0x00000000e6ab0000)
  to   space 21824K,   0% used [0x00000000e6ab0000, 0x00000000e6ab0000, 0x00000000e8000000)
 concurrent mark-sweep generation total 393216K, used 0K [0x00000000e8000000, 0x0000000100000000, 0x0000000100000000)
 Metaspace       used 25698K, capacity 26298K, committed 26416K, reserved 1073152K
  class space    used 3102K, capacity 3297K, committed 3376K, reserved 1048576K
}
2019-01-31T09:05:48.306-0200: 15.121: Total time for which application threads were stopped: 0.0086636 seconds, Stopping threads took: 0.0000714 seconds
2019-01-31T09:05:48.321-0200: 15.124: Total time for which application threads were stopped: 0.0001390 seconds, Stopping threads took: 0.0000625 seconds
2019-01-31T09:05:48.337-0200: 15.150: Total time for which application threads were stopped: 0.0001316 seconds, Stopping threads took: 0.0000369 seconds
{Heap before GC invocations=4 (full 1):
 par new generation   total 109248K, used 103355K [0x00000000e0000000, 0x00000000e8000000, 0x00000000e8000000)
  eden space 87424K, 100% used [0x00000000e0000000, 0x00000000e5560000, 0x00000000e5560000)
  from space 21824K,  73% used [0x00000000e5560000, 0x00000000e64eef98, 0x00000000e6ab0000)
  to   space 21824K,   0% used [0x00000000e6ab0000, 0x00000000e6ab0000, 0x00000000e8000000)
 concurrent mark-sweep generation total 393216K, used 0K [0x00000000e8000000, 0x0000000100000000, 0x0000000100000000)
 Metaspace       used 25959K, capacity 26558K, committed 26672K, reserved 1073152K
  class space    used 3130K, capacity 3335K, committed 3376K, reserved 1048576K
2019-01-31T09:05:48.384-0200: 15.186: [GC (Allocation Failure) 2019-01-31T09:05:48.384-0200: 15.186: [ParNew
Desired survivor size 20112992 bytes, new threshold 8 (max 8)
- age   1:    1323704 bytes,    1323704 total
- age   2:    1467960 bytes,    2791664 total
- age   3:      79616 bytes,    2871280 total
- age   4:    5497864 bytes,    8369144 total
- age   5:    4097504 bytes,   12466648 total
: 103355K->15465K(109248K), 0.0089258 secs] 103355K->15465K(502464K), 0.0090070 secs] [Times: user=0.00 sys=0.00, real=0.00 secs] 
Heap after GC invocations=5 (full 1):
 par new generation   total 109248K, used 15465K [0x00000000e0000000, 0x00000000e8000000, 0x00000000e8000000)
  eden space 87424K,   0% used [0x00000000e0000000, 0x00000000e0000000, 0x00000000e5560000)
  from space 21824K,  70% used [0x00000000e6ab0000, 0x00000000e79ca400, 0x00000000e8000000)
  to   space 21824K,   0% used [0x00000000e5560000, 0x00000000e5560000, 0x00000000e6ab0000)
 concurrent mark-sweep generation total 393216K, used 0K [0x00000000e8000000, 0x0000000100000000, 0x0000000100000000)
 Metaspace       used 25959K, capacity 26558K, committed 26672K, reserved 1073152K
  class space    used 3130K, capacity 3335K, committed 3376K, reserved 1048576K
}
2019-01-31T09:05:48.384-0200: 15.195: Total time for which application threads were stopped: 0.0092901 seconds, Stopping threads took: 0.0000826 seconds
2019-01-31T09:05:48.415-0200: 15.220: Total time for which application threads were stopped: 0.0000896 seconds, Stopping threads took: 0.0000289 seconds
2019-01-31T09:05:48.415-0200: 15.220: Total time for which application threads were stopped: 0.0000471 seconds, Stopping threads took: 0.0000191 seconds
2019-01-31T09:05:48.415-0200: 15.220: Total time for which application threads were stopped: 0.0000434 seconds, Stopping threads took: 0.0000140 seconds
2019-01-31T09:05:48.415-0200: 15.222: Total time for which application threads were stopped: 0.0000807 seconds, Stopping threads took: 0.0000205 seconds
2019-01-31T09:05:48.415-0200: 15.224: Total time for which application threads were stopped: 0.0001260 seconds, Stopping threads took: 0.0000434 seconds
2019-01-31T09:05:48.431-0200: 15.236: Total time for which application threads were stopped: 0.0000826 seconds, Stopping threads took: 0.0000285 seconds
2019-01-31T09:05:48.431-0200: 15.237: Total time for which application threads were stopped: 0.0000555 seconds, Stopping threads took: 0.0000219 seconds
2019-01-31T09:05:48.431-0200: 15.237: Total time for which application threads were stopped: 0.0000485 seconds, Stopping threads took: 0.0000187 seconds
2019-01-31T09:05:48.431-0200: 15.237: Total time for which application threads were stopped: 0.0000732 seconds, Stopping threads took: 0.0000425 seconds
2019-01-31T09:05:48.431-0200: 15.237: Total time for which application threads were stopped: 0.0000462 seconds, Stopping threads took: 0.0000173 seconds
2019-01-31T09:05:48.431-0200: 15.237: Total time for which application threads were stopped: 0.0000471 seconds, Stopping threads took: 0.0000187 seconds
2019-01-31T09:05:48.431-0200: 15.237: Total time for which application threads were stopped: 0.0000471 seconds, Stopping threads took: 0.0000187 seconds
2019-01-31T09:05:48.431-0200: 15.237: Total time for which application threads were stopped: 0.0000602 seconds, Stopping threads took: 0.0000299 seconds
2019-01-31T09:05:48.431-0200: 15.238: Total time for which application threads were stopped: 0.0000508 seconds, Stopping threads took: 0.0000205 seconds
2019-01-31T09:05:48.446-0200: 15.256: Total time for which application threads were stopped: 0.0000821 seconds, Stopping threads took: 0.0000285 seconds
2019-01-31T09:05:48.462-0200: 15.267: Total time for which application threads were stopped: 0.0000812 seconds, Stopping threads took: 0.0000285 seconds
2019-01-31T09:05:48.556-0200: 15.369: Total time for which application threads were stopped: 0.0001134 seconds, Stopping threads took: 0.0000336 seconds
2019-01-31T09:05:48.556-0200: 15.369: Total time for which application threads were stopped: 0.0000672 seconds, Stopping threads took: 0.0000201 seconds
2019-01-31T09:05:48.556-0200: 15.369: Total time for which application threads were stopped: 0.0000653 seconds, Stopping threads took: 0.0000201 seconds
2019-01-31T09:05:48.571-0200: 15.385: Total time for which application threads were stopped: 0.0001861 seconds, Stopping threads took: 0.0000830 seconds
2019-01-31T09:05:48.571-0200: 15.385: Total time for which application threads were stopped: 0.0000760 seconds, Stopping threads took: 0.0000247 seconds
2019-01-31T09:05:48.571-0200: 15.385: Total time for which application threads were stopped: 0.0001418 seconds, Stopping threads took: 0.0000611 seconds
2019-01-31T09:05:48.571-0200: 15.385: Total time for which application threads were stopped: 0.0000774 seconds, Stopping threads took: 0.0000285 seconds
2019-01-31T09:05:48.571-0200: 15.386: Total time for which application threads were stopped: 0.0001078 seconds, Stopping threads took: 0.0000252 seconds
2019-01-31T09:05:48.806-0200: 15.612: Total time for which application threads were stopped: 0.0000989 seconds, Stopping threads took: 0.0000327 seconds
2019-01-31T09:05:48.806-0200: 15.617: Total time for which application threads were stopped: 0.0001549 seconds, Stopping threads took: 0.0001012 seconds
2019-01-31T09:05:48.821-0200: 15.626: Total time for which application threads were stopped: 0.0001437 seconds, Stopping threads took: 0.0000840 seconds
{Heap before GC invocations=5 (full 1):
 par new generation   total 109248K, used 102889K [0x00000000e0000000, 0x00000000e8000000, 0x00000000e8000000)
  eden space 87424K, 100% used [0x00000000e0000000, 0x00000000e5560000, 0x00000000e5560000)
  from space 21824K,  70% used [0x00000000e6ab0000, 0x00000000e79ca400, 0x00000000e8000000)
  to   space 21824K,   0% used [0x00000000e5560000, 0x00000000e5560000, 0x00000000e6ab0000)
 concurrent mark-sweep generation total 393216K, used 0K [0x00000000e8000000, 0x0000000100000000, 0x0000000100000000)
 Metaspace       used 27532K, capacity 28164K, committed 28464K, reserved 1075200K
  class space    used 3338K, capacity 3566K, committed 3632K, reserved 1048576K
2019-01-31T09:05:48.899-0200: 15.706: [GC (Allocation Failure) 2019-01-31T09:05:48.899-0200: 15.706: [ParNew
Desired survivor size 20112992 bytes, new threshold 8 (max 8)
- age   1:    2474256 bytes,    2474256 total
- age   2:     153816 bytes,    2628072 total
- age   3:    1465568 bytes,    4093640 total
- age   4:      79616 bytes,    4173256 total
- age   5:    5492200 bytes,    9665456 total
- age   6:    4097280 bytes,   13762736 total
: 102889K->21354K(109248K), 0.0091352 secs] 102889K->21354K(502464K), 0.0092155 secs] [Times: user=0.00 sys=0.00, real=0.00 secs] 
Heap after GC invocations=6 (full 1):
 par new generation   total 109248K, used 21354K [0x00000000e0000000, 0x00000000e8000000, 0x00000000e8000000)
  eden space 87424K,   0% used [0x00000000e0000000, 0x00000000e0000000, 0x00000000e5560000)
  from space 21824K,  97% used [0x00000000e5560000, 0x00000000e6a3ab00, 0x00000000e6ab0000)
  to   space 21824K,   0% used [0x00000000e6ab0000, 0x00000000e6ab0000, 0x00000000e8000000)
 concurrent mark-sweep generation total 393216K, used 0K [0x00000000e8000000, 0x0000000100000000, 0x0000000100000000)
 Metaspace       used 27532K, capacity 28164K, committed 28464K, reserved 1075200K
  class space    used 3338K, capacity 3566K, committed 3632K, reserved 1048576K
}
2019-01-31T09:05:48.899-0200: 15.715: Total time for which application threads were stopped: 0.0094315 seconds, Stopping threads took: 0.0000266 seconds
2019-01-31T09:05:48.993-0200: 15.799: Total time for which application threads were stopped: 0.0001908 seconds, Stopping threads took: 0.0000630 seconds
2019-01-31T09:05:49.243-0200: 16.049: Total time for which application threads were stopped: 0.0001484 seconds, Stopping threads took: 0.0000541 seconds
2019-01-31T09:05:49.259-0200: 16.060: Total time for which application threads were stopped: 0.0001096 seconds, Stopping threads took: 0.0000583 seconds
2019-01-31T09:05:49.259-0200: 16.074: Total time for which application threads were stopped: 0.0001442 seconds, Stopping threads took: 0.0000471 seconds
2019-01-31T09:05:49.306-0200: 16.111: Total time for which application threads were stopped: 0.0000816 seconds, Stopping threads took: 0.0000336 seconds
2019-01-31T09:05:49.321-0200: 16.131: Total time for which application threads were stopped: 0.0003774 seconds, Stopping threads took: 0.0000350 seconds
2019-01-31T09:05:49.337-0200: 16.142: Total time for which application threads were stopped: 0.0001096 seconds, Stopping threads took: 0.0000574 seconds
2019-01-31T09:05:49.368-0200: 16.175: Total time for which application threads were stopped: 0.0001372 seconds, Stopping threads took: 0.0000625 seconds
2019-01-31T09:05:49.368-0200: 16.177: Total time for which application threads were stopped: 0.0001120 seconds, Stopping threads took: 0.0000560 seconds
2019-01-31T09:05:49.368-0200: 16.178: Total time for which application threads were stopped: 0.0001026 seconds, Stopping threads took: 0.0000275 seconds
2019-01-31T09:05:49.368-0200: 16.179: Total time for which application threads were stopped: 0.0000868 seconds, Stopping threads took: 0.0000373 seconds
2019-01-31T09:05:49.368-0200: 16.179: Total time for which application threads were stopped: 0.0000830 seconds, Stopping threads took: 0.0000434 seconds
2019-01-31T09:05:49.368-0200: 16.181: Total time for which application threads were stopped: 0.0001717 seconds, Stopping threads took: 0.0000821 seconds
2019-01-31T09:05:49.368-0200: 16.181: Total time for which application threads were stopped: 0.0000928 seconds, Stopping threads took: 0.0000261 seconds
2019-01-31T09:05:49.368-0200: 16.181: Total time for which application threads were stopped: 0.0001260 seconds, Stopping threads took: 0.0000704 seconds
2019-01-31T09:05:49.384-0200: 16.199: Total time for which application threads were stopped: 0.0001213 seconds, Stopping threads took: 0.0000429 seconds
2019-01-31T09:05:49.384-0200: 16.199: Total time for which application threads were stopped: 0.0001012 seconds, Stopping threads took: 0.0000448 seconds
2019-01-31T09:05:49.509-0200: 16.318: Total time for which application threads were stopped: 0.0001008 seconds, Stopping threads took: 0.0000373 seconds
2019-01-31T09:05:49.556-0200: 16.356: Total time for which application threads were stopped: 0.0000896 seconds, Stopping threads took: 0.0000364 seconds
2019-01-31T09:05:49.556-0200: 16.356: Total time for which application threads were stopped: 0.0000564 seconds, Stopping threads took: 0.0000247 seconds
{Heap before GC invocations=6 (full 1):
 par new generation   total 109248K, used 108778K [0x00000000e0000000, 0x00000000e8000000, 0x00000000e8000000)
  eden space 87424K, 100% used [0x00000000e0000000, 0x00000000e5560000, 0x00000000e5560000)
  from space 21824K,  97% used [0x00000000e5560000, 0x00000000e6a3ab00, 0x00000000e6ab0000)
  to   space 21824K,   0% used [0x00000000e6ab0000, 0x00000000e6ab0000, 0x00000000e8000000)
 concurrent mark-sweep generation total 393216K, used 0K [0x00000000e8000000, 0x0000000100000000, 0x0000000100000000)
 Metaspace       used 29758K, capacity 30582K, committed 30896K, reserved 1077248K
  class space    used 3654K, capacity 3891K, committed 4016K, reserved 1048576K
2019-01-31T09:05:49.603-0200: 16.410: [GC (Allocation Failure) 2019-01-31T09:05:49.603-0200: 16.410: [ParNew
Desired survivor size 20112992 bytes, new threshold 8 (max 8)
- age   1:    3543320 bytes,    3543320 total
- age   2:     439664 bytes,    3982984 total
- age   3:     145624 bytes,    4128608 total
- age   4:     310920 bytes,    4439528 total
- age   5:      79216 bytes,    4518744 total
- age   6:    5480400 bytes,    9999144 total
- age   7:    4095128 bytes,   14094272 total
: 108778K->18087K(109248K), 0.0112131 secs] 108778K->18087K(502464K), 0.0112877 secs] [Times: user=0.09 sys=0.00, real=0.02 secs] 
Heap after GC invocations=7 (full 1):
 par new generation   total 109248K, used 18087K [0x00000000e0000000, 0x00000000e8000000, 0x00000000e8000000)
  eden space 87424K,   0% used [0x00000000e0000000, 0x00000000e0000000, 0x00000000e5560000)
  from space 21824K,  82% used [0x00000000e6ab0000, 0x00000000e7c59f00, 0x00000000e8000000)
  to   space 21824K,   0% used [0x00000000e5560000, 0x00000000e5560000, 0x00000000e6ab0000)
 concurrent mark-sweep generation total 393216K, used 0K [0x00000000e8000000, 0x0000000100000000, 0x0000000100000000)
 Metaspace       used 29758K, capacity 30582K, committed 30896K, reserved 1077248K
  class space    used 3654K, capacity 3891K, committed 4016K, reserved 1048576K
}
2019-01-31T09:05:49.618-0200: 16.422: Total time for which application threads were stopped: 0.0116017 seconds, Stopping threads took: 0.0000756 seconds
2019-01-31T09:05:49.634-0200: 16.443: Total time for which application threads were stopped: 0.0001082 seconds, Stopping threads took: 0.0000373 seconds
2019-01-31T09:05:49.649-0200: 16.452: Total time for which application threads were stopped: 0.0002328 seconds, Stopping threads took: 0.0000350 seconds
2019-01-31T09:05:49.696-0200: 16.499: Total time for which application threads were stopped: 0.0001227 seconds, Stopping threads took: 0.0000387 seconds
2019-01-31T09:05:49.696-0200: 16.500: Total time for which application threads were stopped: 0.0000681 seconds, Stopping threads took: 0.0000205 seconds
2019-01-31T09:05:49.696-0200: 16.500: Total time for which application threads were stopped: 0.0000718 seconds, Stopping threads took: 0.0000247 seconds
2019-01-31T09:05:49.696-0200: 16.500: Total time for which application threads were stopped: 0.0000756 seconds, Stopping threads took: 0.0000252 seconds
2019-01-31T09:05:49.696-0200: 16.503: Total time for which application threads were stopped: 0.0001260 seconds, Stopping threads took: 0.0000541 seconds
2019-01-31T09:05:49.759-0200: 16.565: Total time for which application threads were stopped: 0.0001180 seconds, Stopping threads took: 0.0000406 seconds
2019-01-31T09:05:49.759-0200: 16.566: Total time for which application threads were stopped: 0.0001087 seconds, Stopping threads took: 0.0000313 seconds
2019-01-31T09:05:49.759-0200: 16.566: Total time for which application threads were stopped: 0.0000840 seconds, Stopping threads took: 0.0000252 seconds
2019-01-31T09:05:49.759-0200: 16.567: Total time for which application threads were stopped: 0.0001330 seconds, Stopping threads took: 0.0000541 seconds
2019-01-31T09:05:49.759-0200: 16.567: Total time for which application threads were stopped: 0.0000816 seconds, Stopping threads took: 0.0000215 seconds
2019-01-31T09:05:49.759-0200: 16.568: Total time for which application threads were stopped: 0.0000868 seconds, Stopping threads took: 0.0000327 seconds
2019-01-31T09:05:49.759-0200: 16.572: Total time for which application threads were stopped: 0.0001432 seconds, Stopping threads took: 0.0000737 seconds
2019-01-31T09:05:49.759-0200: 16.573: Total time for which application threads were stopped: 0.0000970 seconds, Stopping threads took: 0.0000369 seconds
2019-01-31T09:05:49.853-0200: 16.666: Total time for which application threads were stopped: 0.0001586 seconds, Stopping threads took: 0.0000369 seconds
2019-01-31T09:05:49.868-0200: 16.672: Total time for which application threads were stopped: 0.0001222 seconds, Stopping threads took: 0.0000583 seconds
2019-01-31T09:05:50.884-0200: 17.684: Total time for which application threads were stopped: 0.0001185 seconds, Stopping threads took: 0.0000490 seconds
{Heap before GC invocations=7 (full 1):
 par new generation   total 109248K, used 105511K [0x00000000e0000000, 0x00000000e8000000, 0x00000000e8000000)
  eden space 87424K, 100% used [0x00000000e0000000, 0x00000000e5560000, 0x00000000e5560000)
  from space 21824K,  82% used [0x00000000e6ab0000, 0x00000000e7c59f00, 0x00000000e8000000)
  to   space 21824K,   0% used [0x00000000e5560000, 0x00000000e5560000, 0x00000000e6ab0000)
 concurrent mark-sweep generation total 393216K, used 0K [0x00000000e8000000, 0x0000000100000000, 0x0000000100000000)
 Metaspace       used 30503K, capacity 31520K, committed 31664K, reserved 1077248K
  class space    used 3737K, capacity 3996K, committed 4016K, reserved 1048576K
2019-01-31T09:05:54.477-0200: 21.286: [GC (Allocation Failure) 2019-01-31T09:05:54.477-0200: 21.286: [ParNew
Desired survivor size 20112992 bytes, new threshold 8 (max 8)
- age   1:    2187520 bytes,    2187520 total
- age   2:    1696048 bytes,    3883568 total
- age   3:     439256 bytes,    4322824 total
- age   4:     145592 bytes,    4468416 total
- age   5:     308328 bytes,    4776744 total
- age   6:      79216 bytes,    4855960 total
- age   7:    5468208 bytes,   10324168 total
- age   8:    4041216 bytes,   14365384 total
: 105511K->16671K(109248K), 0.0096582 secs] 105511K->16671K(502464K), 0.0097371 secs] [Times: user=0.02 sys=0.00, real=0.02 secs] 
Heap after GC invocations=8 (full 1):
 par new generation   total 109248K, used 16671K [0x00000000e0000000, 0x00000000e8000000, 0x00000000e8000000)
  eden space 87424K,   0% used [0x00000000e0000000, 0x00000000e0000000, 0x00000000e5560000)
  from space 21824K,  76% used [0x00000000e5560000, 0x00000000e65a7f30, 0x00000000e6ab0000)
  to   space 21824K,   0% used [0x00000000e6ab0000, 0x00000000e6ab0000, 0x00000000e8000000)
 concurrent mark-sweep generation total 393216K, used 0K [0x00000000e8000000, 0x0000000100000000, 0x0000000100000000)
 Metaspace       used 30503K, capacity 31520K, committed 31664K, reserved 1077248K
  class space    used 3737K, capacity 3996K, committed 4016K, reserved 1048576K
}
2019-01-31T09:05:54.493-0200: 21.296: Total time for which application threads were stopped: 0.0101798 seconds, Stopping threads took: 0.0002071 seconds
2019-01-31T09:05:54.493-0200: 21.296: Total time for which application threads were stopped: 0.0001106 seconds, Stopping threads took: 0.0000411 seconds
2019-01-31T09:05:54.540-0200: 21.342: Total time for which application threads were stopped: 0.0000844 seconds, Stopping threads took: 0.0000303 seconds
2019-01-31T09:05:54.540-0200: 21.342: Total time for which application threads were stopped: 0.0000448 seconds, Stopping threads took: 0.0000163 seconds
2019-01-31T09:05:54.556-0200: 21.366: Total time for which application threads were stopped: 0.0001969 seconds, Stopping threads took: 0.0000891 seconds
2019-01-31T09:05:54.556-0200: 21.367: Total time for which application threads were stopped: 0.0000751 seconds, Stopping threads took: 0.0000257 seconds
2019-01-31T09:05:54.571-0200: 21.377: Total time for which application threads were stopped: 0.0001591 seconds, Stopping threads took: 0.0000784 seconds
2019-01-31T09:05:54.571-0200: 21.377: Total time for which application threads were stopped: 0.0001232 seconds, Stopping threads took: 0.0000686 seconds
2019-01-31T09:05:55.587-0200: 22.387: Total time for which application threads were stopped: 0.0001316 seconds, Stopping threads took: 0.0000401 seconds
2019-01-31T09:05:55.649-0200: 22.458: Total time for which application threads were stopped: 0.0001665 seconds, Stopping threads took: 0.0000788 seconds
2019-01-31T09:05:55.727-0200: 22.543: Total time for which application threads were stopped: 0.0002272 seconds, Stopping threads took: 0.0001563 seconds
2019-01-31T09:05:55.759-0200: 22.561: Total time for which application threads were stopped: 0.0001442 seconds, Stopping threads took: 0.0000415 seconds
2019-01-31T09:05:55.774-0200: 22.585: Total time for which application threads were stopped: 0.0003392 seconds, Stopping threads took: 0.0000285 seconds
2019-01-31T09:05:55.852-0200: 22.657: Total time for which application threads were stopped: 0.0004040 seconds, Stopping threads took: 0.0000373 seconds
2019-01-31T09:05:56.274-0200: 23.089: Total time for which application threads were stopped: 0.0004012 seconds, Stopping threads took: 0.0000322 seconds
2019-01-31T09:05:56.681-0200: 23.490: Total time for which application threads were stopped: 0.0002393 seconds, Stopping threads took: 0.0001269 seconds
2019-01-31T09:05:56.743-0200: 23.555: Total time for which application threads were stopped: 0.0003690 seconds, Stopping threads took: 0.0000415 seconds
2019-01-31T09:05:56.743-0200: 23.557: Total time for which application threads were stopped: 0.0001507 seconds, Stopping threads took: 0.0000812 seconds
2019-01-31T09:05:56.790-0200: 23.592: Total time for which application threads were stopped: 0.0000994 seconds, Stopping threads took: 0.0000359 seconds
2019-01-31T09:05:56.790-0200: 23.592: Total time for which application threads were stopped: 0.0000588 seconds, Stopping threads took: 0.0000205 seconds
2019-01-31T09:05:56.790-0200: 23.592: Total time for which application threads were stopped: 0.0000574 seconds, Stopping threads took: 0.0000196 seconds
2019-01-31T09:05:56.790-0200: 23.592: Total time for which application threads were stopped: 0.0000583 seconds, Stopping threads took: 0.0000196 seconds
2019-01-31T09:05:56.806-0200: 23.610: Total time for which application threads were stopped: 0.0001418 seconds, Stopping threads took: 0.0000457 seconds
2019-01-31T09:05:56.821-0200: 23.636: Total time for which application threads were stopped: 0.0002487 seconds, Stopping threads took: 0.0000592 seconds
2019-01-31T09:05:56.837-0200: 23.646: Total time for which application threads were stopped: 0.0001386 seconds, Stopping threads took: 0.0000625 seconds
2019-01-31T09:05:56.837-0200: 23.648: Total time for which application threads were stopped: 0.0001040 seconds, Stopping threads took: 0.0000439 seconds
2019-01-31T09:05:56.946-0200: 23.762: Total time for which application threads were stopped: 0.0003275 seconds, Stopping threads took: 0.0002463 seconds
2019-01-31T09:05:56.962-0200: 23.763: Total time for which application threads were stopped: 0.0001922 seconds, Stopping threads took: 0.0001208 seconds
2019-01-31T09:05:57.024-0200: 23.831: Total time for which application threads were stopped: 0.0002309 seconds, Stopping threads took: 0.0001456 seconds
2019-01-31T09:05:57.024-0200: 23.831: Total time for which application threads were stopped: 0.0001367 seconds, Stopping threads took: 0.0000896 seconds
2019-01-31T09:05:57.024-0200: 23.831: Total time for which application threads were stopped: 0.0001344 seconds, Stopping threads took: 0.0000905 seconds
2019-01-31T09:05:57.024-0200: 23.832: Total time for which application threads were stopped: 0.0000578 seconds, Stopping threads took: 0.0000261 seconds
2019-01-31T09:05:57.024-0200: 23.832: Total time for which application threads were stopped: 0.0000602 seconds, Stopping threads took: 0.0000252 seconds
2019-01-31T09:05:57.024-0200: 23.832: Total time for which application threads were stopped: 0.0001507 seconds, Stopping threads took: 0.0000998 seconds
2019-01-31T09:05:57.102-0200: 23.909: Total time for which application threads were stopped: 0.0001567 seconds, Stopping threads took: 0.0000718 seconds
2019-01-31T09:05:57.118-0200: 23.923: Total time for which application threads were stopped: 0.0001614 seconds, Stopping threads took: 0.0000662 seconds
2019-01-31T09:05:57.118-0200: 23.930: Total time for which application threads were stopped: 0.0005104 seconds, Stopping threads took: 0.0000849 seconds
{Heap before GC invocations=8 (full 1):
 par new generation   total 109248K, used 104095K [0x00000000e0000000, 0x00000000e8000000, 0x00000000e8000000)
  eden space 87424K, 100% used [0x00000000e0000000, 0x00000000e5560000, 0x00000000e5560000)
  from space 21824K,  76% used [0x00000000e5560000, 0x00000000e65a7f30, 0x00000000e6ab0000)
  to   space 21824K,   0% used [0x00000000e6ab0000, 0x00000000e6ab0000, 0x00000000e8000000)
 concurrent mark-sweep generation total 393216K, used 0K [0x00000000e8000000, 0x0000000100000000, 0x0000000100000000)
 Metaspace       used 33852K, capacity 35238K, committed 35504K, reserved 1081344K
  class space    used 4199K, capacity 4489K, committed 4528K, reserved 1048576K
2019-01-31T09:05:57.165-0200: 23.971: [GC (Allocation Failure) 2019-01-31T09:05:57.165-0200: 23.971: [ParNew
Desired survivor size 20112992 bytes, new threshold 8 (max 8)
- age   1:   13040560 bytes,   13040560 total
- age   2:     976136 bytes,   14016696 total
- age   3:    1662928 bytes,   15679624 total
- age   4:     427416 bytes,   16107040 total
- age   5:     144200 bytes,   16251240 total
- age   6:     283880 bytes,   16535120 total
- age   7:      78128 bytes,   16613248 total
- age   8:    5443416 bytes,   22056664 total
: 104095K->21824K(109248K), 0.0268529 secs] 104095K->27393K(502464K), 0.0269346 secs] [Times: user=0.08 sys=0.00, real=0.03 secs] 
Heap after GC invocations=9 (full 1):
 par new generation   total 109248K, used 21824K [0x00000000e0000000, 0x00000000e8000000, 0x00000000e8000000)
  eden space 87424K,   0% used [0x00000000e0000000, 0x00000000e0000000, 0x00000000e5560000)
  from space 21824K, 100% used [0x00000000e6ab0000, 0x00000000e8000000, 0x00000000e8000000)
  to   space 21824K,   0% used [0x00000000e5560000, 0x00000000e5560000, 0x00000000e6ab0000)
 concurrent mark-sweep generation total 393216K, used 5569K [0x00000000e8000000, 0x0000000100000000, 0x0000000100000000)
 Metaspace       used 33852K, capacity 35238K, committed 35504K, reserved 1081344K
  class space    used 4199K, capacity 4489K, committed 4528K, reserved 1048576K
}
2019-01-31T09:05:57.196-0200: 23.998: Total time for which application threads were stopped: 0.0271832 seconds, Stopping threads took: 0.0000550 seconds
2019-01-31T09:05:57.196-0200: 23.998: Total time for which application threads were stopped: 0.0001754 seconds, Stopping threads took: 0.0000793 seconds
2019-01-31T09:05:57.196-0200: 23.998: Total time for which application threads were stopped: 0.0001297 seconds, Stopping threads took: 0.0000569 seconds
2019-01-31T09:05:57.196-0200: 23.999: Total time for which application threads were stopped: 0.0001330 seconds, Stopping threads took: 0.0000611 seconds
2019-01-31T09:05:57.196-0200: 23.999: Total time for which application threads were stopped: 0.0002361 seconds, Stopping threads took: 0.0001665 seconds
2019-01-31T09:05:57.196-0200: 23.999: Total time for which application threads were stopped: 0.0001199 seconds, Stopping threads took: 0.0000564 seconds
2019-01-31T09:05:57.196-0200: 24.000: Total time for which application threads were stopped: 0.0001059 seconds, Stopping threads took: 0.0000536 seconds
2019-01-31T09:05:57.196-0200: 24.000: Total time for which application threads were stopped: 0.0002389 seconds, Stopping threads took: 0.0000597 seconds
2019-01-31T09:05:57.196-0200: 24.005: Total time for which application threads were stopped: 0.0002104 seconds, Stopping threads took: 0.0000872 seconds
2019-01-31T09:05:57.196-0200: 24.005: Total time for which application threads were stopped: 0.0001208 seconds, Stopping threads took: 0.0000546 seconds
2019-01-31T09:05:57.196-0200: 24.006: Total time for which application threads were stopped: 0.0001567 seconds, Stopping threads took: 0.0000756 seconds
{Heap before GC invocations=9 (full 1):
 par new generation   total 109248K, used 109248K [0x00000000e0000000, 0x00000000e8000000, 0x00000000e8000000)
  eden space 87424K, 100% used [0x00000000e0000000, 0x00000000e5560000, 0x00000000e5560000)
  from space 21824K, 100% used [0x00000000e6ab0000, 0x00000000e8000000, 0x00000000e8000000)
  to   space 21824K,   0% used [0x00000000e5560000, 0x00000000e5560000, 0x00000000e6ab0000)
 concurrent mark-sweep generation total 393216K, used 5569K [0x00000000e8000000, 0x0000000100000000, 0x0000000100000000)
 Metaspace       used 33869K, capacity 35238K, committed 35504K, reserved 1081344K
  class space    used 4199K, capacity 4489K, committed 4528K, reserved 1048576K
2019-01-31T09:05:57.259-0200: 24.065: [GC (Allocation Failure) 2019-01-31T09:05:57.259-0200: 24.065: [ParNew
Desired survivor size 20112992 bytes, new threshold 8 (max 8)
- age   1:    1073504 bytes,    1073504 total
- age   2:    9781960 bytes,   10855464 total
- age   3:     856208 bytes,   11711672 total
- age   4:    1662904 bytes,   13374576 total
- age   5:     427416 bytes,   13801992 total
- age   6:     144200 bytes,   13946192 total
- age   7:     283880 bytes,   14230072 total
- age   8:      78128 bytes,   14308200 total
: 109248K->21824K(109248K), 0.0169498 secs] 114817K->33053K(502464K), 0.0170468 secs] [Times: user=0.06 sys=0.00, real=0.01 secs] 
Heap after GC invocations=10 (full 1):
 par new generation   total 109248K, used 21824K [0x00000000e0000000, 0x00000000e8000000, 0x00000000e8000000)
  eden space 87424K,   0% used [0x00000000e0000000, 0x00000000e0000000, 0x00000000e5560000)
  from space 21824K, 100% used [0x00000000e5560000, 0x00000000e6ab0000, 0x00000000e6ab0000)
  to   space 21824K,   0% used [0x00000000e6ab0000, 0x00000000e6ab0000, 0x00000000e8000000)
 concurrent mark-sweep generation total 393216K, used 11229K [0x00000000e8000000, 0x0000000100000000, 0x0000000100000000)
 Metaspace       used 33869K, capacity 35238K, committed 35504K, reserved 1081344K
  class space    used 4199K, capacity 4489K, committed 4528K, reserved 1048576K
}
2019-01-31T09:05:57.274-0200: 24.082: Total time for which application threads were stopped: 0.0173678 seconds, Stopping threads took: 0.0000849 seconds
{Heap before GC invocations=10 (full 1):
 par new generation   total 109248K, used 109218K [0x00000000e0000000, 0x00000000e8000000, 0x00000000e8000000)
  eden space 87424K,  99% used [0x00000000e0000000, 0x00000000e5558950, 0x00000000e5560000)
  from space 21824K, 100% used [0x00000000e5560000, 0x00000000e6ab0000, 0x00000000e6ab0000)
  to   space 21824K,   0% used [0x00000000e6ab0000, 0x00000000e6ab0000, 0x00000000e8000000)
 concurrent mark-sweep generation total 393216K, used 11229K [0x00000000e8000000, 0x0000000100000000, 0x0000000100000000)
 Metaspace       used 33902K, capacity 35256K, committed 35504K, reserved 1081344K
  class space    used 4200K, capacity 4492K, committed 4528K, reserved 1048576K
2019-01-31T09:05:57.305-0200: 24.112: [GC (Allocation Failure) 2019-01-31T09:05:57.305-0200: 24.112: [ParNew
Desired survivor size 20112992 bytes, new threshold 8 (max 8)
- age   1:    1531752 bytes,    1531752 total
- age   2:     925792 bytes,    2457544 total
- age   3:    9753832 bytes,   12211376 total
- age   4:     856208 bytes,   13067584 total
- age   5:    1662904 bytes,   14730488 total
- age   6:     427416 bytes,   15157904 total
- age   7:     143888 bytes,   15301792 total
- age   8:     283880 bytes,   15585672 total
: 109218K->18660K(109248K), 0.0109430 secs] 120447K->29968K(502464K), 0.0110410 secs] [Times: user=0.06 sys=0.01, real=0.02 secs] 
Heap after GC invocations=11 (full 1):
 par new generation   total 109248K, used 18660K [0x00000000e0000000, 0x00000000e8000000, 0x00000000e8000000)
  eden space 87424K,   0% used [0x00000000e0000000, 0x00000000e0000000, 0x00000000e5560000)
  from space 21824K,  85% used [0x00000000e6ab0000, 0x00000000e7ce9330, 0x00000000e8000000)
  to   space 21824K,   0% used [0x00000000e5560000, 0x00000000e5560000, 0x00000000e6ab0000)
 concurrent mark-sweep generation total 393216K, used 11307K [0x00000000e8000000, 0x0000000100000000, 0x0000000100000000)
 Metaspace       used 33902K, capacity 35256K, committed 35504K, reserved 1081344K
  class space    used 4200K, capacity 4492K, committed 4528K, reserved 1048576K
}
2019-01-31T09:05:57.321-0200: 24.123: Total time for which application threads were stopped: 0.0113293 seconds, Stopping threads took: 0.0000728 seconds
{Heap before GC invocations=11 (full 1):
 par new generation   total 109248K, used 106084K [0x00000000e0000000, 0x00000000e8000000, 0x00000000e8000000)
  eden space 87424K, 100% used [0x00000000e0000000, 0x00000000e5560000, 0x00000000e5560000)
  from space 21824K,  85% used [0x00000000e6ab0000, 0x00000000e7ce9330, 0x00000000e8000000)
  to   space 21824K,   0% used [0x00000000e5560000, 0x00000000e5560000, 0x00000000e6ab0000)
 concurrent mark-sweep generation total 393216K, used 11307K [0x00000000e8000000, 0x0000000100000000, 0x0000000100000000)
 Metaspace       used 33947K, capacity 35332K, committed 35504K, reserved 1081344K
  class space    used 4202K, capacity 4494K, committed 4528K, reserved 1048576K
2019-01-31T09:05:57.446-0200: 24.260: [GC (Allocation Failure) 2019-01-31T09:05:57.446-0200: 24.260: [ParNew
Desired survivor size 20112992 bytes, new threshold 8 (max 8)
- age   1:     690152 bytes,     690152 total
- age   2:     499120 bytes,    1189272 total
- age   3:     924512 bytes,    2113784 total
- age   4:    9753832 bytes,   11867616 total
- age   5:     856208 bytes,   12723824 total
- age   6:    1662904 bytes,   14386728 total
- age   7:     427208 bytes,   14813936 total
- age   8:     143888 bytes,   14957824 total
: 106084K->16860K(109248K), 0.0117589 secs] 117392K->28451K(502464K), 0.0118499 secs] [Times: user=0.08 sys=0.00, real=0.02 secs] 
Heap after GC invocations=12 (full 1):
 par new generation   total 109248K, used 16860K [0x00000000e0000000, 0x00000000e8000000, 0x00000000e8000000)
  eden space 87424K,   0% used [0x00000000e0000000, 0x00000000e0000000, 0x00000000e5560000)
  from space 21824K,  77% used [0x00000000e5560000, 0x00000000e65d73c0, 0x00000000e6ab0000)
  to   space 21824K,   0% used [0x00000000e6ab0000, 0x00000000e6ab0000, 0x00000000e8000000)
 concurrent mark-sweep generation total 393216K, used 11590K [0x00000000e8000000, 0x0000000100000000, 0x0000000100000000)
 Metaspace       used 33947K, capacity 35332K, committed 35504K, reserved 1081344K
  class space    used 4202K, capacity 4494K, committed 4528K, reserved 1048576K
}
2019-01-31T09:05:57.462-0200: 24.272: Total time for which application threads were stopped: 0.0121069 seconds, Stopping threads took: 0.0000387 seconds
2019-01-31T09:05:57.540-0200: 24.351: Total time for which application threads were stopped: 0.0001437 seconds, Stopping threads took: 0.0000495 seconds
2019-01-31T09:05:57.602-0200: 24.407: Total time for which application threads were stopped: 0.0001936 seconds, Stopping threads took: 0.0000532 seconds
2019-01-31T09:05:57.602-0200: 24.418: Total time for which application threads were stopped: 0.0001414 seconds, Stopping threads took: 0.0000425 seconds
2019-01-31T09:05:58.618-0200: 25.418: Total time for which application threads were stopped: 0.0001749 seconds, Stopping threads took: 0.0000723 seconds
2019-01-31T09:06:02.618-0200: 29.425: Total time for which application threads were stopped: 0.0001969 seconds, Stopping threads took: 0.0000938 seconds
2019-01-31T09:06:02.618-0200: 29.426: Total time for which application threads were stopped: 0.0001269 seconds, Stopping threads took: 0.0000714 seconds
2019-01-31T09:06:03.571-0200: 30.374: Total time for which application threads were stopped: 0.0001726 seconds, Stopping threads took: 0.0000882 seconds
2019-01-31T09:06:03.571-0200: 30.375: Total time for which application threads were stopped: 0.0001255 seconds, Stopping threads took: 0.0000508 seconds
2019-01-31T09:06:03.946-0200: 30.748: Total time for which application threads were stopped: 0.0001068 seconds, Stopping threads took: 0.0000369 seconds
2019-01-31T09:06:03.946-0200: 30.748: Total time for which application threads were stopped: 0.0000891 seconds, Stopping threads took: 0.0000271 seconds
2019-01-31T09:06:03.946-0200: 30.753: Total time for which application threads were stopped: 0.0001068 seconds, Stopping threads took: 0.0000569 seconds
2019-01-31T09:06:29.568-0200: 56.369: Total time for which application threads were stopped: 0.0000984 seconds, Stopping threads took: 0.0000299 seconds
2019-01-31T09:18:39.047-0200: 785.847: Total time for which application threads were stopped: 0.0001647 seconds, Stopping threads took: 0.0000639 seconds
2019-01-31T09:27:09.007-0200: 1295.808: Total time for which application threads were stopped: 0.0001824 seconds, Stopping threads took: 0.0000961 seconds
2019-01-31T09:27:48.584-0200: 1335.385: Total time for which application threads were stopped: 0.0001292 seconds, Stopping threads took: 0.0000462 seconds
2019-01-31T09:29:08.761-0200: 1415.562: Total time for which application threads were stopped: 0.0001297 seconds, Stopping threads took: 0.0000439 seconds
2019-01-31T09:39:47.745-0200: 2054.545: Total time for which application threads were stopped: 0.0001297 seconds, Stopping threads took: 0.0000448 seconds
2019-01-31T09:40:40.489-0200: 2107.289: Total time for which application threads were stopped: 0.0001409 seconds, Stopping threads took: 0.0000662 seconds
2019-01-31T09:43:10.670-0200: 2257.471: Total time for which application threads were stopped: 0.0001082 seconds, Stopping threads took: 0.0000443 seconds
2019-01-31T09:43:39.088-0200: 2285.889: Total time for which application threads were stopped: 0.0002015 seconds, Stopping threads took: 0.0000896 seconds
2019-01-31T09:47:39.567-0200: 2526.367: Total time for which application threads were stopped: 0.0001512 seconds, Stopping threads took: 0.0000686 seconds
2019-01-31T09:54:09.356-0200: 2916.156: Total time for which application threads were stopped: 0.0002407 seconds, Stopping threads took: 0.0000532 seconds
{Heap before GC invocations=12 (full 1):
 par new generation   total 109248K, used 104284K [0x00000000e0000000, 0x00000000e8000000, 0x00000000e8000000)
  eden space 87424K, 100% used [0x00000000e0000000, 0x00000000e5560000, 0x00000000e5560000)
  from space 21824K,  77% used [0x00000000e5560000, 0x00000000e65d73c0, 0x00000000e6ab0000)
  to   space 21824K,   0% used [0x00000000e6ab0000, 0x00000000e6ab0000, 0x00000000e8000000)
 concurrent mark-sweep generation total 393216K, used 11590K [0x00000000e8000000, 0x0000000100000000, 0x0000000100000000)
 Metaspace       used 34069K, capacity 35496K, committed 35760K, reserved 1081344K
  class space    used 4205K, capacity 4498K, committed 4528K, reserved 1048576K
2019-01-31T09:57:48.143-0200: 3134.944: [GC (Allocation Failure) 2019-01-31T09:57:48.143-0200: 3134.944: [ParNew
Desired survivor size 20112992 bytes, new threshold 7 (max 8)
- age   1:    8371608 bytes,    8371608 total
- age   2:     102728 bytes,    8474336 total
- age   3:      78960 bytes,    8553296 total
- age   4:     102888 bytes,    8656184 total
- age   5:    9172376 bytes,   17828560 total
- age   6:     829192 bytes,   18657752 total
- age   7:    1581072 bytes,   20238824 total
- age   8:     374528 bytes,   20613352 total
: 104284K->21824K(109248K), 0.0173837 secs] 115875K->36073K(502464K), 0.0174821 secs] [Times: user=0.00 sys=0.00, real=0.02 secs] 
Heap after GC invocations=13 (full 1):
 par new generation   total 109248K, used 21824K [0x00000000e0000000, 0x00000000e8000000, 0x00000000e8000000)
  eden space 87424K,   0% used [0x00000000e0000000, 0x00000000e0000000, 0x00000000e5560000)
  from space 21824K, 100% used [0x00000000e6ab0000, 0x00000000e8000000, 0x00000000e8000000)
  to   space 21824K,   0% used [0x00000000e5560000, 0x00000000e5560000, 0x00000000e6ab0000)
 concurrent mark-sweep generation total 393216K, used 14249K [0x00000000e8000000, 0x0000000100000000, 0x0000000100000000)
 Metaspace       used 34069K, capacity 35496K, committed 35760K, reserved 1081344K
  class space    used 4205K, capacity 4498K, committed 4528K, reserved 1048576K
}
2019-01-31T09:57:48.159-0200: 3134.962: Total time for which application threads were stopped: 0.0177144 seconds, Stopping threads took: 0.0000429 seconds
2019-01-31T09:57:48.159-0200: 3134.962: Total time for which application threads were stopped: 0.0000863 seconds, Stopping threads took: 0.0000359 seconds
2019-01-31T09:57:48.159-0200: 3134.962: Total time for which application threads were stopped: 0.0000532 seconds, Stopping threads took: 0.0000205 seconds
2019-01-31T09:57:48.159-0200: 3134.962: Total time for which application threads were stopped: 0.0000476 seconds, Stopping threads took: 0.0000182 seconds
2019-01-31T10:24:52.673-0200: 4759.474: Total time for which application threads were stopped: 0.0002286 seconds, Stopping threads took: 0.0000924 seconds
2019-01-31T10:24:52.673-0200: 4759.474: Total time for which application threads were stopped: 0.0001199 seconds, Stopping threads took: 0.0000746 seconds
2019-01-31T10:24:52.673-0200: 4759.474: Total time for which application threads were stopped: 0.0000681 seconds, Stopping threads took: 0.0000313 seconds
2019-01-31T10:24:52.673-0200: 4759.474: Total time for which application threads were stopped: 0.0000938 seconds, Stopping threads took: 0.0000569 seconds
2019-01-31T10:24:52.685-0200: 4759.486: Total time for which application threads were stopped: 0.0001166 seconds, Stopping threads took: 0.0000378 seconds
2019-01-31T10:24:52.852-0200: 4759.653: Total time for which application threads were stopped: 0.0016822 seconds, Stopping threads took: 0.0000322 seconds
2019-01-31T10:24:52.998-0200: 4759.799: Total time for which application threads were stopped: 0.0000896 seconds, Stopping threads took: 0.0000308 seconds
2019-01-31T10:24:53.000-0200: 4759.801: Total time for which application threads were stopped: 0.0000504 seconds, Stopping threads took: 0.0000173 seconds
2019-01-31T10:24:53.003-0200: 4759.804: Total time for which application threads were stopped: 0.0000467 seconds, Stopping threads took: 0.0000163 seconds
2019-01-31T10:24:53.003-0200: 4759.804: Total time for which application threads were stopped: 0.0000448 seconds, Stopping threads took: 0.0000159 seconds
2019-01-31T10:24:53.005-0200: 4759.806: Total time for which application threads were stopped: 0.0000453 seconds, Stopping threads took: 0.0000163 seconds
2019-01-31T10:24:53.005-0200: 4759.806: Total time for which application threads were stopped: 0.0000448 seconds, Stopping threads took: 0.0000163 seconds
2019-01-31T10:24:53.006-0200: 4759.807: Total time for which application threads were stopped: 0.0000569 seconds, Stopping threads took: 0.0000219 seconds
2019-01-31T10:24:53.007-0200: 4759.807: Total time for which application threads were stopped: 0.0000900 seconds, Stopping threads took: 0.0000159 seconds
2019-01-31T10:24:53.007-0200: 4759.808: Total time for which application threads were stopped: 0.0000443 seconds, Stopping threads took: 0.0000159 seconds
2019-01-31T10:24:53.013-0200: 4759.814: Total time for which application threads were stopped: 0.0001143 seconds, Stopping threads took: 0.0000364 seconds
2019-01-31T10:24:53.014-0200: 4759.815: Total time for which application threads were stopped: 0.0000481 seconds, Stopping threads took: 0.0000168 seconds
2019-01-31T10:24:53.014-0200: 4759.815: Total time for which application threads were stopped: 0.0000453 seconds, Stopping threads took: 0.0000163 seconds
2019-01-31T10:24:53.022-0200: 4759.823: Total time for which application threads were stopped: 0.0000569 seconds, Stopping threads took: 0.0000201 seconds
2019-01-31T10:24:53.030-0200: 4759.830: Total time for which application threads were stopped: 0.0000858 seconds, Stopping threads took: 0.0000317 seconds
2019-01-31T10:24:53.155-0200: 4759.956: Total time for which application threads were stopped: 0.0000956 seconds, Stopping threads took: 0.0000294 seconds
2019-01-31T10:24:53.157-0200: 4759.957: Total time for which application threads were stopped: 0.0000546 seconds, Stopping threads took: 0.0000168 seconds
2019-01-31T10:24:53.158-0200: 4759.958: Total time for which application threads were stopped: 0.0000522 seconds, Stopping threads took: 0.0000163 seconds
2019-01-31T10:24:53.177-0200: 4759.978: Total time for which application threads were stopped: 0.0000966 seconds, Stopping threads took: 0.0000322 seconds
2019-01-31T10:24:53.178-0200: 4759.978: Total time for which application threads were stopped: 0.0000583 seconds, Stopping threads took: 0.0000187 seconds
2019-01-31T10:24:53.179-0200: 4759.979: Total time for which application threads were stopped: 0.0000471 seconds, Stopping threads took: 0.0000168 seconds
2019-01-31T10:24:53.183-0200: 4759.984: Total time for which application threads were stopped: 0.0000919 seconds, Stopping threads took: 0.0000294 seconds
2019-01-31T10:24:53.184-0200: 4759.984: Total time for which application threads were stopped: 0.0001059 seconds, Stopping threads took: 0.0000257 seconds
2019-01-31T10:24:53.184-0200: 4759.984: Total time for which application threads were stopped: 0.0000695 seconds, Stopping threads took: 0.0000215 seconds
2019-01-31T10:24:53.184-0200: 4759.985: Total time for which application threads were stopped: 0.0001176 seconds, Stopping threads took: 0.0000788 seconds
2019-01-31T10:24:53.188-0200: 4759.989: Total time for which application threads were stopped: 0.0000933 seconds, Stopping threads took: 0.0000317 seconds
2019-01-31T10:24:53.189-0200: 4759.989: Total time for which application threads were stopped: 0.0000541 seconds, Stopping threads took: 0.0000191 seconds
2019-01-31T10:24:53.189-0200: 4759.989: Total time for which application threads were stopped: 0.0000462 seconds, Stopping threads took: 0.0000168 seconds
2019-01-31T10:24:53.189-0200: 4759.989: Total time for which application threads were stopped: 0.0000467 seconds, Stopping threads took: 0.0000168 seconds
2019-01-31T10:24:53.202-0200: 4760.002: Total time for which application threads were stopped: 0.0001395 seconds, Stopping threads took: 0.0000341 seconds
2019-01-31T10:24:53.410-0200: 4760.210: Total time for which application threads were stopped: 0.0001665 seconds, Stopping threads took: 0.0000415 seconds
2019-01-31T10:24:53.410-0200: 4760.210: Total time for which application threads were stopped: 0.0000583 seconds, Stopping threads took: 0.0000154 seconds
2019-01-31T10:24:53.410-0200: 4760.211: Total time for which application threads were stopped: 0.0000588 seconds, Stopping threads took: 0.0000149 seconds
2019-01-31T10:24:53.425-0200: 4760.226: Total time for which application threads were stopped: 0.0000933 seconds, Stopping threads took: 0.0000308 seconds
2019-01-31T10:24:53.489-0200: 4760.290: Total time for which application threads were stopped: 0.0001213 seconds, Stopping threads took: 0.0000299 seconds
2019-01-31T10:24:53.492-0200: 4760.292: Total time for which application threads were stopped: 0.0004418 seconds, Stopping threads took: 0.0000238 seconds
2019-01-31T10:24:53.532-0200: 4760.332: Total time for which application threads were stopped: 0.0005155 seconds, Stopping threads took: 0.0000373 seconds
2019-01-31T10:24:53.684-0200: 4760.485: Total time for which application threads were stopped: 0.0002160 seconds, Stopping threads took: 0.0000658 seconds
2019-01-31T10:24:53.714-0200: 4760.515: Total time for which application threads were stopped: 0.0006004 seconds, Stopping threads took: 0.0000448 seconds
2019-01-31T10:24:53.841-0200: 4760.641: Total time for which application threads were stopped: 0.0001880 seconds, Stopping threads took: 0.0000481 seconds
2019-01-31T10:24:53.963-0200: 4760.763: Total time for which application threads were stopped: 0.0001292 seconds, Stopping threads took: 0.0000406 seconds
{Heap before GC invocations=13 (full 1):
 par new generation   total 109248K, used 109248K [0x00000000e0000000, 0x00000000e8000000, 0x00000000e8000000)
  eden space 87424K, 100% used [0x00000000e0000000, 0x00000000e5560000, 0x00000000e5560000)
  from space 21824K, 100% used [0x00000000e6ab0000, 0x00000000e8000000, 0x00000000e8000000)
  to   space 21824K,   0% used [0x00000000e5560000, 0x00000000e5560000, 0x00000000e6ab0000)
 concurrent mark-sweep generation total 393216K, used 14249K [0x00000000e8000000, 0x0000000100000000, 0x0000000100000000)
 Metaspace       used 35994K, capacity 37438K, committed 37552K, reserved 1081344K
  class space    used 4425K, capacity 4735K, committed 4784K, reserved 1048576K
2019-01-31T10:24:53.997-0200: 4760.798: [GC (Allocation Failure) 2019-01-31T10:24:53.997-0200: 4760.798: [ParNew
Desired survivor size 20112992 bytes, new threshold 6 (max 8)
- age   1:    6103608 bytes,    6103608 total
- age   2:    8207312 bytes,   14310920 total
- age   3:     102568 bytes,   14413488 total
- age   4:      78720 bytes,   14492208 total
- age   5:     102888 bytes,   14595096 total
- age   6:    9149872 bytes,   23744968 total
- age   7:     816680 bytes,   24561648 total
: 109248K->21824K(109248K), 0.0299487 secs] 123497K->38845K(502464K), 0.0300420 secs] [Times: user=0.09 sys=0.09, real=0.03 secs] 
Heap after GC invocations=14 (full 1):
 par new generation   total 109248K, used 21824K [0x00000000e0000000, 0x00000000e8000000, 0x00000000e8000000)
  eden space 87424K,   0% used [0x00000000e0000000, 0x00000000e0000000, 0x00000000e5560000)
  from space 21824K, 100% used [0x00000000e5560000, 0x00000000e6ab0000, 0x00000000e6ab0000)
  to   space 21824K,   0% used [0x00000000e6ab0000, 0x00000000e6ab0000, 0x00000000e8000000)
 concurrent mark-sweep generation total 393216K, used 17021K [0x00000000e8000000, 0x0000000100000000, 0x0000000100000000)
 Metaspace       used 35994K, capacity 37438K, committed 37552K, reserved 1081344K
  class space    used 4425K, capacity 4735K, committed 4784K, reserved 1048576K
}
2019-01-31T10:24:54.027-0200: 4760.828: Total time for which application threads were stopped: 0.0302687 seconds, Stopping threads took: 0.0000378 seconds
2019-01-31T10:24:54.075-0200: 4760.875: Total time for which application threads were stopped: 0.0002104 seconds, Stopping threads took: 0.0001311 seconds
2019-01-31T10:24:54.101-0200: 4760.903: Total time for which application threads were stopped: 0.0000933 seconds, Stopping threads took: 0.0000355 seconds
2019-01-31T10:24:54.153-0200: 4760.954: Total time for which application threads were stopped: 0.0001190 seconds, Stopping threads took: 0.0000411 seconds
2019-01-31T10:24:54.190-0200: 4760.991: Total time for which application threads were stopped: 0.0001348 seconds, Stopping threads took: 0.0000439 seconds
2019-01-31T10:24:54.232-0200: 4761.033: Total time for which application threads were stopped: 0.0001316 seconds, Stopping threads took: 0.0000630 seconds
{Heap before GC invocations=14 (full 1):
 par new generation   total 109248K, used 109248K [0x00000000e0000000, 0x00000000e8000000, 0x00000000e8000000)
  eden space 87424K, 100% used [0x00000000e0000000, 0x00000000e5560000, 0x00000000e5560000)
  from space 21824K, 100% used [0x00000000e5560000, 0x00000000e6ab0000, 0x00000000e6ab0000)
  to   space 21824K,   0% used [0x00000000e6ab0000, 0x00000000e6ab0000, 0x00000000e8000000)
 concurrent mark-sweep generation total 393216K, used 17021K [0x00000000e8000000, 0x0000000100000000, 0x0000000100000000)
 Metaspace       used 36006K, capacity 37438K, committed 37552K, reserved 1081344K
  class space    used 4425K, capacity 4735K, committed 4784K, reserved 1048576K
2019-01-31T10:24:54.234-0200: 4761.035: [GC (Allocation Failure) 2019-01-31T10:24:54.234-0200: 4761.035: [ParNew
Desired survivor size 20112992 bytes, new threshold 8 (max 8)
- age   1:     602576 bytes,     602576 total
- age   2:    5329240 bytes,    5931816 total
- age   3:    7355752 bytes,   13287568 total
- age   4:     102552 bytes,   13390120 total
- age   5:      78720 bytes,   13468840 total
- age   6:     102888 bytes,   13571728 total
: 109248K->21824K(109248K), 0.0324893 secs] 126269K->50673K(502464K), 0.0325887 secs] [Times: user=0.19 sys=0.03, real=0.03 secs] 
Heap after GC invocations=15 (full 1):
 par new generation   total 109248K, used 21824K [0x00000000e0000000, 0x00000000e8000000, 0x00000000e8000000)
  eden space 87424K,   0% used [0x00000000e0000000, 0x00000000e0000000, 0x00000000e5560000)
  from space 21824K, 100% used [0x00000000e6ab0000, 0x00000000e8000000, 0x00000000e8000000)
  to   space 21824K,   0% used [0x00000000e5560000, 0x00000000e5560000, 0x00000000e6ab0000)
 concurrent mark-sweep generation total 393216K, used 28849K [0x00000000e8000000, 0x0000000100000000, 0x0000000100000000)
 Metaspace       used 36006K, capacity 37438K, committed 37552K, reserved 1081344K
  class space    used 4425K, capacity 4735K, committed 4784K, reserved 1048576K
}
2019-01-31T10:24:54.266-0200: 4761.067: Total time for which application threads were stopped: 0.0328532 seconds, Stopping threads took: 0.0000345 seconds
2019-01-31T10:24:54.317-0200: 4761.119: Total time for which application threads were stopped: 0.0003135 seconds, Stopping threads took: 0.0002556 seconds
2019-01-31T10:24:54.362-0200: 4761.163: Total time for which application threads were stopped: 0.0001591 seconds, Stopping threads took: 0.0000858 seconds
2019-01-31T10:24:54.399-0200: 4761.200: Total time for which application threads were stopped: 0.0001400 seconds, Stopping threads took: 0.0000495 seconds
2019-01-31T10:24:54.436-0200: 4761.237: Total time for which application threads were stopped: 0.0000933 seconds, Stopping threads took: 0.0000355 seconds
{Heap before GC invocations=15 (full 1):
 par new generation   total 109248K, used 109248K [0x00000000e0000000, 0x00000000e8000000, 0x00000000e8000000)
  eden space 87424K, 100% used [0x00000000e0000000, 0x00000000e5560000, 0x00000000e5560000)
  from space 21824K, 100% used [0x00000000e6ab0000, 0x00000000e8000000, 0x00000000e8000000)
  to   space 21824K,   0% used [0x00000000e5560000, 0x00000000e5560000, 0x00000000e6ab0000)
 concurrent mark-sweep generation total 393216K, used 28849K [0x00000000e8000000, 0x0000000100000000, 0x0000000100000000)
 Metaspace       used 36021K, capacity 37502K, committed 37552K, reserved 1081344K
  class space    used 4425K, capacity 4735K, committed 4784K, reserved 1048576K
2019-01-31T10:24:54.441-0200: 4761.242: [GC (Allocation Failure) 2019-01-31T10:24:54.441-0200: 4761.242: [ParNew
Desired survivor size 20112992 bytes, new threshold 8 (max 8)
- age   1:     665776 bytes,     665776 total
- age   2:     362064 bytes,    1027840 total
- age   3:    3100576 bytes,    4128416 total
- age   4:    7355752 bytes,   11484168 total
- age   5:     102552 bytes,   11586720 total
- age   6:      78720 bytes,   11665440 total
- age   7:     102888 bytes,   11768328 total
: 109248K->16843K(109248K), 0.0079610 secs] 138097K->45693K(502464K), 0.0080515 secs] [Times: user=0.00 sys=0.00, real=0.01 secs] 
Heap after GC invocations=16 (full 1):
 par new generation   total 109248K, used 16843K [0x00000000e0000000, 0x00000000e8000000, 0x00000000e8000000)
  eden space 87424K,   0% used [0x00000000e0000000, 0x00000000e0000000, 0x00000000e5560000)
  from space 21824K,  77% used [0x00000000e5560000, 0x00000000e65d2d90, 0x00000000e6ab0000)
  to   space 21824K,   0% used [0x00000000e6ab0000, 0x00000000e6ab0000, 0x00000000e8000000)
 concurrent mark-sweep generation total 393216K, used 28849K [0x00000000e8000000, 0x0000000100000000, 0x0000000100000000)
 Metaspace       used 36021K, capacity 37502K, committed 37552K, reserved 1081344K
  class space    used 4425K, capacity 4735K, committed 4784K, reserved 1048576K
}
2019-01-31T10:24:54.449-0200: 4761.250: Total time for which application threads were stopped: 0.0082801 seconds, Stopping threads took: 0.0000462 seconds
2019-01-31T10:24:54.485-0200: 4761.286: Total time for which application threads were stopped: 0.0001138 seconds, Stopping threads took: 0.0000481 seconds
2019-01-31T10:24:54.516-0200: 4761.317: Total time for which application threads were stopped: 0.0001236 seconds, Stopping threads took: 0.0000364 seconds
2019-01-31T10:24:54.538-0200: 4761.339: Total time for which application threads were stopped: 0.0001101 seconds, Stopping threads took: 0.0000471 seconds
2019-01-31T10:24:54.558-0200: 4761.359: Total time for which application threads were stopped: 0.0001908 seconds, Stopping threads took: 0.0000648 seconds
{Heap before GC invocations=16 (full 1):
 par new generation   total 109248K, used 104267K [0x00000000e0000000, 0x00000000e8000000, 0x00000000e8000000)
  eden space 87424K, 100% used [0x00000000e0000000, 0x00000000e5560000, 0x00000000e5560000)
  from space 21824K,  77% used [0x00000000e5560000, 0x00000000e65d2d90, 0x00000000e6ab0000)
  to   space 21824K,   0% used [0x00000000e6ab0000, 0x00000000e6ab0000, 0x00000000e8000000)
 concurrent mark-sweep generation total 393216K, used 28849K [0x00000000e8000000, 0x0000000100000000, 0x0000000100000000)
 Metaspace       used 36026K, capacity 37502K, committed 37552K, reserved 1081344K
  class space    used 4425K, capacity 4735K, committed 4784K, reserved 1048576K
2019-01-31T10:24:54.577-0200: 4761.378: [GC (Allocation Failure) 2019-01-31T10:24:54.577-0200: 4761.378: [ParNew
Desired survivor size 20112992 bytes, new threshold 8 (max 8)
- age   1:     647424 bytes,     647424 total
- age   2:     250880 bytes,     898304 total
- age   3:     361488 bytes,    1259792 total
- age   4:    3028656 bytes,    4288448 total
- age   5:    7355752 bytes,   11644200 total
- age   6:     102552 bytes,   11746752 total
- age   7:      78720 bytes,   11825472 total
- age   8:     102888 bytes,   11928360 total
: 104267K->14663K(109248K), 0.0089752 secs] 133117K->43513K(502464K), 0.0090662 secs] [Times: user=0.09 sys=0.00, real=0.01 secs] 
Heap after GC invocations=17 (full 1):
 par new generation   total 109248K, used 14663K [0x00000000e0000000, 0x00000000e8000000, 0x00000000e8000000)
  eden space 87424K,   0% used [0x00000000e0000000, 0x00000000e0000000, 0x00000000e5560000)
  from space 21824K,  67% used [0x00000000e6ab0000, 0x00000000e7901e70, 0x00000000e8000000)
  to   space 21824K,   0% used [0x00000000e5560000, 0x00000000e5560000, 0x00000000e6ab0000)
 concurrent mark-sweep generation total 393216K, used 28849K [0x00000000e8000000, 0x0000000100000000, 0x0000000100000000)
 Metaspace       used 36026K, capacity 37502K, committed 37552K, reserved 1081344K
  class space    used 4425K, capacity 4735K, committed 4784K, reserved 1048576K
}
2019-01-31T10:24:54.586-0200: 4761.387: Total time for which application threads were stopped: 0.0093046 seconds, Stopping threads took: 0.0000411 seconds
2019-01-31T10:24:54.599-0200: 4761.400: Total time for which application threads were stopped: 0.0001124 seconds, Stopping threads took: 0.0000355 seconds
2019-01-31T10:24:54.629-0200: 4761.430: Total time for which application threads were stopped: 0.0000994 seconds, Stopping threads took: 0.0000355 seconds
2019-01-31T10:24:54.649-0200: 4761.450: Total time for which application threads were stopped: 0.0002538 seconds, Stopping threads took: 0.0000658 seconds
{Heap before GC invocations=17 (full 1):
 par new generation   total 109248K, used 102087K [0x00000000e0000000, 0x00000000e8000000, 0x00000000e8000000)
  eden space 87424K, 100% used [0x00000000e0000000, 0x00000000e5560000, 0x00000000e5560000)
  from space 21824K,  67% used [0x00000000e6ab0000, 0x00000000e7901e70, 0x00000000e8000000)
  to   space 21824K,   0% used [0x00000000e5560000, 0x00000000e5560000, 0x00000000e6ab0000)
 concurrent mark-sweep generation total 393216K, used 28849K [0x00000000e8000000, 0x0000000100000000, 0x0000000100000000)
 Metaspace       used 36040K, capacity 37502K, committed 37552K, reserved 1081344K
  class space    used 4425K, capacity 4735K, committed 4784K, reserved 1048576K
2019-01-31T10:24:54.740-0200: 4761.541: [GC (Allocation Failure) 2019-01-31T10:24:54.740-0200: 4761.541: [ParNew
Desired survivor size 20112992 bytes, new threshold 8 (max 8)
- age   1:     834936 bytes,     834936 total
- age   2:     312296 bytes,    1147232 total
- age   3:     248664 bytes,    1395896 total
- age   4:     295936 bytes,    1691832 total
- age   5:    3028440 bytes,    4720272 total
- age   6:    7355704 bytes,   12075976 total
- age   7:     102552 bytes,   12178528 total
- age   8:      78720 bytes,   12257248 total
: 102087K->13914K(109248K), 0.0099167 secs] 130937K->42866K(502464K), 0.0100235 secs] [Times: user=0.00 sys=0.00, real=0.01 secs] 
Heap after GC invocations=18 (full 1):
 par new generation   total 109248K, used 13914K [0x00000000e0000000, 0x00000000e8000000, 0x00000000e8000000)
  eden space 87424K,   0% used [0x00000000e0000000, 0x00000000e0000000, 0x00000000e5560000)
  from space 21824K,  63% used [0x00000000e5560000, 0x00000000e62f6980, 0x00000000e6ab0000)
  to   space 21824K,   0% used [0x00000000e6ab0000, 0x00000000e6ab0000, 0x00000000e8000000)
 concurrent mark-sweep generation total 393216K, used 28952K [0x00000000e8000000, 0x0000000100000000, 0x0000000100000000)
 Metaspace       used 36040K, capacity 37502K, committed 37552K, reserved 1081344K
  class space    used 4425K, capacity 4735K, committed 4784K, reserved 1048576K
}
2019-01-31T10:24:54.750-0200: 4761.551: Total time for which application threads were stopped: 0.0103179 seconds, Stopping threads took: 0.0000476 seconds
{Heap before GC invocations=18 (full 1):
 par new generation   total 109248K, used 101338K [0x00000000e0000000, 0x00000000e8000000, 0x00000000e8000000)
  eden space 87424K, 100% used [0x00000000e0000000, 0x00000000e5560000, 0x00000000e5560000)
  from space 21824K,  63% used [0x00000000e5560000, 0x00000000e62f6980, 0x00000000e6ab0000)
  to   space 21824K,   0% used [0x00000000e6ab0000, 0x00000000e6ab0000, 0x00000000e8000000)
 concurrent mark-sweep generation total 393216K, used 28952K [0x00000000e8000000, 0x0000000100000000, 0x0000000100000000)
 Metaspace       used 36043K, capacity 37502K, committed 37552K, reserved 1081344K
  class space    used 4425K, capacity 4735K, committed 4784K, reserved 1048576K
2019-01-31T10:24:54.874-0200: 4761.675: [GC (Allocation Failure) 2019-01-31T10:24:54.874-0200: 4761.675: [ParNew
Desired survivor size 20112992 bytes, new threshold 8 (max 8)
- age   1:     304864 bytes,     304864 total
- age   2:     683376 bytes,     988240 total
- age   3:     311792 bytes,    1300032 total
- age   4:     248664 bytes,    1548696 total
- age   5:     295936 bytes,    1844632 total
- age   6:    3028440 bytes,    4873072 total
- age   7:    7355584 bytes,   12228656 total
- age   8:     102552 bytes,   12331208 total
: 101338K->14628K(109248K), 0.0082769 secs] 130290K->43658K(502464K), 0.0083856 secs] [Times: user=0.08 sys=0.00, real=0.01 secs] 
Heap after GC invocations=19 (full 1):
 par new generation   total 109248K, used 14628K [0x00000000e0000000, 0x00000000e8000000, 0x00000000e8000000)
  eden space 87424K,   0% used [0x00000000e0000000, 0x00000000e0000000, 0x00000000e5560000)
  from space 21824K,  67% used [0x00000000e6ab0000, 0x00000000e78f9260, 0x00000000e8000000)
  to   space 21824K,   0% used [0x00000000e5560000, 0x00000000e5560000, 0x00000000e6ab0000)
 concurrent mark-sweep generation total 393216K, used 29030K [0x00000000e8000000, 0x0000000100000000, 0x0000000100000000)
 Metaspace       used 36043K, capacity 37502K, committed 37552K, reserved 1081344K
  class space    used 4425K, capacity 4735K, committed 4784K, reserved 1048576K
}
2019-01-31T10:24:54.883-0200: 4761.684: Total time for which application threads were stopped: 0.0086365 seconds, Stopping threads took: 0.0000490 seconds
{Heap before GC invocations=19 (full 1):
 par new generation   total 109248K, used 102052K [0x00000000e0000000, 0x00000000e8000000, 0x00000000e8000000)
  eden space 87424K, 100% used [0x00000000e0000000, 0x00000000e5560000, 0x00000000e5560000)
  from space 21824K,  67% used [0x00000000e6ab0000, 0x00000000e78f9260, 0x00000000e8000000)
  to   space 21824K,   0% used [0x00000000e5560000, 0x00000000e5560000, 0x00000000e6ab0000)
 concurrent mark-sweep generation total 393216K, used 29030K [0x00000000e8000000, 0x0000000100000000, 0x0000000100000000)
 Metaspace       used 36054K, capacity 37566K, committed 37808K, reserved 1083392K
  class space    used 4425K, capacity 4735K, committed 4784K, reserved 1048576K
2019-01-31T10:24:55.023-0200: 4761.824: [GC (Allocation Failure) 2019-01-31T10:24:55.024-0200: 4761.824: [ParNew
Desired survivor size 20112992 bytes, new threshold 8 (max 8)
- age   1:     666232 bytes,     666232 total
- age   2:     248144 bytes,     914376 total
- age   3:     398504 bytes,    1312880 total
- age   4:     311792 bytes,    1624672 total
- age   5:     248664 bytes,    1873336 total
- age   6:     295936 bytes,    2169272 total
- age   7:    3028208 bytes,    5197480 total
- age   8:    7355512 bytes,   12552992 total
: 102052K->16581K(109248K), 0.0099064 secs] 131082K->45714K(502464K), 0.0100282 secs] [Times: user=0.05 sys=0.00, real=0.01 secs] 
Heap after GC invocations=20 (full 1):
 par new generation   total 109248K, used 16581K [0x00000000e0000000, 0x00000000e8000000, 0x00000000e8000000)
  eden space 87424K,   0% used [0x00000000e0000000, 0x00000000e0000000, 0x00000000e5560000)
  from space 21824K,  75% used [0x00000000e5560000, 0x00000000e65915a8, 0x00000000e6ab0000)
  to   space 21824K,   0% used [0x00000000e6ab0000, 0x00000000e6ab0000, 0x00000000e8000000)
 concurrent mark-sweep generation total 393216K, used 29133K [0x00000000e8000000, 0x0000000100000000, 0x0000000100000000)
 Metaspace       used 36054K, capacity 37566K, committed 37808K, reserved 1083392K
  class space    used 4425K, capacity 4735K, committed 4784K, reserved 1048576K
}
2019-01-31T10:24:55.034-0200: 4761.834: Total time for which application threads were stopped: 0.0103113 seconds, Stopping threads took: 0.0000541 seconds
{Heap before GC invocations=20 (full 1):
 par new generation   total 109248K, used 104005K [0x00000000e0000000, 0x00000000e8000000, 0x00000000e8000000)
  eden space 87424K, 100% used [0x00000000e0000000, 0x00000000e5560000, 0x00000000e5560000)
  from space 21824K,  75% used [0x00000000e5560000, 0x00000000e65915a8, 0x00000000e6ab0000)
  to   space 21824K,   0% used [0x00000000e6ab0000, 0x00000000e6ab0000, 0x00000000e8000000)
 concurrent mark-sweep generation total 393216K, used 29133K [0x00000000e8000000, 0x0000000100000000, 0x0000000100000000)
 Metaspace       used 36055K, capacity 37566K, committed 37808K, reserved 1083392K
  class space    used 4425K, capacity 4735K, committed 4784K, reserved 1048576K
2019-01-31T10:24:55.168-0200: 4761.969: [GC (Allocation Failure) 2019-01-31T10:24:55.168-0200: 4761.969: [ParNew
Desired survivor size 20112992 bytes, new threshold 8 (max 8)
- age   1:     716688 bytes,     716688 total
- age   2:     192456 bytes,     909144 total
- age   3:     248144 bytes,    1157288 total
- age   4:     398504 bytes,    1555792 total
- age   5:     310704 bytes,    1866496 total
- age   6:     248664 bytes,    2115160 total
- age   7:     295936 bytes,    2411096 total
- age   8:    3028208 bytes,    5439304 total
: 104005K->10883K(109248K), 0.0176225 secs] 133138K->47221K(502464K), 0.0177233 secs] [Times: user=0.09 sys=0.00, real=0.02 secs] 
Heap after GC invocations=21 (full 1):
 par new generation   total 109248K, used 10883K [0x00000000e0000000, 0x00000000e8000000, 0x00000000e8000000)
  eden space 87424K,   0% used [0x00000000e0000000, 0x00000000e0000000, 0x00000000e5560000)
  from space 21824K,  49% used [0x00000000e6ab0000, 0x00000000e7550d20, 0x00000000e8000000)
  to   space 21824K,   0% used [0x00000000e5560000, 0x00000000e5560000, 0x00000000e6ab0000)
 concurrent mark-sweep generation total 393216K, used 36338K [0x00000000e8000000, 0x0000000100000000, 0x0000000100000000)
 Metaspace       used 36055K, capacity 37566K, committed 37808K, reserved 1083392K
  class space    used 4425K, capacity 4735K, committed 4784K, reserved 1048576K
}
2019-01-31T10:24:55.186-0200: 4761.987: Total time for which application threads were stopped: 0.0179789 seconds, Stopping threads took: 0.0000378 seconds
2019-01-31T10:24:55.277-0200: 4762.078: Total time for which application threads were stopped: 0.0002417 seconds, Stopping threads took: 0.0000378 seconds
{Heap before GC invocations=21 (full 1):
 par new generation   total 109248K, used 98307K [0x00000000e0000000, 0x00000000e8000000, 0x00000000e8000000)
  eden space 87424K, 100% used [0x00000000e0000000, 0x00000000e5560000, 0x00000000e5560000)
  from space 21824K,  49% used [0x00000000e6ab0000, 0x00000000e7550d20, 0x00000000e8000000)
  to   space 21824K,   0% used [0x00000000e5560000, 0x00000000e5560000, 0x00000000e6ab0000)
 concurrent mark-sweep generation total 393216K, used 36338K [0x00000000e8000000, 0x0000000100000000, 0x0000000100000000)
 Metaspace       used 36075K, capacity 37566K, committed 37808K, reserved 1083392K
  class space    used 4425K, capacity 4735K, committed 4784K, reserved 1048576K
2019-01-31T10:24:55.291-0200: 4762.092: [GC (Allocation Failure) 2019-01-31T10:24:55.291-0200: 4762.092: [ParNew
Desired survivor size 20112992 bytes, new threshold 8 (max 8)
- age   1:     896512 bytes,     896512 total
- age   2:     260112 bytes,    1156624 total
- age   3:     192352 bytes,    1348976 total
- age   4:     248144 bytes,    1597120 total
- age   5:     398504 bytes,    1995624 total
- age   6:     226200 bytes,    2221824 total
- age   7:     248664 bytes,    2470488 total
- age   8:     295936 bytes,    2766424 total
: 98307K->3998K(109248K), 0.0062895 secs] 134645K->43300K(502464K), 0.0063810 secs] [Times: user=0.00 sys=0.00, real=0.01 secs] 
Heap after GC invocations=22 (full 1):
 par new generation   total 109248K, used 3998K [0x00000000e0000000, 0x00000000e8000000, 0x00000000e8000000)
  eden space 87424K,   0% used [0x00000000e0000000, 0x00000000e0000000, 0x00000000e5560000)
  from space 21824K,  18% used [0x00000000e5560000, 0x00000000e5947ac0, 0x00000000e6ab0000)
  to   space 21824K,   0% used [0x00000000e6ab0000, 0x00000000e6ab0000, 0x00000000e8000000)
 concurrent mark-sweep generation total 393216K, used 39301K [0x00000000e8000000, 0x0000000100000000, 0x0000000100000000)
 Metaspace       used 36075K, capacity 37566K, committed 37808K, reserved 1083392K
  class space    used 4425K, capacity 4735K, committed 4784K, reserved 1048576K
}
2019-01-31T10:24:55.298-0200: 4762.098: Total time for which application threads were stopped: 0.0066063 seconds, Stopping threads took: 0.0000425 seconds
2019-01-31T10:24:55.336-0200: 4762.137: Total time for which application threads were stopped: 0.0001073 seconds, Stopping threads took: 0.0000359 seconds
2019-01-31T10:24:55.336-0200: 4762.137: Total time for which application threads were stopped: 0.0000919 seconds, Stopping threads took: 0.0000285 seconds
2019-01-31T10:24:55.337-0200: 4762.137: Total time for which application threads were stopped: 0.0000765 seconds, Stopping threads took: 0.0000238 seconds
2019-01-31T10:24:55.342-0200: 4762.142: Total time for which application threads were stopped: 0.0001078 seconds, Stopping threads took: 0.0000364 seconds
2019-01-31T10:24:55.360-0200: 4762.160: Total time for which application threads were stopped: 0.0001362 seconds, Stopping threads took: 0.0000676 seconds
2019-01-31T10:24:55.360-0200: 4762.160: Total time for which application threads were stopped: 0.0000765 seconds, Stopping threads took: 0.0000392 seconds
2019-01-31T10:24:55.500-0200: 4762.300: Total time for which application threads were stopped: 0.0001381 seconds, Stopping threads took: 0.0000359 seconds
2019-01-31T10:24:55.795-0200: 4762.596: Total time for which application threads were stopped: 0.0001446 seconds, Stopping threads took: 0.0000434 seconds
2019-01-31T10:24:55.806-0200: 4762.607: Total time for which application threads were stopped: 0.0001754 seconds, Stopping threads took: 0.0000984 seconds
2019-01-31T10:24:55.806-0200: 4762.607: Total time for which application threads were stopped: 0.0001423 seconds, Stopping threads took: 0.0000620 seconds
2019-01-31T10:24:55.806-0200: 4762.607: Total time for which application threads were stopped: 0.0000826 seconds, Stopping threads took: 0.0000303 seconds
2019-01-31T10:24:56.117-0200: 4762.918: Total time for which application threads were stopped: 0.0001152 seconds, Stopping threads took: 0.0000387 seconds
2019-01-31T10:24:56.119-0200: 4762.920: Total time for which application threads were stopped: 0.0001400 seconds, Stopping threads took: 0.0000345 seconds
2019-01-31T10:24:56.119-0200: 4762.920: Total time for which application threads were stopped: 0.0000728 seconds, Stopping threads took: 0.0000275 seconds
2019-01-31T10:24:56.119-0200: 4762.920: Total time for which application threads were stopped: 0.0001040 seconds, Stopping threads took: 0.0000271 seconds
2019-01-31T10:24:56.120-0200: 4762.921: Total time for which application threads were stopped: 0.0000536 seconds, Stopping threads took: 0.0000205 seconds
2019-01-31T10:24:56.120-0200: 4762.921: Total time for which application threads were stopped: 0.0001306 seconds, Stopping threads took: 0.0000322 seconds
2019-01-31T10:24:56.120-0200: 4762.921: Total time for which application threads were stopped: 0.0000490 seconds, Stopping threads took: 0.0000196 seconds
2019-01-31T10:24:56.120-0200: 4762.921: Total time for which application threads were stopped: 0.0001316 seconds, Stopping threads took: 0.0000317 seconds
2019-01-31T10:24:56.120-0200: 4762.921: Total time for which application threads were stopped: 0.0000481 seconds, Stopping threads took: 0.0000191 seconds
2019-01-31T10:24:56.122-0200: 4762.923: Total time for which application threads were stopped: 0.0001031 seconds, Stopping threads took: 0.0000373 seconds
2019-01-31T10:24:56.122-0200: 4762.923: Total time for which application threads were stopped: 0.0001045 seconds, Stopping threads took: 0.0000341 seconds
2019-01-31T10:24:56.122-0200: 4762.923: Total time for which application threads were stopped: 0.0001204 seconds, Stopping threads took: 0.0000322 seconds
2019-01-31T10:24:56.123-0200: 4762.924: Total time for which application threads were stopped: 0.0001297 seconds, Stopping threads took: 0.0000313 seconds
2019-01-31T10:24:56.123-0200: 4762.924: Total time for which application threads were stopped: 0.0001232 seconds, Stopping threads took: 0.0000322 seconds
2019-01-31T10:24:56.142-0200: 4762.943: Total time for which application threads were stopped: 0.0001260 seconds, Stopping threads took: 0.0000471 seconds
2019-01-31T10:24:56.142-0200: 4762.943: Total time for which application threads were stopped: 0.0001498 seconds, Stopping threads took: 0.0000798 seconds
2019-01-31T10:24:56.160-0200: 4762.961: Total time for which application threads were stopped: 0.0001857 seconds, Stopping threads took: 0.0000481 seconds
2019-01-31T10:24:56.161-0200: 4762.962: Total time for which application threads were stopped: 0.0001400 seconds, Stopping threads took: 0.0000331 seconds
2019-01-31T10:24:56.162-0200: 4762.963: Total time for which application threads were stopped: 0.0001297 seconds, Stopping threads took: 0.0000555 seconds
2019-01-31T10:24:56.165-0200: 4762.966: Total time for which application threads were stopped: 0.0001372 seconds, Stopping threads took: 0.0000411 seconds
2019-01-31T10:24:56.165-0200: 4762.966: Total time for which application threads were stopped: 0.0000798 seconds, Stopping threads took: 0.0000266 seconds
2019-01-31T10:24:56.165-0200: 4762.966: Total time for which application threads were stopped: 0.0000877 seconds, Stopping threads took: 0.0000261 seconds
2019-01-31T10:24:56.166-0200: 4762.967: Total time for which application threads were stopped: 0.0001530 seconds, Stopping threads took: 0.0000527 seconds
2019-01-31T10:24:56.167-0200: 4762.968: Total time for which application threads were stopped: 0.0001325 seconds, Stopping threads took: 0.0000527 seconds
2019-01-31T10:24:56.167-0200: 4762.968: Total time for which application threads were stopped: 0.0001358 seconds, Stopping threads took: 0.0000443 seconds
2019-01-31T10:24:56.167-0200: 4762.968: Total time for which application threads were stopped: 0.0000812 seconds, Stopping threads took: 0.0000439 seconds
2019-01-31T10:24:56.168-0200: 4762.969: Total time for which application threads were stopped: 0.0000746 seconds, Stopping threads took: 0.0000425 seconds
2019-01-31T10:24:56.230-0200: 4763.031: Total time for which application threads were stopped: 0.0001260 seconds, Stopping threads took: 0.0000481 seconds
2019-01-31T10:24:56.231-0200: 4763.032: Total time for which application threads were stopped: 0.0000765 seconds, Stopping threads took: 0.0000261 seconds
{Heap before GC invocations=22 (full 1):
 par new generation   total 109248K, used 91422K [0x00000000e0000000, 0x00000000e8000000, 0x00000000e8000000)
  eden space 87424K, 100% used [0x00000000e0000000, 0x00000000e5560000, 0x00000000e5560000)
  from space 21824K,  18% used [0x00000000e5560000, 0x00000000e5947ac0, 0x00000000e6ab0000)
  to   space 21824K,   0% used [0x00000000e6ab0000, 0x00000000e6ab0000, 0x00000000e8000000)
 concurrent mark-sweep generation total 393216K, used 39301K [0x00000000e8000000, 0x0000000100000000, 0x0000000100000000)
 Metaspace       used 36437K, capacity 37918K, committed 38064K, reserved 1083392K
  class space    used 4459K, capacity 4767K, committed 4784K, reserved 1048576K
2019-01-31T10:24:56.290-0200: 4763.091: [GC (Allocation Failure) 2019-01-31T10:24:56.290-0200: 4763.091: [ParNew
Desired survivor size 20112992 bytes, new threshold 8 (max 8)
- age   1:    1267408 bytes,    1267408 total
- age   2:     763792 bytes,    2031200 total
- age   3:     257520 bytes,    2288720 total
- age   4:     186664 bytes,    2475384 total
- age   5:     247376 bytes,    2722760 total
- age   6:     397584 bytes,    3120344 total
- age   7:     225648 bytes,    3345992 total
- age   8:     247928 bytes,    3593920 total
: 91422K->4535K(109248K), 0.0044221 secs] 130724K->44124K(502464K), 0.0045942 secs] [Times: user=0.00 sys=0.00, real=0.01 secs] 
Heap after GC invocations=23 (full 1):
 par new generation   total 109248K, used 4535K [0x00000000e0000000, 0x00000000e8000000, 0x00000000e8000000)
  eden space 87424K,   0% used [0x00000000e0000000, 0x00000000e0000000, 0x00000000e5560000)
  from space 21824K,  20% used [0x00000000e6ab0000, 0x00000000e6f1dc38, 0x00000000e8000000)
  to   space 21824K,   0% used [0x00000000e5560000, 0x00000000e5560000, 0x00000000e6ab0000)
 concurrent mark-sweep generation total 393216K, used 39589K [0x00000000e8000000, 0x0000000100000000, 0x0000000100000000)
 Metaspace       used 36437K, capacity 37918K, committed 38064K, reserved 1083392K
  class space    used 4459K, capacity 4767K, committed 4784K, reserved 1048576K
}
2019-01-31T10:24:56.295-0200: 4763.096: Total time for which application threads were stopped: 0.0048536 seconds, Stopping threads took: 0.0000387 seconds
{Heap before GC invocations=23 (full 1):
 par new generation   total 109248K, used 91959K [0x00000000e0000000, 0x00000000e8000000, 0x00000000e8000000)
  eden space 87424K, 100% used [0x00000000e0000000, 0x00000000e5560000, 0x00000000e5560000)
  from space 21824K,  20% used [0x00000000e6ab0000, 0x00000000e6f1dc38, 0x00000000e8000000)
  to   space 21824K,   0% used [0x00000000e5560000, 0x00000000e5560000, 0x00000000e6ab0000)
 concurrent mark-sweep generation total 393216K, used 39589K [0x00000000e8000000, 0x0000000100000000, 0x0000000100000000)
 Metaspace       used 36453K, capacity 37918K, committed 38064K, reserved 1083392K
  class space    used 4459K, capacity 4767K, committed 4784K, reserved 1048576K
2019-01-31T10:24:56.385-0200: 4763.185: [GC (Allocation Failure) 2019-01-31T10:24:56.385-0200: 4763.186: [ParNew
Desired survivor size 20112992 bytes, new threshold 8 (max 8)
- age   1:     454896 bytes,     454896 total
- age   2:     975768 bytes,    1430664 total
- age   3:     763792 bytes,    2194456 total
- age   4:     257520 bytes,    2451976 total
- age   5:     186664 bytes,    2638640 total
- age   6:     247376 bytes,    2886016 total
- age   7:     397584 bytes,    3283600 total
- age   8:     225648 bytes,    3509248 total
: 91959K->4236K(109248K), 0.0039117 secs] 131548K->44068K(502464K), 0.0040638 secs] [Times: user=0.00 sys=0.00, real=0.00 secs] 
Heap after GC invocations=24 (full 1):
 par new generation   total 109248K, used 4236K [0x00000000e0000000, 0x00000000e8000000, 0x00000000e8000000)
  eden space 87424K,   0% used [0x00000000e0000000, 0x00000000e0000000, 0x00000000e5560000)
  from space 21824K,  19% used [0x00000000e5560000, 0x00000000e5983320, 0x00000000e6ab0000)
  to   space 21824K,   0% used [0x00000000e6ab0000, 0x00000000e6ab0000, 0x00000000e8000000)
 concurrent mark-sweep generation total 393216K, used 39831K [0x00000000e8000000, 0x0000000100000000, 0x0000000100000000)
 Metaspace       used 36453K, capacity 37918K, committed 38064K, reserved 1083392K
  class space    used 4459K, capacity 4767K, committed 4784K, reserved 1048576K
}
2019-01-31T10:24:56.389-0200: 4763.190: Total time for which application threads were stopped: 0.0043115 seconds, Stopping threads took: 0.0000373 seconds
{Heap before GC invocations=24 (full 1):
 par new generation   total 109248K, used 91660K [0x00000000e0000000, 0x00000000e8000000, 0x00000000e8000000)
  eden space 87424K, 100% used [0x00000000e0000000, 0x00000000e5560000, 0x00000000e5560000)
  from space 21824K,  19% used [0x00000000e5560000, 0x00000000e5983320, 0x00000000e6ab0000)
  to   space 21824K,   0% used [0x00000000e6ab0000, 0x00000000e6ab0000, 0x00000000e8000000)
 concurrent mark-sweep generation total 393216K, used 39831K [0x00000000e8000000, 0x0000000100000000, 0x0000000100000000)
 Metaspace       used 36503K, capacity 37918K, committed 38064K, reserved 1083392K
  class space    used 4459K, capacity 4767K, committed 4784K, reserved 1048576K
2019-01-31T10:24:56.470-0200: 4763.271: [GC (Allocation Failure) 2019-01-31T10:24:56.470-0200: 4763.271: [ParNew
Desired survivor size 20112992 bytes, new threshold 8 (max 8)
- age   1:     550288 bytes,     550288 total
- age   2:     251800 bytes,     802088 total
- age   3:     910008 bytes,    1712096 total
- age   4:     763792 bytes,    2475888 total
- age   5:     257520 bytes,    2733408 total
- age   6:     186664 bytes,    2920072 total
- age   7:     247376 bytes,    3167448 total
- age   8:     397584 bytes,    3565032 total
: 91660K->5369K(109248K), 0.0052268 secs] 131492K->45421K(502464K), 0.0053924 secs] [Times: user=0.06 sys=0.00, real=0.00 secs] 
Heap after GC invocations=25 (full 1):
 par new generation   total 109248K, used 5369K [0x00000000e0000000, 0x00000000e8000000, 0x00000000e8000000)
  eden space 87424K,   0% used [0x00000000e0000000, 0x00000000e0000000, 0x00000000e5560000)
  from space 21824K,  24% used [0x00000000e6ab0000, 0x00000000e6fee600, 0x00000000e8000000)
  to   space 21824K,   0% used [0x00000000e5560000, 0x00000000e5560000, 0x00000000e6ab0000)
 concurrent mark-sweep generation total 393216K, used 40052K [0x00000000e8000000, 0x0000000100000000, 0x0000000100000000)
 Metaspace       used 36503K, capacity 37918K, committed 38064K, reserved 1083392K
  class space    used 4459K, capacity 4767K, committed 4784K, reserved 1048576K
}
2019-01-31T10:24:56.475-0200: 4763.276: Total time for which application threads were stopped: 0.0056462 seconds, Stopping threads took: 0.0000397 seconds
{Heap before GC invocations=25 (full 1):
 par new generation   total 109248K, used 92793K [0x00000000e0000000, 0x00000000e8000000, 0x00000000e8000000)
  eden space 87424K, 100% used [0x00000000e0000000, 0x00000000e5560000, 0x00000000e5560000)
  from space 21824K,  24% used [0x00000000e6ab0000, 0x00000000e6fee600, 0x00000000e8000000)
  to   space 21824K,   0% used [0x00000000e5560000, 0x00000000e5560000, 0x00000000e6ab0000)
 concurrent mark-sweep generation total 393216K, used 40052K [0x00000000e8000000, 0x0000000100000000, 0x0000000100000000)
 Metaspace       used 36555K, capacity 38046K, committed 38064K, reserved 1083392K
  class space    used 4459K, capacity 4767K, committed 4784K, reserved 1048576K
2019-01-31T10:24:56.559-0200: 4763.360: [GC (Allocation Failure) 2019-01-31T10:24:56.559-0200: 4763.360: [ParNew
Desired survivor size 20112992 bytes, new threshold 8 (max 8)
- age   1:     485304 bytes,     485304 total
- age   2:     328032 bytes,     813336 total
- age   3:     251040 bytes,    1064376 total
- age   4:     909928 bytes,    1974304 total
- age   5:     763792 bytes,    2738096 total
- age   6:     257520 bytes,    2995616 total
- age   7:     186664 bytes,    3182280 total
- age   8:     247376 bytes,    3429656 total
: 92793K->4733K(109248K), 0.0047309 secs] 132845K->45173K(502464K), 0.0048102 secs] [Times: user=0.02 sys=0.02, real=0.00 secs] 
Heap after GC invocations=26 (full 1):
 par new generation   total 109248K, used 4733K [0x00000000e0000000, 0x00000000e8000000, 0x00000000e8000000)
  eden space 87424K,   0% used [0x00000000e0000000, 0x00000000e0000000, 0x00000000e5560000)
  from space 21824K,  21% used [0x00000000e5560000, 0x00000000e59ff518, 0x00000000e6ab0000)
  to   space 21824K,   0% used [0x00000000e6ab0000, 0x00000000e6ab0000, 0x00000000e8000000)
 concurrent mark-sweep generation total 393216K, used 40440K [0x00000000e8000000, 0x0000000100000000, 0x0000000100000000)
 Metaspace       used 36555K, capacity 38046K, committed 38064K, reserved 1083392K
  class space    used 4459K, capacity 4767K, committed 4784K, reserved 1048576K
}
2019-01-31T10:24:56.564-0200: 4763.365: Total time for which application threads were stopped: 0.0050397 seconds, Stopping threads took: 0.0000331 seconds
2019-01-31T10:24:56.649-0200: 4763.449: Total time for which application threads were stopped: 0.0001134 seconds, Stopping threads took: 0.0000345 seconds
2019-01-31T10:24:56.649-0200: 4763.450: Total time for which application threads were stopped: 0.0000597 seconds, Stopping threads took: 0.0000191 seconds
2019-01-31T10:24:56.653-0200: 4763.454: Total time for which application threads were stopped: 0.0001180 seconds, Stopping threads took: 0.0000536 seconds
2019-01-31T10:24:56.653-0200: 4763.454: Total time for which application threads were stopped: 0.0000602 seconds, Stopping threads took: 0.0000215 seconds
{Heap before GC invocations=26 (full 1):
 par new generation   total 109248K, used 92157K [0x00000000e0000000, 0x00000000e8000000, 0x00000000e8000000)
  eden space 87424K, 100% used [0x00000000e0000000, 0x00000000e5560000, 0x00000000e5560000)
  from space 21824K,  21% used [0x00000000e5560000, 0x00000000e59ff518, 0x00000000e6ab0000)
  to   space 21824K,   0% used [0x00000000e6ab0000, 0x00000000e6ab0000, 0x00000000e8000000)
 concurrent mark-sweep generation total 393216K, used 40440K [0x00000000e8000000, 0x0000000100000000, 0x0000000100000000)
 Metaspace       used 36585K, capacity 38046K, committed 38064K, reserved 1083392K
  class space    used 4460K, capacity 4767K, committed 4784K, reserved 1048576K
2019-01-31T10:24:56.692-0200: 4763.492: [GC (Allocation Failure) 2019-01-31T10:24:56.692-0200: 4763.493: [ParNew
Desired survivor size 20112992 bytes, new threshold 8 (max 8)
- age   1:     570976 bytes,     570976 total
- age   2:     419856 bytes,     990832 total
- age   3:     393200 bytes,    1384032 total
- age   4:     249392 bytes,    1633424 total
- age   5:     604376 bytes,    2237800 total
- age   6:     763792 bytes,    3001592 total
- age   7:     257520 bytes,    3259112 total
- age   8:     186664 bytes,    3445776 total
: 92157K->4383K(109248K), 0.0035805 secs] 132597K->45065K(502464K), 0.0037732 secs] [Times: user=0.00 sys=0.00, real=0.00 secs] 
Heap after GC invocations=27 (full 1):
 par new generation   total 109248K, used 4383K [0x00000000e0000000, 0x00000000e8000000, 0x00000000e8000000)
  eden space 87424K,   0% used [0x00000000e0000000, 0x00000000e0000000, 0x00000000e5560000)
  from space 21824K,  20% used [0x00000000e6ab0000, 0x00000000e6ef7db0, 0x00000000e8000000)
  to   space 21824K,   0% used [0x00000000e5560000, 0x00000000e5560000, 0x00000000e6ab0000)
 concurrent mark-sweep generation total 393216K, used 40681K [0x00000000e8000000, 0x0000000100000000, 0x0000000100000000)
 Metaspace       used 36585K, capacity 38046K, committed 38064K, reserved 1083392K
  class space    used 4460K, capacity 4767K, committed 4784K, reserved 1048576K
}
2019-01-31T10:24:56.696-0200: 4763.496: Total time for which application threads were stopped: 0.0040638 seconds, Stopping threads took: 0.0000462 seconds
2019-01-31T10:24:56.698-0200: 4763.498: Total time for which application threads were stopped: 0.0001288 seconds, Stopping threads took: 0.0000429 seconds
2019-01-31T10:24:56.925-0200: 4763.725: Total time for which application threads were stopped: 0.0001134 seconds, Stopping threads took: 0.0000350 seconds
2019-01-31T10:24:56.931-0200: 4763.732: Total time for which application threads were stopped: 0.0001525 seconds, Stopping threads took: 0.0000793 seconds
2019-01-31T10:24:56.931-0200: 4763.732: Total time for which application threads were stopped: 0.0000625 seconds, Stopping threads took: 0.0000215 seconds
2019-01-31T10:24:56.932-0200: 4763.732: Total time for which application threads were stopped: 0.0000863 seconds, Stopping threads took: 0.0000341 seconds
2019-01-31T10:24:57.188-0200: 4763.988: Total time for which application threads were stopped: 0.0001017 seconds, Stopping threads took: 0.0000322 seconds
2019-01-31T10:24:57.189-0200: 4763.990: Total time for which application threads were stopped: 0.0000606 seconds, Stopping threads took: 0.0000196 seconds
2019-01-31T10:24:57.190-0200: 4763.990: Total time for which application threads were stopped: 0.0000462 seconds, Stopping threads took: 0.0000163 seconds
2019-01-31T10:24:57.190-0200: 4763.990: Total time for which application threads were stopped: 0.0000462 seconds, Stopping threads took: 0.0000159 seconds
2019-01-31T10:24:57.190-0200: 4763.990: Total time for which application threads were stopped: 0.0000462 seconds, Stopping threads took: 0.0000163 seconds
2019-01-31T10:24:57.190-0200: 4763.990: Total time for which application threads were stopped: 0.0000457 seconds, Stopping threads took: 0.0000159 seconds
2019-01-31T10:24:57.190-0200: 4763.991: Total time for which application threads were stopped: 0.0000457 seconds, Stopping threads took: 0.0000159 seconds
2019-01-31T10:24:57.190-0200: 4763.991: Total time for which application threads were stopped: 0.0000467 seconds, Stopping threads took: 0.0000159 seconds
2019-01-31T10:24:57.190-0200: 4763.991: Total time for which application threads were stopped: 0.0000453 seconds, Stopping threads took: 0.0000159 seconds
2019-01-31T10:24:57.192-0200: 4763.992: Total time for which application threads were stopped: 0.0000648 seconds, Stopping threads took: 0.0000238 seconds
2019-01-31T10:24:57.192-0200: 4763.992: Total time for which application threads were stopped: 0.0000527 seconds, Stopping threads took: 0.0000201 seconds
2019-01-31T10:24:57.192-0200: 4763.992: Total time for which application threads were stopped: 0.0000532 seconds, Stopping threads took: 0.0000201 seconds
2019-01-31T10:24:57.192-0200: 4763.993: Total time for which application threads were stopped: 0.0000532 seconds, Stopping threads took: 0.0000205 seconds
2019-01-31T10:24:57.193-0200: 4763.993: Total time for which application threads were stopped: 0.0000728 seconds, Stopping threads took: 0.0000359 seconds
2019-01-31T10:24:57.205-0200: 4764.005: Total time for which application threads were stopped: 0.0001073 seconds, Stopping threads took: 0.0000275 seconds
2019-01-31T10:24:57.205-0200: 4764.005: Total time for which application threads were stopped: 0.0000476 seconds, Stopping threads took: 0.0000154 seconds
2019-01-31T10:24:57.220-0200: 4764.020: Total time for which application threads were stopped: 0.0001250 seconds, Stopping threads took: 0.0000504 seconds
2019-01-31T10:24:57.220-0200: 4764.020: Total time for which application threads were stopped: 0.0000784 seconds, Stopping threads took: 0.0000448 seconds
2019-01-31T10:24:57.221-0200: 4764.021: Total time for which application threads were stopped: 0.0000518 seconds, Stopping threads took: 0.0000182 seconds
2019-01-31T10:24:57.223-0200: 4764.024: Total time for which application threads were stopped: 0.0000774 seconds, Stopping threads took: 0.0000243 seconds
2019-01-31T10:24:57.223-0200: 4764.024: Total time for which application threads were stopped: 0.0000625 seconds, Stopping threads took: 0.0000201 seconds
2019-01-31T10:24:57.223-0200: 4764.024: Total time for which application threads were stopped: 0.0000546 seconds, Stopping threads took: 0.0000173 seconds
2019-01-31T10:24:57.224-0200: 4764.024: Total time for which application threads were stopped: 0.0000495 seconds, Stopping threads took: 0.0000201 seconds
2019-01-31T10:24:57.224-0200: 4764.025: Total time for which application threads were stopped: 0.0000578 seconds, Stopping threads took: 0.0000191 seconds
2019-01-31T10:24:57.225-0200: 4764.025: Total time for which application threads were stopped: 0.0000467 seconds, Stopping threads took: 0.0000159 seconds
2019-01-31T10:24:57.225-0200: 4764.025: Total time for which application threads were stopped: 0.0000467 seconds, Stopping threads took: 0.0000159 seconds
2019-01-31T10:24:57.225-0200: 4764.025: Total time for which application threads were stopped: 0.0000462 seconds, Stopping threads took: 0.0000159 seconds
2019-01-31T10:24:57.275-0200: 4764.076: Total time for which application threads were stopped: 0.0001185 seconds, Stopping threads took: 0.0000299 seconds
{Heap before GC invocations=27 (full 1):
 par new generation   total 109248K, used 91807K [0x00000000e0000000, 0x00000000e8000000, 0x00000000e8000000)
  eden space 87424K, 100% used [0x00000000e0000000, 0x00000000e5560000, 0x00000000e5560000)
  from space 21824K,  20% used [0x00000000e6ab0000, 0x00000000e6ef7db0, 0x00000000e8000000)
  to   space 21824K,   0% used [0x00000000e5560000, 0x00000000e5560000, 0x00000000e6ab0000)
 concurrent mark-sweep generation total 393216K, used 40681K [0x00000000e8000000, 0x0000000100000000, 0x0000000100000000)
 Metaspace       used 36633K, capacity 38116K, committed 38320K, reserved 1083392K
  class space    used 4460K, capacity 4768K, committed 4784K, reserved 1048576K
2019-01-31T10:24:57.387-0200: 4764.188: [GC (Allocation Failure) 2019-01-31T10:24:57.387-0200: 4764.188: [ParNew
Desired survivor size 20112992 bytes, new threshold 8 (max 8)
- age   1:    1021648 bytes,    1021648 total
- age   2:      15456 bytes,    1037104 total
- age   3:        944 bytes,    1038048 total
- age   4:       1072 bytes,    1039120 total
- age   5:        264 bytes,    1039384 total
- age   6:     392648 bytes,    1432032 total
- age   7:     763792 bytes,    2195824 total
- age   8:     257520 bytes,    2453344 total
: 91807K->3363K(109248K), 0.0042541 secs] 132489K->44227K(502464K), 0.0044090 secs] [Times: user=0.03 sys=0.00, real=0.00 secs] 
Heap after GC invocations=28 (full 1):
 par new generation   total 109248K, used 3363K [0x00000000e0000000, 0x00000000e8000000, 0x00000000e8000000)
  eden space 87424K,   0% used [0x00000000e0000000, 0x00000000e0000000, 0x00000000e5560000)
  from space 21824K,  15% used [0x00000000e5560000, 0x00000000e58a8de0, 0x00000000e6ab0000)
  to   space 21824K,   0% used [0x00000000e6ab0000, 0x00000000e6ab0000, 0x00000000e8000000)
 concurrent mark-sweep generation total 393216K, used 40864K [0x00000000e8000000, 0x0000000100000000, 0x0000000100000000)
 Metaspace       used 36633K, capacity 38116K, committed 38320K, reserved 1083392K
  class space    used 4460K, capacity 4768K, committed 4784K, reserved 1048576K
}
2019-01-31T10:24:57.392-0200: 4764.193: Total time for which application threads were stopped: 0.0046726 seconds, Stopping threads took: 0.0000364 seconds
{Heap before GC invocations=28 (full 1):
 par new generation   total 109248K, used 90787K [0x00000000e0000000, 0x00000000e8000000, 0x00000000e8000000)
  eden space 87424K, 100% used [0x00000000e0000000, 0x00000000e5560000, 0x00000000e5560000)
  from space 21824K,  15% used [0x00000000e5560000, 0x00000000e58a8de0, 0x00000000e6ab0000)
  to   space 21824K,   0% used [0x00000000e6ab0000, 0x00000000e6ab0000, 0x00000000e8000000)
 concurrent mark-sweep generation total 393216K, used 40864K [0x00000000e8000000, 0x0000000100000000, 0x0000000100000000)
 Metaspace       used 36662K, capacity 38188K, committed 38320K, reserved 1083392K
  class space    used 4460K, capacity 4768K, committed 4784K, reserved 1048576K
2019-01-31T10:24:57.523-0200: 4764.324: [GC (Allocation Failure) 2019-01-31T10:24:57.523-0200: 4764.324: [ParNew
Desired survivor size 20112992 bytes, new threshold 8 (max 8)
- age   1:     518280 bytes,     518280 total
- age   2:     826720 bytes,    1345000 total
- age   3:      15456 bytes,    1360456 total
- age   4:        944 bytes,    1361400 total
- age   5:       1072 bytes,    1362472 total
- age   6:        264 bytes,    1362736 total
- age   7:     391736 bytes,    1754472 total
- age   8:     763792 bytes,    2518264 total
: 90787K->3233K(109248K), 0.0085801 secs] 131651K->44348K(502464K), 0.0086487 secs] [Times: user=0.00 sys=0.00, real=0.01 secs] 
Heap after GC invocations=29 (full 1):
 par new generation   total 109248K, used 3233K [0x00000000e0000000, 0x00000000e8000000, 0x00000000e8000000)
  eden space 87424K,   0% used [0x00000000e0000000, 0x00000000e0000000, 0x00000000e5560000)
  from space 21824K,  14% used [0x00000000e6ab0000, 0x00000000e6dd84b0, 0x00000000e8000000)
  to   space 21824K,   0% used [0x00000000e5560000, 0x00000000e5560000, 0x00000000e6ab0000)
 concurrent mark-sweep generation total 393216K, used 41115K [0x00000000e8000000, 0x0000000100000000, 0x0000000100000000)
 Metaspace       used 36662K, capacity 38188K, committed 38320K, reserved 1083392K
  class space    used 4460K, capacity 4768K, committed 4784K, reserved 1048576K
}
2019-01-31T10:24:57.532-0200: 4764.333: Total time for which application threads were stopped: 0.0088987 seconds, Stopping threads took: 0.0000317 seconds
{Heap before GC invocations=29 (full 1):
 par new generation   total 109248K, used 90657K [0x00000000e0000000, 0x00000000e8000000, 0x00000000e8000000)
  eden space 87424K, 100% used [0x00000000e0000000, 0x00000000e5560000, 0x00000000e5560000)
  from space 21824K,  14% used [0x00000000e6ab0000, 0x00000000e6dd84b0, 0x00000000e8000000)
  to   space 21824K,   0% used [0x00000000e5560000, 0x00000000e5560000, 0x00000000e6ab0000)
 concurrent mark-sweep generation total 393216K, used 41115K [0x00000000e8000000, 0x0000000100000000, 0x0000000100000000)
 Metaspace       used 36666K, capacity 38192K, committed 38320K, reserved 1083392K
  class space    used 4460K, capacity 4768K, committed 4784K, reserved 1048576K
2019-01-31T10:24:57.640-0200: 4764.441: [GC (Allocation Failure) 2019-01-31T10:24:57.640-0200: 4764.441: [ParNew
Desired survivor size 20112992 bytes, new threshold 8 (max 8)
- age   1:     475560 bytes,     475560 total
- age   2:     311440 bytes,     787000 total
- age   3:     826480 bytes,    1613480 total
- age   4:      15456 bytes,    1628936 total
- age   5:        944 bytes,    1629880 total
- age   6:       1072 bytes,    1630952 total
- age   7:        264 bytes,    1631216 total
- age   8:     391736 bytes,    2022952 total
: 90657K->2586K(109248K), 0.0087756 secs] 131772K->44448K(502464K), 0.0089426 secs] [Times: user=0.05 sys=0.02, real=0.01 secs] 
Heap after GC invocations=30 (full 1):
 par new generation   total 109248K, used 2586K [0x00000000e0000000, 0x00000000e8000000, 0x00000000e8000000)
  eden space 87424K,   0% used [0x00000000e0000000, 0x00000000e0000000, 0x00000000e5560000)
  from space 21824K,  11% used [0x00000000e5560000, 0x00000000e57e6a30, 0x00000000e6ab0000)
  to   space 21824K,   0% used [0x00000000e6ab0000, 0x00000000e6ab0000, 0x00000000e8000000)
 concurrent mark-sweep generation total 393216K, used 41861K [0x00000000e8000000, 0x0000000100000000, 0x0000000100000000)
 Metaspace       used 36666K, capacity 38192K, committed 38320K, reserved 1083392K
  class space    used 4460K, capacity 4768K, committed 4784K, reserved 1048576K
}
2019-01-31T10:24:57.649-0200: 4764.450: Total time for which application threads were stopped: 0.0092160 seconds, Stopping threads took: 0.0000331 seconds
{Heap before GC invocations=30 (full 1):
 par new generation   total 109248K, used 90010K [0x00000000e0000000, 0x00000000e8000000, 0x00000000e8000000)
  eden space 87424K, 100% used [0x00000000e0000000, 0x00000000e5560000, 0x00000000e5560000)
  from space 21824K,  11% used [0x00000000e5560000, 0x00000000e57e6a30, 0x00000000e6ab0000)
  to   space 21824K,   0% used [0x00000000e6ab0000, 0x00000000e6ab0000, 0x00000000e8000000)
 concurrent mark-sweep generation total 393216K, used 41861K [0x00000000e8000000, 0x0000000100000000, 0x0000000100000000)
 Metaspace       used 36673K, capacity 38192K, committed 38320K, reserved 1083392K
  class space    used 4460K, capacity 4768K, committed 4784K, reserved 1048576K
2019-01-31T10:24:57.733-0200: 4764.533: [GC (Allocation Failure) 2019-01-31T10:24:57.733-0200: 4764.533: [ParNew
Desired survivor size 20112992 bytes, new threshold 8 (max 8)
- age   1:     562888 bytes,     562888 total
- age   2:     273544 bytes,     836432 total
- age   3:     310208 bytes,    1146640 total
- age   4:     762648 bytes,    1909288 total
- age   5:      15456 bytes,    1924744 total
- age   6:        944 bytes,    1925688 total
- age   7:       1072 bytes,    1926760 total
- age   8:        264 bytes,    1927024 total
: 90010K->2594K(109248K), 0.0054031 secs] 131872K->44840K(502464K), 0.0054857 secs] [Times: user=0.06 sys=0.00, real=0.00 secs] 
Heap after GC invocations=31 (full 1):
 par new generation   total 109248K, used 2594K [0x00000000e0000000, 0x00000000e8000000, 0x00000000e8000000)
  eden space 87424K,   0% used [0x00000000e0000000, 0x00000000e0000000, 0x00000000e5560000)
  from space 21824K,  11% used [0x00000000e6ab0000, 0x00000000e6d38ab8, 0x00000000e8000000)
  to   space 21824K,   0% used [0x00000000e5560000, 0x00000000e5560000, 0x00000000e6ab0000)
 concurrent mark-sweep generation total 393216K, used 42246K [0x00000000e8000000, 0x0000000100000000, 0x0000000100000000)
 Metaspace       used 36673K, capacity 38192K, committed 38320K, reserved 1083392K
  class space    used 4460K, capacity 4768K, committed 4784K, reserved 1048576K
}
2019-01-31T10:24:57.738-0200: 4764.539: Total time for which application threads were stopped: 0.0057106 seconds, Stopping threads took: 0.0000373 seconds
2019-01-31T10:24:57.783-0200: 4764.584: Total time for which application threads were stopped: 0.0000980 seconds, Stopping threads took: 0.0000289 seconds
2019-01-31T10:24:57.784-0200: 4764.584: Total time for which application threads were stopped: 0.0000555 seconds, Stopping threads took: 0.0000159 seconds
2019-01-31T10:24:57.787-0200: 4764.587: Total time for which application threads were stopped: 0.0001185 seconds, Stopping threads took: 0.0000434 seconds
2019-01-31T10:24:57.787-0200: 4764.588: Total time for which application threads were stopped: 0.0000798 seconds, Stopping threads took: 0.0000233 seconds
2019-01-31T10:24:57.813-0200: 4764.614: Total time for which application threads were stopped: 0.0001843 seconds, Stopping threads took: 0.0000975 seconds
2019-01-31T10:24:58.010-0200: 4764.811: Total time for which application threads were stopped: 0.0001567 seconds, Stopping threads took: 0.0000420 seconds
2019-01-31T10:24:58.013-0200: 4764.815: Total time for which application threads were stopped: 0.0001003 seconds, Stopping threads took: 0.0000336 seconds
2019-01-31T10:24:58.014-0200: 4764.815: Total time for which application threads were stopped: 0.0000704 seconds, Stopping threads took: 0.0000271 seconds
2019-01-31T10:24:58.014-0200: 4764.815: Total time for which application threads were stopped: 0.0001316 seconds, Stopping threads took: 0.0000863 seconds
2019-01-31T10:24:58.138-0200: 4764.938: Total time for which application threads were stopped: 0.0000961 seconds, Stopping threads took: 0.0000327 seconds
2019-01-31T10:24:58.139-0200: 4764.940: Total time for which application threads were stopped: 0.0000518 seconds, Stopping threads took: 0.0000173 seconds
2019-01-31T10:24:58.139-0200: 4764.940: Total time for which application threads were stopped: 0.0000467 seconds, Stopping threads took: 0.0000163 seconds
2019-01-31T10:24:58.140-0200: 4764.940: Total time for which application threads were stopped: 0.0000467 seconds, Stopping threads took: 0.0000163 seconds
2019-01-31T10:24:58.140-0200: 4764.940: Total time for which application threads were stopped: 0.0000462 seconds, Stopping threads took: 0.0000163 seconds
2019-01-31T10:24:58.140-0200: 4764.940: Total time for which application threads were stopped: 0.0000462 seconds, Stopping threads took: 0.0000163 seconds
2019-01-31T10:24:58.140-0200: 4764.940: Total time for which application threads were stopped: 0.0000457 seconds, Stopping threads took: 0.0000159 seconds
2019-01-31T10:24:58.140-0200: 4764.940: Total time for which application threads were stopped: 0.0000471 seconds, Stopping threads took: 0.0000163 seconds
2019-01-31T10:24:58.140-0200: 4764.941: Total time for which application threads were stopped: 0.0000462 seconds, Stopping threads took: 0.0000163 seconds
2019-01-31T10:24:58.141-0200: 4764.942: Total time for which application threads were stopped: 0.0000546 seconds, Stopping threads took: 0.0000196 seconds
2019-01-31T10:24:58.141-0200: 4764.942: Total time for which application threads were stopped: 0.0000481 seconds, Stopping threads took: 0.0000173 seconds
2019-01-31T10:24:58.141-0200: 4764.942: Total time for which application threads were stopped: 0.0000462 seconds, Stopping threads took: 0.0000163 seconds
2019-01-31T10:24:58.142-0200: 4764.942: Total time for which application threads were stopped: 0.0000564 seconds, Stopping threads took: 0.0000196 seconds
2019-01-31T10:24:58.142-0200: 4764.943: Total time for which application threads were stopped: 0.0000896 seconds, Stopping threads took: 0.0000215 seconds
2019-01-31T10:24:58.154-0200: 4764.955: Total time for which application threads were stopped: 0.0001134 seconds, Stopping threads took: 0.0000355 seconds
2019-01-31T10:24:58.155-0200: 4764.955: Total time for which application threads were stopped: 0.0000765 seconds, Stopping threads took: 0.0000355 seconds
2019-01-31T10:24:58.170-0200: 4764.971: Total time for which application threads were stopped: 0.0001078 seconds, Stopping threads took: 0.0000369 seconds
2019-01-31T10:24:58.170-0200: 4764.971: Total time for which application threads were stopped: 0.0000718 seconds, Stopping threads took: 0.0000257 seconds
2019-01-31T10:24:58.171-0200: 4764.972: Total time for which application threads were stopped: 0.0000933 seconds, Stopping threads took: 0.0000317 seconds
2019-01-31T10:24:58.174-0200: 4764.975: Total time for which application threads were stopped: 0.0001521 seconds, Stopping threads took: 0.0000830 seconds
2019-01-31T10:24:58.174-0200: 4764.975: Total time for which application threads were stopped: 0.0000984 seconds, Stopping threads took: 0.0000508 seconds
2019-01-31T10:24:58.174-0200: 4764.975: Total time for which application threads were stopped: 0.0001278 seconds, Stopping threads took: 0.0000798 seconds
2019-01-31T10:24:58.175-0200: 4764.975: Total time for which application threads were stopped: 0.0001134 seconds, Stopping threads took: 0.0000774 seconds
2019-01-31T10:24:58.176-0200: 4764.977: Total time for which application threads were stopped: 0.0000798 seconds, Stopping threads took: 0.0000266 seconds
2019-01-31T10:24:58.176-0200: 4764.977: Total time for which application threads were stopped: 0.0000560 seconds, Stopping threads took: 0.0000210 seconds
2019-01-31T10:24:58.176-0200: 4764.977: Total time for which application threads were stopped: 0.0000481 seconds, Stopping threads took: 0.0000163 seconds
2019-01-31T10:24:58.176-0200: 4764.977: Total time for which application threads were stopped: 0.0001824 seconds, Stopping threads took: 0.0000163 seconds
2019-01-31T10:24:58.238-0200: 4765.039: Total time for which application threads were stopped: 0.0000896 seconds, Stopping threads took: 0.0000289 seconds
{Heap before GC invocations=31 (full 1):
 par new generation   total 109248K, used 90018K [0x00000000e0000000, 0x00000000e8000000, 0x00000000e8000000)
  eden space 87424K, 100% used [0x00000000e0000000, 0x00000000e5560000, 0x00000000e5560000)
  from space 21824K,  11% used [0x00000000e6ab0000, 0x00000000e6d38ab8, 0x00000000e8000000)
  to   space 21824K,   0% used [0x00000000e5560000, 0x00000000e5560000, 0x00000000e6ab0000)
 concurrent mark-sweep generation total 393216K, used 42246K [0x00000000e8000000, 0x0000000100000000, 0x0000000100000000)
 Metaspace       used 36711K, capacity 38192K, committed 38320K, reserved 1083392K
  class space    used 4460K, capacity 4768K, committed 4784K, reserved 1048576K
2019-01-31T10:24:58.270-0200: 4765.071: [GC (Allocation Failure) 2019-01-31T10:24:58.270-0200: 4765.071: [ParNew
Desired survivor size 20112992 bytes, new threshold 8 (max 8)
- age   1:     826752 bytes,     826752 total
- age   2:        368 bytes,     827120 total
- age   3:         16 bytes,     827136 total
- age   4:       1184 bytes,     828320 total
- age   5:     187072 bytes,    1015392 total
- age   6:      15208 bytes,    1030600 total
- age   7:        944 bytes,    1031544 total
- age   8:       1072 bytes,    1032616 total
: 90018K->1290K(109248K), 0.0035837 secs] 132264K->43537K(502464K), 0.0036840 secs] [Times: user=0.00 sys=0.00, real=0.00 secs] 
Heap after GC invocations=32 (full 1):
 par new generation   total 109248K, used 1290K [0x00000000e0000000, 0x00000000e8000000, 0x00000000e8000000)
  eden space 87424K,   0% used [0x00000000e0000000, 0x00000000e0000000, 0x00000000e5560000)
  from space 21824K,   5% used [0x00000000e5560000, 0x00000000e56a2a98, 0x00000000e6ab0000)
  to   space 21824K,   0% used [0x00000000e6ab0000, 0x00000000e6ab0000, 0x00000000e8000000)
 concurrent mark-sweep generation total 393216K, used 42246K [0x00000000e8000000, 0x0000000100000000, 0x0000000100000000)
 Metaspace       used 36711K, capacity 38192K, committed 38320K, reserved 1083392K
  class space    used 4460K, capacity 4768K, committed 4784K, reserved 1048576K
}
2019-01-31T10:24:58.274-0200: 4765.075: Total time for which application threads were stopped: 0.0039266 seconds, Stopping threads took: 0.0000355 seconds
{Heap before GC invocations=32 (full 1):
 par new generation   total 109248K, used 88714K [0x00000000e0000000, 0x00000000e8000000, 0x00000000e8000000)
  eden space 87424K, 100% used [0x00000000e0000000, 0x00000000e5560000, 0x00000000e5560000)
  from space 21824K,   5% used [0x00000000e5560000, 0x00000000e56a2a98, 0x00000000e6ab0000)
  to   space 21824K,   0% used [0x00000000e6ab0000, 0x00000000e6ab0000, 0x00000000e8000000)
 concurrent mark-sweep generation total 393216K, used 42246K [0x00000000e8000000, 0x0000000100000000, 0x0000000100000000)
 Metaspace       used 36726K, capacity 38192K, committed 38320K, reserved 1083392K
  class space    used 4460K, capacity 4768K, committed 4784K, reserved 1048576K
2019-01-31T10:24:58.356-0200: 4765.157: [GC (Allocation Failure) 2019-01-31T10:24:58.356-0200: 4765.157: [ParNew
Desired survivor size 20112992 bytes, new threshold 8 (max 8)
- age   1:     487296 bytes,     487296 total
- age   2:     669176 bytes,    1156472 total
- age   3:        368 bytes,    1156840 total
- age   4:         16 bytes,    1156856 total
- age   5:       1184 bytes,    1158040 total
- age   6:     186160 bytes,    1344200 total
- age   7:      15208 bytes,    1359408 total
- age   8:        944 bytes,    1360352 total
: 88714K->1596K(109248K), 0.0036402 secs] 130961K->43844K(502464K), 0.0037433 secs] [Times: user=0.00 sys=0.00, real=0.01 secs] 
Heap after GC invocations=33 (full 1):
 par new generation   total 109248K, used 1596K [0x00000000e0000000, 0x00000000e8000000, 0x00000000e8000000)
  eden space 87424K,   0% used [0x00000000e0000000, 0x00000000e0000000, 0x00000000e5560000)
  from space 21824K,   7% used [0x00000000e6ab0000, 0x00000000e6c3f3c0, 0x00000000e8000000)
  to   space 21824K,   0% used [0x00000000e5560000, 0x00000000e5560000, 0x00000000e6ab0000)
 concurrent mark-sweep generation total 393216K, used 42247K [0x00000000e8000000, 0x0000000100000000, 0x0000000100000000)
 Metaspace       used 36726K, capacity 38192K, committed 38320K, reserved 1083392K
  class space    used 4460K, capacity 4768K, committed 4784K, reserved 1048576K
}
2019-01-31T10:24:58.361-0200: 4765.161: Total time for which application threads were stopped: 0.0039794 seconds, Stopping threads took: 0.0000327 seconds
{Heap before GC invocations=33 (full 1):
 par new generation   total 109248K, used 89020K [0x00000000e0000000, 0x00000000e8000000, 0x00000000e8000000)
  eden space 87424K, 100% used [0x00000000e0000000, 0x00000000e5560000, 0x00000000e5560000)
  from space 21824K,   7% used [0x00000000e6ab0000, 0x00000000e6c3f3c0, 0x00000000e8000000)
  to   space 21824K,   0% used [0x00000000e5560000, 0x00000000e5560000, 0x00000000e6ab0000)
 concurrent mark-sweep generation total 393216K, used 42247K [0x00000000e8000000, 0x0000000100000000, 0x0000000100000000)
 Metaspace       used 36753K, capacity 38256K, committed 38320K, reserved 1083392K
  class space    used 4460K, capacity 4768K, committed 4784K, reserved 1048576K
2019-01-31T10:24:58.449-0200: 4765.250: [GC (Allocation Failure) 2019-01-31T10:24:58.449-0200: 4765.250: [ParNew
Desired survivor size 20112992 bytes, new threshold 8 (max 8)
- age   1:     555176 bytes,     555176 total
- age   2:     268888 bytes,     824064 total
- age   3:     668664 bytes,    1492728 total
- age   4:        368 bytes,    1493096 total
- age   5:         16 bytes,    1493112 total
- age   6:       1184 bytes,    1494296 total
- age   7:     186160 bytes,    1680456 total
- age   8:      15208 bytes,    1695664 total
: 89020K->1842K(109248K), 0.0049679 secs] 131268K->44090K(502464K), 0.0050687 secs] [Times: user=0.00 sys=0.00, real=0.01 secs] 
Heap after GC invocations=34 (full 1):
 par new generation   total 109248K, used 1842K [0x00000000e0000000, 0x00000000e8000000, 0x00000000e8000000)
  eden space 87424K,   0% used [0x00000000e0000000, 0x00000000e0000000, 0x00000000e5560000)
  from space 21824K,   8% used [0x00000000e5560000, 0x00000000e572c9d8, 0x00000000e6ab0000)
  to   space 21824K,   0% used [0x00000000e6ab0000, 0x00000000e6ab0000, 0x00000000e8000000)
 concurrent mark-sweep generation total 393216K, used 42248K [0x00000000e8000000, 0x0000000100000000, 0x0000000100000000)
 Metaspace       used 36753K, capacity 38256K, committed 38320K, reserved 1083392K
  class space    used 4460K, capacity 4768K, committed 4784K, reserved 1048576K
}
2019-01-31T10:24:58.454-0200: 4765.255: Total time for which application threads were stopped: 0.0053234 seconds, Stopping threads took: 0.0000397 seconds
{Heap before GC invocations=34 (full 1):
 par new generation   total 109248K, used 89266K [0x00000000e0000000, 0x00000000e8000000, 0x00000000e8000000)
  eden space 87424K, 100% used [0x00000000e0000000, 0x00000000e5560000, 0x00000000e5560000)
  from space 21824K,   8% used [0x00000000e5560000, 0x00000000e572c9d8, 0x00000000e6ab0000)
  to   space 21824K,   0% used [0x00000000e6ab0000, 0x00000000e6ab0000, 0x00000000e8000000)
 concurrent mark-sweep generation total 393216K, used 42248K [0x00000000e8000000, 0x0000000100000000, 0x0000000100000000)
 Metaspace       used 36753K, capacity 38256K, committed 38320K, reserved 1083392K
  class space    used 4460K, capacity 4768K, committed 4784K, reserved 1048576K
2019-01-31T10:24:58.533-0200: 4765.335: [GC (Allocation Failure) 2019-01-31T10:24:58.533-0200: 4765.335: [ParNew
Desired survivor size 20112992 bytes, new threshold 8 (max 8)
- age   1:     462072 bytes,     462072 total
- age   2:     336792 bytes,     798864 total
- age   3:     268888 bytes,    1067752 total
- age   4:     668664 bytes,    1736416 total
- age   5:        368 bytes,    1736784 total
- age   6:         16 bytes,    1736800 total
- age   7:       1184 bytes,    1737984 total
- age   8:     186160 bytes,    1924144 total
: 89266K->2208K(109248K), 0.0046413 secs] 131514K->44471K(502464K), 0.0047412 secs] [Times: user=0.00 sys=0.00, real=0.01 secs] 
Heap after GC invocations=35 (full 1):
 par new generation   total 109248K, used 2208K [0x00000000e0000000, 0x00000000e8000000, 0x00000000e8000000)
  eden space 87424K,   0% used [0x00000000e0000000, 0x00000000e0000000, 0x00000000e5560000)
  from space 21824K,  10% used [0x00000000e6ab0000, 0x00000000e6cd8078, 0x00000000e8000000)
  to   space 21824K,   0% used [0x00000000e5560000, 0x00000000e5560000, 0x00000000e6ab0000)
 concurrent mark-sweep generation total 393216K, used 42263K [0x00000000e8000000, 0x0000000100000000, 0x0000000100000000)
 Metaspace       used 36753K, capacity 38256K, committed 38320K, reserved 1083392K
  class space    used 4460K, capacity 4768K, committed 4784K, reserved 1048576K
}
2019-01-31T10:24:58.538-0200: 4765.339: Total time for which application threads were stopped: 0.0049908 seconds, Stopping threads took: 0.0000425 seconds
{Heap before GC invocations=35 (full 1):
 par new generation   total 109248K, used 89632K [0x00000000e0000000, 0x00000000e8000000, 0x00000000e8000000)
  eden space 87424K, 100% used [0x00000000e0000000, 0x00000000e5560000, 0x00000000e5560000)
  from space 21824K,  10% used [0x00000000e6ab0000, 0x00000000e6cd8078, 0x00000000e8000000)
  to   space 21824K,   0% used [0x00000000e5560000, 0x00000000e5560000, 0x00000000e6ab0000)
 concurrent mark-sweep generation total 393216K, used 42263K [0x00000000e8000000, 0x0000000100000000, 0x0000000100000000)
 Metaspace       used 36754K, capacity 38256K, committed 38320K, reserved 1083392K
  class space    used 4460K, capacity 4768K, committed 4784K, reserved 1048576K
2019-01-31T10:24:58.620-0200: 4765.420: [GC (Allocation Failure) 2019-01-31T10:24:58.620-0200: 4765.420: [ParNew
Desired survivor size 20112992 bytes, new threshold 8 (max 8)
- age   1:     484544 bytes,     484544 total
- age   2:     219360 bytes,     703904 total
- age   3:     336792 bytes,    1040696 total
- age   4:     268888 bytes,    1309584 total
- age   5:     668608 bytes,    1978192 total
- age   6:        368 bytes,    1978560 total
- age   7:         16 bytes,    1978576 total
- age   8:       1184 bytes,    1979760 total
: 89632K->2371K(109248K), 0.0040185 secs] 131895K->44818K(502464K), 0.0041053 secs] [Times: user=0.00 sys=0.00, real=0.00 secs] 
Heap after GC invocations=36 (full 1):
 par new generation   total 109248K, used 2371K [0x00000000e0000000, 0x00000000e8000000, 0x00000000e8000000)
  eden space 87424K,   0% used [0x00000000e0000000, 0x00000000e0000000, 0x00000000e5560000)
  from space 21824K,  10% used [0x00000000e5560000, 0x00000000e57b0ec8, 0x00000000e6ab0000)
  to   space 21824K,   0% used [0x00000000e6ab0000, 0x00000000e6ab0000, 0x00000000e8000000)
 concurrent mark-sweep generation total 393216K, used 42446K [0x00000000e8000000, 0x0000000100000000, 0x0000000100000000)
 Metaspace       used 36754K, capacity 38256K, committed 38320K, reserved 1083392K
  class space    used 4460K, capacity 4768K, committed 4784K, reserved 1048576K
}
2019-01-31T10:24:58.624-0200: 4765.425: Total time for which application threads were stopped: 0.0043348 seconds, Stopping threads took: 0.0000364 seconds
2019-01-31T10:24:58.634-0200: 4765.435: Total time for which application threads were stopped: 0.0001022 seconds, Stopping threads took: 0.0000355 seconds
2019-01-31T10:24:58.635-0200: 4765.436: Total time for which application threads were stopped: 0.0000625 seconds, Stopping threads took: 0.0000201 seconds
2019-01-31T10:24:58.637-0200: 4765.438: Total time for which application threads were stopped: 0.0000774 seconds, Stopping threads took: 0.0000261 seconds
2019-01-31T10:24:58.637-0200: 4765.438: Total time for which application threads were stopped: 0.0000695 seconds, Stopping threads took: 0.0000257 seconds
2019-01-31T10:24:58.654-0200: 4765.455: Total time for which application threads were stopped: 0.0001367 seconds, Stopping threads took: 0.0000644 seconds
2019-01-31T10:24:58.835-0200: 4765.636: Total time for which application threads were stopped: 0.0001064 seconds, Stopping threads took: 0.0000331 seconds
2019-01-31T10:24:58.839-0200: 4765.640: Total time for which application threads were stopped: 0.0000914 seconds, Stopping threads took: 0.0000303 seconds
2019-01-31T10:24:58.839-0200: 4765.640: Total time for which application threads were stopped: 0.0000597 seconds, Stopping threads took: 0.0000191 seconds
2019-01-31T10:24:58.840-0200: 4765.640: Total time for which application threads were stopped: 0.0000597 seconds, Stopping threads took: 0.0000205 seconds
2019-01-31T10:24:58.956-0200: 4765.756: Total time for which application threads were stopped: 0.0001064 seconds, Stopping threads took: 0.0000443 seconds
2019-01-31T10:24:58.957-0200: 4765.758: Total time for which application threads were stopped: 0.0000560 seconds, Stopping threads took: 0.0000173 seconds
2019-01-31T10:24:58.957-0200: 4765.758: Total time for which application threads were stopped: 0.0000476 seconds, Stopping threads took: 0.0000149 seconds
2019-01-31T10:24:58.958-0200: 4765.758: Total time for which application threads were stopped: 0.0000471 seconds, Stopping threads took: 0.0000177 seconds
2019-01-31T10:24:58.958-0200: 4765.758: Total time for which application threads were stopped: 0.0000434 seconds, Stopping threads took: 0.0000145 seconds
2019-01-31T10:24:58.958-0200: 4765.758: Total time for which application threads were stopped: 0.0000429 seconds, Stopping threads took: 0.0000145 seconds
2019-01-31T10:24:58.958-0200: 4765.758: Total time for which application threads were stopped: 0.0000429 seconds, Stopping threads took: 0.0000145 seconds
2019-01-31T10:24:58.958-0200: 4765.758: Total time for which application threads were stopped: 0.0000490 seconds, Stopping threads took: 0.0000145 seconds
2019-01-31T10:24:58.958-0200: 4765.758: Total time for which application threads were stopped: 0.0000429 seconds, Stopping threads took: 0.0000140 seconds
2019-01-31T10:24:58.959-0200: 4765.760: Total time for which application threads were stopped: 0.0000807 seconds, Stopping threads took: 0.0000383 seconds
2019-01-31T10:24:58.959-0200: 4765.760: Total time for which application threads were stopped: 0.0000476 seconds, Stopping threads took: 0.0000177 seconds
2019-01-31T10:24:58.960-0200: 4765.760: Total time for which application threads were stopped: 0.0000518 seconds, Stopping threads took: 0.0000224 seconds
2019-01-31T10:24:58.960-0200: 4765.760: Total time for which application threads were stopped: 0.0000728 seconds, Stopping threads took: 0.0000401 seconds
2019-01-31T10:24:58.973-0200: 4765.773: Total time for which application threads were stopped: 0.0001171 seconds, Stopping threads took: 0.0000280 seconds
2019-01-31T10:24:58.973-0200: 4765.773: Total time for which application threads were stopped: 0.0000700 seconds, Stopping threads took: 0.0000331 seconds
2019-01-31T10:24:58.993-0200: 4765.794: Total time for which application threads were stopped: 0.0000905 seconds, Stopping threads took: 0.0000299 seconds
2019-01-31T10:24:58.993-0200: 4765.794: Total time for which application threads were stopped: 0.0000546 seconds, Stopping threads took: 0.0000182 seconds
2019-01-31T10:24:58.994-0200: 4765.795: Total time for which application threads were stopped: 0.0000527 seconds, Stopping threads took: 0.0000163 seconds
2019-01-31T10:24:58.997-0200: 4765.798: Total time for which application threads were stopped: 0.0001017 seconds, Stopping threads took: 0.0000462 seconds
2019-01-31T10:24:58.997-0200: 4765.798: Total time for which application threads were stopped: 0.0000550 seconds, Stopping threads took: 0.0000163 seconds
2019-01-31T10:24:58.997-0200: 4765.798: Total time for which application threads were stopped: 0.0000578 seconds, Stopping threads took: 0.0000187 seconds
2019-01-31T10:24:58.998-0200: 4765.798: Total time for which application threads were stopped: 0.0000718 seconds, Stopping threads took: 0.0000341 seconds
2019-01-31T10:24:58.999-0200: 4765.799: Total time for which application threads were stopped: 0.0000835 seconds, Stopping threads took: 0.0000257 seconds
2019-01-31T10:24:58.999-0200: 4765.799: Total time for which application threads were stopped: 0.0000858 seconds, Stopping threads took: 0.0000261 seconds
2019-01-31T10:24:59.066-0200: 4765.867: Total time for which application threads were stopped: 0.0000970 seconds, Stopping threads took: 0.0000289 seconds
{Heap before GC invocations=36 (full 1):
 par new generation   total 109248K, used 89795K [0x00000000e0000000, 0x00000000e8000000, 0x00000000e8000000)
  eden space 87424K, 100% used [0x00000000e0000000, 0x00000000e5560000, 0x00000000e5560000)
  from space 21824K,  10% used [0x00000000e5560000, 0x00000000e57b0ec8, 0x00000000e6ab0000)
  to   space 21824K,   0% used [0x00000000e6ab0000, 0x00000000e6ab0000, 0x00000000e8000000)
 concurrent mark-sweep generation total 393216K, used 42446K [0x00000000e8000000, 0x0000000100000000, 0x0000000100000000)
 Metaspace       used 36769K, capacity 38256K, committed 38320K, reserved 1083392K
  class space    used 4460K, capacity 4768K, committed 4784K, reserved 1048576K
2019-01-31T10:24:59.151-0200: 4765.951: [GC (Allocation Failure) 2019-01-31T10:24:59.151-0200: 4765.951: [ParNew
Desired survivor size 20112992 bytes, new threshold 8 (max 8)
- age   1:     952736 bytes,     952736 total
- age   4:       2232 bytes,     954968 total
- age   5:        912 bytes,     955880 total
- age   6:     184968 bytes,    1140848 total
- age   7:        368 bytes,    1141216 total
- age   8:         16 bytes,    1141232 total
: 89795K->1723K(109248K), 0.0035973 secs] 132242K->44171K(502464K), 0.0036845 secs] [Times: user=0.00 sys=0.00, real=0.00 secs] 
Heap after GC invocations=37 (full 1):
 par new generation   total 109248K, used 1723K [0x00000000e0000000, 0x00000000e8000000, 0x00000000e8000000)
  eden space 87424K,   0% used [0x00000000e0000000, 0x00000000e0000000, 0x00000000e5560000)
  from space 21824K,   7% used [0x00000000e6ab0000, 0x00000000e6c5eef0, 0x00000000e8000000)
  to   space 21824K,   0% used [0x00000000e5560000, 0x00000000e5560000, 0x00000000e6ab0000)
 concurrent mark-sweep generation total 393216K, used 42447K [0x00000000e8000000, 0x0000000100000000, 0x0000000100000000)
 Metaspace       used 36769K, capacity 38256K, committed 38320K, reserved 1083392K
  class space    used 4460K, capacity 4768K, committed 4784K, reserved 1048576K
}
2019-01-31T10:24:59.154-0200: 4765.955: Total time for which application threads were stopped: 0.0039145 seconds, Stopping threads took: 0.0000341 seconds
{Heap before GC invocations=37 (full 1):
 par new generation   total 109248K, used 89147K [0x00000000e0000000, 0x00000000e8000000, 0x00000000e8000000)
  eden space 87424K, 100% used [0x00000000e0000000, 0x00000000e5560000, 0x00000000e5560000)
  from space 21824K,   7% used [0x00000000e6ab0000, 0x00000000e6c5eef0, 0x00000000e8000000)
  to   space 21824K,   0% used [0x00000000e5560000, 0x00000000e5560000, 0x00000000e6ab0000)
 concurrent mark-sweep generation total 393216K, used 42447K [0x00000000e8000000, 0x0000000100000000, 0x0000000100000000)
 Metaspace       used 36774K, capacity 38256K, committed 38320K, reserved 1083392K
  class space    used 4460K, capacity 4768K, committed 4784K, reserved 1048576K
2019-01-31T10:24:59.237-0200: 4766.038: [GC (Allocation Failure) 2019-01-31T10:24:59.237-0200: 4766.038: [ParNew
Desired survivor size 20112992 bytes, new threshold 8 (max 8)
- age   1:     549872 bytes,     549872 total
- age   2:     779328 bytes,    1329200 total
- age   5:       2232 bytes,    1331432 total
- age   6:        912 bytes,    1332344 total
- age   7:     184056 bytes,    1516400 total
- age   8:        368 bytes,    1516768 total
: 89147K->1731K(109248K), 0.0046292 secs] 131595K->44178K(502464K), 0.0047211 secs] [Times: user=0.00 sys=0.00, real=0.01 secs] 
Heap after GC invocations=38 (full 1):
 par new generation   total 109248K, used 1731K [0x00000000e0000000, 0x00000000e8000000, 0x00000000e8000000)
  eden space 87424K,   0% used [0x00000000e0000000, 0x00000000e0000000, 0x00000000e5560000)
  from space 21824K,   7% used [0x00000000e5560000, 0x00000000e5710d80, 0x00000000e6ab0000)
  to   space 21824K,   0% used [0x00000000e6ab0000, 0x00000000e6ab0000, 0x00000000e8000000)
 concurrent mark-sweep generation total 393216K, used 42447K [0x00000000e8000000, 0x0000000100000000, 0x0000000100000000)
 Metaspace       used 36774K, capacity 38256K, committed 38320K, reserved 1083392K
  class space    used 4460K, capacity 4768K, committed 4784K, reserved 1048576K
}
2019-01-31T10:24:59.242-0200: 4766.042: Total time for which application threads were stopped: 0.0049642 seconds, Stopping threads took: 0.0000383 seconds
{Heap before GC invocations=38 (full 1):
 par new generation   total 109248K, used 89155K [0x00000000e0000000, 0x00000000e8000000, 0x00000000e8000000)
  eden space 87424K, 100% used [0x00000000e0000000, 0x00000000e5560000, 0x00000000e5560000)
  from space 21824K,   7% used [0x00000000e5560000, 0x00000000e5710d80, 0x00000000e6ab0000)
  to   space 21824K,   0% used [0x00000000e6ab0000, 0x00000000e6ab0000, 0x00000000e8000000)
 concurrent mark-sweep generation total 393216K, used 42447K [0x00000000e8000000, 0x0000000100000000, 0x0000000100000000)
 Metaspace       used 36781K, capacity 38256K, committed 38320K, reserved 1083392K
  class space    used 4460K, capacity 4768K, committed 4784K, reserved 1048576K
2019-01-31T10:24:59.324-0200: 4766.125: [GC (Allocation Failure) 2019-01-31T10:24:59.324-0200: 4766.125: [ParNew
Desired survivor size 20112992 bytes, new threshold 8 (max 8)
- age   1:     500352 bytes,     500352 total
- age   2:     346424 bytes,     846776 total
- age   3:     779136 bytes,    1625912 total
- age   6:       2232 bytes,    1628144 total
- age   7:        912 bytes,    1629056 total
- age   8:     184056 bytes,    1813112 total
: 89155K->2088K(109248K), 0.0042019 secs] 131602K->44536K(502464K), 0.0042877 secs] [Times: user=0.00 sys=0.00, real=0.00 secs] 
Heap after GC invocations=39 (full 1):
 par new generation   total 109248K, used 2088K [0x00000000e0000000, 0x00000000e8000000, 0x00000000e8000000)
  eden space 87424K,   0% used [0x00000000e0000000, 0x00000000e0000000, 0x00000000e5560000)
  from space 21824K,   9% used [0x00000000e6ab0000, 0x00000000e6cba3b0, 0x00000000e8000000)
  to   space 21824K,   0% used [0x00000000e5560000, 0x00000000e5560000, 0x00000000e6ab0000)
 concurrent mark-sweep generation total 393216K, used 42447K [0x00000000e8000000, 0x0000000100000000, 0x0000000100000000)
 Metaspace       used 36781K, capacity 38256K, committed 38320K, reserved 1083392K
  class space    used 4460K, capacity 4768K, committed 4784K, reserved 1048576K
}
2019-01-31T10:24:59.328-0200: 4766.129: Total time for which application threads were stopped: 0.0045261 seconds, Stopping threads took: 0.0000355 seconds
{Heap before GC invocations=39 (full 1):
 par new generation   total 109248K, used 89512K [0x00000000e0000000, 0x00000000e8000000, 0x00000000e8000000)
  eden space 87424K, 100% used [0x00000000e0000000, 0x00000000e5560000, 0x00000000e5560000)
  from space 21824K,   9% used [0x00000000e6ab0000, 0x00000000e6cba3b0, 0x00000000e8000000)
  to   space 21824K,   0% used [0x00000000e5560000, 0x00000000e5560000, 0x00000000e6ab0000)
 concurrent mark-sweep generation total 393216K, used 42447K [0x00000000e8000000, 0x0000000100000000, 0x0000000100000000)
 Metaspace       used 36794K, capacity 38256K, committed 38320K, reserved 1083392K
  class space    used 4460K, capacity 4768K, committed 4784K, reserved 1048576K
2019-01-31T10:24:59.409-0200: 4766.209: [GC (Allocation Failure) 2019-01-31T10:24:59.409-0200: 4766.209: [ParNew
Desired survivor size 20112992 bytes, new threshold 8 (max 8)
- age   1:     475296 bytes,     475296 total
- age   2:     246800 bytes,     722096 total
- age   3:     345336 bytes,    1067432 total
- age   4:     779080 bytes,    1846512 total
- age   7:       2232 bytes,    1848744 total
- age   8:        912 bytes,    1849656 total
: 89512K->1980K(109248K), 0.0040279 secs] 131960K->44609K(502464K), 0.0041314 secs] [Times: user=0.00 sys=0.00, real=0.00 secs] 
Heap after GC invocations=40 (full 1):
 par new generation   total 109248K, used 1980K [0x00000000e0000000, 0x00000000e8000000, 0x00000000e8000000)
  eden space 87424K,   0% used [0x00000000e0000000, 0x00000000e0000000, 0x00000000e5560000)
  from space 21824K,   9% used [0x00000000e5560000, 0x00000000e574f388, 0x00000000e6ab0000)
  to   space 21824K,   0% used [0x00000000e6ab0000, 0x00000000e6ab0000, 0x00000000e8000000)
 concurrent mark-sweep generation total 393216K, used 42628K [0x00000000e8000000, 0x0000000100000000, 0x0000000100000000)
 Metaspace       used 36794K, capacity 38256K, committed 38320K, reserved 1083392K
  class space    used 4460K, capacity 4768K, committed 4784K, reserved 1048576K
}
2019-01-31T10:24:59.413-0200: 4766.213: Total time for which application threads were stopped: 0.0043768 seconds, Stopping threads took: 0.0000467 seconds
2019-01-31T10:24:59.455-0200: 4766.256: Total time for which application threads were stopped: 0.0001026 seconds, Stopping threads took: 0.0000280 seconds
2019-01-31T10:24:59.456-0200: 4766.256: Total time for which application threads were stopped: 0.0000564 seconds, Stopping threads took: 0.0000159 seconds
2019-01-31T10:24:59.458-0200: 4766.258: Total time for which application threads were stopped: 0.0000863 seconds, Stopping threads took: 0.0000299 seconds
2019-01-31T10:24:59.458-0200: 4766.258: Total time for which application threads were stopped: 0.0000625 seconds, Stopping threads took: 0.0000163 seconds
2019-01-31T10:24:59.474-0200: 4766.276: Total time for which application threads were stopped: 0.0001152 seconds, Stopping threads took: 0.0000397 seconds
2019-01-31T10:24:59.730-0200: 4766.530: Total time for which application threads were stopped: 0.0001059 seconds, Stopping threads took: 0.0000327 seconds
2019-01-31T10:24:59.735-0200: 4766.535: Total time for which application threads were stopped: 0.0003140 seconds, Stopping threads took: 0.0000928 seconds
2019-01-31T10:24:59.735-0200: 4766.535: Total time for which application threads were stopped: 0.0000914 seconds, Stopping threads took: 0.0000476 seconds
2019-01-31T10:24:59.735-0200: 4766.535: Total time for which application threads were stopped: 0.0001269 seconds, Stopping threads took: 0.0000816 seconds
2019-01-31T10:24:59.844-0200: 4766.645: Total time for which application threads were stopped: 0.0000914 seconds, Stopping threads took: 0.0000308 seconds
2019-01-31T10:24:59.846-0200: 4766.646: Total time for which application threads were stopped: 0.0000508 seconds, Stopping threads took: 0.0000163 seconds
2019-01-31T10:24:59.846-0200: 4766.647: Total time for which application threads were stopped: 0.0000471 seconds, Stopping threads took: 0.0000149 seconds
2019-01-31T10:24:59.846-0200: 4766.647: Total time for which application threads were stopped: 0.0000583 seconds, Stopping threads took: 0.0000201 seconds
2019-01-31T10:24:59.846-0200: 4766.647: Total time for which application threads were stopped: 0.0000588 seconds, Stopping threads took: 0.0000215 seconds
2019-01-31T10:24:59.846-0200: 4766.647: Total time for which application threads were stopped: 0.0000546 seconds, Stopping threads took: 0.0000205 seconds
2019-01-31T10:24:59.846-0200: 4766.647: Total time for which application threads were stopped: 0.0000546 seconds, Stopping threads took: 0.0000205 seconds
2019-01-31T10:24:59.846-0200: 4766.647: Total time for which application threads were stopped: 0.0000499 seconds, Stopping threads took: 0.0000163 seconds
2019-01-31T10:24:59.847-0200: 4766.647: Total time for which application threads were stopped: 0.0000518 seconds, Stopping threads took: 0.0000163 seconds
2019-01-31T10:24:59.848-0200: 4766.649: Total time for which application threads were stopped: 0.0000597 seconds, Stopping threads took: 0.0000215 seconds
2019-01-31T10:24:59.848-0200: 4766.649: Total time for which application threads were stopped: 0.0000518 seconds, Stopping threads took: 0.0000168 seconds
2019-01-31T10:24:59.848-0200: 4766.649: Total time for which application threads were stopped: 0.0000485 seconds, Stopping threads took: 0.0000163 seconds
2019-01-31T10:24:59.848-0200: 4766.649: Total time for which application threads were stopped: 0.0000481 seconds, Stopping threads took: 0.0000163 seconds
2019-01-31T10:24:59.861-0200: 4766.662: Total time for which application threads were stopped: 0.0001138 seconds, Stopping threads took: 0.0000336 seconds
2019-01-31T10:24:59.861-0200: 4766.662: Total time for which application threads were stopped: 0.0000690 seconds, Stopping threads took: 0.0000308 seconds
2019-01-31T10:24:59.876-0200: 4766.676: Total time for which application threads were stopped: 0.0001120 seconds, Stopping threads took: 0.0000406 seconds
2019-01-31T10:24:59.876-0200: 4766.676: Total time for which application threads were stopped: 0.0000625 seconds, Stopping threads took: 0.0000289 seconds
2019-01-31T10:24:59.877-0200: 4766.677: Total time for which application threads were stopped: 0.0000555 seconds, Stopping threads took: 0.0000205 seconds
2019-01-31T10:24:59.879-0200: 4766.679: Total time for which application threads were stopped: 0.0000751 seconds, Stopping threads took: 0.0000257 seconds
2019-01-31T10:24:59.879-0200: 4766.679: Total time for which application threads were stopped: 0.0000732 seconds, Stopping threads took: 0.0000271 seconds
2019-01-31T10:24:59.879-0200: 4766.680: Total time for which application threads were stopped: 0.0001045 seconds, Stopping threads took: 0.0000606 seconds
2019-01-31T10:24:59.879-0200: 4766.680: Total time for which application threads were stopped: 0.0001236 seconds, Stopping threads took: 0.0000844 seconds
2019-01-31T10:24:59.880-0200: 4766.680: Total time for which application threads were stopped: 0.0000532 seconds, Stopping threads took: 0.0000196 seconds
2019-01-31T10:24:59.880-0200: 4766.681: Total time for which application threads were stopped: 0.0001218 seconds, Stopping threads took: 0.0000765 seconds
2019-01-31T10:24:59.881-0200: 4766.681: Total time for which application threads were stopped: 0.0001637 seconds, Stopping threads took: 0.0000397 seconds
2019-01-31T10:24:59.881-0200: 4766.682: Total time for which application threads were stopped: 0.0001353 seconds, Stopping threads took: 0.0000550 seconds
2019-01-31T10:24:59.882-0200: 4766.682: Total time for which application threads were stopped: 0.0001026 seconds, Stopping threads took: 0.0000499 seconds
2019-01-31T10:24:59.907-0200: 4766.708: Total time for which application threads were stopped: 0.0001134 seconds, Stopping threads took: 0.0000378 seconds
2019-01-31T10:24:59.958-0200: 4766.758: Total time for which application threads were stopped: 0.0001040 seconds, Stopping threads took: 0.0000317 seconds
2019-01-31T10:24:59.959-0200: 4766.759: Total time for which application threads were stopped: 0.0000718 seconds, Stopping threads took: 0.0000210 seconds
2019-01-31T10:24:59.960-0200: 4766.760: Total time for which application threads were stopped: 0.0000975 seconds, Stopping threads took: 0.0000271 seconds
2019-01-31T10:24:59.960-0200: 4766.760: Total time for which application threads were stopped: 0.0000611 seconds, Stopping threads took: 0.0000173 seconds
2019-01-31T10:24:59.966-0200: 4766.766: Total time for which application threads were stopped: 0.0001847 seconds, Stopping threads took: 0.0000975 seconds
2019-01-31T10:25:00.159-0200: 4766.960: Total time for which application threads were stopped: 0.0001092 seconds, Stopping threads took: 0.0000280 seconds
2019-01-31T10:25:00.164-0200: 4766.965: Total time for which application threads were stopped: 0.0001120 seconds, Stopping threads took: 0.0000369 seconds
2019-01-31T10:25:00.164-0200: 4766.965: Total time for which application threads were stopped: 0.0000690 seconds, Stopping threads took: 0.0000257 seconds
2019-01-31T10:25:00.164-0200: 4766.965: Total time for which application threads were stopped: 0.0001157 seconds, Stopping threads took: 0.0000704 seconds
2019-01-31T10:25:00.164-0200: 4766.966: Total time for which application threads were stopped: 0.0002137 seconds, Stopping threads took: 0.0000233 seconds
2019-01-31T10:25:00.164-0200: 4766.966: Total time for which application threads were stopped: 0.0000569 seconds, Stopping threads took: 0.0000215 seconds
2019-01-31T10:25:00.166-0200: 4766.967: Total time for which application threads were stopped: 0.0003004 seconds, Stopping threads took: 0.0000443 seconds
2019-01-31T10:25:01.167-0200: 4767.967: Total time for which application threads were stopped: 0.0001031 seconds, Stopping threads took: 0.0000317 seconds
2019-01-31T10:25:10.192-0200: 4776.992: Total time for which application threads were stopped: 0.0001502 seconds, Stopping threads took: 0.0000490 seconds
2019-01-31T10:26:50.357-0200: 4877.158: Total time for which application threads were stopped: 0.0001306 seconds, Stopping threads took: 0.0000471 seconds
2019-01-31T10:34:09.640-0200: 5316.441: Total time for which application threads were stopped: 0.0001586 seconds, Stopping threads took: 0.0000550 seconds
2019-01-31T10:47:21.618-0200: 6108.418: Total time for which application threads were stopped: 0.0002533 seconds, Stopping threads took: 0.0000905 seconds
2019-01-31T10:55:05.644-0200: 6572.445: Total time for which application threads were stopped: 0.0001759 seconds, Stopping threads took: 0.0000840 seconds
2019-01-31T10:55:05.644-0200: 6572.445: Total time for which application threads were stopped: 0.0000704 seconds, Stopping threads took: 0.0000303 seconds
2019-01-31T10:55:05.644-0200: 6572.445: Total time for which application threads were stopped: 0.0000980 seconds, Stopping threads took: 0.0000518 seconds
2019-01-31T10:55:05.644-0200: 6572.445: Total time for which application threads were stopped: 0.0000975 seconds, Stopping threads took: 0.0000522 seconds
{Heap before GC invocations=40 (full 1):
 par new generation   total 109248K, used 89404K [0x00000000e0000000, 0x00000000e8000000, 0x00000000e8000000)
  eden space 87424K, 100% used [0x00000000e0000000, 0x00000000e5560000, 0x00000000e5560000)
  from space 21824K,   9% used [0x00000000e5560000, 0x00000000e574f388, 0x00000000e6ab0000)
  to   space 21824K,   0% used [0x00000000e6ab0000, 0x00000000e6ab0000, 0x00000000e8000000)
 concurrent mark-sweep generation total 393216K, used 42628K [0x00000000e8000000, 0x0000000100000000, 0x0000000100000000)
 Metaspace       used 37152K, capacity 38678K, committed 38960K, reserved 1083392K
  class space    used 4499K, capacity 4801K, committed 4912K, reserved 1048576K
2019-01-31T10:55:06.001-0200: 6572.802: [GC (Allocation Failure) 2019-01-31T10:55:06.001-0200: 6572.803: [ParNew
Desired survivor size 20112992 bytes, new threshold 8 (max 8)
- age   1:    2540432 bytes,    2540432 total
- age   2:        656 bytes,    2541088 total
- age   3:        776 bytes,    2541864 total
- age   4:        432 bytes,    2542296 total
- age   5:     182824 bytes,    2725120 total
- age   8:       2232 bytes,    2727352 total
: 89404K->2882K(109248K), 0.0055776 secs] 132033K->45512K(502464K), 0.0057502 secs] [Times: user=0.02 sys=0.00, real=0.01 secs] 
Heap after GC invocations=41 (full 1):
 par new generation   total 109248K, used 2882K [0x00000000e0000000, 0x00000000e8000000, 0x00000000e8000000)
  eden space 87424K,   0% used [0x00000000e0000000, 0x00000000e0000000, 0x00000000e5560000)
  from space 21824K,  13% used [0x00000000e6ab0000, 0x00000000e6d80a30, 0x00000000e8000000)
  to   space 21824K,   0% used [0x00000000e5560000, 0x00000000e5560000, 0x00000000e6ab0000)
 concurrent mark-sweep generation total 393216K, used 42629K [0x00000000e8000000, 0x0000000100000000, 0x0000000100000000)
 Metaspace       used 37152K, capacity 38678K, committed 38960K, reserved 1083392K
  class space    used 4499K, capacity 4801K, committed 4912K, reserved 1048576K
}
2019-01-31T10:55:06.008-0200: 6572.808: Total time for which application threads were stopped: 0.0059849 seconds, Stopping threads took: 0.0000308 seconds
{Heap before GC invocations=41 (full 1):
 par new generation   total 109248K, used 90306K [0x00000000e0000000, 0x00000000e8000000, 0x00000000e8000000)
  eden space 87424K, 100% used [0x00000000e0000000, 0x00000000e5560000, 0x00000000e5560000)
  from space 21824K,  13% used [0x00000000e6ab0000, 0x00000000e6d80a30, 0x00000000e8000000)
  to   space 21824K,   0% used [0x00000000e5560000, 0x00000000e5560000, 0x00000000e6ab0000)
 concurrent mark-sweep generation total 393216K, used 42629K [0x00000000e8000000, 0x0000000100000000, 0x0000000100000000)
 Metaspace       used 37555K, capacity 39070K, committed 39216K, reserved 1083392K
  class space    used 4549K, capacity 4869K, committed 4912K, reserved 1048576K
2019-01-31T10:55:06.230-0200: 6573.031: [GC (Allocation Failure) 2019-01-31T10:55:06.230-0200: 6573.031: [ParNew
Desired survivor size 20112992 bytes, new threshold 8 (max 8)
- age   1:    1067456 bytes,    1067456 total
- age   2:    2305544 bytes,    3373000 total
- age   3:        656 bytes,    3373656 total
- age   4:        776 bytes,    3374432 total
- age   5:        432 bytes,    3374864 total
- age   6:     181912 bytes,    3556776 total
: 90306K->3982K(109248K), 0.0035446 secs] 132936K->46614K(502464K), 0.0036337 secs] [Times: user=0.00 sys=0.00, real=0.00 secs] 
Heap after GC invocations=42 (full 1):
 par new generation   total 109248K, used 3982K [0x00000000e0000000, 0x00000000e8000000, 0x00000000e8000000)
  eden space 87424K,   0% used [0x00000000e0000000, 0x00000000e0000000, 0x00000000e5560000)
  from space 21824K,  18% used [0x00000000e5560000, 0x00000000e59439a0, 0x00000000e6ab0000)
  to   space 21824K,   0% used [0x00000000e6ab0000, 0x00000000e6ab0000, 0x00000000e8000000)
 concurrent mark-sweep generation total 393216K, used 42632K [0x00000000e8000000, 0x0000000100000000, 0x0000000100000000)
 Metaspace       used 37555K, capacity 39070K, committed 39216K, reserved 1083392K
  class space    used 4549K, capacity 4869K, committed 4912K, reserved 1048576K
}
2019-01-31T10:55:06.234-0200: 6573.034: Total time for which application threads were stopped: 0.0038860 seconds, Stopping threads took: 0.0000401 seconds
2019-01-31T10:55:07.234-0200: 6574.035: Total time for which application threads were stopped: 0.0001208 seconds, Stopping threads took: 0.0000359 seconds
2019-01-31T10:56:47.085-0200: 6673.886: Total time for which application threads were stopped: 0.0001838 seconds, Stopping threads took: 0.0000718 seconds
2019-01-31T10:58:49.606-0200: 6796.407: Total time for which application threads were stopped: 0.0001297 seconds, Stopping threads took: 0.0000476 seconds
2019-01-31T10:58:49.606-0200: 6796.407: Total time for which application threads were stopped: 0.0000984 seconds, Stopping threads took: 0.0000462 seconds
2019-01-31T10:58:49.606-0200: 6796.407: Total time for which application threads were stopped: 0.0000798 seconds, Stopping threads took: 0.0000341 seconds
2019-01-31T10:58:49.607-0200: 6796.407: Total time for which application threads were stopped: 0.0000681 seconds, Stopping threads took: 0.0000303 seconds
2019-01-31T10:58:49.616-0200: 6796.416: Total time for which application threads were stopped: 0.0001199 seconds, Stopping threads took: 0.0000322 seconds
{Heap before GC invocations=42 (full 1):
 par new generation   total 109248K, used 91406K [0x00000000e0000000, 0x00000000e8000000, 0x00000000e8000000)
  eden space 87424K, 100% used [0x00000000e0000000, 0x00000000e5560000, 0x00000000e5560000)
  from space 21824K,  18% used [0x00000000e5560000, 0x00000000e59439a0, 0x00000000e6ab0000)
  to   space 21824K,   0% used [0x00000000e6ab0000, 0x00000000e6ab0000, 0x00000000e8000000)
 concurrent mark-sweep generation total 393216K, used 42632K [0x00000000e8000000, 0x0000000100000000, 0x0000000100000000)
 Metaspace       used 37590K, capacity 39070K, committed 39216K, reserved 1083392K
  class space    used 4552K, capacity 4869K, committed 4912K, reserved 1048576K
2019-01-31T10:58:49.683-0200: 6796.484: [GC (Allocation Failure) 2019-01-31T10:58:49.683-0200: 6796.484: [ParNew
Desired survivor size 20112992 bytes, new threshold 8 (max 8)
- age   1:     682464 bytes,     682464 total
- age   2:      39408 bytes,     721872 total
- age   3:    2270048 bytes,    2991920 total
- age   4:        656 bytes,    2992576 total
- age   5:        776 bytes,    2993352 total
- age   6:        432 bytes,    2993784 total
- age   7:     181912 bytes,    3175696 total
: 91406K->4068K(109248K), 0.0032866 secs] 134038K->46700K(502464K), 0.0033911 secs] [Times: user=0.00 sys=0.00, real=0.00 secs] 
Heap after GC invocations=43 (full 1):
 par new generation   total 109248K, used 4068K [0x00000000e0000000, 0x00000000e8000000, 0x00000000e8000000)
  eden space 87424K,   0% used [0x00000000e0000000, 0x00000000e0000000, 0x00000000e5560000)
  from space 21824K,  18% used [0x00000000e6ab0000, 0x00000000e6ea9178, 0x00000000e8000000)
  to   space 21824K,   0% used [0x00000000e5560000, 0x00000000e5560000, 0x00000000e6ab0000)
 concurrent mark-sweep generation total 393216K, used 42632K [0x00000000e8000000, 0x0000000100000000, 0x0000000100000000)
 Metaspace       used 37590K, capacity 39070K, committed 39216K, reserved 1083392K
  class space    used 4552K, capacity 4869K, committed 4912K, reserved 1048576K
}
2019-01-31T10:58:49.687-0200: 6796.487: Total time for which application threads were stopped: 0.0036313 seconds, Stopping threads took: 0.0000322 seconds
2019-01-31T10:58:49.776-0200: 6796.576: Total time for which application threads were stopped: 0.0001176 seconds, Stopping threads took: 0.0000387 seconds
2019-01-31T10:58:50.776-0200: 6797.577: Total time for which application threads were stopped: 0.0001157 seconds, Stopping threads took: 0.0000411 seconds
2019-01-31T10:59:56.010-0200: 6862.812: Total time for which application threads were stopped: 0.0001031 seconds, Stopping threads took: 0.0000303 seconds
2019-01-31T10:59:56.012-0200: 6862.813: Total time for which application threads were stopped: 0.0000756 seconds, Stopping threads took: 0.0000224 seconds
2019-01-31T10:59:56.013-0200: 6862.815: Total time for which application threads were stopped: 0.0000891 seconds, Stopping threads took: 0.0000373 seconds
2019-01-31T10:59:56.014-0200: 6862.815: Total time for which application threads were stopped: 0.0000947 seconds, Stopping threads took: 0.0000229 seconds
2019-01-31T10:59:56.014-0200: 6862.815: Total time for which application threads were stopped: 0.0000751 seconds, Stopping threads took: 0.0000261 seconds
2019-01-31T10:59:56.014-0200: 6862.815: Total time for which application threads were stopped: 0.0000681 seconds, Stopping threads took: 0.0000219 seconds
{Heap before GC invocations=43 (full 1):
 par new generation   total 109248K, used 91492K [0x00000000e0000000, 0x00000000e8000000, 0x00000000e8000000)
  eden space 87424K, 100% used [0x00000000e0000000, 0x00000000e5560000, 0x00000000e5560000)
  from space 21824K,  18% used [0x00000000e6ab0000, 0x00000000e6ea9178, 0x00000000e8000000)
  to   space 21824K,   0% used [0x00000000e5560000, 0x00000000e5560000, 0x00000000e6ab0000)
 concurrent mark-sweep generation total 393216K, used 42632K [0x00000000e8000000, 0x0000000100000000, 0x0000000100000000)
 Metaspace       used 37643K, capacity 39134K, committed 39216K, reserved 1083392K
  class space    used 4555K, capacity 4869K, committed 4912K, reserved 1048576K
2019-01-31T10:59:56.033-0200: 6862.834: [GC (Allocation Failure) 2019-01-31T10:59:56.033-0200: 6862.834: [ParNew
Desired survivor size 20112992 bytes, new threshold 8 (max 8)
- age   1:     801496 bytes,     801496 total
- age   2:     337776 bytes,    1139272 total
- age   3:      39408 bytes,    1178680 total
- age   4:    2270000 bytes,    3448680 total
- age   5:        656 bytes,    3449336 total
- age   6:        776 bytes,    3450112 total
- age   7:        432 bytes,    3450544 total
- age   8:     181912 bytes,    3632456 total
: 91492K->4334K(109248K), 0.0054815 secs] 134124K->46967K(502464K), 0.0055837 secs] [Times: user=0.00 sys=0.00, real=0.01 secs] 
Heap after GC invocations=44 (full 1):
 par new generation   total 109248K, used 4334K [0x00000000e0000000, 0x00000000e8000000, 0x00000000e8000000)
  eden space 87424K,   0% used [0x00000000e0000000, 0x00000000e0000000, 0x00000000e5560000)
  from space 21824K,  19% used [0x00000000e5560000, 0x00000000e599bbd0, 0x00000000e6ab0000)
  to   space 21824K,   0% used [0x00000000e6ab0000, 0x00000000e6ab0000, 0x00000000e8000000)
 concurrent mark-sweep generation total 393216K, used 42632K [0x00000000e8000000, 0x0000000100000000, 0x0000000100000000)
 Metaspace       used 37643K, capacity 39134K, committed 39216K, reserved 1083392K
  class space    used 4555K, capacity 4869K, committed 4912K, reserved 1048576K
}
2019-01-31T10:59:56.038-0200: 6862.839: Total time for which application threads were stopped: 0.0058202 seconds, Stopping threads took: 0.0000364 seconds
{Heap before GC invocations=44 (full 1):
 par new generation   total 109248K, used 91758K [0x00000000e0000000, 0x00000000e8000000, 0x00000000e8000000)
  eden space 87424K, 100% used [0x00000000e0000000, 0x00000000e5560000, 0x00000000e5560000)
  from space 21824K,  19% used [0x00000000e5560000, 0x00000000e599bbd0, 0x00000000e6ab0000)
  to   space 21824K,   0% used [0x00000000e6ab0000, 0x00000000e6ab0000, 0x00000000e8000000)
 concurrent mark-sweep generation total 393216K, used 42632K [0x00000000e8000000, 0x0000000100000000, 0x0000000100000000)
 Metaspace       used 37662K, capacity 39134K, committed 39216K, reserved 1083392K
  class space    used 4555K, capacity 4869K, committed 4912K, reserved 1048576K
2019-01-31T10:59:56.142-0200: 6862.943: [GC (Allocation Failure) 2019-01-31T10:59:56.142-0200: 6862.943: [ParNew
Desired survivor size 20112992 bytes, new threshold 8 (max 8)
- age   1:     999944 bytes,     999944 total
- age   2:     392280 bytes,    1392224 total
- age   3:     337776 bytes,    1730000 total
- age   4:      39408 bytes,    1769408 total
- age   5:    2270000 bytes,    4039408 total
- age   6:        656 bytes,    4040064 total
- age   7:        776 bytes,    4040840 total
- age   8:        432 bytes,    4041272 total
: 91758K->4525K(109248K), 0.0038996 secs] 134391K->47336K(502464K), 0.0039971 secs] [Times: user=0.00 sys=0.00, real=0.00 secs] 
Heap after GC invocations=45 (full 1):
 par new generation   total 109248K, used 4525K [0x00000000e0000000, 0x00000000e8000000, 0x00000000e8000000)
  eden space 87424K,   0% used [0x00000000e0000000, 0x00000000e0000000, 0x00000000e5560000)
  from space 21824K,  20% used [0x00000000e6ab0000, 0x00000000e6f1b6f8, 0x00000000e8000000)
  to   space 21824K,   0% used [0x00000000e5560000, 0x00000000e5560000, 0x00000000e6ab0000)
 concurrent mark-sweep generation total 393216K, used 42810K [0x00000000e8000000, 0x0000000100000000, 0x0000000100000000)
 Metaspace       used 37662K, capacity 39134K, committed 39216K, reserved 1083392K
  class space    used 4555K, capacity 4869K, committed 4912K, reserved 1048576K
}
2019-01-31T10:59:56.146-0200: 6862.947: Total time for which application threads were stopped: 0.0042317 seconds, Stopping threads took: 0.0000317 seconds
{Heap before GC invocations=45 (full 1):
 par new generation   total 109248K, used 91949K [0x00000000e0000000, 0x00000000e8000000, 0x00000000e8000000)
  eden space 87424K, 100% used [0x00000000e0000000, 0x00000000e5560000, 0x00000000e5560000)
  from space 21824K,  20% used [0x00000000e6ab0000, 0x00000000e6f1b6f8, 0x00000000e8000000)
  to   space 21824K,   0% used [0x00000000e5560000, 0x00000000e5560000, 0x00000000e6ab0000)
 concurrent mark-sweep generation total 393216K, used 42810K [0x00000000e8000000, 0x0000000100000000, 0x0000000100000000)
 Metaspace       used 37667K, capacity 39134K, committed 39216K, reserved 1083392K
  class space    used 4555K, capacity 4869K, committed 4912K, reserved 1048576K
2019-01-31T10:59:56.221-0200: 6863.023: [GC (Allocation Failure) 2019-01-31T10:59:56.222-0200: 6863.023: [ParNew
Desired survivor size 20112992 bytes, new threshold 8 (max 8)
- age   1:     807848 bytes,     807848 total
- age   2:     901056 bytes,    1708904 total
- age   3:     392232 bytes,    2101136 total
- age   4:     337776 bytes,    2438912 total
- age   5:      39408 bytes,    2478320 total
- age   6:    2270000 bytes,    4748320 total
- age   7:        656 bytes,    4748976 total
- age   8:        776 bytes,    4749752 total
: 91949K->5341K(109248K), 0.0039672 secs] 134760K->48152K(502464K), 0.0040708 secs] [Times: user=0.00 sys=0.00, real=0.01 secs] 
Heap after GC invocations=46 (full 1):
 par new generation   total 109248K, used 5341K [0x00000000e0000000, 0x00000000e8000000, 0x00000000e8000000)
  eden space 87424K,   0% used [0x00000000e0000000, 0x00000000e0000000, 0x00000000e5560000)
  from space 21824K,  24% used [0x00000000e5560000, 0x00000000e5a97500, 0x00000000e6ab0000)
  to   space 21824K,   0% used [0x00000000e6ab0000, 0x00000000e6ab0000, 0x00000000e8000000)
 concurrent mark-sweep generation total 393216K, used 42811K [0x00000000e8000000, 0x0000000100000000, 0x0000000100000000)
 Metaspace       used 37667K, capacity 39134K, committed 39216K, reserved 1083392K
  class space    used 4555K, capacity 4869K, committed 4912K, reserved 1048576K
}
2019-01-31T10:59:56.226-0200: 6863.027: Total time for which application threads were stopped: 0.0043054 seconds, Stopping threads took: 0.0000383 seconds
{Heap before GC invocations=46 (full 1):
 par new generation   total 109248K, used 92765K [0x00000000e0000000, 0x00000000e8000000, 0x00000000e8000000)
  eden space 87424K, 100% used [0x00000000e0000000, 0x00000000e5560000, 0x00000000e5560000)
  from space 21824K,  24% used [0x00000000e5560000, 0x00000000e5a97500, 0x00000000e6ab0000)
  to   space 21824K,   0% used [0x00000000e6ab0000, 0x00000000e6ab0000, 0x00000000e8000000)
 concurrent mark-sweep generation total 393216K, used 42811K [0x00000000e8000000, 0x0000000100000000, 0x0000000100000000)
 Metaspace       used 37670K, capacity 39134K, committed 39216K, reserved 1083392K
  class space    used 4555K, capacity 4869K, committed 4912K, reserved 1048576K
2019-01-31T10:59:56.300-0200: 6863.101: [GC (Allocation Failure) 2019-01-31T10:59:56.300-0200: 6863.101: [ParNew
Desired survivor size 20112992 bytes, new threshold 8 (max 8)
- age   1:     854688 bytes,     854688 total
- age   2:     678936 bytes,    1533624 total
- age   3:     901056 bytes,    2434680 total
- age   4:     392232 bytes,    2826912 total
- age   5:     337776 bytes,    3164688 total
- age   6:      39408 bytes,    3204096 total
- age   7:    2270000 bytes,    5474096 total
- age   8:        656 bytes,    5474752 total
: 92765K->6125K(109248K), 0.0045294 secs] 135576K->48937K(502464K), 0.0046371 secs] [Times: user=0.00 sys=0.00, real=0.00 secs] 
Heap after GC invocations=47 (full 1):
 par new generation   total 109248K, used 6125K [0x00000000e0000000, 0x00000000e8000000, 0x00000000e8000000)
  eden space 87424K,   0% used [0x00000000e0000000, 0x00000000e0000000, 0x00000000e5560000)
  from space 21824K,  28% used [0x00000000e6ab0000, 0x00000000e70ab4b8, 0x00000000e8000000)
  to   space 21824K,   0% used [0x00000000e5560000, 0x00000000e5560000, 0x00000000e6ab0000)
 concurrent mark-sweep generation total 393216K, used 42812K [0x00000000e8000000, 0x0000000100000000, 0x0000000100000000)
 Metaspace       used 37670K, capacity 39134K, committed 39216K, reserved 1083392K
  class space    used 4555K, capacity 4869K, committed 4912K, reserved 1048576K
}
2019-01-31T10:59:56.304-0200: 6863.105: Total time for which application threads were stopped: 0.0048774 seconds, Stopping threads took: 0.0000392 seconds
{Heap before GC invocations=47 (full 1):
 par new generation   total 109248K, used 93549K [0x00000000e0000000, 0x00000000e8000000, 0x00000000e8000000)
  eden space 87424K, 100% used [0x00000000e0000000, 0x00000000e5560000, 0x00000000e5560000)
  from space 21824K,  28% used [0x00000000e6ab0000, 0x00000000e70ab4b8, 0x00000000e8000000)
  to   space 21824K,   0% used [0x00000000e5560000, 0x00000000e5560000, 0x00000000e6ab0000)
 concurrent mark-sweep generation total 393216K, used 42812K [0x00000000e8000000, 0x0000000100000000, 0x0000000100000000)
 Metaspace       used 37672K, capacity 39134K, committed 39216K, reserved 1083392K
  class space    used 4555K, capacity 4869K, committed 4912K, reserved 1048576K
2019-01-31T10:59:56.386-0200: 6863.187: [GC (Allocation Failure) 2019-01-31T10:59:56.386-0200: 6863.187: [ParNew
Desired survivor size 20112992 bytes, new threshold 8 (max 8)
- age   1:     801704 bytes,     801704 total
- age   2:     632592 bytes,    1434296 total
- age   3:     678936 bytes,    2113232 total
- age   4:     901056 bytes,    3014288 total
- age   5:     392232 bytes,    3406520 total
- age   6:     337776 bytes,    3744296 total
- age   7:      39408 bytes,    3783704 total
- age   8:    2270000 bytes,    6053704 total
: 93549K->6472K(109248K), 0.0044851 secs] 136361K->49285K(502464K), 0.0045826 secs] [Times: user=0.00 sys=0.00, real=0.00 secs] 
Heap after GC invocations=48 (full 1):
 par new generation   total 109248K, used 6472K [0x00000000e0000000, 0x00000000e8000000, 0x00000000e8000000)
  eden space 87424K,   0% used [0x00000000e0000000, 0x00000000e0000000, 0x00000000e5560000)
  from space 21824K,  29% used [0x00000000e5560000, 0x00000000e5bb23a8, 0x00000000e6ab0000)
  to   space 21824K,   0% used [0x00000000e6ab0000, 0x00000000e6ab0000, 0x00000000e8000000)
 concurrent mark-sweep generation total 393216K, used 42812K [0x00000000e8000000, 0x0000000100000000, 0x0000000100000000)
 Metaspace       used 37672K, capacity 39134K, committed 39216K, reserved 1083392K
  class space    used 4555K, capacity 4869K, committed 4912K, reserved 1048576K
}
2019-01-31T10:59:56.390-0200: 6863.191: Total time for which application threads were stopped: 0.0048158 seconds, Stopping threads took: 0.0000369 seconds
2019-01-31T10:59:57.391-0200: 6864.191: Total time for which application threads were stopped: 0.0001241 seconds, Stopping threads took: 0.0000350 seconds
2019-01-31T11:01:06.629-0200: 6933.429: Total time for which application threads were stopped: 0.0002468 seconds, Stopping threads took: 0.0000686 seconds
{Heap before GC invocations=48 (full 1):
 par new generation   total 109248K, used 93896K [0x00000000e0000000, 0x00000000e8000000, 0x00000000e8000000)
  eden space 87424K, 100% used [0x00000000e0000000, 0x00000000e5560000, 0x00000000e5560000)
  from space 21824K,  29% used [0x00000000e5560000, 0x00000000e5bb23a8, 0x00000000e6ab0000)
  to   space 21824K,   0% used [0x00000000e6ab0000, 0x00000000e6ab0000, 0x00000000e8000000)
 concurrent mark-sweep generation total 393216K, used 42812K [0x00000000e8000000, 0x0000000100000000, 0x0000000100000000)
 Metaspace       used 37697K, capacity 39134K, committed 39216K, reserved 1083392K
  class space    used 4555K, capacity 4869K, committed 4912K, reserved 1048576K
2019-01-31T11:01:06.634-0200: 6933.435: [GC (Allocation Failure) 2019-01-31T11:01:06.634-0200: 6933.435: [ParNew
Desired survivor size 20112992 bytes, new threshold 8 (max 8)
- age   1:     561208 bytes,     561208 total
- age   2:     367768 bytes,     928976 total
- age   3:     227336 bytes,    1156312 total
- age   4:     251448 bytes,    1407760 total
- age   5:     410696 bytes,    1818456 total
- age   6:     328640 bytes,    2147096 total
- age   7:     337488 bytes,    2484584 total
- age   8:      39408 bytes,    2523992 total
: 93896K->3014K(109248K), 0.0066735 secs] 136709K->48047K(502464K), 0.0067794 secs] [Times: user=0.00 sys=0.00, real=0.01 secs] 
Heap after GC invocations=49 (full 1):
 par new generation   total 109248K, used 3014K [0x00000000e0000000, 0x00000000e8000000, 0x00000000e8000000)
  eden space 87424K,   0% used [0x00000000e0000000, 0x00000000e0000000, 0x00000000e5560000)
  from space 21824K,  13% used [0x00000000e6ab0000, 0x00000000e6da1938, 0x00000000e8000000)
  to   space 21824K,   0% used [0x00000000e5560000, 0x00000000e5560000, 0x00000000e6ab0000)
 concurrent mark-sweep generation total 393216K, used 45032K [0x00000000e8000000, 0x0000000100000000, 0x0000000100000000)
 Metaspace       used 37697K, capacity 39134K, committed 39216K, reserved 1083392K
  class space    used 4555K, capacity 4869K, committed 4912K, reserved 1048576K
}
2019-01-31T11:01:06.641-0200: 6933.442: Total time for which application threads were stopped: 0.0070317 seconds, Stopping threads took: 0.0000434 seconds
{Heap before GC invocations=49 (full 1):
 par new generation   total 109248K, used 90438K [0x00000000e0000000, 0x00000000e8000000, 0x00000000e8000000)
  eden space 87424K, 100% used [0x00000000e0000000, 0x00000000e5560000, 0x00000000e5560000)
  from space 21824K,  13% used [0x00000000e6ab0000, 0x00000000e6da1938, 0x00000000e8000000)
  to   space 21824K,   0% used [0x00000000e5560000, 0x00000000e5560000, 0x00000000e6ab0000)
 concurrent mark-sweep generation total 393216K, used 45032K [0x00000000e8000000, 0x0000000100000000, 0x0000000100000000)
 Metaspace       used 37717K, capacity 39198K, committed 39472K, reserved 1083392K
  class space    used 4556K, capacity 4869K, committed 4912K, reserved 1048576K
2019-01-31T11:01:06.715-0200: 6933.516: [GC (Allocation Failure) 2019-01-31T11:01:06.715-0200: 6933.516: [ParNew
Desired survivor size 20112992 bytes, new threshold 8 (max 8)
- age   1:    1071400 bytes,    1071400 total
- age   2:     288608 bytes,    1360008 total
- age   3:     367768 bytes,    1727776 total
- age   4:     227336 bytes,    1955112 total
- age   5:     251448 bytes,    2206560 total
- age   6:     410696 bytes,    2617256 total
- age   7:     328640 bytes,    2945896 total
- age   8:     337488 bytes,    3283384 total
: 90438K->3564K(109248K), 0.0045499 secs] 135471K->48636K(502464K), 0.0046441 secs] [Times: user=0.00 sys=0.00, real=0.01 secs] 
Heap after GC invocations=50 (full 1):
 par new generation   total 109248K, used 3564K [0x00000000e0000000, 0x00000000e8000000, 0x00000000e8000000)
  eden space 87424K,   0% used [0x00000000e0000000, 0x00000000e0000000, 0x00000000e5560000)
  from space 21824K,  16% used [0x00000000e5560000, 0x00000000e58db0c0, 0x00000000e6ab0000)
  to   space 21824K,   0% used [0x00000000e6ab0000, 0x00000000e6ab0000, 0x00000000e8000000)
 concurrent mark-sweep generation total 393216K, used 45072K [0x00000000e8000000, 0x0000000100000000, 0x0000000100000000)
 Metaspace       used 37717K, capacity 39198K, committed 39472K, reserved 1083392K
  class space    used 4556K, capacity 4869K, committed 4912K, reserved 1048576K
}
2019-01-31T11:01:06.720-0200: 6933.521: Total time for which application threads were stopped: 0.0048886 seconds, Stopping threads took: 0.0000411 seconds
{Heap before GC invocations=50 (full 1):
 par new generation   total 109248K, used 90988K [0x00000000e0000000, 0x00000000e8000000, 0x00000000e8000000)
  eden space 87424K, 100% used [0x00000000e0000000, 0x00000000e5560000, 0x00000000e5560000)
  from space 21824K,  16% used [0x00000000e5560000, 0x00000000e58db0c0, 0x00000000e6ab0000)
  to   space 21824K,   0% used [0x00000000e6ab0000, 0x00000000e6ab0000, 0x00000000e8000000)
 concurrent mark-sweep generation total 393216K, used 45072K [0x00000000e8000000, 0x0000000100000000, 0x0000000100000000)
 Metaspace       used 37720K, capacity 39198K, committed 39472K, reserved 1083392K
  class space    used 4556K, capacity 4869K, committed 4912K, reserved 1048576K
2019-01-31T11:01:06.792-0200: 6933.592: [GC (Allocation Failure) 2019-01-31T11:01:06.792-0200: 6933.593: [ParNew
Desired survivor size 20112992 bytes, new threshold 8 (max 8)
- age   1:     868176 bytes,     868176 total
- age   2:     939104 bytes,    1807280 total
- age   3:     288608 bytes,    2095888 total
- age   4:     367768 bytes,    2463656 total
- age   5:     227336 bytes,    2690992 total
- age   6:     251448 bytes,    2942440 total
- age   7:     410696 bytes,    3353136 total
- age   8:     328640 bytes,    3681776 total
: 90988K->3894K(109248K), 0.0041548 secs] 136060K->49296K(502464K), 0.0042471 secs] [Times: user=0.00 sys=0.00, real=0.00 secs] 
Heap after GC invocations=51 (full 1):
 par new generation   total 109248K, used 3894K [0x00000000e0000000, 0x00000000e8000000, 0x00000000e8000000)
  eden space 87424K,   0% used [0x00000000e0000000, 0x00000000e0000000, 0x00000000e5560000)
  from space 21824K,  17% used [0x00000000e6ab0000, 0x00000000e6e7d8f8, 0x00000000e8000000)
  to   space 21824K,   0% used [0x00000000e5560000, 0x00000000e5560000, 0x00000000e6ab0000)
 concurrent mark-sweep generation total 393216K, used 45402K [0x00000000e8000000, 0x0000000100000000, 0x0000000100000000)
 Metaspace       used 37720K, capacity 39198K, committed 39472K, reserved 1083392K
  class space    used 4556K, capacity 4869K, committed 4912K, reserved 1048576K
}
2019-01-31T11:01:06.796-0200: 6933.597: Total time for which application threads were stopped: 0.0044818 seconds, Stopping threads took: 0.0000439 seconds
{Heap before GC invocations=51 (full 1):
 par new generation   total 109248K, used 91318K [0x00000000e0000000, 0x00000000e8000000, 0x00000000e8000000)
  eden space 87424K, 100% used [0x00000000e0000000, 0x00000000e5560000, 0x00000000e5560000)
  from space 21824K,  17% used [0x00000000e6ab0000, 0x00000000e6e7d8f8, 0x00000000e8000000)
  to   space 21824K,   0% used [0x00000000e5560000, 0x00000000e5560000, 0x00000000e6ab0000)
 concurrent mark-sweep generation total 393216K, used 45402K [0x00000000e8000000, 0x0000000100000000, 0x0000000100000000)
 Metaspace       used 37723K, capacity 39198K, committed 39472K, reserved 1083392K
  class space    used 4556K, capacity 4869K, committed 4912K, reserved 1048576K
2019-01-31T11:01:06.870-0200: 6933.671: [GC (Allocation Failure) 2019-01-31T11:01:06.870-0200: 6933.671: [ParNew
Desired survivor size 20112992 bytes, new threshold 8 (max 8)
- age   1:     871704 bytes,     871704 total
- age   2:     840208 bytes,    1711912 total
- age   3:     939104 bytes,    2651016 total
- age   4:     288680 bytes,    2939696 total
- age   5:     367768 bytes,    3307464 total
- age   6:     227336 bytes,    3534800 total
- age   7:     251448 bytes,    3786248 total
- age   8:     410696 bytes,    4196944 total
: 91318K->4243K(109248K), 0.0040363 secs] 136720K->49966K(502464K), 0.0041314 secs] [Times: user=0.00 sys=0.00, real=0.01 secs] 
Heap after GC invocations=52 (full 1):
 par new generation   total 109248K, used 4243K [0x00000000e0000000, 0x00000000e8000000, 0x00000000e8000000)
  eden space 87424K,   0% used [0x00000000e0000000, 0x00000000e0000000, 0x00000000e5560000)
  from space 21824K,  19% used [0x00000000e5560000, 0x00000000e5984c38, 0x00000000e6ab0000)
  to   space 21824K,   0% used [0x00000000e6ab0000, 0x00000000e6ab0000, 0x00000000e8000000)
 concurrent mark-sweep generation total 393216K, used 45723K [0x00000000e8000000, 0x0000000100000000, 0x0000000100000000)
 Metaspace       used 37723K, capacity 39198K, committed 39472K, reserved 1083392K
  class space    used 4556K, capacity 4869K, committed 4912K, reserved 1048576K
}
2019-01-31T11:01:06.875-0200: 6933.675: Total time for which application threads were stopped: 0.0043619 seconds, Stopping threads took: 0.0000331 seconds
{Heap before GC invocations=52 (full 1):
 par new generation   total 109248K, used 91667K [0x00000000e0000000, 0x00000000e8000000, 0x00000000e8000000)
  eden space 87424K, 100% used [0x00000000e0000000, 0x00000000e5560000, 0x00000000e5560000)
  from space 21824K,  19% used [0x00000000e5560000, 0x00000000e5984c38, 0x00000000e6ab0000)
  to   space 21824K,   0% used [0x00000000e6ab0000, 0x00000000e6ab0000, 0x00000000e8000000)
 concurrent mark-sweep generation total 393216K, used 45723K [0x00000000e8000000, 0x0000000100000000, 0x0000000100000000)
 Metaspace       used 37725K, capacity 39198K, committed 39472K, reserved 1083392K
  class space    used 4556K, capacity 4869K, committed 4912K, reserved 1048576K
2019-01-31T11:01:06.946-0200: 6933.747: [GC (Allocation Failure) 2019-01-31T11:01:06.946-0200: 6933.747: [ParNew
Desired survivor size 20112992 bytes, new threshold 8 (max 8)
- age   1:    1160368 bytes,    1160368 total
- age   2:     803408 bytes,    1963776 total
- age   3:     840208 bytes,    2803984 total
- age   4:     939104 bytes,    3743088 total
- age   5:     288608 bytes,    4031696 total
- age   6:     367768 bytes,    4399464 total
- age   7:     227336 bytes,    4626800 total
- age   8:     251448 bytes,    4878248 total
: 91667K->5223K(109248K), 0.0044197 secs] 137390K->51349K(502464K), 0.0045252 secs] [Times: user=0.00 sys=0.00, real=0.00 secs] 
Heap after GC invocations=53 (full 1):
 par new generation   total 109248K, used 5223K [0x00000000e0000000, 0x00000000e8000000, 0x00000000e8000000)
  eden space 87424K,   0% used [0x00000000e0000000, 0x00000000e0000000, 0x00000000e5560000)
  from space 21824K,  23% used [0x00000000e6ab0000, 0x00000000e6fc9fb8, 0x00000000e8000000)
  to   space 21824K,   0% used [0x00000000e5560000, 0x00000000e5560000, 0x00000000e6ab0000)
 concurrent mark-sweep generation total 393216K, used 46125K [0x00000000e8000000, 0x0000000100000000, 0x0000000100000000)
 Metaspace       used 37725K, capacity 39198K, committed 39472K, reserved 1083392K
  class space    used 4556K, capacity 4869K, committed 4912K, reserved 1048576K
}
2019-01-31T11:01:06.951-0200: 6933.751: Total time for which application threads were stopped: 0.0047878 seconds, Stopping threads took: 0.0000397 seconds
{Heap before GC invocations=53 (full 1):
 par new generation   total 109248K, used 92647K [0x00000000e0000000, 0x00000000e8000000, 0x00000000e8000000)
  eden space 87424K, 100% used [0x00000000e0000000, 0x00000000e5560000, 0x00000000e5560000)
  from space 21824K,  23% used [0x00000000e6ab0000, 0x00000000e6fc9fb8, 0x00000000e8000000)
  to   space 21824K,   0% used [0x00000000e5560000, 0x00000000e5560000, 0x00000000e6ab0000)
 concurrent mark-sweep generation total 393216K, used 46125K [0x00000000e8000000, 0x0000000100000000, 0x0000000100000000)
 Metaspace       used 37726K, capacity 39198K, committed 39472K, reserved 1083392K
  class space    used 4556K, capacity 4869K, committed 4912K, reserved 1048576K
2019-01-31T11:01:07.024-0200: 6933.825: [GC (Allocation Failure) 2019-01-31T11:01:07.024-0200: 6933.825: [ParNew
Desired survivor size 20112992 bytes, new threshold 8 (max 8)
- age   1:    1146696 bytes,    1146696 total
- age   2:     729304 bytes,    1876000 total
- age   3:     803408 bytes,    2679408 total
- age   4:     840208 bytes,    3519616 total
- age   5:     907960 bytes,    4427576 total
- age   6:     288608 bytes,    4716184 total
- age   7:     367768 bytes,    5083952 total
- age   8:     227336 bytes,    5311288 total
: 92647K->5667K(109248K), 0.0045513 secs] 138773K->52038K(502464K), 0.0046465 secs] [Times: user=0.00 sys=0.00, real=0.01 secs] 
Heap after GC invocations=54 (full 1):
 par new generation   total 109248K, used 5667K [0x00000000e0000000, 0x00000000e8000000, 0x00000000e8000000)
  eden space 87424K,   0% used [0x00000000e0000000, 0x00000000e0000000, 0x00000000e5560000)
  from space 21824K,  25% used [0x00000000e5560000, 0x00000000e5ae8ea8, 0x00000000e6ab0000)
  to   space 21824K,   0% used [0x00000000e6ab0000, 0x00000000e6ab0000, 0x00000000e8000000)
 concurrent mark-sweep generation total 393216K, used 46370K [0x00000000e8000000, 0x0000000100000000, 0x0000000100000000)
 Metaspace       used 37726K, capacity 39198K, committed 39472K, reserved 1083392K
  class space    used 4556K, capacity 4869K, committed 4912K, reserved 1048576K
}
2019-01-31T11:01:07.029-0200: 6933.829: Total time for which application threads were stopped: 0.0048877 seconds, Stopping threads took: 0.0000387 seconds
2019-01-31T11:01:08.029-0200: 6934.830: Total time for which application threads were stopped: 0.0001194 seconds, Stopping threads took: 0.0000397 seconds
2019-01-31T11:01:56.251-0200: 6983.052: Total time for which application threads were stopped: 0.0001465 seconds, Stopping threads took: 0.0000616 seconds
{Heap before GC invocations=54 (full 1):
 par new generation   total 109248K, used 93091K [0x00000000e0000000, 0x00000000e8000000, 0x00000000e8000000)
  eden space 87424K, 100% used [0x00000000e0000000, 0x00000000e5560000, 0x00000000e5560000)
  from space 21824K,  25% used [0x00000000e5560000, 0x00000000e5ae8ea8, 0x00000000e6ab0000)
  to   space 21824K,   0% used [0x00000000e6ab0000, 0x00000000e6ab0000, 0x00000000e8000000)
 concurrent mark-sweep generation total 393216K, used 46370K [0x00000000e8000000, 0x0000000100000000, 0x0000000100000000)
 Metaspace       used 37744K, capacity 39198K, committed 39472K, reserved 1083392K
  class space    used 4556K, capacity 4869K, committed 4912K, reserved 1048576K
2019-01-31T11:01:56.318-0200: 6983.119: [GC (Allocation Failure) 2019-01-31T11:01:56.318-0200: 6983.119: [ParNew
Desired survivor size 20112992 bytes, new threshold 8 (max 8)
- age   1:    1099344 bytes,    1099344 total
- age   2:     440864 bytes,    1540208 total
- age   3:     363024 bytes,    1903232 total
- age   4:     392872 bytes,    2296104 total
- age   5:     394928 bytes,    2691032 total
- age   6:     428120 bytes,    3119152 total
- age   7:     274032 bytes,    3393184 total
- age   8:     367768 bytes,    3760952 total
: 93091K->4199K(109248K), 0.0039975 secs] 139462K->50792K(502464K), 0.0041006 secs] [Times: user=0.00 sys=0.00, real=0.00 secs] 
Heap after GC invocations=55 (full 1):
 par new generation   total 109248K, used 4199K [0x00000000e0000000, 0x00000000e8000000, 0x00000000e8000000)
  eden space 87424K,   0% used [0x00000000e0000000, 0x00000000e0000000, 0x00000000e5560000)
  from space 21824K,  19% used [0x00000000e6ab0000, 0x00000000e6ec9cd8, 0x00000000e8000000)
  to   space 21824K,   0% used [0x00000000e5560000, 0x00000000e5560000, 0x00000000e6ab0000)
 concurrent mark-sweep generation total 393216K, used 46592K [0x00000000e8000000, 0x0000000100000000, 0x0000000100000000)
 Metaspace       used 37744K, capacity 39198K, committed 39472K, reserved 1083392K
  class space    used 4556K, capacity 4869K, committed 4912K, reserved 1048576K
}
2019-01-31T11:01:56.322-0200: 6983.123: Total time for which application threads were stopped: 0.0043507 seconds, Stopping threads took: 0.0000387 seconds
{Heap before GC invocations=55 (full 1):
 par new generation   total 109248K, used 91623K [0x00000000e0000000, 0x00000000e8000000, 0x00000000e8000000)
  eden space 87424K, 100% used [0x00000000e0000000, 0x00000000e5560000, 0x00000000e5560000)
  from space 21824K,  19% used [0x00000000e6ab0000, 0x00000000e6ec9cd8, 0x00000000e8000000)
  to   space 21824K,   0% used [0x00000000e5560000, 0x00000000e5560000, 0x00000000e6ab0000)
 concurrent mark-sweep generation total 393216K, used 46592K [0x00000000e8000000, 0x0000000100000000, 0x0000000100000000)
 Metaspace       used 37751K, capacity 39198K, committed 39472K, reserved 1083392K
  class space    used 4556K, capacity 4869K, committed 4912K, reserved 1048576K
2019-01-31T11:01:56.396-0200: 6983.197: [GC (Allocation Failure) 2019-01-31T11:01:56.396-0200: 6983.197: [ParNew
Desired survivor size 20112992 bytes, new threshold 8 (max 8)
- age   1:    1066544 bytes,    1066544 total
- age   2:     860392 bytes,    1926936 total
- age   3:     440864 bytes,    2367800 total
- age   4:     363024 bytes,    2730824 total
- age   5:     392872 bytes,    3123696 total
- age   6:     394928 bytes,    3518624 total
- age   7:     428120 bytes,    3946744 total
- age   8:     274032 bytes,    4220776 total
: 91623K->4693K(109248K), 0.0050747 secs] 138216K->51645K(502464K), 0.0051830 secs] [Times: user=0.00 sys=0.00, real=0.01 secs] 
Heap after GC invocations=56 (full 1):
 par new generation   total 109248K, used 4693K [0x00000000e0000000, 0x00000000e8000000, 0x00000000e8000000)
  eden space 87424K,   0% used [0x00000000e0000000, 0x00000000e0000000, 0x00000000e5560000)
  from space 21824K,  21% used [0x00000000e5560000, 0x00000000e59f5670, 0x00000000e6ab0000)
  to   space 21824K,   0% used [0x00000000e6ab0000, 0x00000000e6ab0000, 0x00000000e8000000)
 concurrent mark-sweep generation total 393216K, used 46952K [0x00000000e8000000, 0x0000000100000000, 0x0000000100000000)
 Metaspace       used 37751K, capacity 39198K, committed 39472K, reserved 1083392K
  class space    used 4556K, capacity 4869K, committed 4912K, reserved 1048576K
}
2019-01-31T11:01:56.401-0200: 6983.202: Total time for which application threads were stopped: 0.0054456 seconds, Stopping threads took: 0.0000443 seconds
{Heap before GC invocations=56 (full 1):
 par new generation   total 109248K, used 92117K [0x00000000e0000000, 0x00000000e8000000, 0x00000000e8000000)
  eden space 87424K, 100% used [0x00000000e0000000, 0x00000000e5560000, 0x00000000e5560000)
  from space 21824K,  21% used [0x00000000e5560000, 0x00000000e59f5670, 0x00000000e6ab0000)
  to   space 21824K,   0% used [0x00000000e6ab0000, 0x00000000e6ab0000, 0x00000000e8000000)
 concurrent mark-sweep generation total 393216K, used 46952K [0x00000000e8000000, 0x0000000100000000, 0x0000000100000000)
 Metaspace       used 37753K, capacity 39198K, committed 39472K, reserved 1083392K
  class space    used 4556K, capacity 4869K, committed 4912K, reserved 1048576K
2019-01-31T11:01:56.474-0200: 6983.275: [GC (Allocation Failure) 2019-01-31T11:01:56.474-0200: 6983.275: [ParNew
Desired survivor size 20112992 bytes, new threshold 8 (max 8)
- age   1:    1321024 bytes,    1321024 total
- age   2:     837536 bytes,    2158560 total
- age   3:     860392 bytes,    3018952 total
- age   4:     440864 bytes,    3459816 total
- age   5:     363024 bytes,    3822840 total
- age   6:     392872 bytes,    4215712 total
- age   7:     394928 bytes,    4610640 total
- age   8:     428120 bytes,    5038760 total
: 92117K->5169K(109248K), 0.0049642 secs] 139069K->52389K(502464K), 0.0050598 secs] [Times: user=0.00 sys=0.00, real=0.01 secs] 
Heap after GC invocations=57 (full 1):
 par new generation   total 109248K, used 5169K [0x00000000e0000000, 0x00000000e8000000, 0x00000000e8000000)
  eden space 87424K,   0% used [0x00000000e0000000, 0x00000000e0000000, 0x00000000e5560000)
  from space 21824K,  23% used [0x00000000e6ab0000, 0x00000000e6fbc690, 0x00000000e8000000)
  to   space 21824K,   0% used [0x00000000e5560000, 0x00000000e5560000, 0x00000000e6ab0000)
 concurrent mark-sweep generation total 393216K, used 47220K [0x00000000e8000000, 0x0000000100000000, 0x0000000100000000)
 Metaspace       used 37753K, capacity 39198K, committed 39472K, reserved 1083392K
  class space    used 4556K, capacity 4869K, committed 4912K, reserved 1048576K
}
2019-01-31T11:01:56.479-0200: 6983.280: Total time for which application threads were stopped: 0.0053010 seconds, Stopping threads took: 0.0000392 seconds
{Heap before GC invocations=57 (full 1):
 par new generation   total 109248K, used 92593K [0x00000000e0000000, 0x00000000e8000000, 0x00000000e8000000)
  eden space 87424K, 100% used [0x00000000e0000000, 0x00000000e5560000, 0x00000000e5560000)
  from space 21824K,  23% used [0x00000000e6ab0000, 0x00000000e6fbc690, 0x00000000e8000000)
  to   space 21824K,   0% used [0x00000000e5560000, 0x00000000e5560000, 0x00000000e6ab0000)
 concurrent mark-sweep generation total 393216K, used 47220K [0x00000000e8000000, 0x0000000100000000, 0x0000000100000000)
 Metaspace       used 37756K, capacity 39198K, committed 39472K, reserved 1083392K
  class space    used 4556K, capacity 4869K, committed 4912K, reserved 1048576K
2019-01-31T11:01:56.552-0200: 6983.353: [GC (Allocation Failure) 2019-01-31T11:01:56.552-0200: 6983.353: [ParNew
Desired survivor size 20112992 bytes, new threshold 8 (max 8)
- age   1:    1329416 bytes,    1329416 total
- age   2:     722776 bytes,    2052192 total
- age   3:     837536 bytes,    2889728 total
- age   4:     860392 bytes,    3750120 total
- age   5:     440864 bytes,    4190984 total
- age   6:     363024 bytes,    4554008 total
- age   7:     392872 bytes,    4946880 total
- age   8:     394928 bytes,    5341808 total
: 92593K->6059K(109248K), 0.0052851 secs] 139813K->53697K(502464K), 0.0053808 secs] [Times: user=0.00 sys=0.00, real=0.01 secs] 
Heap after GC invocations=58 (full 1):
 par new generation   total 109248K, used 6059K [0x00000000e0000000, 0x00000000e8000000, 0x00000000e8000000)
  eden space 87424K,   0% used [0x00000000e0000000, 0x00000000e0000000, 0x00000000e5560000)
  from space 21824K,  27% used [0x00000000e5560000, 0x00000000e5b4ae08, 0x00000000e6ab0000)
  to   space 21824K,   0% used [0x00000000e6ab0000, 0x00000000e6ab0000, 0x00000000e8000000)
 concurrent mark-sweep generation total 393216K, used 47638K [0x00000000e8000000, 0x0000000100000000, 0x0000000100000000)
 Metaspace       used 37756K, capacity 39198K, committed 39472K, reserved 1083392K
  class space    used 4556K, capacity 4869K, committed 4912K, reserved 1048576K
}
2019-01-31T11:01:56.558-0200: 6983.359: Total time for which application threads were stopped: 0.0056028 seconds, Stopping threads took: 0.0000341 seconds
2019-01-31T11:01:57.558-0200: 6984.359: Total time for which application threads were stopped: 0.0001297 seconds, Stopping threads took: 0.0000331 seconds
2019-01-31T11:02:12.554-0200: 6999.354: Total time for which application threads were stopped: 0.0001246 seconds, Stopping threads took: 0.0000383 seconds
2019-01-31T11:02:12.554-0200: 6999.354: Total time for which application threads were stopped: 0.0000812 seconds, Stopping threads took: 0.0000247 seconds
2019-01-31T11:02:12.554-0200: 6999.355: Total time for which application threads were stopped: 0.0000872 seconds, Stopping threads took: 0.0000261 seconds
2019-01-31T11:02:12.555-0200: 6999.355: Total time for which application threads were stopped: 0.0000784 seconds, Stopping threads took: 0.0000233 seconds
2019-01-31T11:02:12.555-0200: 6999.355: Total time for which application threads were stopped: 0.0000760 seconds, Stopping threads took: 0.0000233 seconds
{Heap before GC invocations=58 (full 1):
 par new generation   total 109248K, used 93483K [0x00000000e0000000, 0x00000000e8000000, 0x00000000e8000000)
  eden space 87424K, 100% used [0x00000000e0000000, 0x00000000e5560000, 0x00000000e5560000)
  from space 21824K,  27% used [0x00000000e5560000, 0x00000000e5b4ae08, 0x00000000e6ab0000)
  to   space 21824K,   0% used [0x00000000e6ab0000, 0x00000000e6ab0000, 0x00000000e8000000)
 concurrent mark-sweep generation total 393216K, used 47638K [0x00000000e8000000, 0x0000000100000000, 0x0000000100000000)
 Metaspace       used 37780K, capacity 39198K, committed 39472K, reserved 1083392K
  class space    used 4556K, capacity 4869K, committed 4912K, reserved 1048576K
2019-01-31T11:02:12.557-0200: 6999.357: [GC (Allocation Failure) 2019-01-31T11:02:12.557-0200: 6999.357: [ParNew
Desired survivor size 20112992 bytes, new threshold 8 (max 8)
- age   1:     502640 bytes,     502640 total
- age   2:     383368 bytes,     886008 total
- age   3:     358488 bytes,    1244496 total
- age   4:     412024 bytes,    1656520 total
- age   5:     461216 bytes,    2117736 total
- age   6:     440864 bytes,    2558600 total
- age   7:     363024 bytes,    2921624 total
- age   8:     392872 bytes,    3314496 total
: 93483K->4598K(109248K), 0.0052291 secs] 141121K->52622K(502464K), 0.0053388 secs] [Times: user=0.00 sys=0.00, real=0.01 secs] 
Heap after GC invocations=59 (full 1):
 par new generation   total 109248K, used 4598K [0x00000000e0000000, 0x00000000e8000000, 0x00000000e8000000)
  eden space 87424K,   0% used [0x00000000e0000000, 0x00000000e0000000, 0x00000000e5560000)
  from space 21824K,  21% used [0x00000000e6ab0000, 0x00000000e6f2da20, 0x00000000e8000000)
  to   space 21824K,   0% used [0x00000000e5560000, 0x00000000e5560000, 0x00000000e6ab0000)
 concurrent mark-sweep generation total 393216K, used 48024K [0x00000000e8000000, 0x0000000100000000, 0x0000000100000000)
 Metaspace       used 37780K, capacity 39198K, committed 39472K, reserved 1083392K
  class space    used 4556K, capacity 4869K, committed 4912K, reserved 1048576K
}
2019-01-31T11:02:12.562-0200: 6999.363: Total time for which application threads were stopped: 0.0055711 seconds, Stopping threads took: 0.0000275 seconds
{Heap before GC invocations=59 (full 1):
 par new generation   total 109248K, used 92022K [0x00000000e0000000, 0x00000000e8000000, 0x00000000e8000000)
  eden space 87424K, 100% used [0x00000000e0000000, 0x00000000e5560000, 0x00000000e5560000)
  from space 21824K,  21% used [0x00000000e6ab0000, 0x00000000e6f2da20, 0x00000000e8000000)
  to   space 21824K,   0% used [0x00000000e5560000, 0x00000000e5560000, 0x00000000e6ab0000)
 concurrent mark-sweep generation total 393216K, used 48024K [0x00000000e8000000, 0x0000000100000000, 0x0000000100000000)
 Metaspace       used 37781K, capacity 39198K, committed 39472K, reserved 1083392K
  class space    used 4556K, capacity 4869K, committed 4912K, reserved 1048576K
2019-01-31T11:02:12.639-0200: 6999.440: [GC (Allocation Failure) 2019-01-31T11:02:12.639-0200: 6999.440: [ParNew
Desired survivor size 20112992 bytes, new threshold 8 (max 8)
- age   1:     594424 bytes,     594424 total
- age   2:     417072 bytes,    1011496 total
- age   3:     383368 bytes,    1394864 total
- age   4:     358488 bytes,    1753352 total
- age   5:     412024 bytes,    2165376 total
- age   6:     461216 bytes,    2626592 total
- age   7:     440864 bytes,    3067456 total
- age   8:     363024 bytes,    3430480 total
: 92022K->4749K(109248K), 0.0046791 secs] 140046K->53157K(502464K), 0.0047776 secs] [Times: user=0.06 sys=0.00, real=0.01 secs] 
Heap after GC invocations=60 (full 1):
 par new generation   total 109248K, used 4749K [0x00000000e0000000, 0x00000000e8000000, 0x00000000e8000000)
  eden space 87424K,   0% used [0x00000000e0000000, 0x00000000e0000000, 0x00000000e5560000)
  from space 21824K,  21% used [0x00000000e5560000, 0x00000000e5a03400, 0x00000000e6ab0000)
  to   space 21824K,   0% used [0x00000000e6ab0000, 0x00000000e6ab0000, 0x00000000e8000000)
 concurrent mark-sweep generation total 393216K, used 48408K [0x00000000e8000000, 0x0000000100000000, 0x0000000100000000)
 Metaspace       used 37781K, capacity 39198K, committed 39472K, reserved 1083392K
  class space    used 4556K, capacity 4869K, committed 4912K, reserved 1048576K
}
2019-01-31T11:02:12.644-0200: 6999.444: Total time for which application threads were stopped: 0.0050094 seconds, Stopping threads took: 0.0000378 seconds
{Heap before GC invocations=60 (full 1):
 par new generation   total 109248K, used 92173K [0x00000000e0000000, 0x00000000e8000000, 0x00000000e8000000)
  eden space 87424K, 100% used [0x00000000e0000000, 0x00000000e5560000, 0x00000000e5560000)
  from space 21824K,  21% used [0x00000000e5560000, 0x00000000e5a03400, 0x00000000e6ab0000)
  to   space 21824K,   0% used [0x00000000e6ab0000, 0x00000000e6ab0000, 0x00000000e8000000)
 concurrent mark-sweep generation total 393216K, used 48408K [0x00000000e8000000, 0x0000000100000000, 0x0000000100000000)
 Metaspace       used 37782K, capacity 39198K, committed 39472K, reserved 1083392K
  class space    used 4556K, capacity 4869K, committed 4912K, reserved 1048576K
2019-01-31T11:02:12.717-0200: 6999.517: [GC (Allocation Failure) 2019-01-31T11:02:12.717-0200: 6999.517: [ParNew
Desired survivor size 20112992 bytes, new threshold 8 (max 8)
- age   1:     461016 bytes,     461016 total
- age   2:     442872 bytes,     903888 total
- age   3:     417072 bytes,    1320960 total
- age   4:     383368 bytes,    1704328 total
- age   5:     358488 bytes,    2062816 total
- age   6:     412024 bytes,    2474840 total
- age   7:     461216 bytes,    2936056 total
- age   8:     440864 bytes,    3376920 total
: 92173K->3853K(109248K), 0.0048219 secs] 140581K->52616K(502464K), 0.0049245 secs] [Times: user=0.00 sys=0.00, real=0.00 secs] 
Heap after GC invocations=61 (full 1):
 par new generation   total 109248K, used 3853K [0x00000000e0000000, 0x00000000e8000000, 0x00000000e8000000)
  eden space 87424K,   0% used [0x00000000e0000000, 0x00000000e0000000, 0x00000000e5560000)
  from space 21824K,  17% used [0x00000000e6ab0000, 0x00000000e6e73578, 0x00000000e8000000)
  to   space 21824K,   0% used [0x00000000e5560000, 0x00000000e5560000, 0x00000000e6ab0000)
 concurrent mark-sweep generation total 393216K, used 48762K [0x00000000e8000000, 0x0000000100000000, 0x0000000100000000)
 Metaspace       used 37782K, capacity 39198K, committed 39472K, reserved 1083392K
  class space    used 4556K, capacity 4869K, committed 4912K, reserved 1048576K
}
2019-01-31T11:02:12.721-0200: 6999.522: Total time for which application threads were stopped: 0.0051634 seconds, Stopping threads took: 0.0000364 seconds
{Heap before GC invocations=61 (full 1):
 par new generation   total 109248K, used 91277K [0x00000000e0000000, 0x00000000e8000000, 0x00000000e8000000)
  eden space 87424K, 100% used [0x00000000e0000000, 0x00000000e5560000, 0x00000000e5560000)
  from space 21824K,  17% used [0x00000000e6ab0000, 0x00000000e6e73578, 0x00000000e8000000)
  to   space 21824K,   0% used [0x00000000e5560000, 0x00000000e5560000, 0x00000000e6ab0000)
 concurrent mark-sweep generation total 393216K, used 48762K [0x00000000e8000000, 0x0000000100000000, 0x0000000100000000)
 Metaspace       used 37783K, capacity 39198K, committed 39472K, reserved 1083392K
  class space    used 4556K, capacity 4869K, committed 4912K, reserved 1048576K
2019-01-31T11:02:12.793-0200: 6999.594: [GC (Allocation Failure) 2019-01-31T11:02:12.793-0200: 6999.594: [ParNew
Desired survivor size 20112992 bytes, new threshold 8 (max 8)
- age   1:     821512 bytes,     821512 total
- age   2:     436200 bytes,    1257712 total
- age   3:     442872 bytes,    1700584 total
- age   4:     417072 bytes,    2117656 total
- age   5:     383368 bytes,    2501024 total
- age   6:     358488 bytes,    2859512 total
- age   7:     412024 bytes,    3271536 total
- age   8:     461216 bytes,    3732752 total
: 91277K->4850K(109248K), 0.0043460 secs] 140040K->54043K(502464K), 0.0044398 secs] [Times: user=0.00 sys=0.00, real=0.01 secs] 
Heap after GC invocations=62 (full 1):
 par new generation   total 109248K, used 4850K [0x00000000e0000000, 0x00000000e8000000, 0x00000000e8000000)
  eden space 87424K,   0% used [0x00000000e0000000, 0x00000000e0000000, 0x00000000e5560000)
  from space 21824K,  22% used [0x00000000e5560000, 0x00000000e5a1c9a8, 0x00000000e6ab0000)
  to   space 21824K,   0% used [0x00000000e6ab0000, 0x00000000e6ab0000, 0x00000000e8000000)
 concurrent mark-sweep generation total 393216K, used 49193K [0x00000000e8000000, 0x0000000100000000, 0x0000000100000000)
 Metaspace       used 37783K, capacity 39198K, committed 39472K, reserved 1083392K
  class space    used 4556K, capacity 4869K, committed 4912K, reserved 1048576K
}
2019-01-31T11:02:12.798-0200: 6999.598: Total time for which application threads were stopped: 0.0046829 seconds, Stopping threads took: 0.0000443 seconds
{Heap before GC invocations=62 (full 1):
 par new generation   total 109248K, used 92274K [0x00000000e0000000, 0x00000000e8000000, 0x00000000e8000000)
  eden space 87424K, 100% used [0x00000000e0000000, 0x00000000e5560000, 0x00000000e5560000)
  from space 21824K,  22% used [0x00000000e5560000, 0x00000000e5a1c9a8, 0x00000000e6ab0000)
  to   space 21824K,   0% used [0x00000000e6ab0000, 0x00000000e6ab0000, 0x00000000e8000000)
 concurrent mark-sweep generation total 393216K, used 49193K [0x00000000e8000000, 0x0000000100000000, 0x0000000100000000)
 Metaspace       used 37785K, capacity 39198K, committed 39472K, reserved 1083392K
  class space    used 4556K, capacity 4869K, committed 4912K, reserved 1048576K
2019-01-31T11:02:12.867-0200: 6999.668: [GC (Allocation Failure) 2019-01-31T11:02:12.867-0200: 6999.668: [ParNew
Desired survivor size 20112992 bytes, new threshold 8 (max 8)
- age   1:     606120 bytes,     606120 total
- age   2:     368728 bytes,     974848 total
- age   3:     436200 bytes,    1411048 total
- age   4:     442872 bytes,    1853920 total
- age   5:     417072 bytes,    2270992 total
- age   6:     383368 bytes,    2654360 total
- age   7:     358488 bytes,    3012848 total
- age   8:     412024 bytes,    3424872 total
: 92274K->4120K(109248K), 0.0042705 secs] 141467K->53764K(502464K), 0.0043787 secs] [Times: user=0.00 sys=0.00, real=0.00 secs] 
Heap after GC invocations=63 (full 1):
 par new generation   total 109248K, used 4120K [0x00000000e0000000, 0x00000000e8000000, 0x00000000e8000000)
  eden space 87424K,   0% used [0x00000000e0000000, 0x00000000e0000000, 0x00000000e5560000)
  from space 21824K,  18% used [0x00000000e6ab0000, 0x00000000e6eb6138, 0x00000000e8000000)
  to   space 21824K,   0% used [0x00000000e5560000, 0x00000000e5560000, 0x00000000e6ab0000)
 concurrent mark-sweep generation total 393216K, used 49644K [0x00000000e8000000, 0x0000000100000000, 0x0000000100000000)
 Metaspace       used 37785K, capacity 39198K, committed 39472K, reserved 1083392K
  class space    used 4556K, capacity 4869K, committed 4912K, reserved 1048576K
}
2019-01-31T11:02:12.871-0200: 6999.672: Total time for which application threads were stopped: 0.0046245 seconds, Stopping threads took: 0.0000467 seconds
2019-01-31T11:02:13.871-0200: 7000.672: Total time for which application threads were stopped: 0.0001190 seconds, Stopping threads took: 0.0000467 seconds
2019-01-31T11:03:10.531-0200: 7057.332: Total time for which application threads were stopped: 0.0001278 seconds, Stopping threads took: 0.0000588 seconds
2019-01-31T11:12:40.003-0200: 7626.804: Total time for which application threads were stopped: 0.0001749 seconds, Stopping threads took: 0.0000676 seconds
2019-01-31T11:14:10.038-0200: 7716.838: Total time for which application threads were stopped: 0.0001110 seconds, Stopping threads took: 0.0000387 seconds
{Heap before GC invocations=63 (full 1):
 par new generation   total 109248K, used 91544K [0x00000000e0000000, 0x00000000e8000000, 0x00000000e8000000)
  eden space 87424K, 100% used [0x00000000e0000000, 0x00000000e5560000, 0x00000000e5560000)
  from space 21824K,  18% used [0x00000000e6ab0000, 0x00000000e6eb6138, 0x00000000e8000000)
  to   space 21824K,   0% used [0x00000000e5560000, 0x00000000e5560000, 0x00000000e6ab0000)
 concurrent mark-sweep generation total 393216K, used 49644K [0x00000000e8000000, 0x0000000100000000, 0x0000000100000000)
 Metaspace       used 37825K, capacity 39326K, committed 39472K, reserved 1083392K
  class space    used 4556K, capacity 4869K, committed 4912K, reserved 1048576K
2019-01-31T13:35:56.097-0200: 16222.897: [GC (Allocation Failure) 2019-01-31T13:35:56.097-0200: 16222.897: [ParNew
Desired survivor size 20112992 bytes, new threshold 8 (max 8)
- age   1:     221752 bytes,     221752 total
- age   6:     400280 bytes,     622032 total
- age   7:     383368 bytes,    1005400 total
- age   8:     358488 bytes,    1363888 total
: 91544K->3318K(109248K), 0.0058818 secs] 141188K->53364K(502464K), 0.0061818 secs] [Times: user=0.00 sys=0.00, real=0.01 secs] 
Heap after GC invocations=64 (full 1):
 par new generation   total 109248K, used 3318K [0x00000000e0000000, 0x00000000e8000000, 0x00000000e8000000)
  eden space 87424K,   0% used [0x00000000e0000000, 0x00000000e0000000, 0x00000000e5560000)
  from space 21824K,  15% used [0x00000000e5560000, 0x00000000e589d830, 0x00000000e6ab0000)
  to   space 21824K,   0% used [0x00000000e6ab0000, 0x00000000e6ab0000, 0x00000000e8000000)
 concurrent mark-sweep generation total 393216K, used 50046K [0x00000000e8000000, 0x0000000100000000, 0x0000000100000000)
 Metaspace       used 37825K, capacity 39326K, committed 39472K, reserved 1083392K
  class space    used 4556K, capacity 4869K, committed 4912K, reserved 1048576K
}
2019-01-31T13:35:56.103-0200: 16222.903: Total time for which application threads were stopped: 0.0067061 seconds, Stopping threads took: 0.0000611 seconds
{Heap before GC invocations=64 (full 1):
 par new generation   total 109248K, used 90742K [0x00000000e0000000, 0x00000000e8000000, 0x00000000e8000000)
  eden space 87424K, 100% used [0x00000000e0000000, 0x00000000e5560000, 0x00000000e5560000)
  from space 21824K,  15% used [0x00000000e5560000, 0x00000000e589d830, 0x00000000e6ab0000)
  to   space 21824K,   0% used [0x00000000e6ab0000, 0x00000000e6ab0000, 0x00000000e8000000)
 concurrent mark-sweep generation total 393216K, used 50046K [0x00000000e8000000, 0x0000000100000000, 0x0000000100000000)
 Metaspace       used 37825K, capacity 39326K, committed 39472K, reserved 1083392K
  class space    used 4556K, capacity 4869K, committed 4912K, reserved 1048576K
2019-01-31T13:35:56.208-0200: 16223.008: [GC (Allocation Failure) 2019-01-31T13:35:56.208-0200: 16223.008: [ParNew
Desired survivor size 20112992 bytes, new threshold 8 (max 8)
- age   1:     604752 bytes,     604752 total
- age   2:      87688 bytes,     692440 total
- age   7:     400280 bytes,    1092720 total
- age   8:     383368 bytes,    1476088 total
: 90742K->2159K(109248K), 0.0037536 secs] 140788K->52556K(502464K), 0.0038319 secs] [Times: user=0.00 sys=0.00, real=0.00 secs] 
Heap after GC invocations=65 (full 1):
 par new generation   total 109248K, used 2159K [0x00000000e0000000, 0x00000000e8000000, 0x00000000e8000000)
  eden space 87424K,   0% used [0x00000000e0000000, 0x00000000e0000000, 0x00000000e5560000)
  from space 21824K,   9% used [0x00000000e6ab0000, 0x00000000e6ccbde8, 0x00000000e8000000)
  to   space 21824K,   0% used [0x00000000e5560000, 0x00000000e5560000, 0x00000000e6ab0000)
 concurrent mark-sweep generation total 393216K, used 50397K [0x00000000e8000000, 0x0000000100000000, 0x0000000100000000)
 Metaspace       used 37825K, capacity 39326K, committed 39472K, reserved 1083392K
  class space    used 4556K, capacity 4869K, committed 4912K, reserved 1048576K
}
2019-01-31T13:35:56.212-0200: 16223.012: Total time for which application threads were stopped: 0.0040615 seconds, Stopping threads took: 0.0000341 seconds
{Heap before GC invocations=65 (full 1):
 par new generation   total 109248K, used 89583K [0x00000000e0000000, 0x00000000e8000000, 0x00000000e8000000)
  eden space 87424K, 100% used [0x00000000e0000000, 0x00000000e5560000, 0x00000000e5560000)
  from space 21824K,   9% used [0x00000000e6ab0000, 0x00000000e6ccbde8, 0x00000000e8000000)
  to   space 21824K,   0% used [0x00000000e5560000, 0x00000000e5560000, 0x00000000e6ab0000)
 concurrent mark-sweep generation total 393216K, used 50397K [0x00000000e8000000, 0x0000000100000000, 0x0000000100000000)
 Metaspace       used 37834K, capacity 39390K, committed 39472K, reserved 1083392K
  class space    used 4556K, capacity 4869K, committed 4912K, reserved 1048576K
2019-01-31T13:35:56.302-0200: 16223.102: [GC (Allocation Failure) 2019-01-31T13:35:56.302-0200: 16223.102: [ParNew
Desired survivor size 20112992 bytes, new threshold 8 (max 8)
- age   1:     885112 bytes,     885112 total
- age   2:     439584 bytes,    1324696 total
- age   3:      87688 bytes,    1412384 total
- age   8:     400280 bytes,    1812664 total
: 89583K->2039K(109248K), 0.0046968 secs] 139980K->52810K(502464K), 0.0048979 secs] [Times: user=0.00 sys=0.00, real=0.00 secs] 
Heap after GC invocations=66 (full 1):
 par new generation   total 109248K, used 2039K [0x00000000e0000000, 0x00000000e8000000, 0x00000000e8000000)
  eden space 87424K,   0% used [0x00000000e0000000, 0x00000000e0000000, 0x00000000e5560000)
  from space 21824K,   9% used [0x00000000e5560000, 0x00000000e575dc88, 0x00000000e6ab0000)
  to   space 21824K,   0% used [0x00000000e6ab0000, 0x00000000e6ab0000, 0x00000000e8000000)
 concurrent mark-sweep generation total 393216K, used 50771K [0x00000000e8000000, 0x0000000100000000, 0x0000000100000000)
 Metaspace       used 37834K, capacity 39390K, committed 39472K, reserved 1083392K
  class space    used 4556K, capacity 4869K, committed 4912K, reserved 1048576K
}
2019-01-31T13:35:56.307-0200: 16223.107: Total time for which application threads were stopped: 0.0051312 seconds, Stopping threads took: 0.0000411 seconds
{Heap before GC invocations=66 (full 1):
 par new generation   total 109248K, used 89463K [0x00000000e0000000, 0x00000000e8000000, 0x00000000e8000000)
  eden space 87424K, 100% used [0x00000000e0000000, 0x00000000e5560000, 0x00000000e5560000)
  from space 21824K,   9% used [0x00000000e5560000, 0x00000000e575dc88, 0x00000000e6ab0000)
  to   space 21824K,   0% used [0x00000000e6ab0000, 0x00000000e6ab0000, 0x00000000e8000000)
 concurrent mark-sweep generation total 393216K, used 50771K [0x00000000e8000000, 0x0000000100000000, 0x0000000100000000)
 Metaspace       used 37834K, capacity 39390K, committed 39472K, reserved 1083392K
  class space    used 4556K, capacity 4869K, committed 4912K, reserved 1048576K
2019-01-31T13:35:56.382-0200: 16223.183: [GC (Allocation Failure) 2019-01-31T13:35:56.382-0200: 16223.183: [ParNew
Desired survivor size 20112992 bytes, new threshold 8 (max 8)
- age   1:     795808 bytes,     795808 total
- age   2:     390800 bytes,    1186608 total
- age   3:     439584 bytes,    1626192 total
- age   4:      87688 bytes,    1713880 total
: 89463K->1802K(109248K), 0.0049124 secs] 140234K->52965K(502464K), 0.0050103 secs] [Times: user=0.00 sys=0.00, real=0.01 secs] 
Heap after GC invocations=67 (full 1):
 par new generation   total 109248K, used 1802K [0x00000000e0000000, 0x00000000e8000000, 0x00000000e8000000)
  eden space 87424K,   0% used [0x00000000e0000000, 0x00000000e0000000, 0x00000000e5560000)
  from space 21824K,   8% used [0x00000000e6ab0000, 0x00000000e6c72ae0, 0x00000000e8000000)
  to   space 21824K,   0% used [0x00000000e5560000, 0x00000000e5560000, 0x00000000e6ab0000)
 concurrent mark-sweep generation total 393216K, used 51163K [0x00000000e8000000, 0x0000000100000000, 0x0000000100000000)
 Metaspace       used 37834K, capacity 39390K, committed 39472K, reserved 1083392K
  class space    used 4556K, capacity 4869K, committed 4912K, reserved 1048576K
}
2019-01-31T13:35:56.387-0200: 16223.188: Total time for which application threads were stopped: 0.0052641 seconds, Stopping threads took: 0.0000345 seconds
{Heap before GC invocations=67 (full 1):
 par new generation   total 109248K, used 89226K [0x00000000e0000000, 0x00000000e8000000, 0x00000000e8000000)
  eden space 87424K, 100% used [0x00000000e0000000, 0x00000000e5560000, 0x00000000e5560000)
  from space 21824K,   8% used [0x00000000e6ab0000, 0x00000000e6c72ae0, 0x00000000e8000000)
  to   space 21824K,   0% used [0x00000000e5560000, 0x00000000e5560000, 0x00000000e6ab0000)
 concurrent mark-sweep generation total 393216K, used 51163K [0x00000000e8000000, 0x0000000100000000, 0x0000000100000000)
 Metaspace       used 37834K, capacity 39390K, committed 39472K, reserved 1083392K
  class space    used 4556K, capacity 4869K, committed 4912K, reserved 1048576K
2019-01-31T13:35:56.457-0200: 16223.258: [GC (Allocation Failure) 2019-01-31T13:35:56.457-0200: 16223.258: [ParNew
Desired survivor size 20112992 bytes, new threshold 8 (max 8)
- age   1:     978008 bytes,     978008 total
- age   2:     422672 bytes,    1400680 total
- age   3:     390800 bytes,    1791480 total
- age   4:     439584 bytes,    2231064 total
- age   5:      87688 bytes,    2318752 total
: 89226K->2426K(109248K), 0.0041818 secs] 140389K->53589K(502464K), 0.0042891 secs] [Times: user=0.00 sys=0.00, real=0.00 secs] 
Heap after GC invocations=68 (full 1):
 par new generation   total 109248K, used 2426K [0x00000000e0000000, 0x00000000e8000000, 0x00000000e8000000)
  eden space 87424K,   0% used [0x00000000e0000000, 0x00000000e0000000, 0x00000000e5560000)
  from space 21824K,  11% used [0x00000000e5560000, 0x00000000e57be960, 0x00000000e6ab0000)
  to   space 21824K,   0% used [0x00000000e6ab0000, 0x00000000e6ab0000, 0x00000000e8000000)
 concurrent mark-sweep generation total 393216K, used 51163K [0x00000000e8000000, 0x0000000100000000, 0x0000000100000000)
 Metaspace       used 37834K, capacity 39390K, committed 39472K, reserved 1083392K
  class space    used 4556K, capacity 4869K, committed 4912K, reserved 1048576K
}
2019-01-31T13:35:56.461-0200: 16223.262: Total time for which application threads were stopped: 0.0045298 seconds, Stopping threads took: 0.0000462 seconds
2019-01-31T13:35:57.462-0200: 16224.262: Total time for which application threads were stopped: 0.0001166 seconds, Stopping threads took: 0.0000336 seconds
2019-01-31T13:45:57.877-0200: 16824.678: Total time for which application threads were stopped: 0.0001498 seconds, Stopping threads took: 0.0000476 seconds
2019-01-31T13:45:57.878-0200: 16824.678: Total time for which application threads were stopped: 0.0000737 seconds, Stopping threads took: 0.0000219 seconds
2019-01-31T13:45:57.878-0200: 16824.679: Total time for which application threads were stopped: 0.0001124 seconds, Stopping threads took: 0.0000658 seconds
2019-01-31T13:45:57.879-0200: 16824.679: Total time for which application threads were stopped: 0.0000676 seconds, Stopping threads took: 0.0000238 seconds
2019-01-31T13:45:57.879-0200: 16824.679: Total time for which application threads were stopped: 0.0000938 seconds, Stopping threads took: 0.0000513 seconds
2019-01-31T13:45:57.879-0200: 16824.680: Total time for which application threads were stopped: 0.0001012 seconds, Stopping threads took: 0.0000597 seconds
{Heap before GC invocations=68 (full 1):
 par new generation   total 109248K, used 89850K [0x00000000e0000000, 0x00000000e8000000, 0x00000000e8000000)
  eden space 87424K, 100% used [0x00000000e0000000, 0x00000000e5560000, 0x00000000e5560000)
  from space 21824K,  11% used [0x00000000e5560000, 0x00000000e57be960, 0x00000000e6ab0000)
  to   space 21824K,   0% used [0x00000000e6ab0000, 0x00000000e6ab0000, 0x00000000e8000000)
 concurrent mark-sweep generation total 393216K, used 51163K [0x00000000e8000000, 0x0000000100000000, 0x0000000100000000)
 Metaspace       used 37873K, capacity 39390K, committed 39472K, reserved 1083392K
  class space    used 4556K, capacity 4869K, committed 4912K, reserved 1048576K
2019-01-31T13:45:57.901-0200: 16824.702: [GC (Allocation Failure) 2019-01-31T13:45:57.901-0200: 16824.702: [ParNew
Desired survivor size 20112992 bytes, new threshold 8 (max 8)
- age   1:     335688 bytes,     335688 total
- age   4:        112 bytes,     335800 total
- age   6:       9272 bytes,     345072 total
: 89850K->956K(109248K), 0.0041907 secs] 141013K->52119K(502464K), 0.0042849 secs] [Times: user=0.00 sys=0.00, real=0.00 secs] 
Heap after GC invocations=69 (full 1):
 par new generation   total 109248K, used 956K [0x00000000e0000000, 0x00000000e8000000, 0x00000000e8000000)
  eden space 87424K,   0% used [0x00000000e0000000, 0x00000000e0000000, 0x00000000e5560000)
  from space 21824K,   4% used [0x00000000e6ab0000, 0x00000000e6b9f088, 0x00000000e8000000)
  to   space 21824K,   0% used [0x00000000e5560000, 0x00000000e5560000, 0x00000000e6ab0000)
 concurrent mark-sweep generation total 393216K, used 51163K [0x00000000e8000000, 0x0000000100000000, 0x0000000100000000)
 Metaspace       used 37873K, capacity 39390K, committed 39472K, reserved 1083392K
  class space    used 4556K, capacity 4869K, committed 4912K, reserved 1048576K
}
2019-01-31T13:45:57.905-0200: 16824.706: Total time for which application threads were stopped: 0.0045224 seconds, Stopping threads took: 0.0000364 seconds
{Heap before GC invocations=69 (full 1):
 par new generation   total 109248K, used 88380K [0x00000000e0000000, 0x00000000e8000000, 0x00000000e8000000)
  eden space 87424K, 100% used [0x00000000e0000000, 0x00000000e5560000, 0x00000000e5560000)
  from space 21824K,   4% used [0x00000000e6ab0000, 0x00000000e6b9f088, 0x00000000e8000000)
  to   space 21824K,   0% used [0x00000000e5560000, 0x00000000e5560000, 0x00000000e6ab0000)
 concurrent mark-sweep generation total 393216K, used 51163K [0x00000000e8000000, 0x0000000100000000, 0x0000000100000000)
 Metaspace       used 37873K, capacity 39390K, committed 39472K, reserved 1083392K
  class space    used 4556K, capacity 4869K, committed 4912K, reserved 1048576K
2019-01-31T13:45:57.982-0200: 16824.782: [GC (Allocation Failure) 2019-01-31T13:45:57.982-0200: 16824.782: [ParNew
Desired survivor size 20112992 bytes, new threshold 8 (max 8)
- age   1:     891224 bytes,     891224 total
- age   2:     161784 bytes,    1053008 total
- age   5:        112 bytes,    1053120 total
- age   7:       9272 bytes,    1062392 total
: 88380K->1187K(109248K), 0.0038161 secs] 139543K->52350K(502464K), 0.0039084 secs] [Times: user=0.00 sys=0.00, real=0.00 secs] 
Heap after GC invocations=70 (full 1):
 par new generation   total 109248K, used 1187K [0x00000000e0000000, 0x00000000e8000000, 0x00000000e8000000)
  eden space 87424K,   0% used [0x00000000e0000000, 0x00000000e0000000, 0x00000000e5560000)
  from space 21824K,   5% used [0x00000000e5560000, 0x00000000e5688c60, 0x00000000e6ab0000)
  to   space 21824K,   0% used [0x00000000e6ab0000, 0x00000000e6ab0000, 0x00000000e8000000)
 concurrent mark-sweep generation total 393216K, used 51163K [0x00000000e8000000, 0x0000000100000000, 0x0000000100000000)
 Metaspace       used 37873K, capacity 39390K, committed 39472K, reserved 1083392K
  class space    used 4556K, capacity 4869K, committed 4912K, reserved 1048576K
}
2019-01-31T13:45:57.986-0200: 16824.786: Total time for which application threads were stopped: 0.0042378 seconds, Stopping threads took: 0.0000364 seconds
{Heap before GC invocations=70 (full 1):
 par new generation   total 109248K, used 88611K [0x00000000e0000000, 0x00000000e8000000, 0x00000000e8000000)
  eden space 87424K, 100% used [0x00000000e0000000, 0x00000000e5560000, 0x00000000e5560000)
  from space 21824K,   5% used [0x00000000e5560000, 0x00000000e5688c60, 0x00000000e6ab0000)
  to   space 21824K,   0% used [0x00000000e6ab0000, 0x00000000e6ab0000, 0x00000000e8000000)
 concurrent mark-sweep generation total 393216K, used 51163K [0x00000000e8000000, 0x0000000100000000, 0x0000000100000000)
 Metaspace       used 37875K, capacity 39390K, committed 39472K, reserved 1083392K
  class space    used 4556K, capacity 4869K, committed 4912K, reserved 1048576K
2019-01-31T13:45:58.056-0200: 16824.857: [GC (Allocation Failure) 2019-01-31T13:45:58.056-0200: 16824.857: [ParNew
Desired survivor size 20112992 bytes, new threshold 8 (max 8)
- age   1:    1039584 bytes,    1039584 total
- age   2:     420568 bytes,    1460152 total
- age   3:     161784 bytes,    1621936 total
- age   6:        112 bytes,    1622048 total
- age   8:       9272 bytes,    1631320 total
: 88611K->1737K(109248K), 0.0037648 secs] 139774K->52900K(502464K), 0.0038497 secs] [Times: user=0.00 sys=0.00, real=0.00 secs] 
Heap after GC invocations=71 (full 1):
 par new generation   total 109248K, used 1737K [0x00000000e0000000, 0x00000000e8000000, 0x00000000e8000000)
  eden space 87424K,   0% used [0x00000000e0000000, 0x00000000e0000000, 0x00000000e5560000)
  from space 21824K,   7% used [0x00000000e6ab0000, 0x00000000e6c62638, 0x00000000e8000000)
  to   space 21824K,   0% used [0x00000000e5560000, 0x00000000e5560000, 0x00000000e6ab0000)
 concurrent mark-sweep generation total 393216K, used 51163K [0x00000000e8000000, 0x0000000100000000, 0x0000000100000000)
 Metaspace       used 37875K, capacity 39390K, committed 39472K, reserved 1083392K
  class space    used 4556K, capacity 4869K, committed 4912K, reserved 1048576K
}
2019-01-31T13:45:58.060-0200: 16824.861: Total time for which application threads were stopped: 0.0041450 seconds, Stopping threads took: 0.0000378 seconds
{Heap before GC invocations=71 (full 1):
 par new generation   total 109248K, used 89161K [0x00000000e0000000, 0x00000000e8000000, 0x00000000e8000000)
  eden space 87424K, 100% used [0x00000000e0000000, 0x00000000e5560000, 0x00000000e5560000)
  from space 21824K,   7% used [0x00000000e6ab0000, 0x00000000e6c62638, 0x00000000e8000000)
  to   space 21824K,   0% used [0x00000000e5560000, 0x00000000e5560000, 0x00000000e6ab0000)
 concurrent mark-sweep generation total 393216K, used 51163K [0x00000000e8000000, 0x0000000100000000, 0x0000000100000000)
 Metaspace       used 37879K, capacity 39390K, committed 39472K, reserved 1083392K
  class space    used 4556K, capacity 4869K, committed 4912K, reserved 1048576K
2019-01-31T13:45:58.133-0200: 16824.933: [GC (Allocation Failure) 2019-01-31T13:45:58.133-0200: 16824.933: [ParNew
Desired survivor size 20112992 bytes, new threshold 8 (max 8)
- age   1:     548048 bytes,     548048 total
- age   2:     429040 bytes,     977088 total
- age   3:     420568 bytes,    1397656 total
- age   4:     161760 bytes,    1559416 total
- age   7:        112 bytes,    1559528 total
: 89161K->1751K(109248K), 0.0038851 secs] 140324K->52924K(502464K), 0.0039966 secs] [Times: user=0.00 sys=0.00, real=0.00 secs] 
Heap after GC invocations=72 (full 1):
 par new generation   total 109248K, used 1751K [0x00000000e0000000, 0x00000000e8000000, 0x00000000e8000000)
  eden space 87424K,   0% used [0x00000000e0000000, 0x00000000e0000000, 0x00000000e5560000)
  from space 21824K,   8% used [0x00000000e5560000, 0x00000000e5715f10, 0x00000000e6ab0000)
  to   space 21824K,   0% used [0x00000000e6ab0000, 0x00000000e6ab0000, 0x00000000e8000000)
 concurrent mark-sweep generation total 393216K, used 51172K [0x00000000e8000000, 0x0000000100000000, 0x0000000100000000)
 Metaspace       used 37879K, capacity 39390K, committed 39472K, reserved 1083392K
  class space    used 4556K, capacity 4869K, committed 4912K, reserved 1048576K
}
2019-01-31T13:45:58.137-0200: 16824.937: Total time for which application threads were stopped: 0.0042411 seconds, Stopping threads took: 0.0000378 seconds
{Heap before GC invocations=72 (full 1):
 par new generation   total 109248K, used 89175K [0x00000000e0000000, 0x00000000e8000000, 0x00000000e8000000)
  eden space 87424K, 100% used [0x00000000e0000000, 0x00000000e5560000, 0x00000000e5560000)
  from space 21824K,   8% used [0x00000000e5560000, 0x00000000e5715f10, 0x00000000e6ab0000)
  to   space 21824K,   0% used [0x00000000e6ab0000, 0x00000000e6ab0000, 0x00000000e8000000)
 concurrent mark-sweep generation total 393216K, used 51172K [0x00000000e8000000, 0x0000000100000000, 0x0000000100000000)
 Metaspace       used 37880K, capacity 39390K, committed 39472K, reserved 1083392K
  class space    used 4556K, capacity 4869K, committed 4912K, reserved 1048576K
2019-01-31T13:45:58.207-0200: 16825.008: [GC (Allocation Failure) 2019-01-31T13:45:58.208-0200: 16825.008: [ParNew
Desired survivor size 20112992 bytes, new threshold 8 (max 8)
- age   1:     420440 bytes,     420440 total
- age   2:     469056 bytes,     889496 total
- age   3:     429040 bytes,    1318536 total
- age   4:     420568 bytes,    1739104 total
- age   5:     161712 bytes,    1900816 total
- age   8:        112 bytes,    1900928 total
: 89175K->1941K(109248K), 0.0040265 secs] 140348K->53113K(502464K), 0.0041240 secs] [Times: user=0.00 sys=0.00, real=0.00 secs] 
Heap after GC invocations=73 (full 1):
 par new generation   total 109248K, used 1941K [0x00000000e0000000, 0x00000000e8000000, 0x00000000e8000000)
  eden space 87424K,   0% used [0x00000000e0000000, 0x00000000e0000000, 0x00000000e5560000)
  from space 21824K,   8% used [0x00000000e6ab0000, 0x00000000e6c95528, 0x00000000e8000000)
  to   space 21824K,   0% used [0x00000000e5560000, 0x00000000e5560000, 0x00000000e6ab0000)
 concurrent mark-sweep generation total 393216K, used 51172K [0x00000000e8000000, 0x0000000100000000, 0x0000000100000000)
 Metaspace       used 37880K, capacity 39390K, committed 39472K, reserved 1083392K
  class space    used 4556K, capacity 4869K, committed 4912K, reserved 1048576K
}
2019-01-31T13:45:58.212-0200: 16825.012: Total time for which application threads were stopped: 0.0043708 seconds, Stopping threads took: 0.0000359 seconds
2019-01-31T13:45:59.212-0200: 16826.012: Total time for which application threads were stopped: 0.0001479 seconds, Stopping threads took: 0.0000662 seconds
{Heap before GC invocations=73 (full 1):
 par new generation   total 109248K, used 89365K [0x00000000e0000000, 0x00000000e8000000, 0x00000000e8000000)
  eden space 87424K, 100% used [0x00000000e0000000, 0x00000000e5560000, 0x00000000e5560000)
  from space 21824K,   8% used [0x00000000e6ab0000, 0x00000000e6c95528, 0x00000000e8000000)
  to   space 21824K,   0% used [0x00000000e5560000, 0x00000000e5560000, 0x00000000e6ab0000)
 concurrent mark-sweep generation total 393216K, used 51172K [0x00000000e8000000, 0x0000000100000000, 0x0000000100000000)
 Metaspace       used 37901K, capacity 39390K, committed 39472K, reserved 1083392K
  class space    used 4556K, capacity 4869K, committed 4912K, reserved 1048576K
2019-01-31T13:53:33.860-0200: 17280.660: [GC (Allocation Failure) 2019-01-31T13:53:33.860-0200: 17280.661: [ParNew
Desired survivor size 20112992 bytes, new threshold 8 (max 8)
- age   1:     623608 bytes,     623608 total
- age   3:         80 bytes,     623688 total
- age   6:      18760 bytes,     642448 total
: 89365K->690K(109248K), 0.0043955 secs] 140537K->51863K(502464K), 0.0045788 secs] [Times: user=0.06 sys=0.00, real=0.00 secs] 
Heap after GC invocations=74 (full 1):
 par new generation   total 109248K, used 690K [0x00000000e0000000, 0x00000000e8000000, 0x00000000e8000000)
  eden space 87424K,   0% used [0x00000000e0000000, 0x00000000e0000000, 0x00000000e5560000)
  from space 21824K,   3% used [0x00000000e5560000, 0x00000000e560cad0, 0x00000000e6ab0000)
  to   space 21824K,   0% used [0x00000000e6ab0000, 0x00000000e6ab0000, 0x00000000e8000000)
 concurrent mark-sweep generation total 393216K, used 51172K [0x00000000e8000000, 0x0000000100000000, 0x0000000100000000)
 Metaspace       used 37901K, capacity 39390K, committed 39472K, reserved 1083392K
  class space    used 4556K, capacity 4869K, committed 4912K, reserved 1048576K
}
2019-01-31T13:53:33.864-0200: 17280.665: Total time for which application threads were stopped: 0.0048447 seconds, Stopping threads took: 0.0000448 seconds
{Heap before GC invocations=74 (full 1):
 par new generation   total 109248K, used 88114K [0x00000000e0000000, 0x00000000e8000000, 0x00000000e8000000)
  eden space 87424K, 100% used [0x00000000e0000000, 0x00000000e5560000, 0x00000000e5560000)
  from space 21824K,   3% used [0x00000000e5560000, 0x00000000e560cad0, 0x00000000e6ab0000)
  to   space 21824K,   0% used [0x00000000e6ab0000, 0x00000000e6ab0000, 0x00000000e8000000)
 concurrent mark-sweep generation total 393216K, used 51172K [0x00000000e8000000, 0x0000000100000000, 0x0000000100000000)
 Metaspace       used 37901K, capacity 39390K, committed 39472K, reserved 1083392K
  class space    used 4556K, capacity 4869K, committed 4912K, reserved 1048576K
2019-01-31T13:53:33.939-0200: 17280.740: [GC (Allocation Failure) 2019-01-31T13:53:33.939-0200: 17280.740: [ParNew
Desired survivor size 20112992 bytes, new threshold 8 (max 8)
- age   1:     781360 bytes,     781360 total
- age   2:      87168 bytes,     868528 total
- age   4:         80 bytes,     868608 total
- age   7:      18760 bytes,     887368 total
: 88114K->1111K(109248K), 0.0047001 secs] 139287K->52283K(502464K), 0.0047860 secs] [Times: user=0.00 sys=0.00, real=0.01 secs] 
Heap after GC invocations=75 (full 1):
 par new generation   total 109248K, used 1111K [0x00000000e0000000, 0x00000000e8000000, 0x00000000e8000000)
  eden space 87424K,   0% used [0x00000000e0000000, 0x00000000e0000000, 0x00000000e5560000)
  from space 21824K,   5% used [0x00000000e6ab0000, 0x00000000e6bc5c58, 0x00000000e8000000)
  to   space 21824K,   0% used [0x00000000e5560000, 0x00000000e5560000, 0x00000000e6ab0000)
 concurrent mark-sweep generation total 393216K, used 51172K [0x00000000e8000000, 0x0000000100000000, 0x0000000100000000)
 Metaspace       used 37901K, capacity 39390K, committed 39472K, reserved 1083392K
  class space    used 4556K, capacity 4869K, committed 4912K, reserved 1048576K
}
2019-01-31T13:53:33.944-0200: 17280.745: Total time for which application threads were stopped: 0.0050187 seconds, Stopping threads took: 0.0000331 seconds
{Heap before GC invocations=75 (full 1):
 par new generation   total 109248K, used 88535K [0x00000000e0000000, 0x00000000e8000000, 0x00000000e8000000)
  eden space 87424K, 100% used [0x00000000e0000000, 0x00000000e5560000, 0x00000000e5560000)
  from space 21824K,   5% used [0x00000000e6ab0000, 0x00000000e6bc5c58, 0x00000000e8000000)
  to   space 21824K,   0% used [0x00000000e5560000, 0x00000000e5560000, 0x00000000e6ab0000)
 concurrent mark-sweep generation total 393216K, used 51172K [0x00000000e8000000, 0x0000000100000000, 0x0000000100000000)
 Metaspace       used 37903K, capacity 39390K, committed 39472K, reserved 1083392K
  class space    used 4556K, capacity 4869K, committed 4912K, reserved 1048576K
2019-01-31T13:53:34.015-0200: 17280.816: [GC (Allocation Failure) 2019-01-31T13:53:34.015-0200: 17280.816: [ParNew
Desired survivor size 20112992 bytes, new threshold 8 (max 8)
- age   1:     785664 bytes,     785664 total
- age   2:     487816 bytes,    1273480 total
- age   3:      87168 bytes,    1360648 total
- age   5:         80 bytes,    1360728 total
- age   8:      18760 bytes,    1379488 total
: 88535K->1514K(109248K), 0.0038273 secs] 139707K->52686K(502464K), 0.0039187 secs] [Times: user=0.06 sys=0.00, real=0.00 secs] 
Heap after GC invocations=76 (full 1):
 par new generation   total 109248K, used 1514K [0x00000000e0000000, 0x00000000e8000000, 0x00000000e8000000)
  eden space 87424K,   0% used [0x00000000e0000000, 0x00000000e0000000, 0x00000000e5560000)
  from space 21824K,   6% used [0x00000000e5560000, 0x00000000e56da820, 0x00000000e6ab0000)
  to   space 21824K,   0% used [0x00000000e6ab0000, 0x00000000e6ab0000, 0x00000000e8000000)
 concurrent mark-sweep generation total 393216K, used 51172K [0x00000000e8000000, 0x0000000100000000, 0x0000000100000000)
 Metaspace       used 37903K, capacity 39390K, committed 39472K, reserved 1083392K
  class space    used 4556K, capacity 4869K, committed 4912K, reserved 1048576K
}
2019-01-31T13:53:34.019-0200: 17280.820: Total time for which application threads were stopped: 0.0041515 seconds, Stopping threads took: 0.0000378 seconds
{Heap before GC invocations=76 (full 1):
 par new generation   total 109248K, used 88938K [0x00000000e0000000, 0x00000000e8000000, 0x00000000e8000000)
  eden space 87424K, 100% used [0x00000000e0000000, 0x00000000e5560000, 0x00000000e5560000)
  from space 21824K,   6% used [0x00000000e5560000, 0x00000000e56da820, 0x00000000e6ab0000)
  to   space 21824K,   0% used [0x00000000e6ab0000, 0x00000000e6ab0000, 0x00000000e8000000)
 concurrent mark-sweep generation total 393216K, used 51172K [0x00000000e8000000, 0x0000000100000000, 0x0000000100000000)
 Metaspace       used 37907K, capacity 39390K, committed 39472K, reserved 1083392K
  class space    used 4556K, capacity 4869K, committed 4912K, reserved 1048576K
2019-01-31T13:53:34.093-0200: 17280.894: [GC (Allocation Failure) 2019-01-31T13:53:34.093-0200: 17280.894: [ParNew
Desired survivor size 20112992 bytes, new threshold 8 (max 8)
- age   1:     608896 bytes,     608896 total
- age   2:     429040 bytes,    1037936 total
- age   3:     487816 bytes,    1525752 total
- age   4:      87120 bytes,    1612872 total
- age   6:         80 bytes,    1612952 total
: 88938K->1645K(109248K), 0.0040974 secs] 140110K->52836K(502464K), 0.0041897 secs] [Times: user=0.06 sys=0.00, real=0.00 secs] 
Heap after GC invocations=77 (full 1):
 par new generation   total 109248K, used 1645K [0x00000000e0000000, 0x00000000e8000000, 0x00000000e8000000)
  eden space 87424K,   0% used [0x00000000e0000000, 0x00000000e0000000, 0x00000000e5560000)
  from space 21824K,   7% used [0x00000000e6ab0000, 0x00000000e6c4b4a8, 0x00000000e8000000)
  to   space 21824K,   0% used [0x00000000e5560000, 0x00000000e5560000, 0x00000000e6ab0000)
 concurrent mark-sweep generation total 393216K, used 51190K [0x00000000e8000000, 0x0000000100000000, 0x0000000100000000)
 Metaspace       used 37907K, capacity 39390K, committed 39472K, reserved 1083392K
  class space    used 4556K, capacity 4869K, committed 4912K, reserved 1048576K
}
2019-01-31T13:53:34.097-0200: 17280.898: Total time for which application threads were stopped: 0.0044267 seconds, Stopping threads took: 0.0000322 seconds
{Heap before GC invocations=77 (full 1):
 par new generation   total 109248K, used 89069K [0x00000000e0000000, 0x00000000e8000000, 0x00000000e8000000)
  eden space 87424K, 100% used [0x00000000e0000000, 0x00000000e5560000, 0x00000000e5560000)
  from space 21824K,   7% used [0x00000000e6ab0000, 0x00000000e6c4b4a8, 0x00000000e8000000)
  to   space 21824K,   0% used [0x00000000e5560000, 0x00000000e5560000, 0x00000000e6ab0000)
 concurrent mark-sweep generation total 393216K, used 51190K [0x00000000e8000000, 0x0000000100000000, 0x0000000100000000)
 Metaspace       used 37908K, capacity 39390K, committed 39472K, reserved 1083392K
  class space    used 4556K, capacity 4869K, committed 4912K, reserved 1048576K
2019-01-31T13:53:34.167-0200: 17280.968: [GC (Allocation Failure) 2019-01-31T13:53:34.167-0200: 17280.968: [ParNew
Desired survivor size 20112992 bytes, new threshold 8 (max 8)
- age   1:     724384 bytes,     724384 total
- age   2:     440384 bytes,    1164768 total
- age   3:     429040 bytes,    1593808 total
- age   4:     487816 bytes,    2081624 total
- age   5:      87096 bytes,    2168720 total
- age   7:         80 bytes,    2168800 total
: 89069K->2205K(109248K), 0.0047141 secs] 140260K->53396K(502464K), 0.0048032 secs] [Times: user=0.00 sys=0.00, real=0.00 secs] 
Heap after GC invocations=78 (full 1):
 par new generation   total 109248K, used 2205K [0x00000000e0000000, 0x00000000e8000000, 0x00000000e8000000)
  eden space 87424K,   0% used [0x00000000e0000000, 0x00000000e0000000, 0x00000000e5560000)
  from space 21824K,  10% used [0x00000000e5560000, 0x00000000e57874e8, 0x00000000e6ab0000)
  to   space 21824K,   0% used [0x00000000e6ab0000, 0x00000000e6ab0000, 0x00000000e8000000)
 concurrent mark-sweep generation total 393216K, used 51190K [0x00000000e8000000, 0x0000000100000000, 0x0000000100000000)
 Metaspace       used 37908K, capacity 39390K, committed 39472K, reserved 1083392K
  class space    used 4556K, capacity 4869K, committed 4912K, reserved 1048576K
}
2019-01-31T13:53:34.172-0200: 17280.973: Total time for which application threads were stopped: 0.0050383 seconds, Stopping threads took: 0.0000383 seconds
2019-01-31T13:53:35.172-0200: 17281.972: Total time for which application threads were stopped: 0.0001180 seconds, Stopping threads took: 0.0000378 seconds
2019-01-31T13:54:35.168-0200: 17341.968: Total time for which application threads were stopped: 0.0001959 seconds, Stopping threads took: 0.0001101 seconds
{Heap before GC invocations=78 (full 1):
 par new generation   total 109248K, used 89629K [0x00000000e0000000, 0x00000000e8000000, 0x00000000e8000000)
  eden space 87424K, 100% used [0x00000000e0000000, 0x00000000e5560000, 0x00000000e5560000)
  from space 21824K,  10% used [0x00000000e5560000, 0x00000000e57874e8, 0x00000000e6ab0000)
  to   space 21824K,   0% used [0x00000000e6ab0000, 0x00000000e6ab0000, 0x00000000e8000000)
 concurrent mark-sweep generation total 393216K, used 51190K [0x00000000e8000000, 0x0000000100000000, 0x0000000100000000)
 Metaspace       used 37916K, capacity 39390K, committed 39472K, reserved 1083392K
  class space    used 4556K, capacity 4869K, committed 4912K, reserved 1048576K
2019-01-31T13:54:35.181-0200: 17341.981: [GC (Allocation Failure) 2019-01-31T13:54:35.181-0200: 17341.981: [ParNew
Desired survivor size 20112992 bytes, new threshold 8 (max 8)
- age   1:     407920 bytes,     407920 total
- age   3:        216 bytes,     408136 total
- age   6:      22096 bytes,     430232 total
- age   8:         80 bytes,     430312 total
: 89629K->591K(109248K), 0.0048974 secs] 140820K->51782K(502464K), 0.0049991 secs] [Times: user=0.00 sys=0.00, real=0.01 secs] 
Heap after GC invocations=79 (full 1):
 par new generation   total 109248K, used 591K [0x00000000e0000000, 0x00000000e8000000, 0x00000000e8000000)
  eden space 87424K,   0% used [0x00000000e0000000, 0x00000000e0000000, 0x00000000e5560000)
  from space 21824K,   2% used [0x00000000e6ab0000, 0x00000000e6b43e80, 0x00000000e8000000)
  to   space 21824K,   0% used [0x00000000e5560000, 0x00000000e5560000, 0x00000000e6ab0000)
 concurrent mark-sweep generation total 393216K, used 51190K [0x00000000e8000000, 0x0000000100000000, 0x0000000100000000)
 Metaspace       used 37916K, capacity 39390K, committed 39472K, reserved 1083392K
  class space    used 4556K, capacity 4869K, committed 4912K, reserved 1048576K
}
2019-01-31T13:54:35.186-0200: 17341.986: Total time for which application threads were stopped: 0.0052772 seconds, Stopping threads took: 0.0000359 seconds
{Heap before GC invocations=79 (full 1):
 par new generation   total 109248K, used 88015K [0x00000000e0000000, 0x00000000e8000000, 0x00000000e8000000)
  eden space 87424K, 100% used [0x00000000e0000000, 0x00000000e5560000, 0x00000000e5560000)
  from space 21824K,   2% used [0x00000000e6ab0000, 0x00000000e6b43e80, 0x00000000e8000000)
  to   space 21824K,   0% used [0x00000000e5560000, 0x00000000e5560000, 0x00000000e6ab0000)
 concurrent mark-sweep generation total 393216K, used 51190K [0x00000000e8000000, 0x0000000100000000, 0x0000000100000000)
 Metaspace       used 37916K, capacity 39390K, committed 39472K, reserved 1083392K
  class space    used 4556K, capacity 4869K, committed 4912K, reserved 1048576K
2019-01-31T13:54:35.260-0200: 17342.061: [GC (Allocation Failure) 2019-01-31T13:54:35.260-0200: 17342.061: [ParNew
Desired survivor size 20112992 bytes, new threshold 8 (max 8)
- age   1:     597752 bytes,     597752 total
- age   2:      72944 bytes,     670696 total
- age   4:        216 bytes,     670912 total
- age   7:      22096 bytes,     693008 total
: 88015K->794K(109248K), 0.0048723 secs] 139206K->51985K(502464K), 0.0049665 secs] [Times: user=0.00 sys=0.00, real=0.01 secs] 
Heap after GC invocations=80 (full 1):
 par new generation   total 109248K, used 794K [0x00000000e0000000, 0x00000000e8000000, 0x00000000e8000000)
  eden space 87424K,   0% used [0x00000000e0000000, 0x00000000e0000000, 0x00000000e5560000)
  from space 21824K,   3% used [0x00000000e5560000, 0x00000000e56269b0, 0x00000000e6ab0000)
  to   space 21824K,   0% used [0x00000000e6ab0000, 0x00000000e6ab0000, 0x00000000e8000000)
 concurrent mark-sweep generation total 393216K, used 51190K [0x00000000e8000000, 0x0000000100000000, 0x0000000100000000)
 Metaspace       used 37916K, capacity 39390K, committed 39472K, reserved 1083392K
  class space    used 4556K, capacity 4869K, committed 4912K, reserved 1048576K
}
2019-01-31T13:54:35.265-0200: 17342.066: Total time for which application threads were stopped: 0.0052161 seconds, Stopping threads took: 0.0000392 seconds
{Heap before GC invocations=80 (full 1):
 par new generation   total 109248K, used 88218K [0x00000000e0000000, 0x00000000e8000000, 0x00000000e8000000)
  eden space 87424K, 100% used [0x00000000e0000000, 0x00000000e5560000, 0x00000000e5560000)
  from space 21824K,   3% used [0x00000000e5560000, 0x00000000e56269b0, 0x00000000e6ab0000)
  to   space 21824K,   0% used [0x00000000e6ab0000, 0x00000000e6ab0000, 0x00000000e8000000)
 concurrent mark-sweep generation total 393216K, used 51190K [0x00000000e8000000, 0x0000000100000000, 0x0000000100000000)
 Metaspace       used 37916K, capacity 39390K, committed 39472K, reserved 1083392K
  class space    used 4556K, capacity 4869K, committed 4912K, reserved 1048576K
2019-01-31T13:54:35.336-0200: 17342.137: [GC (Allocation Failure) 2019-01-31T13:54:35.336-0200: 17342.137: [ParNew
Desired survivor size 20112992 bytes, new threshold 8 (max 8)
- age   1:     599824 bytes,     599824 total
- age   2:     487816 bytes,    1087640 total
- age   3:      72944 bytes,    1160584 total
- age   5:        216 bytes,    1160800 total
- age   8:      22096 bytes,    1182896 total
: 88218K->1219K(109248K), 0.0044221 secs] 139409K->52410K(502464K), 0.0045382 secs] [Times: user=0.00 sys=0.00, real=0.01 secs] 
Heap after GC invocations=81 (full 1):
 par new generation   total 109248K, used 1219K [0x00000000e0000000, 0x00000000e8000000, 0x00000000e8000000)
  eden space 87424K,   0% used [0x00000000e0000000, 0x00000000e0000000, 0x00000000e5560000)
  from space 21824K,   5% used [0x00000000e6ab0000, 0x00000000e6be0d58, 0x00000000e8000000)
  to   space 21824K,   0% used [0x00000000e5560000, 0x00000000e5560000, 0x00000000e6ab0000)
 concurrent mark-sweep generation total 393216K, used 51190K [0x00000000e8000000, 0x0000000100000000, 0x0000000100000000)
 Metaspace       used 37916K, capacity 39390K, committed 39472K, reserved 1083392K
  class space    used 4556K, capacity 4869K, committed 4912K, reserved 1048576K
}
2019-01-31T13:54:35.341-0200: 17342.141: Total time for which application threads were stopped: 0.0047934 seconds, Stopping threads took: 0.0000471 seconds
{Heap before GC invocations=81 (full 1):
 par new generation   total 109248K, used 88643K [0x00000000e0000000, 0x00000000e8000000, 0x00000000e8000000)
  eden space 87424K, 100% used [0x00000000e0000000, 0x00000000e5560000, 0x00000000e5560000)
  from space 21824K,   5% used [0x00000000e6ab0000, 0x00000000e6be0d58, 0x00000000e8000000)
  to   space 21824K,   0% used [0x00000000e5560000, 0x00000000e5560000, 0x00000000e6ab0000)
 concurrent mark-sweep generation total 393216K, used 51190K [0x00000000e8000000, 0x0000000100000000, 0x0000000100000000)
 Metaspace       used 37921K, capacity 39390K, committed 39472K, reserved 1083392K
  class space    used 4556K, capacity 4869K, committed 4912K, reserved 1048576K
2019-01-31T13:54:35.415-0200: 17342.216: [GC (Allocation Failure) 2019-01-31T13:54:35.415-0200: 17342.216: [ParNew
Desired survivor size 20112992 bytes, new threshold 8 (max 8)
- age   1:     866328 bytes,     866328 total
- age   2:     429040 bytes,    1295368 total
- age   3:     487816 bytes,    1783184 total
- age   4:      72872 bytes,    1856056 total
- age   6:        216 bytes,    1856272 total
: 88643K->1872K(109248K), 0.0038870 secs] 139834K->53085K(502464K), 0.0039775 secs] [Times: user=0.00 sys=0.00, real=0.00 secs] 
Heap after GC invocations=82 (full 1):
 par new generation   total 109248K, used 1872K [0x00000000e0000000, 0x00000000e8000000, 0x00000000e8000000)
  eden space 87424K,   0% used [0x00000000e0000000, 0x00000000e0000000, 0x00000000e5560000)
  from space 21824K,   8% used [0x00000000e5560000, 0x00000000e57343a0, 0x00000000e6ab0000)
  to   space 21824K,   0% used [0x00000000e6ab0000, 0x00000000e6ab0000, 0x00000000e8000000)
 concurrent mark-sweep generation total 393216K, used 51212K [0x00000000e8000000, 0x0000000100000000, 0x0000000100000000)
 Metaspace       used 37921K, capacity 39390K, committed 39472K, reserved 1083392K
  class space    used 4556K, capacity 4869K, committed 4912K, reserved 1048576K
}
2019-01-31T13:54:35.419-0200: 17342.220: Total time for which application threads were stopped: 0.0042159 seconds, Stopping threads took: 0.0000383 seconds
{Heap before GC invocations=82 (full 1):
 par new generation   total 109248K, used 89296K [0x00000000e0000000, 0x00000000e8000000, 0x00000000e8000000)
  eden space 87424K, 100% used [0x00000000e0000000, 0x00000000e5560000, 0x00000000e5560000)
  from space 21824K,   8% used [0x00000000e5560000, 0x00000000e57343a0, 0x00000000e6ab0000)
  to   space 21824K,   0% used [0x00000000e6ab0000, 0x00000000e6ab0000, 0x00000000e8000000)
 concurrent mark-sweep generation total 393216K, used 51212K [0x00000000e8000000, 0x0000000100000000, 0x0000000100000000)
 Metaspace       used 37921K, capacity 39390K, committed 39472K, reserved 1083392K
  class space    used 4556K, capacity 4869K, committed 4912K, reserved 1048576K
2019-01-31T13:54:35.489-0200: 17342.290: [GC (Allocation Failure) 2019-01-31T13:54:35.490-0200: 17342.290: [ParNew
Desired survivor size 20112992 bytes, new threshold 8 (max 8)
- age   1:     573056 bytes,     573056 total
- age   2:     391840 bytes,     964896 total
- age   3:     429040 bytes,    1393936 total
- age   4:     487816 bytes,    1881752 total
- age   5:      72920 bytes,    1954672 total
- age   7:        216 bytes,    1954888 total
: 89296K->2063K(109248K), 0.0051372 secs] 140509K->53276K(502464K), 0.0052478 secs] [Times: user=0.00 sys=0.00, real=0.01 secs] 
Heap after GC invocations=83 (full 1):
 par new generation   total 109248K, used 2063K [0x00000000e0000000, 0x00000000e8000000, 0x00000000e8000000)
  eden space 87424K,   0% used [0x00000000e0000000, 0x00000000e0000000, 0x00000000e5560000)
  from space 21824K,   9% used [0x00000000e6ab0000, 0x00000000e6cb3f00, 0x00000000e8000000)
  to   space 21824K,   0% used [0x00000000e5560000, 0x00000000e5560000, 0x00000000e6ab0000)
 concurrent mark-sweep generation total 393216K, used 51212K [0x00000000e8000000, 0x0000000100000000, 0x0000000100000000)
 Metaspace       used 37921K, capacity 39390K, committed 39472K, reserved 1083392K
  class space    used 4556K, capacity 4869K, committed 4912K, reserved 1048576K
}
2019-01-31T13:54:35.495-0200: 17342.295: Total time for which application threads were stopped: 0.0055016 seconds, Stopping threads took: 0.0000471 seconds
2019-01-31T13:54:36.495-0200: 17343.295: Total time for which application threads were stopped: 0.0001278 seconds, Stopping threads took: 0.0000481 seconds
2019-01-31T13:55:34.518-0200: 17401.318: Total time for which application threads were stopped: 0.0001045 seconds, Stopping threads took: 0.0000345 seconds
2019-01-31T14:09:02.795-0200: 18209.597: Total time for which application threads were stopped: 0.0001288 seconds, Stopping threads took: 0.0000387 seconds
2019-01-31T14:09:02.871-0200: 18209.672: Total time for which application threads were stopped: 0.0003023 seconds, Stopping threads took: 0.0001390 seconds
2019-01-31T14:09:02.872-0200: 18209.673: Total time for which application threads were stopped: 0.0002687 seconds, Stopping threads took: 0.0001600 seconds
2019-01-31T14:09:02.872-0200: 18209.673: Total time for which application threads were stopped: 0.0003224 seconds, Stopping threads took: 0.0000280 seconds
2019-01-31T14:09:02.876-0200: 18209.677: Total time for which application threads were stopped: 0.0001493 seconds, Stopping threads took: 0.0000383 seconds
2019-01-31T14:09:02.876-0200: 18209.677: Total time for which application threads were stopped: 0.0001390 seconds, Stopping threads took: 0.0000536 seconds
2019-01-31T14:09:03.024-0200: 18209.825: Total time for which application threads were stopped: 0.0002515 seconds, Stopping threads took: 0.0000434 seconds
2019-01-31T14:09:03.028-0200: 18209.829: Total time for which application threads were stopped: 0.0003373 seconds, Stopping threads took: 0.0000392 seconds
{Heap before GC invocations=83 (full 1):
 par new generation   total 109248K, used 89487K [0x00000000e0000000, 0x00000000e8000000, 0x00000000e8000000)
  eden space 87424K, 100% used [0x00000000e0000000, 0x00000000e5560000, 0x00000000e5560000)
  from space 21824K,   9% used [0x00000000e6ab0000, 0x00000000e6cb3f00, 0x00000000e8000000)
  to   space 21824K,   0% used [0x00000000e5560000, 0x00000000e5560000, 0x00000000e6ab0000)
 concurrent mark-sweep generation total 393216K, used 51212K [0x00000000e8000000, 0x0000000100000000, 0x0000000100000000)
 Metaspace       used 37937K, capacity 39454K, committed 39728K, reserved 1083392K
  class space    used 4556K, capacity 4869K, committed 4912K, reserved 1048576K
2019-01-31T14:09:03.043-0200: 18209.844: [GC (Allocation Failure) 2019-01-31T14:09:03.043-0200: 18209.845: [ParNew
Desired survivor size 20112992 bytes, new threshold 8 (max 8)
- age   1:     482976 bytes,     482976 total
- age   3:         80 bytes,     483056 total
- age   6:       7816 bytes,     490872 total
- age   8:        216 bytes,     491088 total
: 89487K->561K(109248K), 0.0054055 secs] 140700K->51774K(502464K), 0.0055557 secs] [Times: user=0.05 sys=0.02, real=0.01 secs] 
Heap after GC invocations=84 (full 1):
 par new generation   total 109248K, used 561K [0x00000000e0000000, 0x00000000e8000000, 0x00000000e8000000)
  eden space 87424K,   0% used [0x00000000e0000000, 0x00000000e0000000, 0x00000000e5560000)
  from space 21824K,   2% used [0x00000000e5560000, 0x00000000e55ec658, 0x00000000e6ab0000)
  to   space 21824K,   0% used [0x00000000e6ab0000, 0x00000000e6ab0000, 0x00000000e8000000)
 concurrent mark-sweep generation total 393216K, used 51212K [0x00000000e8000000, 0x0000000100000000, 0x0000000100000000)
 Metaspace       used 37937K, capacity 39454K, committed 39728K, reserved 1083392K
  class space    used 4556K, capacity 4869K, committed 4912K, reserved 1048576K
}
2019-01-31T14:09:03.049-0200: 18209.850: Total time for which application threads were stopped: 0.0060885 seconds, Stopping threads took: 0.0000327 seconds
{Heap before GC invocations=84 (full 1):
 par new generation   total 109248K, used 87985K [0x00000000e0000000, 0x00000000e8000000, 0x00000000e8000000)
  eden space 87424K, 100% used [0x00000000e0000000, 0x00000000e5560000, 0x00000000e5560000)
  from space 21824K,   2% used [0x00000000e5560000, 0x00000000e55ec658, 0x00000000e6ab0000)
  to   space 21824K,   0% used [0x00000000e6ab0000, 0x00000000e6ab0000, 0x00000000e8000000)
 concurrent mark-sweep generation total 393216K, used 51212K [0x00000000e8000000, 0x0000000100000000, 0x0000000100000000)
 Metaspace       used 37937K, capacity 39454K, committed 39728K, reserved 1083392K
  class space    used 4556K, capacity 4869K, committed 4912K, reserved 1048576K
2019-01-31T14:09:03.150-0200: 18209.951: [GC (Allocation Failure) 2019-01-31T14:09:03.150-0200: 18209.951: [ParNew
Desired survivor size 20112992 bytes, new threshold 8 (max 8)
- age   1:     693336 bytes,     693336 total
- age   2:     320624 bytes,    1013960 total
- age   4:         80 bytes,    1014040 total
- age   7:       7816 bytes,    1021856 total
: 87985K->1049K(109248K), 0.0043876 secs] 139198K->52262K(502464K), 0.0044655 secs] [Times: user=0.00 sys=0.00, real=0.00 secs] 
Heap after GC invocations=85 (full 1):
 par new generation   total 109248K, used 1049K [0x00000000e0000000, 0x00000000e8000000, 0x00000000e8000000)
  eden space 87424K,   0% used [0x00000000e0000000, 0x00000000e0000000, 0x00000000e5560000)
  from space 21824K,   4% used [0x00000000e6ab0000, 0x00000000e6bb65d8, 0x00000000e8000000)
  to   space 21824K,   0% used [0x00000000e5560000, 0x00000000e5560000, 0x00000000e6ab0000)
 concurrent mark-sweep generation total 393216K, used 51213K [0x00000000e8000000, 0x0000000100000000, 0x0000000100000000)
 Metaspace       used 37937K, capacity 39454K, committed 39728K, reserved 1083392K
  class space    used 4556K, capacity 4869K, committed 4912K, reserved 1048576K
}
2019-01-31T14:09:03.155-0200: 18209.955: Total time for which application threads were stopped: 0.0046987 seconds, Stopping threads took: 0.0000299 seconds
{Heap before GC invocations=85 (full 1):
 par new generation   total 109248K, used 88473K [0x00000000e0000000, 0x00000000e8000000, 0x00000000e8000000)
  eden space 87424K, 100% used [0x00000000e0000000, 0x00000000e5560000, 0x00000000e5560000)
  from space 21824K,   4% used [0x00000000e6ab0000, 0x00000000e6bb65d8, 0x00000000e8000000)
  to   space 21824K,   0% used [0x00000000e5560000, 0x00000000e5560000, 0x00000000e6ab0000)
 concurrent mark-sweep generation total 393216K, used 51213K [0x00000000e8000000, 0x0000000100000000, 0x0000000100000000)
 Metaspace       used 37943K, capacity 39454K, committed 39728K, reserved 1083392K
  class space    used 4556K, capacity 4869K, committed 4912K, reserved 1048576K
2019-01-31T14:09:03.237-0200: 18210.038: [GC (Allocation Failure) 2019-01-31T14:09:03.237-0200: 18210.038: [ParNew
Desired survivor size 20112992 bytes, new threshold 8 (max 8)
- age   1:     564832 bytes,     564832 total
- age   2:     475368 bytes,    1040200 total
- age   3:     320464 bytes,    1360664 total
- age   5:         80 bytes,    1360744 total
- age   8:       7816 bytes,    1368560 total
: 88473K->1411K(109248K), 0.0047038 secs] 139686K->52624K(502464K), 0.0048055 secs] [Times: user=0.00 sys=0.00, real=0.01 secs] 
Heap after GC invocations=86 (full 1):
 par new generation   total 109248K, used 1411K [0x00000000e0000000, 0x00000000e8000000, 0x00000000e8000000)
  eden space 87424K,   0% used [0x00000000e0000000, 0x00000000e0000000, 0x00000000e5560000)
  from space 21824K,   6% used [0x00000000e5560000, 0x00000000e56c0e10, 0x00000000e6ab0000)
  to   space 21824K,   0% used [0x00000000e6ab0000, 0x00000000e6ab0000, 0x00000000e8000000)
 concurrent mark-sweep generation total 393216K, used 51213K [0x00000000e8000000, 0x0000000100000000, 0x0000000100000000)
 Metaspace       used 37943K, capacity 39454K, committed 39728K, reserved 1083392K
  class space    used 4556K, capacity 4869K, committed 4912K, reserved 1048576K
}
2019-01-31T14:09:03.242-0200: 18210.043: Total time for which application threads were stopped: 0.0050649 seconds, Stopping threads took: 0.0000495 seconds
{Heap before GC invocations=86 (full 1):
 par new generation   total 109248K, used 88835K [0x00000000e0000000, 0x00000000e8000000, 0x00000000e8000000)
  eden space 87424K, 100% used [0x00000000e0000000, 0x00000000e5560000, 0x00000000e5560000)
  from space 21824K,   6% used [0x00000000e5560000, 0x00000000e56c0e10, 0x00000000e6ab0000)
  to   space 21824K,   0% used [0x00000000e6ab0000, 0x00000000e6ab0000, 0x00000000e8000000)
 concurrent mark-sweep generation total 393216K, used 51213K [0x00000000e8000000, 0x0000000100000000, 0x0000000100000000)
 Metaspace       used 37943K, capacity 39454K, committed 39728K, reserved 1083392K
  class space    used 4556K, capacity 4869K, committed 4912K, reserved 1048576K
2019-01-31T14:09:03.356-0200: 18210.156: [GC (Allocation Failure) 2019-01-31T14:09:03.356-0200: 18210.156: [ParNew
Desired survivor size 20112992 bytes, new threshold 8 (max 8)
- age   1:     729592 bytes,     729592 total
- age   2:     298176 bytes,    1027768 total
- age   3:     370728 bytes,    1398496 total
- age   4:     320464 bytes,    1718960 total
- age   6:         80 bytes,    1719040 total
: 88835K->1885K(109248K), 0.0042303 secs] 140048K->53106K(502464K), 0.0043017 secs] [Times: user=0.00 sys=0.00, real=0.00 secs] 
Heap after GC invocations=87 (full 1):
 par new generation   total 109248K, used 1885K [0x00000000e0000000, 0x00000000e8000000, 0x00000000e8000000)
  eden space 87424K,   0% used [0x00000000e0000000, 0x00000000e0000000, 0x00000000e5560000)
  from space 21824K,   8% used [0x00000000e6ab0000, 0x00000000e6c87558, 0x00000000e8000000)
  to   space 21824K,   0% used [0x00000000e5560000, 0x00000000e5560000, 0x00000000e6ab0000)
 concurrent mark-sweep generation total 393216K, used 51220K [0x00000000e8000000, 0x0000000100000000, 0x0000000100000000)
 Metaspace       used 37943K, capacity 39454K, committed 39728K, reserved 1083392K
  class space    used 4556K, capacity 4869K, committed 4912K, reserved 1048576K
}
2019-01-31T14:09:03.360-0200: 18210.161: Total time for which application threads were stopped: 0.0045364 seconds, Stopping threads took: 0.0000308 seconds
{Heap before GC invocations=87 (full 1):
 par new generation   total 109248K, used 89309K [0x00000000e0000000, 0x00000000e8000000, 0x00000000e8000000)
  eden space 87424K, 100% used [0x00000000e0000000, 0x00000000e5560000, 0x00000000e5560000)
  from space 21824K,   8% used [0x00000000e6ab0000, 0x00000000e6c87558, 0x00000000e8000000)
  to   space 21824K,   0% used [0x00000000e5560000, 0x00000000e5560000, 0x00000000e6ab0000)
 concurrent mark-sweep generation total 393216K, used 51220K [0x00000000e8000000, 0x0000000100000000, 0x0000000100000000)
 Metaspace       used 37944K, capacity 39454K, committed 39728K, reserved 1083392K
  class space    used 4556K, capacity 4869K, committed 4912K, reserved 1048576K
2019-01-31T14:09:03.441-0200: 18210.242: [GC (Allocation Failure) 2019-01-31T14:09:03.441-0200: 18210.242: [ParNew
Desired survivor size 20112992 bytes, new threshold 8 (max 8)
- age   1:     748432 bytes,     748432 total
- age   2:     343216 bytes,    1091648 total
- age   3:     232048 bytes,    1323696 total
- age   4:     370648 bytes,    1694344 total
- age   5:     320408 bytes,    2014752 total
- age   7:         80 bytes,    2014832 total
: 89309K->2239K(109248K), 0.0049558 secs] 140530K->53460K(502464K), 0.0050575 secs] [Times: user=0.00 sys=0.00, real=0.01 secs] 
Heap after GC invocations=88 (full 1):
 par new generation   total 109248K, used 2239K [0x00000000e0000000, 0x00000000e8000000, 0x00000000e8000000)
  eden space 87424K,   0% used [0x00000000e0000000, 0x00000000e0000000, 0x00000000e5560000)
  from space 21824K,  10% used [0x00000000e5560000, 0x00000000e578ffb0, 0x00000000e6ab0000)
  to   space 21824K,   0% used [0x00000000e6ab0000, 0x00000000e6ab0000, 0x00000000e8000000)
 concurrent mark-sweep generation total 393216K, used 51220K [0x00000000e8000000, 0x0000000100000000, 0x0000000100000000)
 Metaspace       used 37944K, capacity 39454K, committed 39728K, reserved 1083392K
  class space    used 4556K, capacity 4869K, committed 4912K, reserved 1048576K
}
2019-01-31T14:09:03.447-0200: 18210.247: Total time for which application threads were stopped: 0.0052884 seconds, Stopping threads took: 0.0000331 seconds
{Heap before GC invocations=88 (full 1):
 par new generation   total 109248K, used 89663K [0x00000000e0000000, 0x00000000e8000000, 0x00000000e8000000)
  eden space 87424K, 100% used [0x00000000e0000000, 0x00000000e5560000, 0x00000000e5560000)
  from space 21824K,  10% used [0x00000000e5560000, 0x00000000e578ffb0, 0x00000000e6ab0000)
  to   space 21824K,   0% used [0x00000000e6ab0000, 0x00000000e6ab0000, 0x00000000e8000000)
 concurrent mark-sweep generation total 393216K, used 51220K [0x00000000e8000000, 0x0000000100000000, 0x0000000100000000)
 Metaspace       used 37945K, capacity 39454K, committed 39728K, reserved 1083392K
  class space    used 4556K, capacity 4869K, committed 4912K, reserved 1048576K
2019-01-31T14:09:03.522-0200: 18210.322: [GC (Allocation Failure) 2019-01-31T14:09:03.522-0200: 18210.322: [ParNew
Desired survivor size 20112992 bytes, new threshold 8 (max 8)
- age   1:     577592 bytes,     577592 total
- age   2:     416616 bytes,     994208 total
- age   3:     343216 bytes,    1337424 total
- age   4:     232048 bytes,    1569472 total
- age   5:     370648 bytes,    1940120 total
- age   6:     353000 bytes,    2293120 total
- age   8:         80 bytes,    2293200 total
: 89663K->2518K(109248K), 0.0041953 secs] 140884K->53739K(502464K), 0.0042868 secs] [Times: user=0.00 sys=0.00, real=0.00 secs] 
Heap after GC invocations=89 (full 1):
 par new generation   total 109248K, used 2518K [0x00000000e0000000, 0x00000000e8000000, 0x00000000e8000000)
  eden space 87424K,   0% used [0x00000000e0000000, 0x00000000e0000000, 0x00000000e5560000)
  from space 21824K,  11% used [0x00000000e6ab0000, 0x00000000e6d25a10, 0x00000000e8000000)
  to   space 21824K,   0% used [0x00000000e5560000, 0x00000000e5560000, 0x00000000e6ab0000)
 concurrent mark-sweep generation total 393216K, used 51220K [0x00000000e8000000, 0x0000000100000000, 0x0000000100000000)
 Metaspace       used 37945K, capacity 39454K, committed 39728K, reserved 1083392K
  class space    used 4556K, capacity 4869K, committed 4912K, reserved 1048576K
}
2019-01-31T14:09:03.526-0200: 18210.327: Total time for which application threads were stopped: 0.0045182 seconds, Stopping threads took: 0.0000378 seconds
{Heap before GC invocations=89 (full 1):
 par new generation   total 109248K, used 89942K [0x00000000e0000000, 0x00000000e8000000, 0x00000000e8000000)
  eden space 87424K, 100% used [0x00000000e0000000, 0x00000000e5560000, 0x00000000e5560000)
  from space 21824K,  11% used [0x00000000e6ab0000, 0x00000000e6d25a10, 0x00000000e8000000)
  to   space 21824K,   0% used [0x00000000e5560000, 0x00000000e5560000, 0x00000000e6ab0000)
 concurrent mark-sweep generation total 393216K, used 51220K [0x00000000e8000000, 0x0000000100000000, 0x0000000100000000)
 Metaspace       used 37946K, capacity 39454K, committed 39728K, reserved 1083392K
  class space    used 4556K, capacity 4869K, committed 4912K, reserved 1048576K
2019-01-31T14:09:03.605-0200: 18210.406: [GC (Allocation Failure) 2019-01-31T14:09:03.605-0200: 18210.406: [ParNew
Desired survivor size 20112992 bytes, new threshold 8 (max 8)
- age   1:     677472 bytes,     677472 total
- age   2:     210872 bytes,     888344 total
- age   3:     413160 bytes,    1301504 total
- age   4:     342928 bytes,    1644432 total
- age   5:     232048 bytes,    1876480 total
- age   6:     370416 bytes,    2246896 total
- age   7:     320216 bytes,    2567112 total
: 89942K->3088K(109248K), 0.0039308 secs] 141163K->54309K(502464K), 0.0040344 secs] [Times: user=0.00 sys=0.00, real=0.00 secs] 
Heap after GC invocations=90 (full 1):
 par new generation   total 109248K, used 3088K [0x00000000e0000000, 0x00000000e8000000, 0x00000000e8000000)
  eden space 87424K,   0% used [0x00000000e0000000, 0x00000000e0000000, 0x00000000e5560000)
  from space 21824K,  14% used [0x00000000e5560000, 0x00000000e5864210, 0x00000000e6ab0000)
  to   space 21824K,   0% used [0x00000000e6ab0000, 0x00000000e6ab0000, 0x00000000e8000000)
 concurrent mark-sweep generation total 393216K, used 51220K [0x00000000e8000000, 0x0000000100000000, 0x0000000100000000)
 Metaspace       used 37946K, capacity 39454K, committed 39728K, reserved 1083392K
  class space    used 4556K, capacity 4869K, committed 4912K, reserved 1048576K
}
2019-01-31T14:09:03.609-0200: 18210.410: Total time for which application threads were stopped: 0.0042663 seconds, Stopping threads took: 0.0000378 seconds
{Heap before GC invocations=90 (full 1):
 par new generation   total 109248K, used 90512K [0x00000000e0000000, 0x00000000e8000000, 0x00000000e8000000)
  eden space 87424K, 100% used [0x00000000e0000000, 0x00000000e5560000, 0x00000000e5560000)
  from space 21824K,  14% used [0x00000000e5560000, 0x00000000e5864210, 0x00000000e6ab0000)
  to   space 21824K,   0% used [0x00000000e6ab0000, 0x00000000e6ab0000, 0x00000000e8000000)
 concurrent mark-sweep generation total 393216K, used 51220K [0x00000000e8000000, 0x0000000100000000, 0x0000000100000000)
 Metaspace       used 37949K, capacity 39454K, committed 39728K, reserved 1083392K
  class space    used 4556K, capacity 4869K, committed 4912K, reserved 1048576K
2019-01-31T14:09:03.689-0200: 18210.490: [GC (Allocation Failure) 2019-01-31T14:09:03.689-0200: 18210.490: [ParNew
Desired survivor size 20112992 bytes, new threshold 8 (max 8)
- age   1:     695872 bytes,     695872 total
- age   2:     262936 bytes,     958808 total
- age   3:     210784 bytes,    1169592 total
- age   4:     412072 bytes,    1581664 total
- age   5:     342928 bytes,    1924592 total
- age   6:     232048 bytes,    2156640 total
- age   7:     370416 bytes,    2527056 total
- age   8:     320216 bytes,    2847272 total
: 90512K->4124K(109248K), 0.0044328 secs] 141733K->55345K(502464K), 0.0045191 secs] [Times: user=0.00 sys=0.00, real=0.01 secs] 
Heap after GC invocations=91 (full 1):
 par new generation   total 109248K, used 4124K [0x00000000e0000000, 0x00000000e8000000, 0x00000000e8000000)
  eden space 87424K,   0% used [0x00000000e0000000, 0x00000000e0000000, 0x00000000e5560000)
  from space 21824K,  18% used [0x00000000e6ab0000, 0x00000000e6eb70e0, 0x00000000e8000000)
  to   space 21824K,   0% used [0x00000000e5560000, 0x00000000e5560000, 0x00000000e6ab0000)
 concurrent mark-sweep generation total 393216K, used 51220K [0x00000000e8000000, 0x0000000100000000, 0x0000000100000000)
 Metaspace       used 37949K, capacity 39454K, committed 39728K, reserved 1083392K
  class space    used 4556K, capacity 4869K, committed 4912K, reserved 1048576K
}
2019-01-31T14:09:03.694-0200: 18210.495: Total time for which application threads were stopped: 0.0047552 seconds, Stopping threads took: 0.0000383 seconds
{Heap before GC invocations=91 (full 1):
 par new generation   total 109248K, used 91548K [0x00000000e0000000, 0x00000000e8000000, 0x00000000e8000000)
  eden space 87424K, 100% used [0x00000000e0000000, 0x00000000e5560000, 0x00000000e5560000)
  from space 21824K,  18% used [0x00000000e6ab0000, 0x00000000e6eb70e0, 0x00000000e8000000)
  to   space 21824K,   0% used [0x00000000e5560000, 0x00000000e5560000, 0x00000000e6ab0000)
 concurrent mark-sweep generation total 393216K, used 51220K [0x00000000e8000000, 0x0000000100000000, 0x0000000100000000)
 Metaspace       used 37949K, capacity 39454K, committed 39728K, reserved 1083392K
  class space    used 4556K, capacity 4869K, committed 4912K, reserved 1048576K
2019-01-31T14:09:03.769-0200: 18210.571: [GC (Allocation Failure) 2019-01-31T14:09:03.770-0200: 18210.571: [ParNew
Desired survivor size 20112992 bytes, new threshold 8 (max 8)
- age   1:     440072 bytes,     440072 total
- age   2:     566536 bytes,    1006608 total
- age   3:     262936 bytes,    1269544 total
- age   4:     210784 bytes,    1480328 total
- age   5:     412072 bytes,    1892400 total
- age   6:     258424 bytes,    2150824 total
- age   7:     232048 bytes,    2382872 total
- age   8:     370416 bytes,    2753288 total
: 91548K->3177K(109248K), 0.0048531 secs] 142769K->54712K(502464K), 0.0049604 secs] [Times: user=0.00 sys=0.00, real=0.00 secs] 
Heap after GC invocations=92 (full 1):
 par new generation   total 109248K, used 3177K [0x00000000e0000000, 0x00000000e8000000, 0x00000000e8000000)
  eden space 87424K,   0% used [0x00000000e0000000, 0x00000000e0000000, 0x00000000e5560000)
  from space 21824K,  14% used [0x00000000e5560000, 0x00000000e587a440, 0x00000000e6ab0000)
  to   space 21824K,   0% used [0x00000000e6ab0000, 0x00000000e6ab0000, 0x00000000e8000000)
 concurrent mark-sweep generation total 393216K, used 51534K [0x00000000e8000000, 0x0000000100000000, 0x0000000100000000)
 Metaspace       used 37949K, capacity 39454K, committed 39728K, reserved 1083392K
  class space    used 4556K, capacity 4869K, committed 4912K, reserved 1048576K
}
2019-01-31T14:09:03.775-0200: 18210.576: Total time for which application threads were stopped: 0.0052665 seconds, Stopping threads took: 0.0000434 seconds
2019-01-31T14:09:03.857-0200: 18210.658: Total time for which application threads were stopped: 0.0001432 seconds, Stopping threads took: 0.0000690 seconds
2019-01-31T14:09:03.860-0200: 18210.661: Total time for which application threads were stopped: 0.0001017 seconds, Stopping threads took: 0.0000299 seconds
2019-01-31T14:09:03.860-0200: 18210.661: Total time for which application threads were stopped: 0.0000611 seconds, Stopping threads took: 0.0000201 seconds
{Heap before GC invocations=92 (full 1):
 par new generation   total 109248K, used 90601K [0x00000000e0000000, 0x00000000e8000000, 0x00000000e8000000)
  eden space 87424K, 100% used [0x00000000e0000000, 0x00000000e5560000, 0x00000000e5560000)
  from space 21824K,  14% used [0x00000000e5560000, 0x00000000e587a440, 0x00000000e6ab0000)
  to   space 21824K,   0% used [0x00000000e6ab0000, 0x00000000e6ab0000, 0x00000000e8000000)
 concurrent mark-sweep generation total 393216K, used 51534K [0x00000000e8000000, 0x0000000100000000, 0x0000000100000000)
 Metaspace       used 37959K, capacity 39454K, committed 39728K, reserved 1083392K
  class space    used 4556K, capacity 4869K, committed 4912K, reserved 1048576K
2019-01-31T14:09:03.885-0200: 18210.686: [GC (Allocation Failure) 2019-01-31T14:09:03.885-0200: 18210.686: [ParNew
Desired survivor size 20112992 bytes, new threshold 8 (max 8)
- age   1:    1294624 bytes,    1294624 total
- age   2:     371648 bytes,    1666272 total
- age   3:     209584 bytes,    1875856 total
- age   4:     257696 bytes,    2133552 total
- age   5:     210592 bytes,    2344144 total
- age   6:     411832 bytes,    2755976 total
- age   7:     258232 bytes,    3014208 total
- age   8:     231856 bytes,    3246064 total
: 90601K->4286K(109248K), 0.0050262 secs] 142136K->56182K(502464K), 0.0051228 secs] [Times: user=0.00 sys=0.00, real=0.01 secs] 
Heap after GC invocations=93 (full 1):
 par new generation   total 109248K, used 4286K [0x00000000e0000000, 0x00000000e8000000, 0x00000000e8000000)
  eden space 87424K,   0% used [0x00000000e0000000, 0x00000000e0000000, 0x00000000e5560000)
  from space 21824K,  19% used [0x00000000e6ab0000, 0x00000000e6edfa18, 0x00000000e8000000)
  to   space 21824K,   0% used [0x00000000e5560000, 0x00000000e5560000, 0x00000000e6ab0000)
 concurrent mark-sweep generation total 393216K, used 51896K [0x00000000e8000000, 0x0000000100000000, 0x0000000100000000)
 Metaspace       used 37959K, capacity 39454K, committed 39728K, reserved 1083392K
  class space    used 4556K, capacity 4869K, committed 4912K, reserved 1048576K
}
2019-01-31T14:09:03.891-0200: 18210.692: Total time for which application threads were stopped: 0.0054713 seconds, Stopping threads took: 0.0000383 seconds
2019-01-31T14:09:04.130-0200: 18210.931: Total time for which application threads were stopped: 0.0002654 seconds, Stopping threads took: 0.0000765 seconds
2019-01-31T14:09:04.130-0200: 18210.931: Total time for which application threads were stopped: 0.0000914 seconds, Stopping threads took: 0.0000205 seconds
2019-01-31T14:09:04.131-0200: 18210.931: Total time for which application threads were stopped: 0.0002361 seconds, Stopping threads took: 0.0000336 seconds
2019-01-31T14:09:04.131-0200: 18210.932: Total time for which application threads were stopped: 0.0002832 seconds, Stopping threads took: 0.0000980 seconds
2019-01-31T14:09:04.284-0200: 18211.085: Total time for which application threads were stopped: 0.0001306 seconds, Stopping threads took: 0.0000476 seconds
2019-01-31T14:09:04.285-0200: 18211.085: Total time for which application threads were stopped: 0.0000737 seconds, Stopping threads took: 0.0000261 seconds
2019-01-31T14:09:04.285-0200: 18211.085: Total time for which application threads were stopped: 0.0000616 seconds, Stopping threads took: 0.0000182 seconds
2019-01-31T14:09:04.286-0200: 18211.087: Total time for which application threads were stopped: 0.0001218 seconds, Stopping threads took: 0.0000700 seconds
2019-01-31T14:09:04.286-0200: 18211.087: Total time for which application threads were stopped: 0.0001376 seconds, Stopping threads took: 0.0000830 seconds
{Heap before GC invocations=93 (full 1):
 par new generation   total 109248K, used 91704K [0x00000000e0000000, 0x00000000e8000000, 0x00000000e8000000)
  eden space 87424K,  99% used [0x00000000e0000000, 0x00000000e555e9e0, 0x00000000e5560000)
  from space 21824K,  19% used [0x00000000e6ab0000, 0x00000000e6edfa18, 0x00000000e8000000)
  to   space 21824K,   0% used [0x00000000e5560000, 0x00000000e5560000, 0x00000000e6ab0000)
 concurrent mark-sweep generation total 393216K, used 51896K [0x00000000e8000000, 0x0000000100000000, 0x0000000100000000)
 Metaspace       used 37985K, capacity 39460K, committed 39728K, reserved 1083392K
  class space    used 4557K, capacity 4870K, committed 4912K, reserved 1048576K
2019-01-31T14:09:04.449-0200: 18211.250: [GC (Allocation Failure) 2019-01-31T14:09:04.449-0200: 18211.250: [ParNew
Desired survivor size 20112992 bytes, new threshold 8 (max 8)
- age   1:    1035832 bytes,    1035832 total
- age   2:     681144 bytes,    1716976 total
- age   3:     371208 bytes,    2088184 total
- age   4:     209040 bytes,    2297224 total
- age   5:     256880 bytes,    2554104 total
- age   6:     210048 bytes,    2764152 total
- age   7:     411152 bytes,    3175304 total
- age   8:     257824 bytes,    3433128 total
: 91704K->4223K(109248K), 0.0057180 secs] 143601K->56346K(502464K), 0.0058445 secs] [Times: user=0.02 sys=0.00, real=0.01 secs] 
Heap after GC invocations=94 (full 1):
 par new generation   total 109248K, used 4223K [0x00000000e0000000, 0x00000000e8000000, 0x00000000e8000000)
  eden space 87424K,   0% used [0x00000000e0000000, 0x00000000e0000000, 0x00000000e5560000)
  from space 21824K,  19% used [0x00000000e5560000, 0x00000000e597ffa0, 0x00000000e6ab0000)
  to   space 21824K,   0% used [0x00000000e6ab0000, 0x00000000e6ab0000, 0x00000000e8000000)
 concurrent mark-sweep generation total 393216K, used 52122K [0x00000000e8000000, 0x0000000100000000, 0x0000000100000000)
 Metaspace       used 37985K, capacity 39460K, committed 39728K, reserved 1083392K
  class space    used 4557K, capacity 4870K, committed 4912K, reserved 1048576K
}
2019-01-31T14:09:04.456-0200: 18211.256: Total time for which application threads were stopped: 0.0064729 seconds, Stopping threads took: 0.0000513 seconds
2019-01-31T14:09:04.456-0200: 18211.257: Total time for which application threads were stopped: 0.0007553 seconds, Stopping threads took: 0.0000644 seconds
{Heap before GC invocations=94 (full 1):
 par new generation   total 109248K, used 91647K [0x00000000e0000000, 0x00000000e8000000, 0x00000000e8000000)
  eden space 87424K, 100% used [0x00000000e0000000, 0x00000000e5560000, 0x00000000e5560000)
  from space 21824K,  19% used [0x00000000e5560000, 0x00000000e597ffa0, 0x00000000e6ab0000)
  to   space 21824K,   0% used [0x00000000e6ab0000, 0x00000000e6ab0000, 0x00000000e8000000)
 concurrent mark-sweep generation total 393216K, used 52122K [0x00000000e8000000, 0x0000000100000000, 0x0000000100000000)
 Metaspace       used 37994K, capacity 39460K, committed 39728K, reserved 1083392K
  class space    used 4557K, capacity 4870K, committed 4912K, reserved 1048576K
2019-01-31T14:09:04.550-0200: 18211.350: [GC (Allocation Failure) 2019-01-31T14:09:04.550-0200: 18211.351: [ParNew
Desired survivor size 20112992 bytes, new threshold 8 (max 8)
- age   1:     494416 bytes,     494416 total
- age   2:     837976 bytes,    1332392 total
- age   3:     681144 bytes,    2013536 total
- age   4:     371208 bytes,    2384744 total
- age   5:     209040 bytes,    2593784 total
- age   6:     256880 bytes,    2850664 total
- age   7:     210048 bytes,    3060712 total
- age   8:     411152 bytes,    3471864 total
: 91647K->5689K(109248K), 0.0048475 secs] 143770K->58063K(502464K), 0.0049320 secs] [Times: user=0.00 sys=0.00, real=0.01 secs] 
Heap after GC invocations=95 (full 1):
 par new generation   total 109248K, used 5689K [0x00000000e0000000, 0x00000000e8000000, 0x00000000e8000000)
  eden space 87424K,   0% used [0x00000000e0000000, 0x00000000e0000000, 0x00000000e5560000)
  from space 21824K,  26% used [0x00000000e6ab0000, 0x00000000e703e580, 0x00000000e8000000)
  to   space 21824K,   0% used [0x00000000e5560000, 0x00000000e5560000, 0x00000000e6ab0000)
 concurrent mark-sweep generation total 393216K, used 52374K [0x00000000e8000000, 0x0000000100000000, 0x0000000100000000)
 Metaspace       used 37994K, capacity 39460K, committed 39728K, reserved 1083392K
  class space    used 4557K, capacity 4870K, committed 4912K, reserved 1048576K
}
2019-01-31T14:09:04.555-0200: 18211.355: Total time for which application threads were stopped: 0.0051699 seconds, Stopping threads took: 0.0000303 seconds
{Heap before GC invocations=95 (full 1):
 par new generation   total 109248K, used 93113K [0x00000000e0000000, 0x00000000e8000000, 0x00000000e8000000)
  eden space 87424K, 100% used [0x00000000e0000000, 0x00000000e5560000, 0x00000000e5560000)
  from space 21824K,  26% used [0x00000000e6ab0000, 0x00000000e703e580, 0x00000000e8000000)
  to   space 21824K,   0% used [0x00000000e5560000, 0x00000000e5560000, 0x00000000e6ab0000)
 concurrent mark-sweep generation total 393216K, used 52374K [0x00000000e8000000, 0x0000000100000000, 0x0000000100000000)
 Metaspace       used 37994K, capacity 39460K, committed 39728K, reserved 1083392K
  class space    used 4557K, capacity 4870K, committed 4912K, reserved 1048576K
2019-01-31T14:09:04.639-0200: 18211.439: [GC (Allocation Failure) 2019-01-31T14:09:04.639-0200: 18211.440: [ParNew
Desired survivor size 20112992 bytes, new threshold 8 (max 8)
- age   1:     476664 bytes,     476664 total
- age   2:     298992 bytes,     775656 total
- age   3:     935888 bytes,    1711544 total
- age   4:     681144 bytes,    2392688 total
- age   5:     371208 bytes,    2763896 total
- age   6:     209040 bytes,    2972936 total
- age   7:     256880 bytes,    3229816 total
- age   8:     210048 bytes,    3439864 total
: 93113K->4275K(109248K), 0.0039556 secs] 145487K->57050K(502464K), 0.0041095 secs] [Times: user=0.00 sys=0.02, real=0.00 secs] 
Heap after GC invocations=96 (full 1):
 par new generation   total 109248K, used 4275K [0x00000000e0000000, 0x00000000e8000000, 0x00000000e8000000)
  eden space 87424K,   0% used [0x00000000e0000000, 0x00000000e0000000, 0x00000000e5560000)
  from space 21824K,  19% used [0x00000000e5560000, 0x00000000e598cc48, 0x00000000e6ab0000)
  to   space 21824K,   0% used [0x00000000e6ab0000, 0x00000000e6ab0000, 0x00000000e8000000)
 concurrent mark-sweep generation total 393216K, used 52775K [0x00000000e8000000, 0x0000000100000000, 0x0000000100000000)
 Metaspace       used 37994K, capacity 39460K, committed 39728K, reserved 1083392K
  class space    used 4557K, capacity 4870K, committed 4912K, reserved 1048576K
}
2019-01-31T14:09:04.643-0200: 18211.444: Total time for which application threads were stopped: 0.0043414 seconds, Stopping threads took: 0.0000327 seconds
{Heap before GC invocations=96 (full 1):
 par new generation   total 109248K, used 91699K [0x00000000e0000000, 0x00000000e8000000, 0x00000000e8000000)
  eden space 87424K, 100% used [0x00000000e0000000, 0x00000000e5560000, 0x00000000e5560000)
  from space 21824K,  19% used [0x00000000e5560000, 0x00000000e598cc48, 0x00000000e6ab0000)
  to   space 21824K,   0% used [0x00000000e6ab0000, 0x00000000e6ab0000, 0x00000000e8000000)
 concurrent mark-sweep generation total 393216K, used 52775K [0x00000000e8000000, 0x0000000100000000, 0x0000000100000000)
 Metaspace       used 37999K, capacity 39460K, committed 39728K, reserved 1083392K
  class space    used 4557K, capacity 4870K, committed 4912K, reserved 1048576K
2019-01-31T14:09:04.724-0200: 18211.525: [GC (Allocation Failure) 2019-01-31T14:09:04.724-0200: 18211.525: [ParNew
Desired survivor size 20112992 bytes, new threshold 8 (max 8)
- age   1:     507152 bytes,     507152 total
- age   2:     247680 bytes,     754832 total
- age   3:     297824 bytes,    1052656 total
- age   4:     837400 bytes,    1890056 total
- age   5:     681144 bytes,    2571200 total
- age   6:     371208 bytes,    2942408 total
- age   7:     209040 bytes,    3151448 total
- age   8:     256880 bytes,    3408328 total
: 91699K->3946K(109248K), 0.0039140 secs] 144474K->56927K(502464K), 0.0040125 secs] [Times: user=0.00 sys=0.00, real=0.00 secs] 
Heap after GC invocations=97 (full 1):
 par new generation   total 109248K, used 3946K [0x00000000e0000000, 0x00000000e8000000, 0x00000000e8000000)
  eden space 87424K,   0% used [0x00000000e0000000, 0x00000000e0000000, 0x00000000e5560000)
  from space 21824K,  18% used [0x00000000e6ab0000, 0x00000000e6e8aa88, 0x00000000e8000000)
  to   space 21824K,   0% used [0x00000000e5560000, 0x00000000e5560000, 0x00000000e6ab0000)
 concurrent mark-sweep generation total 393216K, used 52980K [0x00000000e8000000, 0x0000000100000000, 0x0000000100000000)
 Metaspace       used 37999K, capacity 39460K, committed 39728K, reserved 1083392K
  class space    used 4557K, capacity 4870K, committed 4912K, reserved 1048576K
}
2019-01-31T14:09:04.728-0200: 18211.529: Total time for which application threads were stopped: 0.0042467 seconds, Stopping threads took: 0.0000383 seconds
2019-01-31T14:09:04.771-0200: 18211.572: Total time for which application threads were stopped: 0.0001498 seconds, Stopping threads took: 0.0000760 seconds
2019-01-31T14:09:04.772-0200: 18211.574: Total time for which application threads were stopped: 0.0001418 seconds, Stopping threads took: 0.0000718 seconds
2019-01-31T14:09:04.773-0200: 18211.574: Total time for which application threads were stopped: 0.0001092 seconds, Stopping threads took: 0.0000648 seconds
2019-01-31T14:09:04.955-0200: 18211.756: Total time for which application threads were stopped: 0.0001507 seconds, Stopping threads took: 0.0000364 seconds
2019-01-31T14:09:04.955-0200: 18211.756: Total time for which application threads were stopped: 0.0001068 seconds, Stopping threads took: 0.0000285 seconds
2019-01-31T14:09:04.956-0200: 18211.756: Total time for which application threads were stopped: 0.0001302 seconds, Stopping threads took: 0.0000625 seconds
2019-01-31T14:09:04.956-0200: 18211.757: Total time for which application threads were stopped: 0.0000746 seconds, Stopping threads took: 0.0000271 seconds
2019-01-31T14:09:05.045-0200: 18211.846: Total time for which application threads were stopped: 0.0001003 seconds, Stopping threads took: 0.0000285 seconds
2019-01-31T14:09:05.080-0200: 18211.881: Total time for which application threads were stopped: 0.0001073 seconds, Stopping threads took: 0.0000341 seconds
2019-01-31T14:09:05.080-0200: 18211.881: Total time for which application threads were stopped: 0.0000634 seconds, Stopping threads took: 0.0000201 seconds
2019-01-31T14:09:05.080-0200: 18211.881: Total time for which application threads were stopped: 0.0000672 seconds, Stopping threads took: 0.0000210 seconds
2019-01-31T14:09:05.082-0200: 18211.882: Total time for which application threads were stopped: 0.0000788 seconds, Stopping threads took: 0.0000224 seconds
2019-01-31T14:09:05.082-0200: 18211.883: Total time for which application threads were stopped: 0.0000578 seconds, Stopping threads took: 0.0000159 seconds
2019-01-31T14:09:05.130-0200: 18211.931: Total time for which application threads were stopped: 0.0001115 seconds, Stopping threads took: 0.0000322 seconds
{Heap before GC invocations=97 (full 1):
 par new generation   total 109248K, used 91370K [0x00000000e0000000, 0x00000000e8000000, 0x00000000e8000000)
  eden space 87424K, 100% used [0x00000000e0000000, 0x00000000e5560000, 0x00000000e5560000)
  from space 21824K,  18% used [0x00000000e6ab0000, 0x00000000e6e8aa88, 0x00000000e8000000)
  to   space 21824K,   0% used [0x00000000e5560000, 0x00000000e5560000, 0x00000000e6ab0000)
 concurrent mark-sweep generation total 393216K, used 52980K [0x00000000e8000000, 0x0000000100000000, 0x0000000100000000)
 Metaspace       used 38013K, capacity 39460K, committed 39728K, reserved 1083392K
  class space    used 4557K, capacity 4870K, committed 4912K, reserved 1048576K
2019-01-31T14:09:05.170-0200: 18211.971: [GC (Allocation Failure) 2019-01-31T14:09:05.170-0200: 18211.971: [ParNew
Desired survivor size 20112992 bytes, new threshold 8 (max 8)
- age   1:     788200 bytes,     788200 total
- age   4:        320 bytes,     788520 total
- age   5:     182888 bytes,     971408 total
- age   6:     680880 bytes,    1652288 total
- age   7:     371208 bytes,    2023496 total
- age   8:     209040 bytes,    2232536 total
: 91370K->3959K(109248K), 0.0040563 secs] 144351K->57191K(502464K), 0.0042257 secs] [Times: user=0.00 sys=0.00, real=0.00 secs] 
Heap after GC invocations=98 (full 1):
 par new generation   total 109248K, used 3959K [0x00000000e0000000, 0x00000000e8000000, 0x00000000e8000000)
  eden space 87424K,   0% used [0x00000000e0000000, 0x00000000e0000000, 0x00000000e5560000)
  from space 21824K,  18% used [0x00000000e5560000, 0x00000000e593dd30, 0x00000000e6ab0000)
  to   space 21824K,   0% used [0x00000000e6ab0000, 0x00000000e6ab0000, 0x00000000e8000000)
 concurrent mark-sweep generation total 393216K, used 53231K [0x00000000e8000000, 0x0000000100000000, 0x0000000100000000)
 Metaspace       used 38013K, capacity 39460K, committed 39728K, reserved 1083392K
  class space    used 4557K, capacity 4870K, committed 4912K, reserved 1048576K
}
2019-01-31T14:09:05.175-0200: 18211.975: Total time for which application threads were stopped: 0.0044557 seconds, Stopping threads took: 0.0000415 seconds
{Heap before GC invocations=98 (full 1):
 par new generation   total 109248K, used 91383K [0x00000000e0000000, 0x00000000e8000000, 0x00000000e8000000)
  eden space 87424K, 100% used [0x00000000e0000000, 0x00000000e5560000, 0x00000000e5560000)
  from space 21824K,  18% used [0x00000000e5560000, 0x00000000e593dd30, 0x00000000e6ab0000)
  to   space 21824K,   0% used [0x00000000e6ab0000, 0x00000000e6ab0000, 0x00000000e8000000)
 concurrent mark-sweep generation total 393216K, used 53231K [0x00000000e8000000, 0x0000000100000000, 0x0000000100000000)
 Metaspace       used 38013K, capacity 39460K, committed 39728K, reserved 1083392K
  class space    used 4557K, capacity 4870K, committed 4912K, reserved 1048576K
2019-01-31T14:09:05.255-0200: 18212.055: [GC (Allocation Failure) 2019-01-31T14:09:05.255-0200: 18212.055: [ParNew
Desired survivor size 20112992 bytes, new threshold 8 (max 8)
- age   1:     527584 bytes,     527584 total
- age   2:     646360 bytes,    1173944 total
- age   5:        320 bytes,    1174264 total
- age   6:     181976 bytes,    1356240 total
- age   7:     680880 bytes,    2037120 total
- age   8:     371208 bytes,    2408328 total
: 91383K->3166K(109248K), 0.0039919 secs] 144615K->56602K(502464K), 0.0041552 secs] [Times: user=0.00 sys=0.00, real=0.00 secs] 
Heap after GC invocations=99 (full 1):
 par new generation   total 109248K, used 3166K [0x00000000e0000000, 0x00000000e8000000, 0x00000000e8000000)
  eden space 87424K,   0% used [0x00000000e0000000, 0x00000000e0000000, 0x00000000e5560000)
  from space 21824K,  14% used [0x00000000e6ab0000, 0x00000000e6dc79c8, 0x00000000e8000000)
  to   space 21824K,   0% used [0x00000000e5560000, 0x00000000e5560000, 0x00000000e6ab0000)
 concurrent mark-sweep generation total 393216K, used 53435K [0x00000000e8000000, 0x0000000100000000, 0x0000000100000000)
 Metaspace       used 38013K, capacity 39460K, committed 39728K, reserved 1083392K
  class space    used 4557K, capacity 4870K, committed 4912K, reserved 1048576K
}
2019-01-31T14:09:05.259-0200: 18212.059: Total time for which application threads were stopped: 0.0043917 seconds, Stopping threads took: 0.0000373 seconds
{Heap before GC invocations=99 (full 1):
 par new generation   total 109248K, used 90590K [0x00000000e0000000, 0x00000000e8000000, 0x00000000e8000000)
  eden space 87424K, 100% used [0x00000000e0000000, 0x00000000e5560000, 0x00000000e5560000)
  from space 21824K,  14% used [0x00000000e6ab0000, 0x00000000e6dc79c8, 0x00000000e8000000)
  to   space 21824K,   0% used [0x00000000e5560000, 0x00000000e5560000, 0x00000000e6ab0000)
 concurrent mark-sweep generation total 393216K, used 53435K [0x00000000e8000000, 0x0000000100000000, 0x0000000100000000)
 Metaspace       used 38013K, capacity 39460K, committed 39728K, reserved 1083392K
  class space    used 4557K, capacity 4870K, committed 4912K, reserved 1048576K
2019-01-31T14:09:05.340-0200: 18212.141: [GC (Allocation Failure) 2019-01-31T14:09:05.340-0200: 18212.141: [ParNew
Desired survivor size 20112992 bytes, new threshold 8 (max 8)
- age   1:     562448 bytes,     562448 total
- age   2:     310744 bytes,     873192 total
- age   3:     613144 bytes,    1486336 total
- age   6:        320 bytes,    1486656 total
- age   7:     181976 bytes,    1668632 total
- age   8:     680880 bytes,    2349512 total
: 90590K->2863K(109248K), 0.0043880 secs] 144026K->56661K(502464K), 0.0044851 secs] [Times: user=0.00 sys=0.00, real=0.00 secs] 
Heap after GC invocations=100 (full 1):
 par new generation   total 109248K, used 2863K [0x00000000e0000000, 0x00000000e8000000, 0x00000000e8000000)
  eden space 87424K,   0% used [0x00000000e0000000, 0x00000000e0000000, 0x00000000e5560000)
  from space 21824K,  13% used [0x00000000e5560000, 0x00000000e582be38, 0x00000000e6ab0000)
  to   space 21824K,   0% used [0x00000000e6ab0000, 0x00000000e6ab0000, 0x00000000e8000000)
 concurrent mark-sweep generation total 393216K, used 53798K [0x00000000e8000000, 0x0000000100000000, 0x0000000100000000)
 Metaspace       used 38013K, capacity 39460K, committed 39728K, reserved 1083392K
  class space    used 4557K, capacity 4870K, committed 4912K, reserved 1048576K
}
2019-01-31T14:09:05.344-0200: 18212.146: Total time for which application threads were stopped: 0.0047225 seconds, Stopping threads took: 0.0000378 seconds
{Heap before GC invocations=100 (full 1):
 par new generation   total 109248K, used 90287K [0x00000000e0000000, 0x00000000e8000000, 0x00000000e8000000)
  eden space 87424K, 100% used [0x00000000e0000000, 0x00000000e5560000, 0x00000000e5560000)
  from space 21824K,  13% used [0x00000000e5560000, 0x00000000e582be38, 0x00000000e6ab0000)
  to   space 21824K,   0% used [0x00000000e6ab0000, 0x00000000e6ab0000, 0x00000000e8000000)
 concurrent mark-sweep generation total 393216K, used 53798K [0x00000000e8000000, 0x0000000100000000, 0x0000000100000000)
 Metaspace       used 38013K, capacity 39460K, committed 39728K, reserved 1083392K
  class space    used 4557K, capacity 4870K, committed 4912K, reserved 1048576K
2019-01-31T14:09:05.421-0200: 18212.222: [GC (Allocation Failure) 2019-01-31T14:09:05.421-0200: 18212.222: [ParNew
Desired survivor size 20112992 bytes, new threshold 8 (max 8)
- age   1:     444704 bytes,     444704 total
- age   2:     340920 bytes,     785624 total
- age   3:     310496 bytes,    1096120 total
- age   4:     613064 bytes,    1709184 total
- age   7:        320 bytes,    1709504 total
- age   8:     181976 bytes,    1891480 total
: 90287K->2254K(109248K), 0.0050747 secs] 144085K->56717K(502464K), 0.0052641 secs] [Times: user=0.06 sys=0.00, real=0.01 secs] 
Heap after GC invocations=101 (full 1):
 par new generation   total 109248K, used 2254K [0x00000000e0000000, 0x00000000e8000000, 0x00000000e8000000)
  eden space 87424K,   0% used [0x00000000e0000000, 0x00000000e0000000, 0x00000000e5560000)
  from space 21824K,  10% used [0x00000000e6ab0000, 0x00000000e6ce39d0, 0x00000000e8000000)
  to   space 21824K,   0% used [0x00000000e5560000, 0x00000000e5560000, 0x00000000e6ab0000)
 concurrent mark-sweep generation total 393216K, used 54463K [0x00000000e8000000, 0x0000000100000000, 0x0000000100000000)
 Metaspace       used 38013K, capacity 39460K, committed 39728K, reserved 1083392K
  class space    used 4557K, capacity 4870K, committed 4912K, reserved 1048576K
}
2019-01-31T14:09:05.427-0200: 18212.227: Total time for which application threads were stopped: 0.0055660 seconds, Stopping threads took: 0.0000327 seconds
2019-01-31T14:09:05.516-0200: 18212.317: Total time for which application threads were stopped: 0.0001166 seconds, Stopping threads took: 0.0000345 seconds
{Heap before GC invocations=101 (full 1):
 par new generation   total 109248K, used 89483K [0x00000000e0000000, 0x00000000e8000000, 0x00000000e8000000)
  eden space 87424K,  99% used [0x00000000e0000000, 0x00000000e552f3c0, 0x00000000e5560000)
  from space 21824K,  10% used [0x00000000e6ab0000, 0x00000000e6ce39d0, 0x00000000e8000000)
  to   space 21824K,   0% used [0x00000000e5560000, 0x00000000e5560000, 0x00000000e6ab0000)
 concurrent mark-sweep generation total 393216K, used 54463K [0x00000000e8000000, 0x0000000100000000, 0x0000000100000000)
 Metaspace       used 38020K, capacity 39460K, committed 39728K, reserved 1083392K
  class space    used 4557K, capacity 4870K, committed 4912K, reserved 1048576K
2019-01-31T14:09:05.517-0200: 18212.318: [GC (Allocation Failure) 2019-01-31T14:09:05.517-0200: 18212.318: [ParNew
Desired survivor size 20112992 bytes, new threshold 8 (max 8)
- age   1:     553120 bytes,     553120 total
- age   2:     220000 bytes,     773120 total
- age   3:     372136 bytes,    1145256 total
- age   4:     245336 bytes,    1390592 total
- age   5:     539576 bytes,    1930168 total
- age   8:        320 bytes,    1930488 total
: 89483K->2253K(109248K), 0.0043138 secs] 143946K->56894K(502464K), 0.0043969 secs] [Times: user=0.00 sys=0.00, real=0.01 secs] 
Heap after GC invocations=102 (full 1):
 par new generation   total 109248K, used 2253K [0x00000000e0000000, 0x00000000e8000000, 0x00000000e8000000)
  eden space 87424K,   0% used [0x00000000e0000000, 0x00000000e0000000, 0x00000000e5560000)
  from space 21824K,  10% used [0x00000000e5560000, 0x00000000e5793468, 0x00000000e6ab0000)
  to   space 21824K,   0% used [0x00000000e6ab0000, 0x00000000e6ab0000, 0x00000000e8000000)
 concurrent mark-sweep generation total 393216K, used 54641K [0x00000000e8000000, 0x0000000100000000, 0x0000000100000000)
 Metaspace       used 38020K, capacity 39460K, committed 39728K, reserved 1083392K
  class space    used 4557K, capacity 4870K, committed 4912K, reserved 1048576K
}
2019-01-31T14:09:05.522-0200: 18212.323: Total time for which application threads were stopped: 0.0046077 seconds, Stopping threads took: 0.0000317 seconds
2019-01-31T14:09:05.522-0200: 18212.324: Total time for which application threads were stopped: 0.0001581 seconds, Stopping threads took: 0.0000434 seconds
2019-01-31T14:09:05.522-0200: 18212.324: Total time for which application threads were stopped: 0.0000639 seconds, Stopping threads took: 0.0000159 seconds
2019-01-31T14:09:05.707-0200: 18212.508: Total time for which application threads were stopped: 0.0001325 seconds, Stopping threads took: 0.0000359 seconds
2019-01-31T14:09:05.707-0200: 18212.508: Total time for which application threads were stopped: 0.0001623 seconds, Stopping threads took: 0.0001031 seconds
2019-01-31T14:09:05.707-0200: 18212.509: Total time for which application threads were stopped: 0.0002757 seconds, Stopping threads took: 0.0000765 seconds
2019-01-31T14:09:05.708-0200: 18212.509: Total time for which application threads were stopped: 0.0001059 seconds, Stopping threads took: 0.0000574 seconds
2019-01-31T14:09:05.827-0200: 18212.628: Total time for which application threads were stopped: 0.0001054 seconds, Stopping threads took: 0.0000294 seconds
2019-01-31T14:09:05.829-0200: 18212.630: Total time for which application threads were stopped: 0.0002029 seconds, Stopping threads took: 0.0000481 seconds
2019-01-31T14:09:05.868-0200: 18212.669: Total time for which application threads were stopped: 0.0001059 seconds, Stopping threads took: 0.0000313 seconds
2019-01-31T14:09:05.868-0200: 18212.669: Total time for which application threads were stopped: 0.0001241 seconds, Stopping threads took: 0.0000536 seconds
2019-01-31T14:09:05.868-0200: 18212.669: Total time for which application threads were stopped: 0.0000942 seconds, Stopping threads took: 0.0000490 seconds
2019-01-31T14:09:05.870-0200: 18212.671: Total time for which application threads were stopped: 0.0001586 seconds, Stopping threads took: 0.0000369 seconds
2019-01-31T14:09:05.870-0200: 18212.671: Total time for which application threads were stopped: 0.0001558 seconds, Stopping threads took: 0.0000336 seconds
2019-01-31T14:09:05.871-0200: 18212.672: Total time for which application threads were stopped: 0.0001017 seconds, Stopping threads took: 0.0000257 seconds
2019-01-31T14:09:05.871-0200: 18212.672: Total time for which application threads were stopped: 0.0001572 seconds, Stopping threads took: 0.0000313 seconds
2019-01-31T14:09:05.871-0200: 18212.672: Total time for which application threads were stopped: 0.0001665 seconds, Stopping threads took: 0.0000294 seconds
2019-01-31T14:09:05.922-0200: 18212.723: Total time for which application threads were stopped: 0.0001110 seconds, Stopping threads took: 0.0000317 seconds
{Heap before GC invocations=102 (full 1):
 par new generation   total 109248K, used 89677K [0x00000000e0000000, 0x00000000e8000000, 0x00000000e8000000)
  eden space 87424K, 100% used [0x00000000e0000000, 0x00000000e5560000, 0x00000000e5560000)
  from space 21824K,  10% used [0x00000000e5560000, 0x00000000e5793468, 0x00000000e6ab0000)
  to   space 21824K,   0% used [0x00000000e6ab0000, 0x00000000e6ab0000, 0x00000000e8000000)
 concurrent mark-sweep generation total 393216K, used 54641K [0x00000000e8000000, 0x0000000100000000, 0x0000000100000000)
 Metaspace       used 38039K, capacity 39460K, committed 39728K, reserved 1083392K
  class space    used 4557K, capacity 4870K, committed 4912K, reserved 1048576K
2019-01-31T14:09:05.998-0200: 18212.799: [GC (Allocation Failure) 2019-01-31T14:09:05.998-0200: 18212.799: [ParNew
Desired survivor size 20112992 bytes, new threshold 8 (max 8)
- age   1:    1113424 bytes,    1113424 total
- age   2:       7672 bytes,    1121096 total
- age   4:       1624 bytes,    1122720 total
- age   5:         80 bytes,    1122800 total
- age   6:     185040 bytes,    1307840 total
: 89677K->1656K(109248K), 0.0049782 secs] 144318K->56299K(502464K), 0.0050808 secs] [Times: user=0.05 sys=0.02, real=0.01 secs] 
Heap after GC invocations=103 (full 1):
 par new generation   total 109248K, used 1656K [0x00000000e0000000, 0x00000000e8000000, 0x00000000e8000000)
  eden space 87424K,   0% used [0x00000000e0000000, 0x00000000e0000000, 0x00000000e5560000)
  from space 21824K,   7% used [0x00000000e6ab0000, 0x00000000e6c4e3b0, 0x00000000e8000000)
  to   space 21824K,   0% used [0x00000000e5560000, 0x00000000e5560000, 0x00000000e6ab0000)
 concurrent mark-sweep generation total 393216K, used 54642K [0x00000000e8000000, 0x0000000100000000, 0x0000000100000000)
 Metaspace       used 38039K, capacity 39460K, committed 39728K, reserved 1083392K
  class space    used 4557K, capacity 4870K, committed 4912K, reserved 1048576K
}
2019-01-31T14:09:06.003-0200: 18212.804: Total time for which application threads were stopped: 0.0054647 seconds, Stopping threads took: 0.0000555 seconds
{Heap before GC invocations=103 (full 1):
 par new generation   total 109248K, used 89080K [0x00000000e0000000, 0x00000000e8000000, 0x00000000e8000000)
  eden space 87424K, 100% used [0x00000000e0000000, 0x00000000e5560000, 0x00000000e5560000)
  from space 21824K,   7% used [0x00000000e6ab0000, 0x00000000e6c4e3b0, 0x00000000e8000000)
  to   space 21824K,   0% used [0x00000000e5560000, 0x00000000e5560000, 0x00000000e6ab0000)
 concurrent mark-sweep generation total 393216K, used 54642K [0x00000000e8000000, 0x0000000100000000, 0x0000000100000000)
 Metaspace       used 38039K, capacity 39460K, committed 39728K, reserved 1083392K
  class space    used 4557K, capacity 4870K, committed 4912K, reserved 1048576K
2019-01-31T14:09:06.086-0200: 18212.887: [GC (Allocation Failure) 2019-01-31T14:09:06.086-0200: 18212.887: [ParNew
Desired survivor size 20112992 bytes, new threshold 8 (max 8)
- age   1:     493232 bytes,     493232 total
- age   2:     820416 bytes,    1313648 total
- age   3:       7672 bytes,    1321320 total
- age   5:       1624 bytes,    1322944 total
- age   6:         80 bytes,    1323024 total
- age   7:     184128 bytes,    1507152 total
: 89080K->1620K(109248K), 0.0049474 secs] 143723K->56262K(502464K), 0.0050407 secs] [Times: user=0.00 sys=0.00, real=0.01 secs] 
Heap after GC invocations=104 (full 1):
 par new generation   total 109248K, used 1620K [0x00000000e0000000, 0x00000000e8000000, 0x00000000e8000000)
  eden space 87424K,   0% used [0x00000000e0000000, 0x00000000e0000000, 0x00000000e5560000)
  from space 21824K,   7% used [0x00000000e5560000, 0x00000000e56f5128, 0x00000000e6ab0000)
  to   space 21824K,   0% used [0x00000000e6ab0000, 0x00000000e6ab0000, 0x00000000e8000000)
 concurrent mark-sweep generation total 393216K, used 54642K [0x00000000e8000000, 0x0000000100000000, 0x0000000100000000)
 Metaspace       used 38039K, capacity 39460K, committed 39728K, reserved 1083392K
  class space    used 4557K, capacity 4870K, committed 4912K, reserved 1048576K
}
2019-01-31T14:09:06.091-0200: 18212.892: Total time for which application threads were stopped: 0.0053276 seconds, Stopping threads took: 0.0000532 seconds
{Heap before GC invocations=104 (full 1):
 par new generation   total 109248K, used 89044K [0x00000000e0000000, 0x00000000e8000000, 0x00000000e8000000)
  eden space 87424K, 100% used [0x00000000e0000000, 0x00000000e5560000, 0x00000000e5560000)
  from space 21824K,   7% used [0x00000000e5560000, 0x00000000e56f5128, 0x00000000e6ab0000)
  to   space 21824K,   0% used [0x00000000e6ab0000, 0x00000000e6ab0000, 0x00000000e8000000)
 concurrent mark-sweep generation total 393216K, used 54642K [0x00000000e8000000, 0x0000000100000000, 0x0000000100000000)
 Metaspace       used 38039K, capacity 39460K, committed 39728K, reserved 1083392K
  class space    used 4557K, capacity 4870K, committed 4912K, reserved 1048576K
2019-01-31T14:09:06.183-0200: 18212.983: [GC (Allocation Failure) 2019-01-31T14:09:06.183-0200: 18212.983: [ParNew
Desired survivor size 20112992 bytes, new threshold 8 (max 8)
- age   1:     482376 bytes,     482376 total
- age   2:     305624 bytes,     788000 total
- age   3:     820144 bytes,    1608144 total
- age   4:       7672 bytes,    1615816 total
- age   6:       1624 bytes,    1617440 total
- age   7:         80 bytes,    1617520 total
- age   8:     184128 bytes,    1801648 total
: 89044K->1999K(109248K), 0.0038571 secs] 143686K->56641K(502464K), 0.0040339 secs] [Times: user=0.00 sys=0.00, real=0.00 secs] 
Heap after GC invocations=105 (full 1):
 par new generation   total 109248K, used 1999K [0x00000000e0000000, 0x00000000e8000000, 0x00000000e8000000)
  eden space 87424K,   0% used [0x00000000e0000000, 0x00000000e0000000, 0x00000000e5560000)
  from space 21824K,   9% used [0x00000000e6ab0000, 0x00000000e6ca3d28, 0x00000000e8000000)
  to   space 21824K,   0% used [0x00000000e5560000, 0x00000000e5560000, 0x00000000e6ab0000)
 concurrent mark-sweep generation total 393216K, used 54642K [0x00000000e8000000, 0x0000000100000000, 0x0000000100000000)
 Metaspace       used 38039K, capacity 39460K, committed 39728K, reserved 1083392K
  class space    used 4557K, capacity 4870K, committed 4912K, reserved 1048576K
}
2019-01-31T14:09:06.187-0200: 18212.987: Total time for which application threads were stopped: 0.0042742 seconds, Stopping threads took: 0.0000387 seconds
{Heap before GC invocations=105 (full 1):
 par new generation   total 109248K, used 89423K [0x00000000e0000000, 0x00000000e8000000, 0x00000000e8000000)
  eden space 87424K, 100% used [0x00000000e0000000, 0x00000000e5560000, 0x00000000e5560000)
  from space 21824K,   9% used [0x00000000e6ab0000, 0x00000000e6ca3d28, 0x00000000e8000000)
  to   space 21824K,   0% used [0x00000000e5560000, 0x00000000e5560000, 0x00000000e6ab0000)
 concurrent mark-sweep generation total 393216K, used 54642K [0x00000000e8000000, 0x0000000100000000, 0x0000000100000000)
 Metaspace       used 38039K, capacity 39460K, committed 39728K, reserved 1083392K
  class space    used 4557K, capacity 4870K, committed 4912K, reserved 1048576K
2019-01-31T14:09:06.267-0200: 18213.068: [GC (Allocation Failure) 2019-01-31T14:09:06.267-0200: 18213.068: [ParNew
Desired survivor size 20112992 bytes, new threshold 8 (max 8)
- age   1:     524544 bytes,     524544 total
- age   2:     251512 bytes,     776056 total
- age   3:     304208 bytes,    1080264 total
- age   4:     820088 bytes,    1900352 total
- age   5:       7672 bytes,    1908024 total
- age   7:       1624 bytes,    1909648 total
- age   8:         80 bytes,    1909728 total
: 89423K->2076K(109248K), 0.0040409 secs] 144065K->56899K(502464K), 0.0041384 secs] [Times: user=0.05 sys=0.02, real=0.00 secs] 
Heap after GC invocations=106 (full 1):
 par new generation   total 109248K, used 2076K [0x00000000e0000000, 0x00000000e8000000, 0x00000000e8000000)
  eden space 87424K,   0% used [0x00000000e0000000, 0x00000000e0000000, 0x00000000e5560000)
  from space 21824K,   9% used [0x00000000e5560000, 0x00000000e5767158, 0x00000000e6ab0000)
  to   space 21824K,   0% used [0x00000000e6ab0000, 0x00000000e6ab0000, 0x00000000e8000000)
 concurrent mark-sweep generation total 393216K, used 54823K [0x00000000e8000000, 0x0000000100000000, 0x0000000100000000)
 Metaspace       used 38039K, capacity 39460K, committed 39728K, reserved 1083392K
  class space    used 4557K, capacity 4870K, committed 4912K, reserved 1048576K
}
2019-01-31T14:09:06.272-0200: 18213.072: Total time for which application threads were stopped: 0.0043750 seconds, Stopping threads took: 0.0000345 seconds
2019-01-31T14:09:06.328-0200: 18213.128: Total time for which application threads were stopped: 0.0001204 seconds, Stopping threads took: 0.0000336 seconds
2019-01-31T14:09:06.330-0200: 18213.130: Total time for which application threads were stopped: 0.0001031 seconds, Stopping threads took: 0.0000341 seconds
2019-01-31T14:09:06.330-0200: 18213.131: Total time for which application threads were stopped: 0.0002995 seconds, Stopping threads took: 0.0001138 seconds
2019-01-31T14:09:06.529-0200: 18213.330: Total time for which application threads were stopped: 0.0001073 seconds, Stopping threads took: 0.0000289 seconds
2019-01-31T14:09:06.530-0200: 18213.330: Total time for which application threads were stopped: 0.0002113 seconds, Stopping threads took: 0.0000229 seconds
2019-01-31T14:09:06.530-0200: 18213.331: Total time for which application threads were stopped: 0.0000975 seconds, Stopping threads took: 0.0000196 seconds
2019-01-31T14:09:06.530-0200: 18213.331: Total time for which application threads were stopped: 0.0001012 seconds, Stopping threads took: 0.0000597 seconds
2019-01-31T14:09:06.654-0200: 18213.454: Total time for which application threads were stopped: 0.0001731 seconds, Stopping threads took: 0.0000592 seconds
2019-01-31T14:09:06.654-0200: 18213.454: Total time for which application threads were stopped: 0.0001106 seconds, Stopping threads took: 0.0000588 seconds
2019-01-31T14:09:06.654-0200: 18213.454: Total time for which application threads were stopped: 0.0000952 seconds, Stopping threads took: 0.0000490 seconds
2019-01-31T14:09:06.655-0200: 18213.456: Total time for which application threads were stopped: 0.0000592 seconds, Stopping threads took: 0.0000187 seconds
2019-01-31T14:09:06.655-0200: 18213.456: Total time for which application threads were stopped: 0.0000569 seconds, Stopping threads took: 0.0000163 seconds
2019-01-31T14:09:06.656-0200: 18213.456: Total time for which application threads were stopped: 0.0000588 seconds, Stopping threads took: 0.0000163 seconds
2019-01-31T14:09:06.656-0200: 18213.456: Total time for which application threads were stopped: 0.0000569 seconds, Stopping threads took: 0.0000163 seconds
2019-01-31T14:09:06.656-0200: 18213.456: Total time for which application threads were stopped: 0.0000569 seconds, Stopping threads took: 0.0000163 seconds
2019-01-31T14:09:06.656-0200: 18213.456: Total time for which application threads were stopped: 0.0000933 seconds, Stopping threads took: 0.0000159 seconds
{Heap before GC invocations=106 (full 1):
 par new generation   total 109248K, used 89500K [0x00000000e0000000, 0x00000000e8000000, 0x00000000e8000000)
  eden space 87424K, 100% used [0x00000000e0000000, 0x00000000e5560000, 0x00000000e5560000)
  from space 21824K,   9% used [0x00000000e5560000, 0x00000000e5767158, 0x00000000e6ab0000)
  to   space 21824K,   0% used [0x00000000e6ab0000, 0x00000000e6ab0000, 0x00000000e8000000)
 concurrent mark-sweep generation total 393216K, used 54823K [0x00000000e8000000, 0x0000000100000000, 0x0000000100000000)
 Metaspace       used 38058K, capacity 39524K, committed 39728K, reserved 1083392K
  class space    used 4557K, capacity 4870K, committed 4912K, reserved 1048576K
2019-01-31T14:09:06.726-0200: 18213.526: [GC (Allocation Failure) 2019-01-31T14:09:06.726-0200: 18213.526: [ParNew
Desired survivor size 20112992 bytes, new threshold 8 (max 8)
- age   1:     729192 bytes,     729192 total
- age   5:     179960 bytes,     909152 total
- age   6:       7424 bytes,     916576 total
- age   8:       1624 bytes,     918200 total
: 89500K->1432K(109248K), 0.0053668 secs] 144323K->56255K(502464K), 0.0055655 secs] [Times: user=0.00 sys=0.00, real=0.00 secs] 
Heap after GC invocations=107 (full 1):
 par new generation   total 109248K, used 1432K [0x00000000e0000000, 0x00000000e8000000, 0x00000000e8000000)
  eden space 87424K,   0% used [0x00000000e0000000, 0x00000000e0000000, 0x00000000e5560000)
  from space 21824K,   6% used [0x00000000e6ab0000, 0x00000000e6c16140, 0x00000000e8000000)
  to   space 21824K,   0% used [0x00000000e5560000, 0x00000000e5560000, 0x00000000e6ab0000)
 concurrent mark-sweep generation total 393216K, used 54823K [0x00000000e8000000, 0x0000000100000000, 0x0000000100000000)
 Metaspace       used 38058K, capacity 39524K, committed 39728K, reserved 1083392K
  class space    used 4557K, capacity 4870K, committed 4912K, reserved 1048576K
}
2019-01-31T14:09:06.731-0200: 18213.532: Total time for which application threads were stopped: 0.0058034 seconds, Stopping threads took: 0.0000345 seconds
{Heap before GC invocations=107 (full 1):
 par new generation   total 109248K, used 88856K [0x00000000e0000000, 0x00000000e8000000, 0x00000000e8000000)
  eden space 87424K, 100% used [0x00000000e0000000, 0x00000000e5560000, 0x00000000e5560000)
  from space 21824K,   6% used [0x00000000e6ab0000, 0x00000000e6c16140, 0x00000000e8000000)
  to   space 21824K,   0% used [0x00000000e5560000, 0x00000000e5560000, 0x00000000e6ab0000)
 concurrent mark-sweep generation total 393216K, used 54823K [0x00000000e8000000, 0x0000000100000000, 0x0000000100000000)
 Metaspace       used 38070K, capacity 39524K, committed 39728K, reserved 1083392K
  class space    used 4557K, capacity 4870K, committed 4912K, reserved 1048576K
2019-01-31T14:09:06.814-0200: 18213.614: [GC (Allocation Failure) 2019-01-31T14:09:06.814-0200: 18213.614: [ParNew
Desired survivor size 20112992 bytes, new threshold 8 (max 8)
- age   1:     511696 bytes,     511696 total
- age   2:     590616 bytes,    1102312 total
- age   6:     179048 bytes,    1281360 total
- age   7:       7424 bytes,    1288784 total
: 88856K->1560K(109248K), 0.0041277 secs] 143679K->56385K(502464K), 0.0042303 secs] [Times: user=0.00 sys=0.00, real=0.00 secs] 
Heap after GC invocations=108 (full 1):
 par new generation   total 109248K, used 1560K [0x00000000e0000000, 0x00000000e8000000, 0x00000000e8000000)
  eden space 87424K,   0% used [0x00000000e0000000, 0x00000000e0000000, 0x00000000e5560000)
  from space 21824K,   7% used [0x00000000e5560000, 0x00000000e56e6138, 0x00000000e6ab0000)
  to   space 21824K,   0% used [0x00000000e6ab0000, 0x00000000e6ab0000, 0x00000000e8000000)
 concurrent mark-sweep generation total 393216K, used 54824K [0x00000000e8000000, 0x0000000100000000, 0x0000000100000000)
 Metaspace       used 38070K, capacity 39524K, committed 39728K, reserved 1083392K
  class space    used 4557K, capacity 4870K, committed 4912K, reserved 1048576K
}
2019-01-31T14:09:06.818-0200: 18213.618: Total time for which application threads were stopped: 0.0044636 seconds, Stopping threads took: 0.0000345 seconds
{Heap before GC invocations=108 (full 1):
 par new generation   total 109248K, used 88984K [0x00000000e0000000, 0x00000000e8000000, 0x00000000e8000000)
  eden space 87424K, 100% used [0x00000000e0000000, 0x00000000e5560000, 0x00000000e5560000)
  from space 21824K,   7% used [0x00000000e5560000, 0x00000000e56e6138, 0x00000000e6ab0000)
  to   space 21824K,   0% used [0x00000000e6ab0000, 0x00000000e6ab0000, 0x00000000e8000000)
 concurrent mark-sweep generation total 393216K, used 54824K [0x00000000e8000000, 0x0000000100000000, 0x0000000100000000)
 Metaspace       used 38101K, capacity 39524K, committed 39728K, reserved 1083392K
  class space    used 4557K, capacity 4870K, committed 4912K, reserved 1048576K
2019-01-31T14:09:06.898-0200: 18213.699: [GC (Allocation Failure) 2019-01-31T14:09:06.899-0200: 18213.699: [ParNew
Desired survivor size 20112992 bytes, new threshold 8 (max 8)
- age   1:     562936 bytes,     562936 total
- age   2:     327928 bytes,     890864 total
- age   3:     590184 bytes,    1481048 total
- age   7:     179048 bytes,    1660096 total
- age   8:       7424 bytes,    1667520 total
: 88984K->1838K(109248K), 0.0039341 secs] 143809K->56663K(502464K), 0.0040381 secs] [Times: user=0.00 sys=0.00, real=0.01 secs] 
Heap after GC invocations=109 (full 1):
 par new generation   total 109248K, used 1838K [0x00000000e0000000, 0x00000000e8000000, 0x00000000e8000000)
  eden space 87424K,   0% used [0x00000000e0000000, 0x00000000e0000000, 0x00000000e5560000)
  from space 21824K,   8% used [0x00000000e6ab0000, 0x00000000e6c7b998, 0x00000000e8000000)
  to   space 21824K,   0% used [0x00000000e5560000, 0x00000000e5560000, 0x00000000e6ab0000)
 concurrent mark-sweep generation total 393216K, used 54824K [0x00000000e8000000, 0x0000000100000000, 0x0000000100000000)
 Metaspace       used 38101K, capacity 39524K, committed 39728K, reserved 1083392K
  class space    used 4557K, capacity 4870K, committed 4912K, reserved 1048576K
}
2019-01-31T14:09:06.903-0200: 18213.703: Total time for which application threads were stopped: 0.0042980 seconds, Stopping threads took: 0.0000378 seconds
{Heap before GC invocations=109 (full 1):
 par new generation   total 109248K, used 89262K [0x00000000e0000000, 0x00000000e8000000, 0x00000000e8000000)
  eden space 87424K, 100% used [0x00000000e0000000, 0x00000000e5560000, 0x00000000e5560000)
  from space 21824K,   8% used [0x00000000e6ab0000, 0x00000000e6c7b998, 0x00000000e8000000)
  to   space 21824K,   0% used [0x00000000e5560000, 0x00000000e5560000, 0x00000000e6ab0000)
 concurrent mark-sweep generation total 393216K, used 54824K [0x00000000e8000000, 0x0000000100000000, 0x0000000100000000)
 Metaspace       used 38103K, capacity 39524K, committed 39728K, reserved 1083392K
  class space    used 4557K, capacity 4870K, committed 4912K, reserved 1048576K
2019-01-31T14:09:06.983-0200: 18213.784: [GC (Allocation Failure) 2019-01-31T14:09:06.983-0200: 18213.784: [ParNew
Desired survivor size 20112992 bytes, new threshold 8 (max 8)
- age   1:     473328 bytes,     473328 total
- age   2:     342728 bytes,     816056 total
- age   3:     327928 bytes,    1143984 total
- age   4:     590184 bytes,    1734168 total
- age   8:     179048 bytes,    1913216 total
: 89262K->2110K(109248K), 0.0036701 secs] 144087K->56942K(502464K), 0.0037643 secs] [Times: user=0.00 sys=0.02, real=0.00 secs] 
Heap after GC invocations=110 (full 1):
 par new generation   total 109248K, used 2110K [0x00000000e0000000, 0x00000000e8000000, 0x00000000e8000000)
  eden space 87424K,   0% used [0x00000000e0000000, 0x00000000e0000000, 0x00000000e5560000)
  from space 21824K,   9% used [0x00000000e5560000, 0x00000000e576fa30, 0x00000000e6ab0000)
  to   space 21824K,   0% used [0x00000000e6ab0000, 0x00000000e6ab0000, 0x00000000e8000000)
 concurrent mark-sweep generation total 393216K, used 54832K [0x00000000e8000000, 0x0000000100000000, 0x0000000100000000)
 Metaspace       used 38103K, capacity 39524K, committed 39728K, reserved 1083392K
  class space    used 4557K, capacity 4870K, committed 4912K, reserved 1048576K
}
2019-01-31T14:09:06.987-0200: 18213.788: Total time for which application threads were stopped: 0.0040092 seconds, Stopping threads took: 0.0000373 seconds
2019-01-31T14:09:07.073-0200: 18213.874: Total time for which application threads were stopped: 0.0002832 seconds, Stopping threads took: 0.0000611 seconds
2019-01-31T14:09:07.075-0200: 18213.877: Total time for which application threads were stopped: 0.0001586 seconds, Stopping threads took: 0.0000415 seconds
2019-01-31T14:09:07.076-0200: 18213.877: Total time for which application threads were stopped: 0.0001567 seconds, Stopping threads took: 0.0000350 seconds
{Heap before GC invocations=110 (full 1):
 par new generation   total 109248K, used 89507K [0x00000000e0000000, 0x00000000e8000000, 0x00000000e8000000)
  eden space 87424K,  99% used [0x00000000e0000000, 0x00000000e5559530, 0x00000000e5560000)
  from space 21824K,   9% used [0x00000000e5560000, 0x00000000e576fa30, 0x00000000e6ab0000)
  to   space 21824K,   0% used [0x00000000e6ab0000, 0x00000000e6ab0000, 0x00000000e8000000)
 concurrent mark-sweep generation total 393216K, used 54832K [0x00000000e8000000, 0x0000000100000000, 0x0000000100000000)
 Metaspace       used 38113K, capacity 39524K, committed 39728K, reserved 1083392K
  class space    used 4557K, capacity 4870K, committed 4912K, reserved 1048576K
2019-01-31T14:09:07.086-0200: 18213.887: [GC (Allocation Failure) 2019-01-31T14:09:07.086-0200: 18213.887: [ParNew
Desired survivor size 20112992 bytes, new threshold 8 (max 8)
- age   1:     607048 bytes,     607048 total
- age   2:     210264 bytes,     817312 total
- age   3:     342104 bytes,    1159416 total
- age   4:     253512 bytes,    1412928 total
- age   5:     358768 bytes,    1771696 total
: 89507K->2268K(109248K), 0.0044482 secs] 144339K->57276K(502464K), 0.0045266 secs] [Times: user=0.00 sys=0.00, real=0.00 secs] 
Heap after GC invocations=111 (full 1):
 par new generation   total 109248K, used 2268K [0x00000000e0000000, 0x00000000e8000000, 0x00000000e8000000)
  eden space 87424K,   0% used [0x00000000e0000000, 0x00000000e0000000, 0x00000000e5560000)
  from space 21824K,  10% used [0x00000000e6ab0000, 0x00000000e6ce72d0, 0x00000000e8000000)
  to   space 21824K,   0% used [0x00000000e5560000, 0x00000000e5560000, 0x00000000e6ab0000)
 concurrent mark-sweep generation total 393216K, used 55007K [0x00000000e8000000, 0x0000000100000000, 0x0000000100000000)
 Metaspace       used 38113K, capacity 39524K, committed 39728K, reserved 1083392K
  class space    used 4557K, capacity 4870K, committed 4912K, reserved 1048576K
}
2019-01-31T14:09:07.090-0200: 18213.891: Total time for which application threads were stopped: 0.0047575 seconds, Stopping threads took: 0.0000322 seconds
2019-01-31T14:09:07.318-0200: 18214.119: Total time for which application threads were stopped: 0.0001255 seconds, Stopping threads took: 0.0000425 seconds
2019-01-31T14:09:07.318-0200: 18214.119: Total time for which application threads were stopped: 0.0001498 seconds, Stopping threads took: 0.0000233 seconds
2019-01-31T14:09:07.318-0200: 18214.119: Total time for which application threads were stopped: 0.0001395 seconds, Stopping threads took: 0.0000303 seconds
2019-01-31T14:09:07.318-0200: 18214.119: Total time for which application threads were stopped: 0.0000756 seconds, Stopping threads took: 0.0000369 seconds
2019-01-31T14:09:07.336-0200: 18214.137: Total time for which application threads were stopped: 0.0001316 seconds, Stopping threads took: 0.0000350 seconds
2019-01-31T14:09:07.377-0200: 18214.178: Total time for which application threads were stopped: 0.0002431 seconds, Stopping threads took: 0.0000662 seconds
2019-01-31T14:09:07.378-0200: 18214.179: Total time for which application threads were stopped: 0.0001698 seconds, Stopping threads took: 0.0000513 seconds
2019-01-31T14:09:07.378-0200: 18214.179: Total time for which application threads were stopped: 0.0001493 seconds, Stopping threads took: 0.0000280 seconds
2019-01-31T14:09:07.379-0200: 18214.180: Total time for which application threads were stopped: 0.0002309 seconds, Stopping threads took: 0.0000639 seconds
2019-01-31T14:09:07.379-0200: 18214.180: Total time for which application threads were stopped: 0.0001693 seconds, Stopping threads took: 0.0000648 seconds
2019-01-31T14:09:07.385-0200: 18214.186: Total time for which application threads were stopped: 0.0002291 seconds, Stopping threads took: 0.0000490 seconds
2019-01-31T14:09:07.391-0200: 18214.192: Total time for which application threads were stopped: 0.0001358 seconds, Stopping threads took: 0.0000336 seconds
2019-01-31T14:09:07.421-0200: 18214.222: Total time for which application threads were stopped: 0.0001190 seconds, Stopping threads took: 0.0000289 seconds
2019-01-31T14:09:07.422-0200: 18214.223: Total time for which application threads were stopped: 0.0000802 seconds, Stopping threads took: 0.0000205 seconds
2019-01-31T14:09:07.472-0200: 18214.273: Total time for which application threads were stopped: 0.0001045 seconds, Stopping threads took: 0.0000285 seconds
2019-01-31T14:09:07.473-0200: 18214.274: Total time for which application threads were stopped: 0.0000602 seconds, Stopping threads took: 0.0000159 seconds
2019-01-31T14:09:07.473-0200: 18214.274: Total time for which application threads were stopped: 0.0000532 seconds, Stopping threads took: 0.0000145 seconds
2019-01-31T14:09:07.647-0200: 18214.448: Total time for which application threads were stopped: 0.0001050 seconds, Stopping threads took: 0.0000313 seconds
2019-01-31T14:09:07.647-0200: 18214.448: Total time for which application threads were stopped: 0.0000672 seconds, Stopping threads took: 0.0000257 seconds
2019-01-31T14:09:07.647-0200: 18214.448: Total time for which application threads were stopped: 0.0000634 seconds, Stopping threads took: 0.0000238 seconds
2019-01-31T14:09:07.647-0200: 18214.448: Total time for which application threads were stopped: 0.0000863 seconds, Stopping threads took: 0.0000355 seconds
2019-01-31T14:09:07.648-0200: 18214.449: Total time for which application threads were stopped: 0.0000788 seconds, Stopping threads took: 0.0000359 seconds
2019-01-31T14:09:08.649-0200: 18215.449: Total time for which application threads were stopped: 0.0002197 seconds, Stopping threads took: 0.0000457 seconds
{Heap before GC invocations=111 (full 1):
 par new generation   total 109248K, used 89692K [0x00000000e0000000, 0x00000000e8000000, 0x00000000e8000000)
  eden space 87424K, 100% used [0x00000000e0000000, 0x00000000e5560000, 0x00000000e5560000)
  from space 21824K,  10% used [0x00000000e6ab0000, 0x00000000e6ce72d0, 0x00000000e8000000)
  to   space 21824K,   0% used [0x00000000e5560000, 0x00000000e5560000, 0x00000000e6ab0000)
 concurrent mark-sweep generation total 393216K, used 55007K [0x00000000e8000000, 0x0000000100000000, 0x0000000100000000)
 Metaspace       used 38151K, capacity 39654K, committed 39728K, reserved 1083392K
  class space    used 4557K, capacity 4871K, committed 4912K, reserved 1048576K
2019-01-31T14:09:25.719-0200: 18232.521: [GC (Allocation Failure) 2019-01-31T14:09:25.719-0200: 18232.521: [ParNew
Desired survivor size 20112992 bytes, new threshold 8 (max 8)
- age   1:    1002152 bytes,    1002152 total
- age   2:       2176 bytes,    1004328 total
- age   4:       1112 bytes,    1005440 total
- age   5:        224 bytes,    1005664 total
- age   6:     179256 bytes,    1184920 total
: 89692K->1344K(109248K), 0.0042639 secs] 144700K->56352K(502464K), 0.0043712 secs] [Times: user=0.05 sys=0.00, real=0.00 secs] 
Heap after GC invocations=112 (full 1):
 par new generation   total 109248K, used 1344K [0x00000000e0000000, 0x00000000e8000000, 0x00000000e8000000)
  eden space 87424K,   0% used [0x00000000e0000000, 0x00000000e0000000, 0x00000000e5560000)
  from space 21824K,   6% used [0x00000000e5560000, 0x00000000e56b0390, 0x00000000e6ab0000)
  to   space 21824K,   0% used [0x00000000e6ab0000, 0x00000000e6ab0000, 0x00000000e8000000)
 concurrent mark-sweep generation total 393216K, used 55007K [0x00000000e8000000, 0x0000000100000000, 0x0000000100000000)
 Metaspace       used 38151K, capacity 39654K, committed 39728K, reserved 1083392K
  class space    used 4557K, capacity 4871K, committed 4912K, reserved 1048576K
}
2019-01-31T14:09:25.724-0200: 18232.525: Total time for which application threads were stopped: 0.0046245 seconds, Stopping threads took: 0.0000383 seconds
{Heap before GC invocations=112 (full 1):
 par new generation   total 109248K, used 88768K [0x00000000e0000000, 0x00000000e8000000, 0x00000000e8000000)
  eden space 87424K, 100% used [0x00000000e0000000, 0x00000000e5560000, 0x00000000e5560000)
  from space 21824K,   6% used [0x00000000e5560000, 0x00000000e56b0390, 0x00000000e6ab0000)
  to   space 21824K,   0% used [0x00000000e6ab0000, 0x00000000e6ab0000, 0x00000000e8000000)
 concurrent mark-sweep generation total 393216K, used 55007K [0x00000000e8000000, 0x0000000100000000, 0x0000000100000000)
 Metaspace       used 38153K, capacity 39654K, committed 39728K, reserved 1083392K
  class space    used 4557K, capacity 4871K, committed 4912K, reserved 1048576K
2019-01-31T14:09:25.796-0200: 18232.597: [GC (Allocation Failure) 2019-01-31T14:09:25.796-0200: 18232.597: [ParNew
Desired survivor size 20112992 bytes, new threshold 8 (max 8)
- age   1:     930632 bytes,     930632 total
- age   2:     770136 bytes,    1700768 total
- age   3:       2176 bytes,    1702944 total
- age   5:       1112 bytes,    1704056 total
- age   6:        224 bytes,    1704280 total
- age   7:     178344 bytes,    1882624 total
: 88768K->2376K(109248K), 0.0049343 secs] 143776K->57384K(502464K), 0.0050299 secs] [Times: user=0.06 sys=0.00, real=0.01 secs] 
Heap after GC invocations=113 (full 1):
 par new generation   total 109248K, used 2376K [0x00000000e0000000, 0x00000000e8000000, 0x00000000e8000000)
  eden space 87424K,   0% used [0x00000000e0000000, 0x00000000e0000000, 0x00000000e5560000)
  from space 21824K,  10% used [0x00000000e6ab0000, 0x00000000e6d02378, 0x00000000e8000000)
  to   space 21824K,   0% used [0x00000000e5560000, 0x00000000e5560000, 0x00000000e6ab0000)
 concurrent mark-sweep generation total 393216K, used 55007K [0x00000000e8000000, 0x0000000100000000, 0x0000000100000000)
 Metaspace       used 38153K, capacity 39654K, committed 39728K, reserved 1083392K
  class space    used 4557K, capacity 4871K, committed 4912K, reserved 1048576K
}
2019-01-31T14:09:25.801-0200: 18232.602: Total time for which application threads were stopped: 0.0052679 seconds, Stopping threads took: 0.0000336 seconds
{Heap before GC invocations=113 (full 1):
 par new generation   total 109248K, used 89800K [0x00000000e0000000, 0x00000000e8000000, 0x00000000e8000000)
  eden space 87424K, 100% used [0x00000000e0000000, 0x00000000e5560000, 0x00000000e5560000)
  from space 21824K,  10% used [0x00000000e6ab0000, 0x00000000e6d02378, 0x00000000e8000000)
  to   space 21824K,   0% used [0x00000000e5560000, 0x00000000e5560000, 0x00000000e6ab0000)
 concurrent mark-sweep generation total 393216K, used 55007K [0x00000000e8000000, 0x0000000100000000, 0x0000000100000000)
 Metaspace       used 38153K, capacity 39654K, committed 39728K, reserved 1083392K
  class space    used 4557K, capacity 4871K, committed 4912K, reserved 1048576K
2019-01-31T14:09:25.878-0200: 18232.679: [GC (Allocation Failure) 2019-01-31T14:09:25.878-0200: 18232.679: [ParNew
Desired survivor size 20112992 bytes, new threshold 8 (max 8)
- age   1:     977800 bytes,     977800 total
- age   2:     887392 bytes,    1865192 total
- age   3:     770136 bytes,    2635328 total
- age   4:       2176 bytes,    2637504 total
- age   6:       1112 bytes,    2638616 total
- age   7:        224 bytes,    2638840 total
- age   8:     178344 bytes,    2817184 total
: 89800K->3024K(109248K), 0.0047304 secs] 144808K->58031K(502464K), 0.0048219 secs] [Times: user=0.00 sys=0.00, real=0.00 secs] 
Heap after GC invocations=114 (full 1):
 par new generation   total 109248K, used 3024K [0x00000000e0000000, 0x00000000e8000000, 0x00000000e8000000)
  eden space 87424K,   0% used [0x00000000e0000000, 0x00000000e0000000, 0x00000000e5560000)
  from space 21824K,  13% used [0x00000000e5560000, 0x00000000e5854078, 0x00000000e6ab0000)
  to   space 21824K,   0% used [0x00000000e6ab0000, 0x00000000e6ab0000, 0x00000000e8000000)
 concurrent mark-sweep generation total 393216K, used 55007K [0x00000000e8000000, 0x0000000100000000, 0x0000000100000000)
 Metaspace       used 38153K, capacity 39654K, committed 39728K, reserved 1083392K
  class space    used 4557K, capacity 4871K, committed 4912K, reserved 1048576K
}
2019-01-31T14:09:25.883-0200: 18232.684: Total time for which application threads were stopped: 0.0050677 seconds, Stopping threads took: 0.0000387 seconds
{Heap before GC invocations=114 (full 1):
 par new generation   total 109248K, used 90448K [0x00000000e0000000, 0x00000000e8000000, 0x00000000e8000000)
  eden space 87424K, 100% used [0x00000000e0000000, 0x00000000e5560000, 0x00000000e5560000)
  from space 21824K,  13% used [0x00000000e5560000, 0x00000000e5854078, 0x00000000e6ab0000)
  to   space 21824K,   0% used [0x00000000e6ab0000, 0x00000000e6ab0000, 0x00000000e8000000)
 concurrent mark-sweep generation total 393216K, used 55007K [0x00000000e8000000, 0x0000000100000000, 0x0000000100000000)
 Metaspace       used 38156K, capacity 39654K, committed 39728K, reserved 1083392K
  class space    used 4557K, capacity 4871K, committed 4912K, reserved 1048576K
2019-01-31T14:09:25.955-0200: 18232.756: [GC (Allocation Failure) 2019-01-31T14:09:25.955-0200: 18232.756: [ParNew
Desired survivor size 20112992 bytes, new threshold 8 (max 8)
- age   1:    1027448 bytes,    1027448 total
- age   2:     763528 bytes,    1790976 total
- age   3:     887392 bytes,    2678368 total
- age   4:     770136 bytes,    3448504 total
- age   5:       2176 bytes,    3450680 total
- age   7:       1112 bytes,    3451792 total
- age   8:        224 bytes,    3452016 total
: 90448K->3572K(109248K), 0.0041384 secs] 145455K->58755K(502464K), 0.0042350 secs] [Times: user=0.00 sys=0.00, real=0.00 secs] 
Heap after GC invocations=115 (full 1):
 par new generation   total 109248K, used 3572K [0x00000000e0000000, 0x00000000e8000000, 0x00000000e8000000)
  eden space 87424K,   0% used [0x00000000e0000000, 0x00000000e0000000, 0x00000000e5560000)
  from space 21824K,  16% used [0x00000000e6ab0000, 0x00000000e6e2d3d0, 0x00000000e8000000)
  to   space 21824K,   0% used [0x00000000e5560000, 0x00000000e5560000, 0x00000000e6ab0000)
 concurrent mark-sweep generation total 393216K, used 55183K [0x00000000e8000000, 0x0000000100000000, 0x0000000100000000)
 Metaspace       used 38156K, capacity 39654K, committed 39728K, reserved 1083392K
  class space    used 4557K, capacity 4871K, committed 4912K, reserved 1048576K
}
2019-01-31T14:09:25.959-0200: 18232.761: Total time for which application threads were stopped: 0.0044762 seconds, Stopping threads took: 0.0000350 seconds
{Heap before GC invocations=115 (full 1):
 par new generation   total 109248K, used 90996K [0x00000000e0000000, 0x00000000e8000000, 0x00000000e8000000)
  eden space 87424K, 100% used [0x00000000e0000000, 0x00000000e5560000, 0x00000000e5560000)
  from space 21824K,  16% used [0x00000000e6ab0000, 0x00000000e6e2d3d0, 0x00000000e8000000)
  to   space 21824K,   0% used [0x00000000e5560000, 0x00000000e5560000, 0x00000000e6ab0000)
 concurrent mark-sweep generation total 393216K, used 55183K [0x00000000e8000000, 0x0000000100000000, 0x0000000100000000)
 Metaspace       used 38156K, capacity 39654K, committed 39728K, reserved 1083392K
  class space    used 4557K, capacity 4871K, committed 4912K, reserved 1048576K
2019-01-31T14:09:26.031-0200: 18232.832: [GC (Allocation Failure) 2019-01-31T14:09:26.031-0200: 18232.832: [ParNew
Desired survivor size 20112992 bytes, new threshold 8 (max 8)
- age   1:    1161520 bytes,    1161520 total
- age   2:     813160 bytes,    1974680 total
- age   3:     763528 bytes,    2738208 total
- age   4:     887392 bytes,    3625600 total
- age   5:     770136 bytes,    4395736 total
- age   6:       2176 bytes,    4397912 total
- age   8:       1112 bytes,    4399024 total
: 90996K->4373K(109248K), 0.0042998 secs] 146179K->59556K(502464K), 0.0043876 secs] [Times: user=0.05 sys=0.02, real=0.00 secs] 
Heap after GC invocations=116 (full 1):
 par new generation   total 109248K, used 4373K [0x00000000e0000000, 0x00000000e8000000, 0x00000000e8000000)
  eden space 87424K,   0% used [0x00000000e0000000, 0x00000000e0000000, 0x00000000e5560000)
  from space 21824K,  20% used [0x00000000e5560000, 0x00000000e59a5418, 0x00000000e6ab0000)
  to   space 21824K,   0% used [0x00000000e6ab0000, 0x00000000e6ab0000, 0x00000000e8000000)
 concurrent mark-sweep generation total 393216K, used 55183K [0x00000000e8000000, 0x0000000100000000, 0x0000000100000000)
 Metaspace       used 38156K, capacity 39654K, committed 39728K, reserved 1083392K
  class space    used 4557K, capacity 4871K, committed 4912K, reserved 1048576K
}
2019-01-31T14:09:26.035-0200: 18232.836: Total time for which application threads were stopped: 0.0046264 seconds, Stopping threads took: 0.0000378 seconds
2019-01-31T14:09:27.035-0200: 18233.836: Total time for which application threads were stopped: 0.0001246 seconds, Stopping threads took: 0.0000471 seconds
2019-01-31T14:09:44.620-0200: 18251.421: Total time for which application threads were stopped: 0.0001143 seconds, Stopping threads took: 0.0000313 seconds
2019-01-31T14:09:44.622-0200: 18251.422: Total time for which application threads were stopped: 0.0000798 seconds, Stopping threads took: 0.0000238 seconds
2019-01-31T14:09:44.622-0200: 18251.423: Total time for which application threads were stopped: 0.0000648 seconds, Stopping threads took: 0.0000177 seconds
2019-01-31T14:09:44.622-0200: 18251.423: Total time for which application threads were stopped: 0.0000676 seconds, Stopping threads took: 0.0000196 seconds
{Heap before GC invocations=116 (full 1):
 par new generation   total 109248K, used 91797K [0x00000000e0000000, 0x00000000e8000000, 0x00000000e8000000)
  eden space 87424K, 100% used [0x00000000e0000000, 0x00000000e5560000, 0x00000000e5560000)
  from space 21824K,  20% used [0x00000000e5560000, 0x00000000e59a5418, 0x00000000e6ab0000)
  to   space 21824K,   0% used [0x00000000e6ab0000, 0x00000000e6ab0000, 0x00000000e8000000)
 concurrent mark-sweep generation total 393216K, used 55183K [0x00000000e8000000, 0x0000000100000000, 0x0000000100000000)
 Metaspace       used 38165K, capacity 39718K, committed 39984K, reserved 1085440K
  class space    used 4557K, capacity 4871K, committed 4912K, reserved 1048576K
2019-01-31T14:09:44.661-0200: 18251.461: [GC (Allocation Failure) 2019-01-31T14:09:44.661-0200: 18251.462: [ParNew
Desired survivor size 20112992 bytes, new threshold 8 (max 8)
- age   1:     577480 bytes,     577480 total
- age   2:     412408 bytes,     989888 total
- age   3:     399816 bytes,    1389704 total
- age   4:     359696 bytes,    1749400 total
- age   5:     421072 bytes,    2170472 total
- age   6:     521056 bytes,    2691528 total
- age   7:       1960 bytes,    2693488 total
: 91797K->2997K(109248K), 0.0041618 secs] 146980K->58181K(502464K), 0.0042621 secs] [Times: user=0.00 sys=0.00, real=0.00 secs] 
Heap after GC invocations=117 (full 1):
 par new generation   total 109248K, used 2997K [0x00000000e0000000, 0x00000000e8000000, 0x00000000e8000000)
  eden space 87424K,   0% used [0x00000000e0000000, 0x00000000e0000000, 0x00000000e5560000)
  from space 21824K,  13% used [0x00000000e6ab0000, 0x00000000e6d9d520, 0x00000000e8000000)
  to   space 21824K,   0% used [0x00000000e5560000, 0x00000000e5560000, 0x00000000e6ab0000)
 concurrent mark-sweep generation total 393216K, used 55184K [0x00000000e8000000, 0x0000000100000000, 0x0000000100000000)
 Metaspace       used 38165K, capacity 39718K, committed 39984K, reserved 1085440K
  class space    used 4557K, capacity 4871K, committed 4912K, reserved 1048576K
}
2019-01-31T14:09:44.665-0200: 18251.466: Total time for which application threads were stopped: 0.0045070 seconds, Stopping threads took: 0.0000383 seconds
2019-01-31T14:11:25.709-0200: 18352.510: Total time for which application threads were stopped: 0.0001134 seconds, Stopping threads took: 0.0000364 seconds
{Heap before GC invocations=117 (full 1):
 par new generation   total 109248K, used 90421K [0x00000000e0000000, 0x00000000e8000000, 0x00000000e8000000)
  eden space 87424K, 100% used [0x00000000e0000000, 0x00000000e5560000, 0x00000000e5560000)
  from space 21824K,  13% used [0x00000000e6ab0000, 0x00000000e6d9d520, 0x00000000e8000000)
  to   space 21824K,   0% used [0x00000000e5560000, 0x00000000e5560000, 0x00000000e6ab0000)
 concurrent mark-sweep generation total 393216K, used 55184K [0x00000000e8000000, 0x0000000100000000, 0x0000000100000000)
 Metaspace       used 38174K, capacity 39718K, committed 39984K, reserved 1085440K
  class space    used 4557K, capacity 4871K, committed 4912K, reserved 1048576K
2019-01-31T14:15:19.190-0200: 18585.991: [GC (Allocation Failure) 2019-01-31T14:15:19.190-0200: 18585.991: [ParNew
Desired survivor size 20112992 bytes, new threshold 8 (max 8)
- age   1:     484816 bytes,     484816 total
- age   2:     167136 bytes,     651952 total
- age   3:     412408 bytes,    1064360 total
- age   4:     399816 bytes,    1464176 total
- age   5:     359696 bytes,    1823872 total
- age   6:     421072 bytes,    2244944 total
- age   7:     520832 bytes,    2765776 total
- age   8:       1960 bytes,    2767736 total
: 90421K->2999K(109248K), 0.0057344 secs] 145605K->58183K(502464K), 0.0058361 secs] [Times: user=0.00 sys=0.00, real=0.01 secs] 
Heap after GC invocations=118 (full 1):
 par new generation   total 109248K, used 2999K [0x00000000e0000000, 0x00000000e8000000, 0x00000000e8000000)
  eden space 87424K,   0% used [0x00000000e0000000, 0x00000000e0000000, 0x00000000e5560000)
  from space 21824K,  13% used [0x00000000e5560000, 0x00000000e584de78, 0x00000000e6ab0000)
  to   space 21824K,   0% used [0x00000000e6ab0000, 0x00000000e6ab0000, 0x00000000e8000000)
 concurrent mark-sweep generation total 393216K, used 55184K [0x00000000e8000000, 0x0000000100000000, 0x0000000100000000)
 Metaspace       used 38174K, capacity 39718K, committed 39984K, reserved 1085440K
  class space    used 4557K, capacity 4871K, committed 4912K, reserved 1048576K
}
2019-01-31T14:15:19.196-0200: 18585.997: Total time for which application threads were stopped: 0.0061216 seconds, Stopping threads took: 0.0000443 seconds
{Heap before GC invocations=118 (full 1):
 par new generation   total 109248K, used 90423K [0x00000000e0000000, 0x00000000e8000000, 0x00000000e8000000)
  eden space 87424K, 100% used [0x00000000e0000000, 0x00000000e5560000, 0x00000000e5560000)
  from space 21824K,  13% used [0x00000000e5560000, 0x00000000e584de78, 0x00000000e6ab0000)
  to   space 21824K,   0% used [0x00000000e6ab0000, 0x00000000e6ab0000, 0x00000000e8000000)
 concurrent mark-sweep generation total 393216K, used 55184K [0x00000000e8000000, 0x0000000100000000, 0x0000000100000000)
 Metaspace       used 38176K, capacity 39718K, committed 39984K, reserved 1085440K
  class space    used 4557K, capacity 4871K, committed 4912K, reserved 1048576K
2019-01-31T14:15:19.281-0200: 18586.082: [GC (Allocation Failure) 2019-01-31T14:15:19.282-0200: 18586.082: [ParNew
Desired survivor size 20112992 bytes, new threshold 8 (max 8)
- age   1:     918808 bytes,     918808 total
- age   2:      31248 bytes,     950056 total
- age   3:     167136 bytes,    1117192 total
- age   4:     412408 bytes,    1529600 total
- age   5:     399816 bytes,    1929416 total
- age   6:     359696 bytes,    2289112 total
- age   7:     421072 bytes,    2710184 total
- age   8:     520832 bytes,    3231016 total
: 90423K->3712K(109248K), 0.0055958 secs] 145607K->58899K(502464K), 0.0057059 secs] [Times: user=0.06 sys=0.00, real=0.01 secs] 
Heap after GC invocations=119 (full 1):
 par new generation   total 109248K, used 3712K [0x00000000e0000000, 0x00000000e8000000, 0x00000000e8000000)
  eden space 87424K,   0% used [0x00000000e0000000, 0x00000000e0000000, 0x00000000e5560000)
  from space 21824K,  17% used [0x00000000e6ab0000, 0x00000000e6e503d8, 0x00000000e8000000)
  to   space 21824K,   0% used [0x00000000e5560000, 0x00000000e5560000, 0x00000000e6ab0000)
 concurrent mark-sweep generation total 393216K, used 55186K [0x00000000e8000000, 0x0000000100000000, 0x0000000100000000)
 Metaspace       used 38176K, capacity 39718K, committed 39984K, reserved 1085440K
  class space    used 4557K, capacity 4871K, committed 4912K, reserved 1048576K
}
2019-01-31T14:15:19.287-0200: 18586.088: Total time for which application threads were stopped: 0.0060838 seconds, Stopping threads took: 0.0000490 seconds
2019-01-31T14:15:20.287-0200: 18587.087: Total time for which application threads were stopped: 0.0001152 seconds, Stopping threads took: 0.0000331 seconds
2019-01-31T14:39:36.511-0200: 20043.312: Total time for which application threads were stopped: 0.0002216 seconds, Stopping threads took: 0.0001199 seconds
2019-01-31T14:39:36.554-0200: 20043.355: Total time for which application threads were stopped: 0.0001292 seconds, Stopping threads took: 0.0000322 seconds
2019-01-31T14:39:36.554-0200: 20043.355: Total time for which application threads were stopped: 0.0000942 seconds, Stopping threads took: 0.0000476 seconds
2019-01-31T14:39:36.554-0200: 20043.355: Total time for which application threads were stopped: 0.0000620 seconds, Stopping threads took: 0.0000177 seconds
2019-01-31T14:39:36.555-0200: 20043.355: Total time for which application threads were stopped: 0.0000732 seconds, Stopping threads took: 0.0000215 seconds
2019-01-31T14:39:36.555-0200: 20043.355: Total time for which application threads were stopped: 0.0000928 seconds, Stopping threads took: 0.0000481 seconds
2019-01-31T14:39:36.556-0200: 20043.356: Total time for which application threads were stopped: 0.0001591 seconds, Stopping threads took: 0.0000499 seconds
2019-01-31T14:39:36.556-0200: 20043.357: Total time for which application threads were stopped: 0.0000714 seconds, Stopping threads took: 0.0000210 seconds
{Heap before GC invocations=119 (full 1):
 par new generation   total 109248K, used 91136K [0x00000000e0000000, 0x00000000e8000000, 0x00000000e8000000)
  eden space 87424K, 100% used [0x00000000e0000000, 0x00000000e5560000, 0x00000000e5560000)
  from space 21824K,  17% used [0x00000000e6ab0000, 0x00000000e6e503d8, 0x00000000e8000000)
  to   space 21824K,   0% used [0x00000000e5560000, 0x00000000e5560000, 0x00000000e6ab0000)
 concurrent mark-sweep generation total 393216K, used 55186K [0x00000000e8000000, 0x0000000100000000, 0x0000000100000000)
 Metaspace       used 38187K, capacity 39718K, committed 39984K, reserved 1085440K
  class space    used 4557K, capacity 4871K, committed 4912K, reserved 1048576K
2019-01-31T14:39:36.788-0200: 20043.588: [GC (Allocation Failure) 2019-01-31T14:39:36.788-0200: 20043.588: [ParNew
Desired survivor size 20112992 bytes, new threshold 8 (max 8)
- age   1:     901976 bytes,     901976 total
- age   2:        400 bytes,     902376 total
- age   3:       1480 bytes,     903856 total
- age   4:     167024 bytes,    1070880 total
- age   5:     412408 bytes,    1483288 total
- age   6:     399816 bytes,    1883104 total
- age   7:     359696 bytes,    2242800 total
- age   8:     421072 bytes,    2663872 total
: 91136K->3104K(109248K), 0.0049040 secs] 146323K->58800K(502464K), 0.0050542 secs] [Times: user=0.00 sys=0.00, real=0.00 secs] 
Heap after GC invocations=120 (full 1):
 par new generation   total 109248K, used 3104K [0x00000000e0000000, 0x00000000e8000000, 0x00000000e8000000)
  eden space 87424K,   0% used [0x00000000e0000000, 0x00000000e0000000, 0x00000000e5560000)
  from space 21824K,  14% used [0x00000000e5560000, 0x00000000e5868270, 0x00000000e6ab0000)
  to   space 21824K,   0% used [0x00000000e6ab0000, 0x00000000e6ab0000, 0x00000000e8000000)
 concurrent mark-sweep generation total 393216K, used 55695K [0x00000000e8000000, 0x0000000100000000, 0x0000000100000000)
 Metaspace       used 38187K, capacity 39718K, committed 39984K, reserved 1085440K
  class space    used 4557K, capacity 4871K, committed 4912K, reserved 1048576K
}
2019-01-31T14:39:36.793-0200: 20043.593: Total time for which application threads were stopped: 0.0052903 seconds, Stopping threads took: 0.0000303 seconds
{Heap before GC invocations=120 (full 1):
 par new generation   total 109248K, used 90528K [0x00000000e0000000, 0x00000000e8000000, 0x00000000e8000000)
  eden space 87424K, 100% used [0x00000000e0000000, 0x00000000e5560000, 0x00000000e5560000)
  from space 21824K,  14% used [0x00000000e5560000, 0x00000000e5868270, 0x00000000e6ab0000)
  to   space 21824K,   0% used [0x00000000e6ab0000, 0x00000000e6ab0000, 0x00000000e8000000)
 concurrent mark-sweep generation total 393216K, used 55695K [0x00000000e8000000, 0x0000000100000000, 0x0000000100000000)
 Metaspace       used 38187K, capacity 39718K, committed 39984K, reserved 1085440K
  class space    used 4557K, capacity 4871K, committed 4912K, reserved 1048576K
2019-01-31T14:39:36.884-0200: 20043.685: [GC (Allocation Failure) 2019-01-31T14:39:36.884-0200: 20043.685: [ParNew
Desired survivor size 20112992 bytes, new threshold 8 (max 8)
- age   1:     592256 bytes,     592256 total
- age   2:     653696 bytes,    1245952 total
- age   3:        400 bytes,    1246352 total
- age   4:       1480 bytes,    1247832 total
- age   5:     167024 bytes,    1414856 total
- age   6:     412408 bytes,    1827264 total
- age   7:     399816 bytes,    2227080 total
- age   8:     359696 bytes,    2586776 total
: 90528K->2779K(109248K), 0.0043796 secs] 146224K->58885K(502464K), 0.0044683 secs] [Times: user=0.00 sys=0.00, real=0.00 secs] 
Heap after GC invocations=121 (full 1):
 par new generation   total 109248K, used 2779K [0x00000000e0000000, 0x00000000e8000000, 0x00000000e8000000)
  eden space 87424K,   0% used [0x00000000e0000000, 0x00000000e0000000, 0x00000000e5560000)
  from space 21824K,  12% used [0x00000000e6ab0000, 0x00000000e6d66c00, 0x00000000e8000000)
  to   space 21824K,   0% used [0x00000000e5560000, 0x00000000e5560000, 0x00000000e6ab0000)
 concurrent mark-sweep generation total 393216K, used 56106K [0x00000000e8000000, 0x0000000100000000, 0x0000000100000000)
 Metaspace       used 38187K, capacity 39718K, committed 39984K, reserved 1085440K
  class space    used 4557K, capacity 4871K, committed 4912K, reserved 1048576K
}
2019-01-31T14:39:36.888-0200: 20043.689: Total time for which application threads were stopped: 0.0047230 seconds, Stopping threads took: 0.0000350 seconds
{Heap before GC invocations=121 (full 1):
 par new generation   total 109248K, used 90203K [0x00000000e0000000, 0x00000000e8000000, 0x00000000e8000000)
  eden space 87424K, 100% used [0x00000000e0000000, 0x00000000e5560000, 0x00000000e5560000)
  from space 21824K,  12% used [0x00000000e6ab0000, 0x00000000e6d66c00, 0x00000000e8000000)
  to   space 21824K,   0% used [0x00000000e5560000, 0x00000000e5560000, 0x00000000e6ab0000)
 concurrent mark-sweep generation total 393216K, used 56106K [0x00000000e8000000, 0x0000000100000000, 0x0000000100000000)
 Metaspace       used 38187K, capacity 39718K, committed 39984K, reserved 1085440K
  class space    used 4557K, capacity 4871K, committed 4912K, reserved 1048576K
2019-01-31T14:39:36.978-0200: 20043.780: [GC (Allocation Failure) 2019-01-31T14:39:36.978-0200: 20043.780: [ParNew
Desired survivor size 20112992 bytes, new threshold 8 (max 8)
- age   1:     662296 bytes,     662296 total
- age   2:     352024 bytes,    1014320 total
- age   3:     653512 bytes,    1667832 total
- age   4:        400 bytes,    1668232 total
- age   5:       1480 bytes,    1669712 total
- age   6:     167024 bytes,    1836736 total
- age   7:     412408 bytes,    2249144 total
- age   8:     399816 bytes,    2648960 total
: 90203K->3098K(109248K), 0.0042434 secs] 146309K->59556K(502464K), 0.0043334 secs] [Times: user=0.00 sys=0.00, real=0.01 secs] 
Heap after GC invocations=122 (full 1):
 par new generation   total 109248K, used 3098K [0x00000000e0000000, 0x00000000e8000000, 0x00000000e8000000)
  eden space 87424K,   0% used [0x00000000e0000000, 0x00000000e0000000, 0x00000000e5560000)
  from space 21824K,  14% used [0x00000000e5560000, 0x00000000e58669b0, 0x00000000e6ab0000)
  to   space 21824K,   0% used [0x00000000e6ab0000, 0x00000000e6ab0000, 0x00000000e8000000)
 concurrent mark-sweep generation total 393216K, used 56458K [0x00000000e8000000, 0x0000000100000000, 0x0000000100000000)
 Metaspace       used 38187K, capacity 39718K, committed 39984K, reserved 1085440K
  class space    used 4557K, capacity 4871K, committed 4912K, reserved 1048576K
}
2019-01-31T14:39:36.983-0200: 20043.784: Total time for which application threads were stopped: 0.0045672 seconds, Stopping threads took: 0.0000359 seconds
{Heap before GC invocations=122 (full 1):
 par new generation   total 109248K, used 90522K [0x00000000e0000000, 0x00000000e8000000, 0x00000000e8000000)
  eden space 87424K, 100% used [0x00000000e0000000, 0x00000000e5560000, 0x00000000e5560000)
  from space 21824K,  14% used [0x00000000e5560000, 0x00000000e58669b0, 0x00000000e6ab0000)
  to   space 21824K,   0% used [0x00000000e6ab0000, 0x00000000e6ab0000, 0x00000000e8000000)
 concurrent mark-sweep generation total 393216K, used 56458K [0x00000000e8000000, 0x0000000100000000, 0x0000000100000000)
 Metaspace       used 38187K, capacity 39718K, committed 39984K, reserved 1085440K
  class space    used 4557K, capacity 4871K, committed 4912K, reserved 1048576K
2019-01-31T14:39:37.064-0200: 20043.865: [GC (Allocation Failure) 2019-01-31T14:39:37.064-0200: 20043.865: [ParNew
Desired survivor size 20112992 bytes, new threshold 8 (max 8)
- age   1:     646104 bytes,     646104 total
- age   2:     248184 bytes,     894288 total
- age   3:     351448 bytes,    1245736 total
- age   4:     581568 bytes,    1827304 total
- age   5:        400 bytes,    1827704 total
- age   6:       1480 bytes,    1829184 total
- age   7:     167024 bytes,    1996208 total
- age   8:     412408 bytes,    2408616 total
: 90522K->2961K(109248K), 0.0042471 secs] 146980K->59810K(502464K), 0.0043437 secs] [Times: user=0.00 sys=0.00, real=0.00 secs] 
Heap after GC invocations=123 (full 1):
 par new generation   total 109248K, used 2961K [0x00000000e0000000, 0x00000000e8000000, 0x00000000e8000000)
  eden space 87424K,   0% used [0x00000000e0000000, 0x00000000e0000000, 0x00000000e5560000)
  from space 21824K,  13% used [0x00000000e6ab0000, 0x00000000e6d944e0, 0x00000000e8000000)
  to   space 21824K,   0% used [0x00000000e5560000, 0x00000000e5560000, 0x00000000e6ab0000)
 concurrent mark-sweep generation total 393216K, used 56848K [0x00000000e8000000, 0x0000000100000000, 0x0000000100000000)
 Metaspace       used 38187K, capacity 39718K, committed 39984K, reserved 1085440K
  class space    used 4557K, capacity 4871K, committed 4912K, reserved 1048576K
}
2019-01-31T14:39:37.068-0200: 20043.869: Total time for which application threads were stopped: 0.0045905 seconds, Stopping threads took: 0.0000383 seconds
{Heap before GC invocations=123 (full 1):
 par new generation   total 109248K, used 90385K [0x00000000e0000000, 0x00000000e8000000, 0x00000000e8000000)
  eden space 87424K, 100% used [0x00000000e0000000, 0x00000000e5560000, 0x00000000e5560000)
  from space 21824K,  13% used [0x00000000e6ab0000, 0x00000000e6d944e0, 0x00000000e8000000)
  to   space 21824K,   0% used [0x00000000e5560000, 0x00000000e5560000, 0x00000000e6ab0000)
 concurrent mark-sweep generation total 393216K, used 56848K [0x00000000e8000000, 0x0000000100000000, 0x0000000100000000)
 Metaspace       used 38187K, capacity 39718K, committed 39984K, reserved 1085440K
  class space    used 4557K, capacity 4871K, committed 4912K, reserved 1048576K
2019-01-31T14:39:37.156-0200: 20043.957: [GC (Allocation Failure) 2019-01-31T14:39:37.156-0200: 20043.957: [ParNew
Desired survivor size 20112992 bytes, new threshold 8 (max 8)
- age   1:     866272 bytes,     866272 total
- age   2:     312312 bytes,    1178584 total
- age   3:     245968 bytes,    1424552 total
- age   4:     285896 bytes,    1710448 total
- age   5:     581376 bytes,    2291824 total
- age   6:        400 bytes,    2292224 total
- age   7:       1480 bytes,    2293704 total
- age   8:     167024 bytes,    2460728 total
: 90385K->2689K(109248K), 0.0041865 secs] 147234K->59940K(502464K), 0.0042691 secs] [Times: user=0.06 sys=0.00, real=0.00 secs] 
Heap after GC invocations=124 (full 1):
 par new generation   total 109248K, used 2689K [0x00000000e0000000, 0x00000000e8000000, 0x00000000e8000000)
  eden space 87424K,   0% used [0x00000000e0000000, 0x00000000e0000000, 0x00000000e5560000)
  from space 21824K,  12% used [0x00000000e5560000, 0x00000000e58004a0, 0x00000000e6ab0000)
  to   space 21824K,   0% used [0x00000000e6ab0000, 0x00000000e6ab0000, 0x00000000e8000000)
 concurrent mark-sweep generation total 393216K, used 57251K [0x00000000e8000000, 0x0000000100000000, 0x0000000100000000)
 Metaspace       used 38187K, capacity 39718K, committed 39984K, reserved 1085440K
  class space    used 4557K, capacity 4871K, committed 4912K, reserved 1048576K
}
2019-01-31T14:39:37.160-0200: 20043.961: Total time for which application threads were stopped: 0.0045014 seconds, Stopping threads took: 0.0000313 seconds
{Heap before GC invocations=124 (full 1):
 par new generation   total 109248K, used 90113K [0x00000000e0000000, 0x00000000e8000000, 0x00000000e8000000)
  eden space 87424K, 100% used [0x00000000e0000000, 0x00000000e5560000, 0x00000000e5560000)
  from space 21824K,  12% used [0x00000000e5560000, 0x00000000e58004a0, 0x00000000e6ab0000)
  to   space 21824K,   0% used [0x00000000e6ab0000, 0x00000000e6ab0000, 0x00000000e8000000)
 concurrent mark-sweep generation total 393216K, used 57251K [0x00000000e8000000, 0x0000000100000000, 0x0000000100000000)
 Metaspace       used 38187K, capacity 39718K, committed 39984K, reserved 1085440K
  class space    used 4557K, capacity 4871K, committed 4912K, reserved 1048576K
2019-01-31T14:39:37.248-0200: 20044.049: [GC (Allocation Failure) 2019-01-31T14:39:37.248-0200: 20044.049: [ParNew
Desired survivor size 20112992 bytes, new threshold 8 (max 8)
- age   1:     621144 bytes,     621144 total
- age   2:     401272 bytes,    1022416 total
- age   3:     311808 bytes,    1334224 total
- age   4:     245968 bytes,    1580192 total
- age   5:     285896 bytes,    1866088 total
- age   6:     581376 bytes,    2447464 total
- age   7:        400 bytes,    2447864 total
- age   8:       1480 bytes,    2449344 total
: 90113K->3263K(109248K), 0.0047216 secs] 147364K->60678K(502464K), 0.0048130 secs] [Times: user=0.06 sys=0.00, real=0.01 secs] 
Heap after GC invocations=125 (full 1):
 par new generation   total 109248K, used 3263K [0x00000000e0000000, 0x00000000e8000000, 0x00000000e8000000)
  eden space 87424K,   0% used [0x00000000e0000000, 0x00000000e0000000, 0x00000000e5560000)
  from space 21824K,  14% used [0x00000000e6ab0000, 0x00000000e6ddfd60, 0x00000000e8000000)
  to   space 21824K,   0% used [0x00000000e5560000, 0x00000000e5560000, 0x00000000e6ab0000)
 concurrent mark-sweep generation total 393216K, used 57415K [0x00000000e8000000, 0x0000000100000000, 0x0000000100000000)
 Metaspace       used 38187K, capacity 39718K, committed 39984K, reserved 1085440K
  class space    used 4557K, capacity 4871K, committed 4912K, reserved 1048576K
}
2019-01-31T14:39:37.253-0200: 20044.054: Total time for which application threads were stopped: 0.0050430 seconds, Stopping threads took: 0.0000308 seconds
{Heap before GC invocations=125 (full 1):
 par new generation   total 109248K, used 90687K [0x00000000e0000000, 0x00000000e8000000, 0x00000000e8000000)
  eden space 87424K, 100% used [0x00000000e0000000, 0x00000000e5560000, 0x00000000e5560000)
  from space 21824K,  14% used [0x00000000e6ab0000, 0x00000000e6ddfd60, 0x00000000e8000000)
  to   space 21824K,   0% used [0x00000000e5560000, 0x00000000e5560000, 0x00000000e6ab0000)
 concurrent mark-sweep generation total 393216K, used 57415K [0x00000000e8000000, 0x0000000100000000, 0x0000000100000000)
 Metaspace       used 38187K, capacity 39718K, committed 39984K, reserved 1085440K
  class space    used 4557K, capacity 4871K, committed 4912K, reserved 1048576K
2019-01-31T14:39:37.337-0200: 20044.138: [GC (Allocation Failure) 2019-01-31T14:39:37.337-0200: 20044.138: [ParNew
Desired survivor size 20112992 bytes, new threshold 8 (max 8)
- age   1:     701824 bytes,     701824 total
- age   2:     248496 bytes,     950320 total
- age   3:     430744 bytes,    1381064 total
- age   4:     311808 bytes,    1692872 total
- age   5:     245968 bytes,    1938840 total
- age   6:     285896 bytes,    2224736 total
- age   7:     581144 bytes,    2805880 total
- age   8:        400 bytes,    2806280 total
: 90687K->3036K(109248K), 0.0039766 secs] 148102K->60453K(502464K), 0.0040685 secs] [Times: user=0.00 sys=0.00, real=0.00 secs] 
Heap after GC invocations=126 (full 1):
 par new generation   total 109248K, used 3036K [0x00000000e0000000, 0x00000000e8000000, 0x00000000e8000000)
  eden space 87424K,   0% used [0x00000000e0000000, 0x00000000e0000000, 0x00000000e5560000)
  from space 21824K,  13% used [0x00000000e5560000, 0x00000000e58573d0, 0x00000000e6ab0000)
  to   space 21824K,   0% used [0x00000000e6ab0000, 0x00000000e6ab0000, 0x00000000e8000000)
 concurrent mark-sweep generation total 393216K, used 57416K [0x00000000e8000000, 0x0000000100000000, 0x0000000100000000)
 Metaspace       used 38187K, capacity 39718K, committed 39984K, reserved 1085440K
  class space    used 4557K, capacity 4871K, committed 4912K, reserved 1048576K
}
2019-01-31T14:39:37.341-0200: 20044.142: Total time for which application threads were stopped: 0.0043124 seconds, Stopping threads took: 0.0000317 seconds
{Heap before GC invocations=126 (full 1):
 par new generation   total 109248K, used 90460K [0x00000000e0000000, 0x00000000e8000000, 0x00000000e8000000)
  eden space 87424K, 100% used [0x00000000e0000000, 0x00000000e5560000, 0x00000000e5560000)
  from space 21824K,  13% used [0x00000000e5560000, 0x00000000e58573d0, 0x00000000e6ab0000)
  to   space 21824K,   0% used [0x00000000e6ab0000, 0x00000000e6ab0000, 0x00000000e8000000)
 concurrent mark-sweep generation total 393216K, used 57416K [0x00000000e8000000, 0x0000000100000000, 0x0000000100000000)
 Metaspace       used 38187K, capacity 39718K, committed 39984K, reserved 1085440K
  class space    used 4557K, capacity 4871K, committed 4912K, reserved 1048576K
2019-01-31T14:39:37.427-0200: 20044.228: [GC (Allocation Failure) 2019-01-31T14:39:37.427-0200: 20044.228: [ParNew
Desired survivor size 20112992 bytes, new threshold 8 (max 8)
- age   1:     508872 bytes,     508872 total
- age   2:     545392 bytes,    1054264 total
- age   3:     248496 bytes,    1302760 total
- age   4:     397960 bytes,    1700720 total
- age   5:     310720 bytes,    2011440 total
- age   6:     245968 bytes,    2257408 total
- age   7:     285896 bytes,    2543304 total
- age   8:     581144 bytes,    3124448 total
: 90460K->3603K(109248K), 0.0039178 secs] 147877K->61020K(502464K), 0.0040134 secs] [Times: user=0.00 sys=0.00, real=0.00 secs] 
Heap after GC invocations=127 (full 1):
 par new generation   total 109248K, used 3603K [0x00000000e0000000, 0x00000000e8000000, 0x00000000e8000000)
  eden space 87424K,   0% used [0x00000000e0000000, 0x00000000e0000000, 0x00000000e5560000)
  from space 21824K,  16% used [0x00000000e6ab0000, 0x00000000e6e34ca0, 0x00000000e8000000)
  to   space 21824K,   0% used [0x00000000e5560000, 0x00000000e5560000, 0x00000000e6ab0000)
 concurrent mark-sweep generation total 393216K, used 57417K [0x00000000e8000000, 0x0000000100000000, 0x0000000100000000)
 Metaspace       used 38187K, capacity 39718K, committed 39984K, reserved 1085440K
  class space    used 4557K, capacity 4871K, committed 4912K, reserved 1048576K
}
2019-01-31T14:39:37.431-0200: 20044.232: Total time for which application threads were stopped: 0.0042513 seconds, Stopping threads took: 0.0000345 seconds
{Heap before GC invocations=127 (full 1):
 par new generation   total 109248K, used 91027K [0x00000000e0000000, 0x00000000e8000000, 0x00000000e8000000)
  eden space 87424K, 100% used [0x00000000e0000000, 0x00000000e5560000, 0x00000000e5560000)
  from space 21824K,  16% used [0x00000000e6ab0000, 0x00000000e6e34ca0, 0x00000000e8000000)
  to   space 21824K,   0% used [0x00000000e5560000, 0x00000000e5560000, 0x00000000e6ab0000)
 concurrent mark-sweep generation total 393216K, used 57417K [0x00000000e8000000, 0x0000000100000000, 0x0000000100000000)
 Metaspace       used 38187K, capacity 39718K, committed 39984K, reserved 1085440K
  class space    used 4557K, capacity 4871K, committed 4912K, reserved 1048576K
2019-01-31T14:39:37.512-0200: 20044.313: [GC (Allocation Failure) 2019-01-31T14:39:37.512-0200: 20044.313: [ParNew
Desired survivor size 20112992 bytes, new threshold 8 (max 8)
- age   1:     830016 bytes,     830016 total
- age   2:     326056 bytes,    1156072 total
- age   3:     188968 bytes,    1345040 total
- age   4:     248496 bytes,    1593536 total
- age   5:     397960 bytes,    1991496 total
- age   6:     226216 bytes,    2217712 total
- age   7:     245968 bytes,    2463680 total
- age   8:     285896 bytes,    2749576 total
: 91027K->4005K(109248K), 0.0038627 secs] 148444K->61991K(502464K), 0.0039448 secs] [Times: user=0.00 sys=0.00, real=0.00 secs] 
Heap after GC invocations=128 (full 1):
 par new generation   total 109248K, used 4005K [0x00000000e0000000, 0x00000000e8000000, 0x00000000e8000000)
  eden space 87424K,   0% used [0x00000000e0000000, 0x00000000e0000000, 0x00000000e5560000)
  from space 21824K,  18% used [0x00000000e5560000, 0x00000000e5949590, 0x00000000e6ab0000)
  to   space 21824K,   0% used [0x00000000e6ab0000, 0x00000000e6ab0000, 0x00000000e8000000)
 concurrent mark-sweep generation total 393216K, used 57986K [0x00000000e8000000, 0x0000000100000000, 0x0000000100000000)
 Metaspace       used 38187K, capacity 39718K, committed 39984K, reserved 1085440K
  class space    used 4557K, capacity 4871K, committed 4912K, reserved 1048576K
}
2019-01-31T14:39:37.516-0200: 20044.317: Total time for which application threads were stopped: 0.0042201 seconds, Stopping threads took: 0.0000336 seconds
2019-01-31T14:39:37.544-0200: 20044.345: Total time for which application threads were stopped: 0.0001320 seconds, Stopping threads took: 0.0000481 seconds
2019-01-31T14:39:37.546-0200: 20044.346: Total time for which application threads were stopped: 0.0001241 seconds, Stopping threads took: 0.0000439 seconds
2019-01-31T14:39:37.546-0200: 20044.347: Total time for which application threads were stopped: 0.0001493 seconds, Stopping threads took: 0.0000844 seconds
2019-01-31T14:39:37.806-0200: 20044.607: Total time for which application threads were stopped: 0.0001773 seconds, Stopping threads took: 0.0000784 seconds
2019-01-31T14:39:37.806-0200: 20044.607: Total time for which application threads were stopped: 0.0001507 seconds, Stopping threads took: 0.0001059 seconds
2019-01-31T14:39:37.806-0200: 20044.607: Total time for which application threads were stopped: 0.0001325 seconds, Stopping threads took: 0.0000401 seconds
2019-01-31T14:39:37.806-0200: 20044.607: Total time for which application threads were stopped: 0.0001064 seconds, Stopping threads took: 0.0000602 seconds
2019-01-31T14:39:37.807-0200: 20044.607: Total time for which application threads were stopped: 0.0000849 seconds, Stopping threads took: 0.0000289 seconds
2019-01-31T14:39:37.809-0200: 20044.610: Total time for which application threads were stopped: 0.0000924 seconds, Stopping threads took: 0.0000266 seconds
2019-01-31T14:39:37.810-0200: 20044.611: Total time for which application threads were stopped: 0.0002020 seconds, Stopping threads took: 0.0000168 seconds
2019-01-31T14:39:37.980-0200: 20044.781: Total time for which application threads were stopped: 0.0001199 seconds, Stopping threads took: 0.0000355 seconds
2019-01-31T14:39:37.980-0200: 20044.781: Total time for which application threads were stopped: 0.0000919 seconds, Stopping threads took: 0.0000387 seconds
2019-01-31T14:39:37.980-0200: 20044.781: Total time for which application threads were stopped: 0.0001017 seconds, Stopping threads took: 0.0000518 seconds
2019-01-31T14:39:37.980-0200: 20044.782: Total time for which application threads were stopped: 0.0002435 seconds, Stopping threads took: 0.0000397 seconds
2019-01-31T14:39:37.982-0200: 20044.783: Total time for which application threads were stopped: 0.0000858 seconds, Stopping threads took: 0.0000285 seconds
2019-01-31T14:39:37.982-0200: 20044.783: Total time for which application threads were stopped: 0.0000728 seconds, Stopping threads took: 0.0000275 seconds
2019-01-31T14:39:37.982-0200: 20044.783: Total time for which application threads were stopped: 0.0000844 seconds, Stopping threads took: 0.0000336 seconds
2019-01-31T14:39:38.039-0200: 20044.840: Total time for which application threads were stopped: 0.0001777 seconds, Stopping threads took: 0.0000634 seconds
{Heap before GC invocations=128 (full 1):
 par new generation   total 109248K, used 91429K [0x00000000e0000000, 0x00000000e8000000, 0x00000000e8000000)
  eden space 87424K, 100% used [0x00000000e0000000, 0x00000000e5560000, 0x00000000e5560000)
  from space 21824K,  18% used [0x00000000e5560000, 0x00000000e5949590, 0x00000000e6ab0000)
  to   space 21824K,   0% used [0x00000000e6ab0000, 0x00000000e6ab0000, 0x00000000e8000000)
 concurrent mark-sweep generation total 393216K, used 57986K [0x00000000e8000000, 0x0000000100000000, 0x0000000100000000)
 Metaspace       used 38222K, capacity 39718K, committed 39984K, reserved 1085440K
  class space    used 4557K, capacity 4871K, committed 4912K, reserved 1048576K
2019-01-31T14:39:38.094-0200: 20044.895: [GC (Allocation Failure) 2019-01-31T14:39:38.094-0200: 20044.895: [ParNew
Desired survivor size 20112992 bytes, new threshold 8 (max 8)
- age   1:    1053888 bytes,    1053888 total
- age   2:     698152 bytes,    1752040 total
- age   3:     323280 bytes,    2075320 total
- age   4:     183280 bytes,    2258600 total
- age   5:     247728 bytes,    2506328 total
- age   6:     397040 bytes,    2903368 total
- age   7:     225480 bytes,    3128848 total
- age   8:     245232 bytes,    3374080 total
: 91429K->4042K(109248K), 0.0062989 secs] 149415K->62307K(502464K), 0.0064267 secs] [Times: user=0.06 sys=0.02, real=0.01 secs] 
Heap after GC invocations=129 (full 1):
 par new generation   total 109248K, used 4042K [0x00000000e0000000, 0x00000000e8000000, 0x00000000e8000000)
  eden space 87424K,   0% used [0x00000000e0000000, 0x00000000e0000000, 0x00000000e5560000)
  from space 21824K,  18% used [0x00000000e6ab0000, 0x00000000e6ea2b90, 0x00000000e8000000)
  to   space 21824K,   0% used [0x00000000e5560000, 0x00000000e5560000, 0x00000000e6ab0000)
 concurrent mark-sweep generation total 393216K, used 58264K [0x00000000e8000000, 0x0000000100000000, 0x0000000100000000)
 Metaspace       used 38222K, capacity 39718K, committed 39984K, reserved 1085440K
  class space    used 4557K, capacity 4871K, committed 4912K, reserved 1048576K
}
2019-01-31T14:39:38.100-0200: 20044.901: Total time for which application threads were stopped: 0.0070010 seconds, Stopping threads took: 0.0000485 seconds
{Heap before GC invocations=129 (full 1):
 par new generation   total 109248K, used 91466K [0x00000000e0000000, 0x00000000e8000000, 0x00000000e8000000)
  eden space 87424K, 100% used [0x00000000e0000000, 0x00000000e5560000, 0x00000000e5560000)
  from space 21824K,  18% used [0x00000000e6ab0000, 0x00000000e6ea2b90, 0x00000000e8000000)
  to   space 21824K,   0% used [0x00000000e5560000, 0x00000000e5560000, 0x00000000e6ab0000)
 concurrent mark-sweep generation total 393216K, used 58264K [0x00000000e8000000, 0x0000000100000000, 0x0000000100000000)
 Metaspace       used 38222K, capacity 39718K, committed 39984K, reserved 1085440K
  class space    used 4557K, capacity 4871K, committed 4912K, reserved 1048576K
2019-01-31T14:39:38.240-0200: 20045.041: [GC (Allocation Failure) 2019-01-31T14:39:38.240-0200: 20045.041: [ParNew
Desired survivor size 20112992 bytes, new threshold 8 (max 8)
- age   1:     535672 bytes,     535672 total
- age   2:     892880 bytes,    1428552 total
- age   3:     698152 bytes,    2126704 total
- age   4:     323280 bytes,    2449984 total
- age   5:     183280 bytes,    2633264 total
- age   6:     247728 bytes,    2880992 total
- age   7:     397040 bytes,    3278032 total
- age   8:     225480 bytes,    3503512 total
: 91466K->4301K(109248K), 0.0037568 secs] 149731K->62805K(502464K), 0.0038385 secs] [Times: user=0.00 sys=0.00, real=0.00 secs] 
Heap after GC invocations=130 (full 1):
 par new generation   total 109248K, used 4301K [0x00000000e0000000, 0x00000000e8000000, 0x00000000e8000000)
  eden space 87424K,   0% used [0x00000000e0000000, 0x00000000e0000000, 0x00000000e5560000)
  from space 21824K,  19% used [0x00000000e5560000, 0x00000000e5993450, 0x00000000e6ab0000)
  to   space 21824K,   0% used [0x00000000e6ab0000, 0x00000000e6ab0000, 0x00000000e8000000)
 concurrent mark-sweep generation total 393216K, used 58504K [0x00000000e8000000, 0x0000000100000000, 0x0000000100000000)
 Metaspace       used 38222K, capacity 39718K, committed 39984K, reserved 1085440K
  class space    used 4557K, capacity 4871K, committed 4912K, reserved 1048576K
}
2019-01-31T14:39:38.244-0200: 20045.045: Total time for which application threads were stopped: 0.0040797 seconds, Stopping threads took: 0.0000387 seconds
{Heap before GC invocations=130 (full 1):
 par new generation   total 109248K, used 91725K [0x00000000e0000000, 0x00000000e8000000, 0x00000000e8000000)
  eden space 87424K, 100% used [0x00000000e0000000, 0x00000000e5560000, 0x00000000e5560000)
  from space 21824K,  19% used [0x00000000e5560000, 0x00000000e5993450, 0x00000000e6ab0000)
  to   space 21824K,   0% used [0x00000000e6ab0000, 0x00000000e6ab0000, 0x00000000e8000000)
 concurrent mark-sweep generation total 393216K, used 58504K [0x00000000e8000000, 0x0000000100000000, 0x0000000100000000)
 Metaspace       used 38222K, capacity 39718K, committed 39984K, reserved 1085440K
  class space    used 4557K, capacity 4871K, committed 4912K, reserved 1048576K
2019-01-31T14:39:38.412-0200: 20045.213: [GC (Allocation Failure) 2019-01-31T14:39:38.412-0200: 20045.213: [ParNew
Desired survivor size 20112992 bytes, new threshold 8 (max 8)
- age   1:     405072 bytes,     405072 total
- age   2:     333176 bytes,     738248 total
- age   3:     892688 bytes,    1630936 total
- age   4:     698152 bytes,    2329088 total
- age   5:     323280 bytes,    2652368 total
- age   6:     183280 bytes,    2835648 total
- age   7:     247728 bytes,    3083376 total
- age   8:     397040 bytes,    3480416 total
: 91725K->4207K(109248K), 0.0044468 secs] 150229K->62931K(502464K), 0.0045462 secs] [Times: user=0.00 sys=0.00, real=0.01 secs] 
Heap after GC invocations=131 (full 1):
 par new generation   total 109248K, used 4207K [0x00000000e0000000, 0x00000000e8000000, 0x00000000e8000000)
  eden space 87424K,   0% used [0x00000000e0000000, 0x00000000e0000000, 0x00000000e5560000)
  from space 21824K,  19% used [0x00000000e6ab0000, 0x00000000e6ecbda0, 0x00000000e8000000)
  to   space 21824K,   0% used [0x00000000e5560000, 0x00000000e5560000, 0x00000000e6ab0000)
 concurrent mark-sweep generation total 393216K, used 58724K [0x00000000e8000000, 0x0000000100000000, 0x0000000100000000)
 Metaspace       used 38222K, capacity 39718K, committed 39984K, reserved 1085440K
  class space    used 4557K, capacity 4871K, committed 4912K, reserved 1048576K
}
2019-01-31T14:39:38.417-0200: 20045.218: Total time for which application threads were stopped: 0.0047892 seconds, Stopping threads took: 0.0000387 seconds
{Heap before GC invocations=131 (full 1):
 par new generation   total 109248K, used 91631K [0x00000000e0000000, 0x00000000e8000000, 0x00000000e8000000)
  eden space 87424K, 100% used [0x00000000e0000000, 0x00000000e5560000, 0x00000000e5560000)
  from space 21824K,  19% used [0x00000000e6ab0000, 0x00000000e6ecbda0, 0x00000000e8000000)
  to   space 21824K,   0% used [0x00000000e5560000, 0x00000000e5560000, 0x00000000e6ab0000)
 concurrent mark-sweep generation total 393216K, used 58724K [0x00000000e8000000, 0x0000000100000000, 0x0000000100000000)
 Metaspace       used 38222K, capacity 39718K, committed 39984K, reserved 1085440K
  class space    used 4557K, capacity 4871K, committed 4912K, reserved 1048576K
2019-01-31T14:39:38.530-0200: 20045.330: [GC (Allocation Failure) 2019-01-31T14:39:38.530-0200: 20045.330: [ParNew
Desired survivor size 20112992 bytes, new threshold 8 (max 8)
- age   1:     488072 bytes,     488072 total
- age   2:     212904 bytes,     700976 total
- age   3:     332416 bytes,    1033392 total
- age   4:     892608 bytes,    1926000 total
- age   5:     698152 bytes,    2624152 total
- age   6:     323280 bytes,    2947432 total
- age   7:     183280 bytes,    3130712 total
- age   8:     247728 bytes,    3378440 total
: 91631K->3907K(109248K), 0.0046395 secs] 150355K->63019K(502464K), 0.0047682 secs] [Times: user=0.09 sys=0.00, real=0.00 secs] 
Heap after GC invocations=132 (full 1):
 par new generation   total 109248K, used 3907K [0x00000000e0000000, 0x00000000e8000000, 0x00000000e8000000)
  eden space 87424K,   0% used [0x00000000e0000000, 0x00000000e0000000, 0x00000000e5560000)
  from space 21824K,  17% used [0x00000000e5560000, 0x00000000e5930df8, 0x00000000e6ab0000)
  to   space 21824K,   0% used [0x00000000e6ab0000, 0x00000000e6ab0000, 0x00000000e8000000)
 concurrent mark-sweep generation total 393216K, used 59111K [0x00000000e8000000, 0x0000000100000000, 0x0000000100000000)
 Metaspace       used 38222K, capacity 39718K, committed 39984K, reserved 1085440K
  class space    used 4557K, capacity 4871K, committed 4912K, reserved 1048576K
}
2019-01-31T14:39:38.534-0200: 20045.335: Total time for which application threads were stopped: 0.0051078 seconds, Stopping threads took: 0.0000415 seconds
2019-01-31T14:39:38.611-0200: 20045.411: Total time for which application threads were stopped: 0.0001442 seconds, Stopping threads took: 0.0000504 seconds
2019-01-31T14:39:38.613-0200: 20045.414: Total time for which application threads were stopped: 0.0001180 seconds, Stopping threads took: 0.0000373 seconds
2019-01-31T14:39:38.613-0200: 20045.414: Total time for which application threads were stopped: 0.0000779 seconds, Stopping threads took: 0.0000327 seconds
2019-01-31T14:39:38.845-0200: 20045.645: Total time for which application threads were stopped: 0.0002113 seconds, Stopping threads took: 0.0001194 seconds
2019-01-31T14:39:38.845-0200: 20045.645: Total time for which application threads were stopped: 0.0000816 seconds, Stopping threads took: 0.0000275 seconds
2019-01-31T14:39:38.845-0200: 20045.646: Total time for which application threads were stopped: 0.0001787 seconds, Stopping threads took: 0.0001129 seconds
2019-01-31T14:39:38.846-0200: 20045.646: Total time for which application threads were stopped: 0.0000989 seconds, Stopping threads took: 0.0000434 seconds
2019-01-31T14:39:38.964-0200: 20045.765: Total time for which application threads were stopped: 0.0002239 seconds, Stopping threads took: 0.0000415 seconds
2019-01-31T14:39:38.964-0200: 20045.766: Total time for which application threads were stopped: 0.0001726 seconds, Stopping threads took: 0.0000261 seconds
2019-01-31T14:39:38.965-0200: 20045.766: Total time for which application threads were stopped: 0.0000760 seconds, Stopping threads took: 0.0000233 seconds
2019-01-31T14:39:38.966-0200: 20045.767: Total time for which application threads were stopped: 0.0001330 seconds, Stopping threads took: 0.0000308 seconds
2019-01-31T14:39:38.966-0200: 20045.767: Total time for which application threads were stopped: 0.0000639 seconds, Stopping threads took: 0.0000177 seconds
{Heap before GC invocations=132 (full 1):
 par new generation   total 109248K, used 91331K [0x00000000e0000000, 0x00000000e8000000, 0x00000000e8000000)
  eden space 87424K, 100% used [0x00000000e0000000, 0x00000000e5560000, 0x00000000e5560000)
  from space 21824K,  17% used [0x00000000e5560000, 0x00000000e5930df8, 0x00000000e6ab0000)
  to   space 21824K,   0% used [0x00000000e6ab0000, 0x00000000e6ab0000, 0x00000000e8000000)
 concurrent mark-sweep generation total 393216K, used 59111K [0x00000000e8000000, 0x0000000100000000, 0x0000000100000000)
 Metaspace       used 38244K, capacity 39718K, committed 39984K, reserved 1085440K
  class space    used 4557K, capacity 4871K, committed 4912K, reserved 1048576K
2019-01-31T14:39:39.025-0200: 20045.826: [GC (Allocation Failure) 2019-01-31T14:39:39.025-0200: 20045.826: [ParNew
Desired survivor size 20112992 bytes, new threshold 8 (max 8)
- age   1:     547920 bytes,     547920 total
- age   4:        384 bytes,     548304 total
- age   5:     325512 bytes,     873816 total
- age   6:     698152 bytes,    1571968 total
- age   7:     323280 bytes,    1895248 total
- age   8:     183280 bytes,    2078528 total
: 91331K->2996K(109248K), 0.0039425 secs] 150443K->62350K(502464K), 0.0040456 secs] [Times: user=0.00 sys=0.00, real=0.00 secs] 
Heap after GC invocations=133 (full 1):
 par new generation   total 109248K, used 2996K [0x00000000e0000000, 0x00000000e8000000, 0x00000000e8000000)
  eden space 87424K,   0% used [0x00000000e0000000, 0x00000000e0000000, 0x00000000e5560000)
  from space 21824K,  13% used [0x00000000e6ab0000, 0x00000000e6d9d140, 0x00000000e8000000)
  to   space 21824K,   0% used [0x00000000e5560000, 0x00000000e5560000, 0x00000000e6ab0000)
 concurrent mark-sweep generation total 393216K, used 59353K [0x00000000e8000000, 0x0000000100000000, 0x0000000100000000)
 Metaspace       used 38244K, capacity 39718K, committed 39984K, reserved 1085440K
  class space    used 4557K, capacity 4871K, committed 4912K, reserved 1048576K
}
2019-01-31T14:39:39.029-0200: 20045.830: Total time for which application threads were stopped: 0.0042817 seconds, Stopping threads took: 0.0000364 seconds
{Heap before GC invocations=133 (full 1):
 par new generation   total 109248K, used 90420K [0x00000000e0000000, 0x00000000e8000000, 0x00000000e8000000)
  eden space 87424K, 100% used [0x00000000e0000000, 0x00000000e5560000, 0x00000000e5560000)
  from space 21824K,  13% used [0x00000000e6ab0000, 0x00000000e6d9d140, 0x00000000e8000000)
  to   space 21824K,   0% used [0x00000000e5560000, 0x00000000e5560000, 0x00000000e6ab0000)
 concurrent mark-sweep generation total 393216K, used 59353K [0x00000000e8000000, 0x0000000100000000, 0x0000000100000000)
 Metaspace       used 38246K, capacity 39718K, committed 39984K, reserved 1085440K
  class space    used 4557K, capacity 4871K, committed 4912K, reserved 1048576K
2019-01-31T14:39:39.116-0200: 20045.917: [GC (Allocation Failure) 2019-01-31T14:39:39.116-0200: 20045.917: [ParNew
Desired survivor size 20112992 bytes, new threshold 8 (max 8)
- age   1:     637672 bytes,     637672 total
- age   2:     462672 bytes,    1100344 total
- age   5:        384 bytes,    1100728 total
- age   6:     324600 bytes,    1425328 total
- age   7:     698152 bytes,    2123480 total
- age   8:     323280 bytes,    2446760 total
: 90420K->2848K(109248K), 0.0047720 secs] 149774K->62381K(502464K), 0.0048765 secs] [Times: user=0.00 sys=0.00, real=0.01 secs] 
Heap after GC invocations=134 (full 1):
 par new generation   total 109248K, used 2848K [0x00000000e0000000, 0x00000000e8000000, 0x00000000e8000000)
  eden space 87424K,   0% used [0x00000000e0000000, 0x00000000e0000000, 0x00000000e5560000)
  from space 21824K,  13% used [0x00000000e5560000, 0x00000000e58282d0, 0x00000000e6ab0000)
  to   space 21824K,   0% used [0x00000000e6ab0000, 0x00000000e6ab0000, 0x00000000e8000000)
 concurrent mark-sweep generation total 393216K, used 59532K [0x00000000e8000000, 0x0000000100000000, 0x0000000100000000)
 Metaspace       used 38246K, capacity 39718K, committed 39984K, reserved 1085440K
  class space    used 4557K, capacity 4871K, committed 4912K, reserved 1048576K
}
2019-01-31T14:39:39.121-0200: 20045.922: Total time for which application threads were stopped: 0.0052049 seconds, Stopping threads took: 0.0000420 seconds
{Heap before GC invocations=134 (full 1):
 par new generation   total 109248K, used 90272K [0x00000000e0000000, 0x00000000e8000000, 0x00000000e8000000)
  eden space 87424K, 100% used [0x00000000e0000000, 0x00000000e5560000, 0x00000000e5560000)
  from space 21824K,  13% used [0x00000000e5560000, 0x00000000e58282d0, 0x00000000e6ab0000)
  to   space 21824K,   0% used [0x00000000e6ab0000, 0x00000000e6ab0000, 0x00000000e8000000)
 concurrent mark-sweep generation total 393216K, used 59532K [0x00000000e8000000, 0x0000000100000000, 0x0000000100000000)
 Metaspace       used 38246K, capacity 39718K, committed 39984K, reserved 1085440K
  class space    used 4557K, capacity 4871K, committed 4912K, reserved 1048576K
2019-01-31T14:39:39.212-0200: 20046.013: [GC (Allocation Failure) 2019-01-31T14:39:39.212-0200: 20046.013: [ParNew
Desired survivor size 20112992 bytes, new threshold 8 (max 8)
- age   1:     546264 bytes,     546264 total
- age   2:     445912 bytes,     992176 total
- age   3:     397104 bytes,    1389280 total
- age   6:        384 bytes,    1389664 total
- age   7:     324600 bytes,    1714264 total
- age   8:     698152 bytes,    2412416 total
: 90272K->3565K(109248K), 0.0051284 secs] 149805K->63414K(502464K), 0.0052240 secs] [Times: user=0.00 sys=0.00, real=0.01 secs] 
Heap after GC invocations=135 (full 1):
 par new generation   total 109248K, used 3565K [0x00000000e0000000, 0x00000000e8000000, 0x00000000e8000000)
  eden space 87424K,   0% used [0x00000000e0000000, 0x00000000e0000000, 0x00000000e5560000)
  from space 21824K,  16% used [0x00000000e6ab0000, 0x00000000e6e2b630, 0x00000000e8000000)
  to   space 21824K,   0% used [0x00000000e5560000, 0x00000000e5560000, 0x00000000e6ab0000)
 concurrent mark-sweep generation total 393216K, used 59848K [0x00000000e8000000, 0x0000000100000000, 0x0000000100000000)
 Metaspace       used 38246K, capacity 39718K, committed 39984K, reserved 1085440K
  class space    used 4557K, capacity 4871K, committed 4912K, reserved 1048576K
}
2019-01-31T14:39:39.218-0200: 20046.019: Total time for which application threads were stopped: 0.0054657 seconds, Stopping threads took: 0.0000369 seconds
{Heap before GC invocations=135 (full 1):
 par new generation   total 109248K, used 90989K [0x00000000e0000000, 0x00000000e8000000, 0x00000000e8000000)
  eden space 87424K, 100% used [0x00000000e0000000, 0x00000000e5560000, 0x00000000e5560000)
  from space 21824K,  16% used [0x00000000e6ab0000, 0x00000000e6e2b630, 0x00000000e8000000)
  to   space 21824K,   0% used [0x00000000e5560000, 0x00000000e5560000, 0x00000000e6ab0000)
 concurrent mark-sweep generation total 393216K, used 59848K [0x00000000e8000000, 0x0000000100000000, 0x0000000100000000)
 Metaspace       used 38336K, capacity 39782K, committed 39984K, reserved 1085440K
  class space    used 4557K, capacity 4871K, committed 4912K, reserved 1048576K
2019-01-31T14:39:39.300-0200: 20046.101: [GC (Allocation Failure) 2019-01-31T14:39:39.300-0200: 20046.101: [ParNew
Desired survivor size 20112992 bytes, new threshold 8 (max 8)
- age   1:     426936 bytes,     426936 total
- age   2:     344896 bytes,     771832 total
- age   3:     445664 bytes,    1217496 total
- age   4:     396912 bytes,    1614408 total
- age   7:        384 bytes,    1614792 total
- age   8:     324600 bytes,    1939392 total
: 90989K->2518K(109248K), 0.0042163 secs] 150838K->63048K(502464K), 0.0043157 secs] [Times: user=0.00 sys=0.00, real=0.00 secs] 
Heap after GC invocations=136 (full 1):
 par new generation   total 109248K, used 2518K [0x00000000e0000000, 0x00000000e8000000, 0x00000000e8000000)
  eden space 87424K,   0% used [0x00000000e0000000, 0x00000000e0000000, 0x00000000e5560000)
  from space 21824K,  11% used [0x00000000e5560000, 0x00000000e57d59e8, 0x00000000e6ab0000)
  to   space 21824K,   0% used [0x00000000e6ab0000, 0x00000000e6ab0000, 0x00000000e8000000)
 concurrent mark-sweep generation total 393216K, used 60530K [0x00000000e8000000, 0x0000000100000000, 0x0000000100000000)
 Metaspace       used 38336K, capacity 39782K, committed 39984K, reserved 1085440K
  class space    used 4557K, capacity 4871K, committed 4912K, reserved 1048576K
}
2019-01-31T14:39:39.304-0200: 20046.105: Total time for which application threads were stopped: 0.0045686 seconds, Stopping threads took: 0.0000387 seconds
{Heap before GC invocations=136 (full 1):
 par new generation   total 109248K, used 89942K [0x00000000e0000000, 0x00000000e8000000, 0x00000000e8000000)
  eden space 87424K, 100% used [0x00000000e0000000, 0x00000000e5560000, 0x00000000e5560000)
  from space 21824K,  11% used [0x00000000e5560000, 0x00000000e57d59e8, 0x00000000e6ab0000)
  to   space 21824K,   0% used [0x00000000e6ab0000, 0x00000000e6ab0000, 0x00000000e8000000)
 concurrent mark-sweep generation total 393216K, used 60530K [0x00000000e8000000, 0x0000000100000000, 0x0000000100000000)
 Metaspace       used 38347K, capacity 39846K, committed 39984K, reserved 1085440K
  class space    used 4557K, capacity 4871K, committed 4912K, reserved 1048576K
2019-01-31T14:39:39.410-0200: 20046.211: [GC (Allocation Failure) 2019-01-31T14:39:39.410-0200: 20046.211: [ParNew
Desired survivor size 20112992 bytes, new threshold 8 (max 8)
- age   1:     562680 bytes,     562680 total
- age   2:     241048 bytes,     803728 total
- age   3:     343728 bytes,    1147456 total
- age   4:     382216 bytes,    1529672 total
- age   5:     396776 bytes,    1926448 total
- age   8:        384 bytes,    1926832 total
: 89942K->2328K(109248K), 0.0047281 secs] 150472K->63176K(502464K), 0.0048251 secs] [Times: user=0.00 sys=0.00, real=0.00 secs] 
Heap after GC invocations=137 (full 1):
 par new generation   total 109248K, used 2328K [0x00000000e0000000, 0x00000000e8000000, 0x00000000e8000000)
  eden space 87424K,   0% used [0x00000000e0000000, 0x00000000e0000000, 0x00000000e5560000)
  from space 21824K,  10% used [0x00000000e6ab0000, 0x00000000e6cf60a8, 0x00000000e8000000)
  to   space 21824K,   0% used [0x00000000e5560000, 0x00000000e5560000, 0x00000000e6ab0000)
 concurrent mark-sweep generation total 393216K, used 60848K [0x00000000e8000000, 0x0000000100000000, 0x0000000100000000)
 Metaspace       used 38347K, capacity 39846K, committed 39984K, reserved 1085440K
  class space    used 4557K, capacity 4871K, committed 4912K, reserved 1048576K
}
2019-01-31T14:39:39.415-0200: 20046.216: Total time for which application threads were stopped: 0.0051279 seconds, Stopping threads took: 0.0000448 seconds
2019-01-31T14:39:39.458-0200: 20046.259: Total time for which application threads were stopped: 0.0001162 seconds, Stopping threads took: 0.0000331 seconds
2019-01-31T14:39:39.460-0200: 20046.261: Total time for which application threads were stopped: 0.0002249 seconds, Stopping threads took: 0.0000602 seconds
2019-01-31T14:39:39.460-0200: 20046.261: Total time for which application threads were stopped: 0.0001036 seconds, Stopping threads took: 0.0000271 seconds
2019-01-31T14:39:39.685-0200: 20046.486: Total time for which application threads were stopped: 0.0001857 seconds, Stopping threads took: 0.0000578 seconds
2019-01-31T14:39:39.685-0200: 20046.486: Total time for which application threads were stopped: 0.0001059 seconds, Stopping threads took: 0.0000294 seconds
2019-01-31T14:39:39.686-0200: 20046.486: Total time for which application threads were stopped: 0.0001194 seconds, Stopping threads took: 0.0000448 seconds
2019-01-31T14:39:39.686-0200: 20046.487: Total time for which application threads were stopped: 0.0002533 seconds, Stopping threads took: 0.0001740 seconds
2019-01-31T14:39:39.834-0200: 20046.635: Total time for which application threads were stopped: 0.0001148 seconds, Stopping threads took: 0.0000313 seconds
2019-01-31T14:39:39.868-0200: 20046.668: Total time for which application threads were stopped: 0.0001451 seconds, Stopping threads took: 0.0000532 seconds
2019-01-31T14:39:39.868-0200: 20046.669: Total time for which application threads were stopped: 0.0001162 seconds, Stopping threads took: 0.0000550 seconds
2019-01-31T14:39:39.868-0200: 20046.669: Total time for which application threads were stopped: 0.0001213 seconds, Stopping threads took: 0.0000476 seconds
2019-01-31T14:39:39.869-0200: 20046.670: Total time for which application threads were stopped: 0.0001372 seconds, Stopping threads took: 0.0000322 seconds
2019-01-31T14:39:39.870-0200: 20046.670: Total time for which application threads were stopped: 0.0000980 seconds, Stopping threads took: 0.0000233 seconds
{Heap before GC invocations=137 (full 1):
 par new generation   total 109248K, used 89752K [0x00000000e0000000, 0x00000000e8000000, 0x00000000e8000000)
  eden space 87424K, 100% used [0x00000000e0000000, 0x00000000e5560000, 0x00000000e5560000)
  from space 21824K,  10% used [0x00000000e6ab0000, 0x00000000e6cf60a8, 0x00000000e8000000)
  to   space 21824K,   0% used [0x00000000e5560000, 0x00000000e5560000, 0x00000000e6ab0000)
 concurrent mark-sweep generation total 393216K, used 60848K [0x00000000e8000000, 0x0000000100000000, 0x0000000100000000)
 Metaspace       used 38372K, capacity 39910K, committed 39984K, reserved 1085440K
  class space    used 4557K, capacity 4871K, committed 4912K, reserved 1048576K
2019-01-31T14:39:39.992-0200: 20046.793: [GC (Allocation Failure) 2019-01-31T14:39:39.992-0200: 20046.793: [ParNew
Desired survivor size 20112992 bytes, new threshold 8 (max 8)
- age   1:     863544 bytes,     863544 total
- age   2:        112 bytes,     863656 total
- age   3:       1688 bytes,     865344 total
- age   5:      67136 bytes,     932480 total
- age   6:     118992 bytes,    1051472 total
: 89752K->1275K(109248K), 0.0044169 secs] 150600K->62125K(502464K), 0.0045135 secs] [Times: user=0.00 sys=0.00, real=0.00 secs] 
Heap after GC invocations=138 (full 1):
 par new generation   total 109248K, used 1275K [0x00000000e0000000, 0x00000000e8000000, 0x00000000e8000000)
  eden space 87424K,   0% used [0x00000000e0000000, 0x00000000e0000000, 0x00000000e5560000)
  from space 21824K,   5% used [0x00000000e5560000, 0x00000000e569eff8, 0x00000000e6ab0000)
  to   space 21824K,   0% used [0x00000000e6ab0000, 0x00000000e6ab0000, 0x00000000e8000000)
 concurrent mark-sweep generation total 393216K, used 60849K [0x00000000e8000000, 0x0000000100000000, 0x0000000100000000)
 Metaspace       used 38372K, capacity 39910K, committed 39984K, reserved 1085440K
  class space    used 4557K, capacity 4871K, committed 4912K, reserved 1048576K
}
2019-01-31T14:39:39.997-0200: 20046.797: Total time for which application threads were stopped: 0.0047505 seconds, Stopping threads took: 0.0000336 seconds
{Heap before GC invocations=138 (full 1):
 par new generation   total 109248K, used 88699K [0x00000000e0000000, 0x00000000e8000000, 0x00000000e8000000)
  eden space 87424K, 100% used [0x00000000e0000000, 0x00000000e5560000, 0x00000000e5560000)
  from space 21824K,   5% used [0x00000000e5560000, 0x00000000e569eff8, 0x00000000e6ab0000)
  to   space 21824K,   0% used [0x00000000e6ab0000, 0x00000000e6ab0000, 0x00000000e8000000)
 concurrent mark-sweep generation total 393216K, used 60849K [0x00000000e8000000, 0x0000000100000000, 0x0000000100000000)
 Metaspace       used 38372K, capacity 39910K, committed 39984K, reserved 1085440K
  class space    used 4557K, capacity 4871K, committed 4912K, reserved 1048576K
2019-01-31T14:39:40.107-0200: 20046.908: [GC (Allocation Failure) 2019-01-31T14:39:40.108-0200: 20046.908: [ParNew
Desired survivor size 20112992 bytes, new threshold 8 (max 8)
- age   1:     519136 bytes,     519136 total
- age   2:     689136 bytes,    1208272 total
- age   3:        112 bytes,    1208384 total
- age   4:       1688 bytes,    1210072 total
- age   6:      67136 bytes,    1277208 total
- age   7:     118080 bytes,    1395288 total
: 88699K->1656K(109248K), 0.0048251 secs] 149549K->62505K(502464K), 0.0049175 secs] [Times: user=0.06 sys=0.00, real=0.00 secs] 
Heap after GC invocations=139 (full 1):
 par new generation   total 109248K, used 1656K [0x00000000e0000000, 0x00000000e8000000, 0x00000000e8000000)
  eden space 87424K,   0% used [0x00000000e0000000, 0x00000000e0000000, 0x00000000e5560000)
  from space 21824K,   7% used [0x00000000e6ab0000, 0x00000000e6c4e368, 0x00000000e8000000)
  to   space 21824K,   0% used [0x00000000e5560000, 0x00000000e5560000, 0x00000000e6ab0000)
 concurrent mark-sweep generation total 393216K, used 60849K [0x00000000e8000000, 0x0000000100000000, 0x0000000100000000)
 Metaspace       used 38372K, capacity 39910K, committed 39984K, reserved 1085440K
  class space    used 4557K, capacity 4871K, committed 4912K, reserved 1048576K
}
2019-01-31T14:39:40.112-0200: 20046.913: Total time for which application threads were stopped: 0.0051568 seconds, Stopping threads took: 0.0000373 seconds
{Heap before GC invocations=139 (full 1):
 par new generation   total 109248K, used 89080K [0x00000000e0000000, 0x00000000e8000000, 0x00000000e8000000)
  eden space 87424K, 100% used [0x00000000e0000000, 0x00000000e5560000, 0x00000000e5560000)
  from space 21824K,   7% used [0x00000000e6ab0000, 0x00000000e6c4e368, 0x00000000e8000000)
  to   space 21824K,   0% used [0x00000000e5560000, 0x00000000e5560000, 0x00000000e6ab0000)
 concurrent mark-sweep generation total 393216K, used 60849K [0x00000000e8000000, 0x0000000100000000, 0x0000000100000000)
 Metaspace       used 38372K, capacity 39910K, committed 39984K, reserved 1085440K
  class space    used 4557K, capacity 4871K, committed 4912K, reserved 1048576K
2019-01-31T14:39:40.222-0200: 20047.022: [GC (Allocation Failure) 2019-01-31T14:39:40.222-0200: 20047.022: [ParNew
Desired survivor size 20112992 bytes, new threshold 8 (max 8)
- age   1:     498392 bytes,     498392 total
- age   2:     362360 bytes,     860752 total
- age   3:     688784 bytes,    1549536 total
- age   4:        112 bytes,    1549648 total
- age   5:       1688 bytes,    1551336 total
- age   7:      67136 bytes,    1618472 total
- age   8:     118080 bytes,    1736552 total
: 89080K->1908K(109248K), 0.0048643 secs] 149929K->62757K(502464K), 0.0049735 secs] [Times: user=0.00 sys=0.00, real=0.01 secs] 
Heap after GC invocations=140 (full 1):
 par new generation   total 109248K, used 1908K [0x00000000e0000000, 0x00000000e8000000, 0x00000000e8000000)
  eden space 87424K,   0% used [0x00000000e0000000, 0x00000000e0000000, 0x00000000e5560000)
  from space 21824K,   8% used [0x00000000e5560000, 0x00000000e573d088, 0x00000000e6ab0000)
  to   space 21824K,   0% used [0x00000000e6ab0000, 0x00000000e6ab0000, 0x00000000e8000000)
 concurrent mark-sweep generation total 393216K, used 60849K [0x00000000e8000000, 0x0000000100000000, 0x0000000100000000)
 Metaspace       used 38372K, capacity 39910K, committed 39984K, reserved 1085440K
  class space    used 4557K, capacity 4871K, committed 4912K, reserved 1048576K
}
2019-01-31T14:39:40.227-0200: 20047.027: Total time for which application threads were stopped: 0.0052385 seconds, Stopping threads took: 0.0000336 seconds
{Heap before GC invocations=140 (full 1):
 par new generation   total 109248K, used 89332K [0x00000000e0000000, 0x00000000e8000000, 0x00000000e8000000)
  eden space 87424K, 100% used [0x00000000e0000000, 0x00000000e5560000, 0x00000000e5560000)
  from space 21824K,   8% used [0x00000000e5560000, 0x00000000e573d088, 0x00000000e6ab0000)
  to   space 21824K,   0% used [0x00000000e6ab0000, 0x00000000e6ab0000, 0x00000000e8000000)
 concurrent mark-sweep generation total 393216K, used 60849K [0x00000000e8000000, 0x0000000100000000, 0x0000000100000000)
 Metaspace       used 38372K, capacity 39910K, committed 39984K, reserved 1085440K
  class space    used 4557K, capacity 4871K, committed 4912K, reserved 1048576K
2019-01-31T14:39:40.321-0200: 20047.122: [GC (Allocation Failure) 2019-01-31T14:39:40.321-0200: 20047.122: [ParNew
Desired survivor size 20112992 bytes, new threshold 8 (max 8)
- age   1:     477072 bytes,     477072 total
- age   2:     248088 bytes,     725160 total
- age   3:     362072 bytes,    1087232 total
- age   4:     688784 bytes,    1776016 total
- age   5:        112 bytes,    1776128 total
- age   6:       1688 bytes,    1777816 total
- age   8:      67136 bytes,    1844952 total
: 89332K->2187K(109248K), 0.0054307 secs] 150181K->63153K(502464K), 0.0056135 secs] [Times: user=0.00 sys=0.00, real=0.01 secs] 
Heap after GC invocations=141 (full 1):
 par new generation   total 109248K, used 2187K [0x00000000e0000000, 0x00000000e8000000, 0x00000000e8000000)
  eden space 87424K,   0% used [0x00000000e0000000, 0x00000000e0000000, 0x00000000e5560000)
  from space 21824K,  10% used [0x00000000e6ab0000, 0x00000000e6cd2df8, 0x00000000e8000000)
  to   space 21824K,   0% used [0x00000000e5560000, 0x00000000e5560000, 0x00000000e6ab0000)
 concurrent mark-sweep generation total 393216K, used 60965K [0x00000000e8000000, 0x0000000100000000, 0x0000000100000000)
 Metaspace       used 38372K, capacity 39910K, committed 39984K, reserved 1085440K
  class space    used 4557K, capacity 4871K, committed 4912K, reserved 1048576K
}
2019-01-31T14:39:40.327-0200: 20047.128: Total time for which application threads were stopped: 0.0059368 seconds, Stopping threads took: 0.0000322 seconds
2019-01-31T14:39:40.438-0200: 20047.239: Total time for which application threads were stopped: 0.0001344 seconds, Stopping threads took: 0.0000518 seconds
2019-01-31T14:39:40.441-0200: 20047.241: Total time for which application threads were stopped: 0.0001358 seconds, Stopping threads took: 0.0000527 seconds
2019-01-31T14:39:40.441-0200: 20047.241: Total time for which application threads were stopped: 0.0000751 seconds, Stopping threads took: 0.0000317 seconds
{Heap before GC invocations=141 (full 1):
 par new generation   total 109248K, used 89611K [0x00000000e0000000, 0x00000000e8000000, 0x00000000e8000000)
  eden space 87424K, 100% used [0x00000000e0000000, 0x00000000e5560000, 0x00000000e5560000)
  from space 21824K,  10% used [0x00000000e6ab0000, 0x00000000e6cd2df8, 0x00000000e8000000)
  to   space 21824K,   0% used [0x00000000e5560000, 0x00000000e5560000, 0x00000000e6ab0000)
 concurrent mark-sweep generation total 393216K, used 60965K [0x00000000e8000000, 0x0000000100000000, 0x0000000100000000)
 Metaspace       used 38375K, capacity 39910K, committed 39984K, reserved 1085440K
  class space    used 4557K, capacity 4871K, committed 4912K, reserved 1048576K
2019-01-31T14:39:40.457-0200: 20047.257: [GC (Allocation Failure) 2019-01-31T14:39:40.457-0200: 20047.257: [ParNew
Desired survivor size 20112992 bytes, new threshold 8 (max 8)
- age   1:     688728 bytes,     688728 total
- age   2:     203976 bytes,     892704 total
- age   3:     247416 bytes,    1140120 total
- age   4:     376832 bytes,    1516952 total
- age   5:     398696 bytes,    1915648 total
- age   6:        112 bytes,    1915760 total
- age   7:       1688 bytes,    1917448 total
: 89611K->2296K(109248K), 0.0037652 secs] 150577K->63327K(502464K), 0.0038604 secs] [Times: user=0.00 sys=0.00, real=0.00 secs] 
Heap after GC invocations=142 (full 1):
 par new generation   total 109248K, used 2296K [0x00000000e0000000, 0x00000000e8000000, 0x00000000e8000000)
  eden space 87424K,   0% used [0x00000000e0000000, 0x00000000e0000000, 0x00000000e5560000)
  from space 21824K,  10% used [0x00000000e5560000, 0x00000000e579e2f0, 0x00000000e6ab0000)
  to   space 21824K,   0% used [0x00000000e6ab0000, 0x00000000e6ab0000, 0x00000000e8000000)
 concurrent mark-sweep generation total 393216K, used 61031K [0x00000000e8000000, 0x0000000100000000, 0x0000000100000000)
 Metaspace       used 38375K, capacity 39910K, committed 39984K, reserved 1085440K
  class space    used 4557K, capacity 4871K, committed 4912K, reserved 1048576K
}
2019-01-31T14:39:40.461-0200: 20047.261: Total time for which application threads were stopped: 0.0041576 seconds, Stopping threads took: 0.0000401 seconds
2019-01-31T14:39:40.664-0200: 20047.465: Total time for which application threads were stopped: 0.0001647 seconds, Stopping threads took: 0.0000420 seconds
2019-01-31T14:39:40.664-0200: 20047.465: Total time for which application threads were stopped: 0.0000798 seconds, Stopping threads took: 0.0000313 seconds
2019-01-31T14:39:40.664-0200: 20047.465: Total time for which application threads were stopped: 0.0002160 seconds, Stopping threads took: 0.0000322 seconds
2019-01-31T14:39:40.664-0200: 20047.466: Total time for which application threads were stopped: 0.0000830 seconds, Stopping threads took: 0.0000350 seconds
2019-01-31T14:39:40.820-0200: 20047.621: Total time for which application threads were stopped: 0.0001833 seconds, Stopping threads took: 0.0000532 seconds
2019-01-31T14:39:40.820-0200: 20047.621: Total time for which application threads were stopped: 0.0000975 seconds, Stopping threads took: 0.0000448 seconds
2019-01-31T14:39:40.820-0200: 20047.621: Total time for which application threads were stopped: 0.0000989 seconds, Stopping threads took: 0.0000513 seconds
2019-01-31T14:39:40.822-0200: 20047.623: Total time for which application threads were stopped: 0.0003657 seconds, Stopping threads took: 0.0000564 seconds
2019-01-31T14:39:40.822-0200: 20047.623: Total time for which application threads were stopped: 0.0001283 seconds, Stopping threads took: 0.0000434 seconds
2019-01-31T14:39:40.822-0200: 20047.623: Total time for which application threads were stopped: 0.0000611 seconds, Stopping threads took: 0.0000168 seconds
2019-01-31T14:39:40.822-0200: 20047.623: Total time for which application threads were stopped: 0.0000606 seconds, Stopping threads took: 0.0000187 seconds
2019-01-31T14:39:40.822-0200: 20047.623: Total time for which application threads were stopped: 0.0000574 seconds, Stopping threads took: 0.0000168 seconds
2019-01-31T14:39:40.872-0200: 20047.673: Total time for which application threads were stopped: 0.0001138 seconds, Stopping threads took: 0.0000303 seconds
{Heap before GC invocations=142 (full 1):
 par new generation   total 109248K, used 89720K [0x00000000e0000000, 0x00000000e8000000, 0x00000000e8000000)
  eden space 87424K, 100% used [0x00000000e0000000, 0x00000000e5560000, 0x00000000e5560000)
  from space 21824K,  10% used [0x00000000e5560000, 0x00000000e579e2f0, 0x00000000e6ab0000)
  to   space 21824K,   0% used [0x00000000e6ab0000, 0x00000000e6ab0000, 0x00000000e8000000)
 concurrent mark-sweep generation total 393216K, used 61031K [0x00000000e8000000, 0x0000000100000000, 0x0000000100000000)
 Metaspace       used 38387K, capacity 39910K, committed 39984K, reserved 1085440K
  class space    used 4557K, capacity 4871K, committed 4912K, reserved 1048576K
2019-01-31T14:39:40.956-0200: 20047.757: [GC (Allocation Failure) 2019-01-31T14:39:40.956-0200: 20047.757: [ParNew
Desired survivor size 20112992 bytes, new threshold 8 (max 8)
- age   1:    1011848 bytes,    1011848 total
- age   2:       1288 bytes,    1013136 total
- age   4:        144 bytes,    1013280 total
- age   5:         80 bytes,    1013360 total
- age   6:     184096 bytes,    1197456 total
- age   7:        112 bytes,    1197568 total
- age   8:       1688 bytes,    1199256 total
: 89720K->1539K(109248K), 0.0050589 secs] 150751K->62570K(502464K), 0.0052282 secs] [Times: user=0.00 sys=0.00, real=0.00 secs] 
Heap after GC invocations=143 (full 1):
 par new generation   total 109248K, used 1539K [0x00000000e0000000, 0x00000000e8000000, 0x00000000e8000000)
  eden space 87424K,   0% used [0x00000000e0000000, 0x00000000e0000000, 0x00000000e5560000)
  from space 21824K,   7% used [0x00000000e6ab0000, 0x00000000e6c30ef0, 0x00000000e8000000)
  to   space 21824K,   0% used [0x00000000e5560000, 0x00000000e5560000, 0x00000000e6ab0000)
 concurrent mark-sweep generation total 393216K, used 61031K [0x00000000e8000000, 0x0000000100000000, 0x0000000100000000)
 Metaspace       used 38387K, capacity 39910K, committed 39984K, reserved 1085440K
  class space    used 4557K, capacity 4871K, committed 4912K, reserved 1048576K
}
2019-01-31T14:39:40.961-0200: 20047.762: Total time for which application threads were stopped: 0.0054694 seconds, Stopping threads took: 0.0000369 seconds
{Heap before GC invocations=143 (full 1):
 par new generation   total 109248K, used 88963K [0x00000000e0000000, 0x00000000e8000000, 0x00000000e8000000)
  eden space 87424K, 100% used [0x00000000e0000000, 0x00000000e5560000, 0x00000000e5560000)
  from space 21824K,   7% used [0x00000000e6ab0000, 0x00000000e6c30ef0, 0x00000000e8000000)
  to   space 21824K,   0% used [0x00000000e5560000, 0x00000000e5560000, 0x00000000e6ab0000)
 concurrent mark-sweep generation total 393216K, used 61031K [0x00000000e8000000, 0x0000000100000000, 0x0000000100000000)
 Metaspace       used 38387K, capacity 39910K, committed 39984K, reserved 1085440K
  class space    used 4557K, capacity 4871K, committed 4912K, reserved 1048576K
2019-01-31T14:39:41.070-0200: 20047.871: [GC (Allocation Failure) 2019-01-31T14:39:41.070-0200: 20047.871: [ParNew
Desired survivor size 20112992 bytes, new threshold 8 (max 8)
- age   1:     557480 bytes,     557480 total
- age   2:     824424 bytes,    1381904 total
- age   3:       1288 bytes,    1383192 total
- age   5:        144 bytes,    1383336 total
- age   6:         80 bytes,    1383416 total
- age   7:     183184 bytes,    1566600 total
- age   8:        112 bytes,    1566712 total
: 88963K->1741K(109248K), 0.0055006 secs] 149994K->62774K(502464K), 0.0055926 secs] [Times: user=0.00 sys=0.00, real=0.01 secs] 
Heap after GC invocations=144 (full 1):
 par new generation   total 109248K, used 1741K [0x00000000e0000000, 0x00000000e8000000, 0x00000000e8000000)
  eden space 87424K,   0% used [0x00000000e0000000, 0x00000000e0000000, 0x00000000e5560000)
  from space 21824K,   7% used [0x00000000e5560000, 0x00000000e5713578, 0x00000000e6ab0000)
  to   space 21824K,   0% used [0x00000000e6ab0000, 0x00000000e6ab0000, 0x00000000e8000000)
 concurrent mark-sweep generation total 393216K, used 61032K [0x00000000e8000000, 0x0000000100000000, 0x0000000100000000)
 Metaspace       used 38387K, capacity 39910K, committed 39984K, reserved 1085440K
  class space    used 4557K, capacity 4871K, committed 4912K, reserved 1048576K
}
2019-01-31T14:39:41.076-0200: 20047.877: Total time for which application threads were stopped: 0.0059359 seconds, Stopping threads took: 0.0000336 seconds
{Heap before GC invocations=144 (full 1):
 par new generation   total 109248K, used 89165K [0x00000000e0000000, 0x00000000e8000000, 0x00000000e8000000)
  eden space 87424K, 100% used [0x00000000e0000000, 0x00000000e5560000, 0x00000000e5560000)
  from space 21824K,   7% used [0x00000000e5560000, 0x00000000e5713578, 0x00000000e6ab0000)
  to   space 21824K,   0% used [0x00000000e6ab0000, 0x00000000e6ab0000, 0x00000000e8000000)
 concurrent mark-sweep generation total 393216K, used 61032K [0x00000000e8000000, 0x0000000100000000, 0x0000000100000000)
 Metaspace       used 38387K, capacity 39910K, committed 39984K, reserved 1085440K
  class space    used 4557K, capacity 4871K, committed 4912K, reserved 1048576K
2019-01-31T14:39:41.227-0200: 20048.028: [GC (Allocation Failure) 2019-01-31T14:39:41.227-0200: 20048.028: [ParNew
Desired survivor size 20112992 bytes, new threshold 8 (max 8)
- age   1:     445680 bytes,     445680 total
- age   2:     364056 bytes,     809736 total
- age   3:     824232 bytes,    1633968 total
- age   4:       1288 bytes,    1635256 total
- age   6:        144 bytes,    1635400 total
- age   7:         80 bytes,    1635480 total
- age   8:     183184 bytes,    1818664 total
: 89165K->1972K(109248K), 0.0046978 secs] 150198K->63005K(502464K), 0.0048713 secs] [Times: user=0.00 sys=0.00, real=0.01 secs] 
Heap after GC invocations=145 (full 1):
 par new generation   total 109248K, used 1972K [0x00000000e0000000, 0x00000000e8000000, 0x00000000e8000000)
  eden space 87424K,   0% used [0x00000000e0000000, 0x00000000e0000000, 0x00000000e5560000)
  from space 21824K,   9% used [0x00000000e6ab0000, 0x00000000e6c9d210, 0x00000000e8000000)
  to   space 21824K,   0% used [0x00000000e5560000, 0x00000000e5560000, 0x00000000e6ab0000)
 concurrent mark-sweep generation total 393216K, used 61033K [0x00000000e8000000, 0x0000000100000000, 0x0000000100000000)
 Metaspace       used 38387K, capacity 39910K, committed 39984K, reserved 1085440K
  class space    used 4557K, capacity 4871K, committed 4912K, reserved 1048576K
}
2019-01-31T14:39:41.232-0200: 20048.033: Total time for which application threads were stopped: 0.0051461 seconds, Stopping threads took: 0.0000350 seconds
{Heap before GC invocations=145 (full 1):
 par new generation   total 109248K, used 89396K [0x00000000e0000000, 0x00000000e8000000, 0x00000000e8000000)
  eden space 87424K, 100% used [0x00000000e0000000, 0x00000000e5560000, 0x00000000e5560000)
  from space 21824K,   9% used [0x00000000e6ab0000, 0x00000000e6c9d210, 0x00000000e8000000)
  to   space 21824K,   0% used [0x00000000e5560000, 0x00000000e5560000, 0x00000000e6ab0000)
 concurrent mark-sweep generation total 393216K, used 61033K [0x00000000e8000000, 0x0000000100000000, 0x0000000100000000)
 Metaspace       used 38387K, capacity 39910K, committed 39984K, reserved 1085440K
  class space    used 4557K, capacity 4871K, committed 4912K, reserved 1048576K
2019-01-31T14:39:41.330-0200: 20048.131: [GC (Allocation Failure) 2019-01-31T14:39:41.330-0200: 20048.131: [ParNew
Desired survivor size 20112992 bytes, new threshold 8 (max 8)
- age   1:     464632 bytes,     464632 total
- age   2:     205616 bytes,     670248 total
- age   3:     362968 bytes,    1033216 total
- age   4:     824176 bytes,    1857392 total
- age   5:       1288 bytes,    1858680 total
- age   7:        144 bytes,    1858824 total
- age   8:         80 bytes,    1858904 total
: 89396K->2069K(109248K), 0.0044361 secs] 150429K->63283K(502464K), 0.0045219 secs] [Times: user=0.00 sys=0.00, real=0.00 secs] 
Heap after GC invocations=146 (full 1):
 par new generation   total 109248K, used 2069K [0x00000000e0000000, 0x00000000e8000000, 0x00000000e8000000)
  eden space 87424K,   0% used [0x00000000e0000000, 0x00000000e0000000, 0x00000000e5560000)
  from space 21824K,   9% used [0x00000000e5560000, 0x00000000e57657f0, 0x00000000e6ab0000)
  to   space 21824K,   0% used [0x00000000e6ab0000, 0x00000000e6ab0000, 0x00000000e8000000)
 concurrent mark-sweep generation total 393216K, used 61213K [0x00000000e8000000, 0x0000000100000000, 0x0000000100000000)
 Metaspace       used 38387K, capacity 39910K, committed 39984K, reserved 1085440K
  class space    used 4557K, capacity 4871K, committed 4912K, reserved 1048576K
}
2019-01-31T14:39:41.334-0200: 20048.135: Total time for which application threads were stopped: 0.0047603 seconds, Stopping threads took: 0.0000369 seconds
2019-01-31T14:39:41.366-0200: 20048.166: Total time for which application threads were stopped: 0.0001082 seconds, Stopping threads took: 0.0000345 seconds
2019-01-31T14:39:41.368-0200: 20048.169: Total time for which application threads were stopped: 0.0001362 seconds, Stopping threads took: 0.0000285 seconds
2019-01-31T14:39:41.368-0200: 20048.169: Total time for which application threads were stopped: 0.0000662 seconds, Stopping threads took: 0.0000187 seconds
2019-01-31T14:39:41.612-0200: 20048.412: Total time for which application threads were stopped: 0.0001983 seconds, Stopping threads took: 0.0001166 seconds
2019-01-31T14:39:41.612-0200: 20048.412: Total time for which application threads were stopped: 0.0001250 seconds, Stopping threads took: 0.0000513 seconds
2019-01-31T14:39:41.612-0200: 20048.413: Total time for which application threads were stopped: 0.0001040 seconds, Stopping threads took: 0.0000401 seconds
2019-01-31T14:39:41.612-0200: 20048.413: Total time for which application threads were stopped: 0.0000998 seconds, Stopping threads took: 0.0000490 seconds
2019-01-31T14:39:41.685-0200: 20048.486: Total time for which application threads were stopped: 0.0001777 seconds, Stopping threads took: 0.0000546 seconds
2019-01-31T14:39:41.685-0200: 20048.486: Total time for which application threads were stopped: 0.0001059 seconds, Stopping threads took: 0.0000285 seconds
2019-01-31T14:39:41.685-0200: 20048.486: Total time for which application threads were stopped: 0.0001386 seconds, Stopping threads took: 0.0000616 seconds
2019-01-31T14:39:41.687-0200: 20048.488: Total time for which application threads were stopped: 0.0001110 seconds, Stopping threads took: 0.0000341 seconds
2019-01-31T14:39:41.688-0200: 20048.488: Total time for which application threads were stopped: 0.0001143 seconds, Stopping threads took: 0.0000331 seconds
2019-01-31T14:39:41.688-0200: 20048.488: Total time for which application threads were stopped: 0.0000998 seconds, Stopping threads took: 0.0000285 seconds
2019-01-31T14:39:41.688-0200: 20048.489: Total time for which application threads were stopped: 0.0000905 seconds, Stopping threads took: 0.0000219 seconds
2019-01-31T14:39:41.688-0200: 20048.489: Total time for which application threads were stopped: 0.0000760 seconds, Stopping threads took: 0.0000191 seconds
2019-01-31T14:39:41.757-0200: 20048.557: Total time for which application threads were stopped: 0.0001176 seconds, Stopping threads took: 0.0000373 seconds
2019-01-31T14:39:41.758-0200: 20048.559: Total time for which application threads were stopped: 0.0000989 seconds, Stopping threads took: 0.0000280 seconds
2019-01-31T14:39:41.758-0200: 20048.559: Total time for which application threads were stopped: 0.0000704 seconds, Stopping threads took: 0.0000219 seconds
2019-01-31T14:39:41.934-0200: 20048.735: Total time for which application threads were stopped: 0.0001199 seconds, Stopping threads took: 0.0000355 seconds
2019-01-31T14:39:41.934-0200: 20048.735: Total time for which application threads were stopped: 0.0001619 seconds, Stopping threads took: 0.0000681 seconds
2019-01-31T14:39:41.935-0200: 20048.735: Total time for which application threads were stopped: 0.0001232 seconds, Stopping threads took: 0.0000550 seconds
2019-01-31T14:39:41.935-0200: 20048.735: Total time for which application threads were stopped: 0.0001348 seconds, Stopping threads took: 0.0000518 seconds
2019-01-31T14:47:41.161-0200: 20527.961: Total time for which application threads were stopped: 0.0001460 seconds, Stopping threads took: 0.0000471 seconds
2019-01-31T14:48:53.267-0200: 20600.067: Total time for which application threads were stopped: 0.0001437 seconds, Stopping threads took: 0.0000364 seconds
2019-01-31T14:48:53.269-0200: 20600.069: Total time for which application threads were stopped: 0.0002911 seconds, Stopping threads took: 0.0000690 seconds
2019-01-31T14:48:53.311-0200: 20600.112: Total time for which application threads were stopped: 0.0002319 seconds, Stopping threads took: 0.0001348 seconds
2019-01-31T14:48:53.312-0200: 20600.112: Total time for which application threads were stopped: 0.0000742 seconds, Stopping threads took: 0.0000238 seconds
2019-01-31T14:48:53.312-0200: 20600.112: Total time for which application threads were stopped: 0.0000709 seconds, Stopping threads took: 0.0000229 seconds
2019-01-31T14:48:53.313-0200: 20600.113: Total time for which application threads were stopped: 0.0000840 seconds, Stopping threads took: 0.0000205 seconds
2019-01-31T14:48:53.313-0200: 20600.113: Total time for which application threads were stopped: 0.0000667 seconds, Stopping threads took: 0.0000201 seconds
{Heap before GC invocations=146 (full 1):
 par new generation   total 109248K, used 89493K [0x00000000e0000000, 0x00000000e8000000, 0x00000000e8000000)
  eden space 87424K, 100% used [0x00000000e0000000, 0x00000000e5560000, 0x00000000e5560000)
  from space 21824K,   9% used [0x00000000e5560000, 0x00000000e57657f0, 0x00000000e6ab0000)
  to   space 21824K,   0% used [0x00000000e6ab0000, 0x00000000e6ab0000, 0x00000000e8000000)
 concurrent mark-sweep generation total 393216K, used 61213K [0x00000000e8000000, 0x0000000100000000, 0x0000000100000000)
 Metaspace       used 38427K, capacity 39918K, committed 39984K, reserved 1085440K
  class space    used 4557K, capacity 4871K, committed 4912K, reserved 1048576K
2019-01-31T14:48:53.496-0200: 20600.296: [GC (Allocation Failure) 2019-01-31T14:48:53.496-0200: 20600.296: [ParNew
Desired survivor size 20112992 bytes, new threshold 8 (max 8)
- age   1:    2735632 bytes,    2735632 total
- age   4:       1304 bytes,    2736936 total
- age   5:     182144 bytes,    2919080 total
- age   6:       1040 bytes,    2920120 total
: 89493K->3148K(109248K), 0.0048419 secs] 150707K->64361K(502464K), 0.0050561 secs] [Times: user=0.00 sys=0.00, real=0.00 secs] 
Heap after GC invocations=147 (full 1):
 par new generation   total 109248K, used 3148K [0x00000000e0000000, 0x00000000e8000000, 0x00000000e8000000)
  eden space 87424K,   0% used [0x00000000e0000000, 0x00000000e0000000, 0x00000000e5560000)
  from space 21824K,  14% used [0x00000000e6ab0000, 0x00000000e6dc3140, 0x00000000e8000000)
  to   space 21824K,   0% used [0x00000000e5560000, 0x00000000e5560000, 0x00000000e6ab0000)
 concurrent mark-sweep generation total 393216K, used 61213K [0x00000000e8000000, 0x0000000100000000, 0x0000000100000000)
 Metaspace       used 38427K, capacity 39918K, committed 39984K, reserved 1085440K
  class space    used 4557K, capacity 4871K, committed 4912K, reserved 1048576K
}
2019-01-31T14:48:53.501-0200: 20600.301: Total time for which application threads were stopped: 0.0056574 seconds, Stopping threads took: 0.0000425 seconds
{Heap before GC invocations=147 (full 1):
 par new generation   total 109248K, used 90572K [0x00000000e0000000, 0x00000000e8000000, 0x00000000e8000000)
  eden space 87424K, 100% used [0x00000000e0000000, 0x00000000e5560000, 0x00000000e5560000)
  from space 21824K,  14% used [0x00000000e6ab0000, 0x00000000e6dc3140, 0x00000000e8000000)
  to   space 21824K,   0% used [0x00000000e5560000, 0x00000000e5560000, 0x00000000e6ab0000)
 concurrent mark-sweep generation total 393216K, used 61213K [0x00000000e8000000, 0x0000000100000000, 0x0000000100000000)
 Metaspace       used 38427K, capacity 39918K, committed 39984K, reserved 1085440K
  class space    used 4557K, capacity 4871K, committed 4912K, reserved 1048576K
2019-01-31T14:48:53.613-0200: 20600.414: [GC (Allocation Failure) 2019-01-31T14:48:53.613-0200: 20600.414: [ParNew
Desired survivor size 20112992 bytes, new threshold 8 (max 8)
- age   1:     693064 bytes,     693064 total
- age   2:    2558016 bytes,    3251080 total
- age   5:       1304 bytes,    3252384 total
- age   6:     181232 bytes,    3433616 total
- age   7:       1040 bytes,    3434656 total
: 90572K->4297K(109248K), 0.0045849 secs] 151785K->65510K(502464K), 0.0046693 secs] [Times: user=0.00 sys=0.00, real=0.01 secs] 
Heap after GC invocations=148 (full 1):
 par new generation   total 109248K, used 4297K [0x00000000e0000000, 0x00000000e8000000, 0x00000000e8000000)
  eden space 87424K,   0% used [0x00000000e0000000, 0x00000000e0000000, 0x00000000e5560000)
  from space 21824K,  19% used [0x00000000e5560000, 0x00000000e5992688, 0x00000000e6ab0000)
  to   space 21824K,   0% used [0x00000000e6ab0000, 0x00000000e6ab0000, 0x00000000e8000000)
 concurrent mark-sweep generation total 393216K, used 61213K [0x00000000e8000000, 0x0000000100000000, 0x0000000100000000)
 Metaspace       used 38427K, capacity 39918K, committed 39984K, reserved 1085440K
  class space    used 4557K, capacity 4871K, committed 4912K, reserved 1048576K
}
2019-01-31T14:48:53.618-0200: 20600.419: Total time for which application threads were stopped: 0.0049161 seconds, Stopping threads took: 0.0000350 seconds
{Heap before GC invocations=148 (full 1):
 par new generation   total 109248K, used 91721K [0x00000000e0000000, 0x00000000e8000000, 0x00000000e8000000)
  eden space 87424K, 100% used [0x00000000e0000000, 0x00000000e5560000, 0x00000000e5560000)
  from space 21824K,  19% used [0x00000000e5560000, 0x00000000e5992688, 0x00000000e6ab0000)
  to   space 21824K,   0% used [0x00000000e6ab0000, 0x00000000e6ab0000, 0x00000000e8000000)
 concurrent mark-sweep generation total 393216K, used 61213K [0x00000000e8000000, 0x0000000100000000, 0x0000000100000000)
 Metaspace       used 38427K, capacity 39918K, committed 39984K, reserved 1085440K
  class space    used 4557K, capacity 4871K, committed 4912K, reserved 1048576K
2019-01-31T14:48:53.706-0200: 20600.508: [GC (Allocation Failure) 2019-01-31T14:48:53.706-0200: 20600.508: [ParNew
Desired survivor size 20112992 bytes, new threshold 8 (max 8)
- age   1:     554968 bytes,     554968 total
- age   2:     442656 bytes,     997624 total
- age   3:    2557856 bytes,    3555480 total
- age   6:       1304 bytes,    3556784 total
- age   7:     181232 bytes,    3738016 total
- age   8:       1040 bytes,    3739056 total
: 91721K->4578K(109248K), 0.0060339 secs] 152934K->65791K(502464K), 0.0061230 secs] [Times: user=0.00 sys=0.00, real=0.01 secs] 
Heap after GC invocations=149 (full 1):
 par new generation   total 109248K, used 4578K [0x00000000e0000000, 0x00000000e8000000, 0x00000000e8000000)
  eden space 87424K,   0% used [0x00000000e0000000, 0x00000000e0000000, 0x00000000e5560000)
  from space 21824K,  20% used [0x00000000e6ab0000, 0x00000000e6f28948, 0x00000000e8000000)
  to   space 21824K,   0% used [0x00000000e5560000, 0x00000000e5560000, 0x00000000e6ab0000)
 concurrent mark-sweep generation total 393216K, used 61213K [0x00000000e8000000, 0x0000000100000000, 0x0000000100000000)
 Metaspace       used 38427K, capacity 39918K, committed 39984K, reserved 1085440K
  class space    used 4557K, capacity 4871K, committed 4912K, reserved 1048576K
}
2019-01-31T14:48:53.713-0200: 20600.514: Total time for which application threads were stopped: 0.0063474 seconds, Stopping threads took: 0.0000336 seconds
{Heap before GC invocations=149 (full 1):
 par new generation   total 109248K, used 92002K [0x00000000e0000000, 0x00000000e8000000, 0x00000000e8000000)
  eden space 87424K, 100% used [0x00000000e0000000, 0x00000000e5560000, 0x00000000e5560000)
  from space 21824K,  20% used [0x00000000e6ab0000, 0x00000000e6f28948, 0x00000000e8000000)
  to   space 21824K,   0% used [0x00000000e5560000, 0x00000000e5560000, 0x00000000e6ab0000)
 concurrent mark-sweep generation total 393216K, used 61213K [0x00000000e8000000, 0x0000000100000000, 0x0000000100000000)
 Metaspace       used 38427K, capacity 39918K, committed 39984K, reserved 1085440K
  class space    used 4557K, capacity 4871K, committed 4912K, reserved 1048576K
2019-01-31T14:48:53.791-0200: 20600.591: [GC (Allocation Failure) 2019-01-31T14:48:53.791-0200: 20600.591: [ParNew
Desired survivor size 20112992 bytes, new threshold 8 (max 8)
- age   1:     696656 bytes,     696656 total
- age   2:     363192 bytes,    1059848 total
- age   3:     370664 bytes,    1430512 total
- age   4:    2557856 bytes,    3988368 total
- age   7:       1304 bytes,    3989672 total
- age   8:     181232 bytes,    4170904 total
: 92002K->4808K(109248K), 0.0042065 secs] 153215K->66022K(502464K), 0.0043115 secs] [Times: user=0.00 sys=0.00, real=0.00 secs] 
Heap after GC invocations=150 (full 1):
 par new generation   total 109248K, used 4808K [0x00000000e0000000, 0x00000000e8000000, 0x00000000e8000000)
  eden space 87424K,   0% used [0x00000000e0000000, 0x00000000e0000000, 0x00000000e5560000)
  from space 21824K,  22% used [0x00000000e5560000, 0x00000000e5a12138, 0x00000000e6ab0000)
  to   space 21824K,   0% used [0x00000000e6ab0000, 0x00000000e6ab0000, 0x00000000e8000000)
 concurrent mark-sweep generation total 393216K, used 61214K [0x00000000e8000000, 0x0000000100000000, 0x0000000100000000)
 Metaspace       used 38427K, capacity 39918K, committed 39984K, reserved 1085440K
  class space    used 4557K, capacity 4871K, committed 4912K, reserved 1048576K
}
2019-01-31T14:48:53.795-0200: 20600.596: Total time for which application threads were stopped: 0.0045546 seconds, Stopping threads took: 0.0000378 seconds
{Heap before GC invocations=150 (full 1):
 par new generation   total 109248K, used 92232K [0x00000000e0000000, 0x00000000e8000000, 0x00000000e8000000)
  eden space 87424K, 100% used [0x00000000e0000000, 0x00000000e5560000, 0x00000000e5560000)
  from space 21824K,  22% used [0x00000000e5560000, 0x00000000e5a12138, 0x00000000e6ab0000)
  to   space 21824K,   0% used [0x00000000e6ab0000, 0x00000000e6ab0000, 0x00000000e8000000)
 concurrent mark-sweep generation total 393216K, used 61214K [0x00000000e8000000, 0x0000000100000000, 0x0000000100000000)
 Metaspace       used 38427K, capacity 39918K, committed 39984K, reserved 1085440K
  class space    used 4557K, capacity 4871K, committed 4912K, reserved 1048576K
2019-01-31T14:48:53.875-0200: 20600.676: [GC (Allocation Failure) 2019-01-31T14:48:53.875-0200: 20600.676: [ParNew
Desired survivor size 20112992 bytes, new threshold 8 (max 8)
- age   1:     748176 bytes,     748176 total
- age   2:     310664 bytes,    1058840 total
- age   3:     264280 bytes,    1323120 total
- age   4:     370584 bytes,    1693704 total
- age   5:    2557800 bytes,    4251504 total
- age   8:       1304 bytes,    4252808 total
: 92232K->5706K(109248K), 0.0053066 secs] 153446K->67098K(502464K), 0.0054069 secs] [Times: user=0.06 sys=0.00, real=0.01 secs] 
Heap after GC invocations=151 (full 1):
 par new generation   total 109248K, used 5706K [0x00000000e0000000, 0x00000000e8000000, 0x00000000e8000000)
  eden space 87424K,   0% used [0x00000000e0000000, 0x00000000e0000000, 0x00000000e5560000)
  from space 21824K,  26% used [0x00000000e6ab0000, 0x00000000e70428b8, 0x00000000e8000000)
  to   space 21824K,   0% used [0x00000000e5560000, 0x00000000e5560000, 0x00000000e6ab0000)
 concurrent mark-sweep generation total 393216K, used 61392K [0x00000000e8000000, 0x0000000100000000, 0x0000000100000000)
 Metaspace       used 38427K, capacity 39918K, committed 39984K, reserved 1085440K
  class space    used 4557K, capacity 4871K, committed 4912K, reserved 1048576K
}
2019-01-31T14:48:53.880-0200: 20600.681: Total time for which application threads were stopped: 0.0056625 seconds, Stopping threads took: 0.0000364 seconds
{Heap before GC invocations=151 (full 1):
 par new generation   total 109248K, used 93130K [0x00000000e0000000, 0x00000000e8000000, 0x00000000e8000000)
  eden space 87424K, 100% used [0x00000000e0000000, 0x00000000e5560000, 0x00000000e5560000)
  from space 21824K,  26% used [0x00000000e6ab0000, 0x00000000e70428b8, 0x00000000e8000000)
  to   space 21824K,   0% used [0x00000000e5560000, 0x00000000e5560000, 0x00000000e6ab0000)
 concurrent mark-sweep generation total 393216K, used 61392K [0x00000000e8000000, 0x0000000100000000, 0x0000000100000000)
 Metaspace       used 38427K, capacity 39918K, committed 39984K, reserved 1085440K
  class space    used 4557K, capacity 4871K, committed 4912K, reserved 1048576K
2019-01-31T14:48:53.957-0200: 20600.758: [GC (Allocation Failure) 2019-01-31T14:48:53.957-0200: 20600.758: [ParNew
Desired survivor size 20112992 bytes, new threshold 8 (max 8)
- age   1:     577216 bytes,     577216 total
- age   2:     416616 bytes,     993832 total
- age   3:     310664 bytes,    1304496 total
- age   4:     264280 bytes,    1568776 total
- age   5:     370584 bytes,    1939360 total
- age   6:    2590392 bytes,    4529752 total
: 93130K->6010K(109248K), 0.0054437 secs] 154522K->67403K(502464K), 0.0055524 secs] [Times: user=0.00 sys=0.00, real=0.01 secs] 
Heap after GC invocations=152 (full 1):
 par new generation   total 109248K, used 6010K [0x00000000e0000000, 0x00000000e8000000, 0x00000000e8000000)
  eden space 87424K,   0% used [0x00000000e0000000, 0x00000000e0000000, 0x00000000e5560000)
  from space 21824K,  27% used [0x00000000e5560000, 0x00000000e5b3e830, 0x00000000e6ab0000)
  to   space 21824K,   0% used [0x00000000e6ab0000, 0x00000000e6ab0000, 0x00000000e8000000)
 concurrent mark-sweep generation total 393216K, used 61393K [0x00000000e8000000, 0x0000000100000000, 0x0000000100000000)
 Metaspace       used 38427K, capacity 39918K, committed 39984K, reserved 1085440K
  class space    used 4557K, capacity 4871K, committed 4912K, reserved 1048576K
}
2019-01-31T14:48:53.963-0200: 20600.764: Total time for which application threads were stopped: 0.0057946 seconds, Stopping threads took: 0.0000364 seconds
{Heap before GC invocations=152 (full 1):
 par new generation   total 109248K, used 93434K [0x00000000e0000000, 0x00000000e8000000, 0x00000000e8000000)
  eden space 87424K, 100% used [0x00000000e0000000, 0x00000000e5560000, 0x00000000e5560000)
  from space 21824K,  27% used [0x00000000e5560000, 0x00000000e5b3e830, 0x00000000e6ab0000)
  to   space 21824K,   0% used [0x00000000e6ab0000, 0x00000000e6ab0000, 0x00000000e8000000)
 concurrent mark-sweep generation total 393216K, used 61393K [0x00000000e8000000, 0x0000000100000000, 0x0000000100000000)
 Metaspace       used 38427K, capacity 39918K, committed 39984K, reserved 1085440K
  class space    used 4557K, capacity 4871K, committed 4912K, reserved 1048576K
2019-01-31T14:48:54.042-0200: 20600.843: [GC (Allocation Failure) 2019-01-31T14:48:54.042-0200: 20600.844: [ParNew
Desired survivor size 20112992 bytes, new threshold 8 (max 8)
- age   1:     677064 bytes,     677064 total
- age   2:     210872 bytes,     887936 total
- age   3:     413160 bytes,    1301096 total
- age   4:     310376 bytes,    1611472 total
- age   5:     264280 bytes,    1875752 total
- age   6:     370352 bytes,    2246104 total
- age   7:    2557608 bytes,    4803712 total
: 93434K->5831K(109248K), 0.0047869 secs] 154827K->67225K(502464K), 0.0048895 secs] [Times: user=0.00 sys=0.00, real=0.00 secs] 
Heap after GC invocations=153 (full 1):
 par new generation   total 109248K, used 5831K [0x00000000e0000000, 0x00000000e8000000, 0x00000000e8000000)
  eden space 87424K,   0% used [0x00000000e0000000, 0x00000000e0000000, 0x00000000e5560000)
  from space 21824K,  26% used [0x00000000e6ab0000, 0x00000000e7061fb8, 0x00000000e8000000)
  to   space 21824K,   0% used [0x00000000e5560000, 0x00000000e5560000, 0x00000000e6ab0000)
 concurrent mark-sweep generation total 393216K, used 61393K [0x00000000e8000000, 0x0000000100000000, 0x0000000100000000)
 Metaspace       used 38427K, capacity 39918K, committed 39984K, reserved 1085440K
  class space    used 4557K, capacity 4871K, committed 4912K, reserved 1048576K
}
2019-01-31T14:48:54.047-0200: 20600.848: Total time for which application threads were stopped: 0.0052044 seconds, Stopping threads took: 0.0000457 seconds
{Heap before GC invocations=153 (full 1):
 par new generation   total 109248K, used 93255K [0x00000000e0000000, 0x00000000e8000000, 0x00000000e8000000)
  eden space 87424K, 100% used [0x00000000e0000000, 0x00000000e5560000, 0x00000000e5560000)
  from space 21824K,  26% used [0x00000000e6ab0000, 0x00000000e7061fb8, 0x00000000e8000000)
  to   space 21824K,   0% used [0x00000000e5560000, 0x00000000e5560000, 0x00000000e6ab0000)
 concurrent mark-sweep generation total 393216K, used 61393K [0x00000000e8000000, 0x0000000100000000, 0x0000000100000000)
 Metaspace       used 38447K, capacity 39918K, committed 39984K, reserved 1085440K
  class space    used 4558K, capacity 4871K, committed 4912K, reserved 1048576K
2019-01-31T14:48:54.134-0200: 20600.935: [GC (Allocation Failure) 2019-01-31T14:48:54.134-0200: 20600.935: [ParNew
Desired survivor size 20112992 bytes, new threshold 8 (max 8)
- age   1:     697600 bytes,     697600 total
- age   2:     262936 bytes,     960536 total
- age   3:     210784 bytes,    1171320 total
- age   4:     412072 bytes,    1583392 total
- age   5:     310376 bytes,    1893768 total
- age   6:     264280 bytes,    2158048 total
- age   7:     370352 bytes,    2528400 total
- age   8:    2557608 bytes,    5086008 total
: 93255K->7885K(109248K), 0.0053887 secs] 154649K->69279K(502464K), 0.0054913 secs] [Times: user=0.00 sys=0.00, real=0.01 secs] 
Heap after GC invocations=154 (full 1):
 par new generation   total 109248K, used 7885K [0x00000000e0000000, 0x00000000e8000000, 0x00000000e8000000)
  eden space 87424K,   0% used [0x00000000e0000000, 0x00000000e0000000, 0x00000000e5560000)
  from space 21824K,  36% used [0x00000000e5560000, 0x00000000e5d13640, 0x00000000e6ab0000)
  to   space 21824K,   0% used [0x00000000e6ab0000, 0x00000000e6ab0000, 0x00000000e8000000)
 concurrent mark-sweep generation total 393216K, used 61393K [0x00000000e8000000, 0x0000000100000000, 0x0000000100000000)
 Metaspace       used 38447K, capacity 39918K, committed 39984K, reserved 1085440K
  class space    used 4558K, capacity 4871K, committed 4912K, reserved 1048576K
}
2019-01-31T14:48:54.140-0200: 20600.941: Total time for which application threads were stopped: 0.0057586 seconds, Stopping threads took: 0.0000439 seconds
{Heap before GC invocations=154 (full 1):
 par new generation   total 109248K, used 95309K [0x00000000e0000000, 0x00000000e8000000, 0x00000000e8000000)
  eden space 87424K, 100% used [0x00000000e0000000, 0x00000000e5560000, 0x00000000e5560000)
  from space 21824K,  36% used [0x00000000e5560000, 0x00000000e5d13640, 0x00000000e6ab0000)
  to   space 21824K,   0% used [0x00000000e6ab0000, 0x00000000e6ab0000, 0x00000000e8000000)
 concurrent mark-sweep generation total 393216K, used 61393K [0x00000000e8000000, 0x0000000100000000, 0x0000000100000000)
 Metaspace       used 38447K, capacity 39918K, committed 39984K, reserved 1085440K
  class space    used 4558K, capacity 4871K, committed 4912K, reserved 1048576K
2019-01-31T14:48:54.217-0200: 20601.017: [GC (Allocation Failure) 2019-01-31T14:48:54.217-0200: 20601.017: [ParNew
Desired survivor size 20112992 bytes, new threshold 8 (max 8)
- age   1:     488528 bytes,     488528 total
- age   2:     568552 bytes,    1057080 total
- age   3:     262936 bytes,    1320016 total
- age   4:     210784 bytes,    1530800 total
- age   5:     412072 bytes,    1942872 total
- age   6:     225872 bytes,    2168744 total
- age   7:     264280 bytes,    2433024 total
- age   8:     370352 bytes,    2803376 total
: 95309K->4454K(109248K), 0.0049838 secs] 156703K->68350K(502464K), 0.0050743 secs] [Times: user=0.00 sys=0.01, real=0.00 secs] 
Heap after GC invocations=155 (full 1):
 par new generation   total 109248K, used 4454K [0x00000000e0000000, 0x00000000e8000000, 0x00000000e8000000)
  eden space 87424K,   0% used [0x00000000e0000000, 0x00000000e0000000, 0x00000000e5560000)
  from space 21824K,  20% used [0x00000000e6ab0000, 0x00000000e6f09b00, 0x00000000e8000000)
  to   space 21824K,   0% used [0x00000000e5560000, 0x00000000e5560000, 0x00000000e6ab0000)
 concurrent mark-sweep generation total 393216K, used 63895K [0x00000000e8000000, 0x0000000100000000, 0x0000000100000000)
 Metaspace       used 38447K, capacity 39918K, committed 39984K, reserved 1085440K
  class space    used 4558K, capacity 4871K, committed 4912K, reserved 1048576K
}
2019-01-31T14:48:54.222-0200: 20601.023: Total time for which application threads were stopped: 0.0053192 seconds, Stopping threads took: 0.0000355 seconds
2019-01-31T14:48:54.295-0200: 20601.096: Total time for which application threads were stopped: 0.0001987 seconds, Stopping threads took: 0.0001208 seconds
2019-01-31T14:48:54.297-0200: 20601.097: Total time for which application threads were stopped: 0.0000924 seconds, Stopping threads took: 0.0000275 seconds
2019-01-31T14:48:54.297-0200: 20601.097: Total time for which application threads were stopped: 0.0000798 seconds, Stopping threads took: 0.0000313 seconds
2019-01-31T14:48:54.538-0200: 20601.339: Total time for which application threads were stopped: 0.0001288 seconds, Stopping threads took: 0.0000359 seconds
2019-01-31T14:48:54.538-0200: 20601.339: Total time for which application threads were stopped: 0.0001325 seconds, Stopping threads took: 0.0000453 seconds
2019-01-31T14:48:54.538-0200: 20601.339: Total time for which application threads were stopped: 0.0000714 seconds, Stopping threads took: 0.0000215 seconds
2019-01-31T14:48:54.664-0200: 20601.464: Total time for which application threads were stopped: 0.0001204 seconds, Stopping threads took: 0.0000345 seconds
{Heap before GC invocations=155 (full 1):
 par new generation   total 109248K, used 91878K [0x00000000e0000000, 0x00000000e8000000, 0x00000000e8000000)
  eden space 87424K, 100% used [0x00000000e0000000, 0x00000000e5560000, 0x00000000e5560000)
  from space 21824K,  20% used [0x00000000e6ab0000, 0x00000000e6f09b00, 0x00000000e8000000)
  to   space 21824K,   0% used [0x00000000e5560000, 0x00000000e5560000, 0x00000000e6ab0000)
 concurrent mark-sweep generation total 393216K, used 63895K [0x00000000e8000000, 0x0000000100000000, 0x0000000100000000)
 Metaspace       used 38462K, capacity 39918K, committed 39984K, reserved 1085440K
  class space    used 4558K, capacity 4871K, committed 4912K, reserved 1048576K
2019-01-31T14:48:54.666-0200: 20601.467: [GC (Allocation Failure) 2019-01-31T14:48:54.666-0200: 20601.467: [ParNew
Desired survivor size 20112992 bytes, new threshold 8 (max 8)
- age   1:     782320 bytes,     782320 total
- age   2:     371376 bytes,    1153696 total
- age   3:     211056 bytes,    1364752 total
- age   4:     256880 bytes,    1621632 total
- age   5:     210048 bytes,    1831680 total
- age   6:     411152 bytes,    2242832 total
- age   7:     225216 bytes,    2468048 total
- age   8:     263464 bytes,    2731512 total
: 91878K->3290K(109248K), 0.0040451 secs] 155774K->67546K(502464K), 0.0041305 secs] [Times: user=0.00 sys=0.00, real=0.00 secs] 
Heap after GC invocations=156 (full 1):
 par new generation   total 109248K, used 3290K [0x00000000e0000000, 0x00000000e8000000, 0x00000000e8000000)
  eden space 87424K,   0% used [0x00000000e0000000, 0x00000000e0000000, 0x00000000e5560000)
  from space 21824K,  15% used [0x00000000e5560000, 0x00000000e5896a40, 0x00000000e6ab0000)
  to   space 21824K,   0% used [0x00000000e6ab0000, 0x00000000e6ab0000, 0x00000000e8000000)
 concurrent mark-sweep generation total 393216K, used 64256K [0x00000000e8000000, 0x0000000100000000, 0x0000000100000000)
 Metaspace       used 38462K, capacity 39918K, committed 39984K, reserved 1085440K
  class space    used 4558K, capacity 4871K, committed 4912K, reserved 1048576K
}
2019-01-31T14:48:54.670-0200: 20601.471: Total time for which application threads were stopped: 0.0043684 seconds, Stopping threads took: 0.0000453 seconds
2019-01-31T14:48:54.699-0200: 20601.500: Total time for which application threads were stopped: 0.0001236 seconds, Stopping threads took: 0.0000387 seconds
2019-01-31T14:48:54.699-0200: 20601.500: Total time for which application threads were stopped: 0.0000779 seconds, Stopping threads took: 0.0000224 seconds
2019-01-31T14:48:54.699-0200: 20601.500: Total time for which application threads were stopped: 0.0000788 seconds, Stopping threads took: 0.0000238 seconds
2019-01-31T14:48:54.700-0200: 20601.501: Total time for which application threads were stopped: 0.0002365 seconds, Stopping threads took: 0.0000257 seconds
2019-01-31T14:48:54.701-0200: 20601.501: Total time for which application threads were stopped: 0.0000779 seconds, Stopping threads took: 0.0000219 seconds
{Heap before GC invocations=156 (full 1):
 par new generation   total 109248K, used 90714K [0x00000000e0000000, 0x00000000e8000000, 0x00000000e8000000)
  eden space 87424K, 100% used [0x00000000e0000000, 0x00000000e5560000, 0x00000000e5560000)
  from space 21824K,  15% used [0x00000000e5560000, 0x00000000e5896a40, 0x00000000e6ab0000)
  to   space 21824K,   0% used [0x00000000e6ab0000, 0x00000000e6ab0000, 0x00000000e8000000)
 concurrent mark-sweep generation total 393216K, used 64256K [0x00000000e8000000, 0x0000000100000000, 0x0000000100000000)
 Metaspace       used 38465K, capacity 39918K, committed 39984K, reserved 1085440K
  class space    used 4558K, capacity 4871K, committed 4912K, reserved 1048576K
2019-01-31T14:48:54.872-0200: 20601.672: [GC (Allocation Failure) 2019-01-31T14:48:54.872-0200: 20601.672: [ParNew
Desired survivor size 20112992 bytes, new threshold 8 (max 8)
- age   1:     925000 bytes,     925000 total
- age   2:     773608 bytes,    1698608 total
- age   3:     371376 bytes,    2069984 total
- age   4:     211056 bytes,    2281040 total
- age   5:     256880 bytes,    2537920 total
- age   6:     210048 bytes,    2747968 total
- age   7:     411152 bytes,    3159120 total
- age   8:     225216 bytes,    3384336 total
: 90714K->4092K(109248K), 0.0053355 secs] 154970K->68606K(502464K), 0.0054185 secs] [Times: user=0.05 sys=0.02, real=0.01 secs] 
Heap after GC invocations=157 (full 1):
 par new generation   total 109248K, used 4092K [0x00000000e0000000, 0x00000000e8000000, 0x00000000e8000000)
  eden space 87424K,   0% used [0x00000000e0000000, 0x00000000e0000000, 0x00000000e5560000)
  from space 21824K,  18% used [0x00000000e6ab0000, 0x00000000e6eaf2b8, 0x00000000e8000000)
  to   space 21824K,   0% used [0x00000000e5560000, 0x00000000e5560000, 0x00000000e6ab0000)
 concurrent mark-sweep generation total 393216K, used 64513K [0x00000000e8000000, 0x0000000100000000, 0x0000000100000000)
 Metaspace       used 38465K, capacity 39918K, committed 39984K, reserved 1085440K
  class space    used 4558K, capacity 4871K, committed 4912K, reserved 1048576K
}
2019-01-31T14:48:54.877-0200: 20601.678: Total time for which application threads were stopped: 0.0056803 seconds, Stopping threads took: 0.0000350 seconds
{Heap before GC invocations=157 (full 1):
 par new generation   total 109248K, used 91516K [0x00000000e0000000, 0x00000000e8000000, 0x00000000e8000000)
  eden space 87424K, 100% used [0x00000000e0000000, 0x00000000e5560000, 0x00000000e5560000)
  from space 21824K,  18% used [0x00000000e6ab0000, 0x00000000e6eaf2b8, 0x00000000e8000000)
  to   space 21824K,   0% used [0x00000000e5560000, 0x00000000e5560000, 0x00000000e6ab0000)
 concurrent mark-sweep generation total 393216K, used 64513K [0x00000000e8000000, 0x0000000100000000, 0x0000000100000000)
 Metaspace       used 38465K, capacity 39918K, committed 39984K, reserved 1085440K
  class space    used 4558K, capacity 4871K, committed 4912K, reserved 1048576K
2019-01-31T14:48:55.004-0200: 20601.804: [GC (Allocation Failure) 2019-01-31T14:48:55.004-0200: 20601.804: [ParNew
Desired survivor size 20112992 bytes, new threshold 8 (max 8)
- age   1:     544768 bytes,     544768 total
- age   2:     739872 bytes,    1284640 total
- age   3:     773608 bytes,    2058248 total
- age   4:     371376 bytes,    2429624 total
- age   5:     211056 bytes,    2640680 total
- age   6:     256880 bytes,    2897560 total
- age   7:     210048 bytes,    3107608 total
- age   8:     411152 bytes,    3518760 total
: 91516K->4109K(109248K), 0.0047094 secs] 156030K->68842K(502464K), 0.0047902 secs] [Times: user=0.00 sys=0.00, real=0.01 secs] 
Heap after GC invocations=158 (full 1):
 par new generation   total 109248K, used 4109K [0x00000000e0000000, 0x00000000e8000000, 0x00000000e8000000)
  eden space 87424K,   0% used [0x00000000e0000000, 0x00000000e0000000, 0x00000000e5560000)
  from space 21824K,  18% used [0x00000000e5560000, 0x00000000e5963678, 0x00000000e6ab0000)
  to   space 21824K,   0% used [0x00000000e6ab0000, 0x00000000e6ab0000, 0x00000000e8000000)
 concurrent mark-sweep generation total 393216K, used 64733K [0x00000000e8000000, 0x0000000100000000, 0x0000000100000000)
 Metaspace       used 38465K, capacity 39918K, committed 39984K, reserved 1085440K
  class space    used 4558K, capacity 4871K, committed 4912K, reserved 1048576K
}
2019-01-31T14:48:55.009-0200: 20601.809: Total time for which application threads were stopped: 0.0050397 seconds, Stopping threads took: 0.0000322 seconds
{Heap before GC invocations=158 (full 1):
 par new generation   total 109248K, used 91533K [0x00000000e0000000, 0x00000000e8000000, 0x00000000e8000000)
  eden space 87424K, 100% used [0x00000000e0000000, 0x00000000e5560000, 0x00000000e5560000)
  from space 21824K,  18% used [0x00000000e5560000, 0x00000000e5963678, 0x00000000e6ab0000)
  to   space 21824K,   0% used [0x00000000e6ab0000, 0x00000000e6ab0000, 0x00000000e8000000)
 concurrent mark-sweep generation total 393216K, used 64733K [0x00000000e8000000, 0x0000000100000000, 0x0000000100000000)
 Metaspace       used 38465K, capacity 39918K, committed 39984K, reserved 1085440K
  class space    used 4558K, capacity 4871K, committed 4912K, reserved 1048576K
2019-01-31T14:48:55.093-0200: 20601.894: [GC (Allocation Failure) 2019-01-31T14:48:55.093-0200: 20601.894: [ParNew
Desired survivor size 20112992 bytes, new threshold 8 (max 8)
- age   1:     447520 bytes,     447520 total
- age   2:     346896 bytes,     794416 total
- age   3:     739224 bytes,    1533640 total
- age   4:     773608 bytes,    2307248 total
- age   5:     371376 bytes,    2678624 total
- age   6:     211056 bytes,    2889680 total
- age   7:     256880 bytes,    3146560 total
- age   8:     210048 bytes,    3356608 total
: 91533K->4104K(109248K), 0.0043619 secs] 156266K->69239K(502464K), 0.0044627 secs] [Times: user=0.06 sys=0.00, real=0.01 secs] 
Heap after GC invocations=159 (full 1):
 par new generation   total 109248K, used 4104K [0x00000000e0000000, 0x00000000e8000000, 0x00000000e8000000)
  eden space 87424K,   0% used [0x00000000e0000000, 0x00000000e0000000, 0x00000000e5560000)
  from space 21824K,  18% used [0x00000000e6ab0000, 0x00000000e6eb2298, 0x00000000e8000000)
  to   space 21824K,   0% used [0x00000000e5560000, 0x00000000e5560000, 0x00000000e6ab0000)
 concurrent mark-sweep generation total 393216K, used 65134K [0x00000000e8000000, 0x0000000100000000, 0x0000000100000000)
 Metaspace       used 38465K, capacity 39918K, committed 39984K, reserved 1085440K
  class space    used 4558K, capacity 4871K, committed 4912K, reserved 1048576K
}
2019-01-31T14:48:55.098-0200: 20601.899: Total time for which application threads were stopped: 0.0047080 seconds, Stopping threads took: 0.0000369 seconds
{Heap before GC invocations=159 (full 1):
 par new generation   total 109248K, used 91528K [0x00000000e0000000, 0x00000000e8000000, 0x00000000e8000000)
  eden space 87424K, 100% used [0x00000000e0000000, 0x00000000e5560000, 0x00000000e5560000)
  from space 21824K,  18% used [0x00000000e6ab0000, 0x00000000e6eb2298, 0x00000000e8000000)
  to   space 21824K,   0% used [0x00000000e5560000, 0x00000000e5560000, 0x00000000e6ab0000)
 concurrent mark-sweep generation total 393216K, used 65134K [0x00000000e8000000, 0x0000000100000000, 0x0000000100000000)
 Metaspace       used 38465K, capacity 39918K, committed 39984K, reserved 1085440K
  class space    used 4558K, capacity 4871K, committed 4912K, reserved 1048576K
2019-01-31T14:48:55.178-0200: 20601.978: [GC (Allocation Failure) 2019-01-31T14:48:55.178-0200: 20601.978: [ParNew
Desired survivor size 20112992 bytes, new threshold 8 (max 8)
- age   1:     456336 bytes,     456336 total
- age   2:     214144 bytes,     670480 total
- age   3:     345808 bytes,    1016288 total
- age   4:     739168 bytes,    1755456 total
- age   5:     773608 bytes,    2529064 total
- age   6:     371376 bytes,    2900440 total
- age   7:     211056 bytes,    3111496 total
- age   8:     256880 bytes,    3368376 total
: 91528K->3854K(109248K), 0.0043218 secs] 156663K->69194K(502464K), 0.0044277 secs] [Times: user=0.00 sys=0.00, real=0.00 secs] 
Heap after GC invocations=160 (full 1):
 par new generation   total 109248K, used 3854K [0x00000000e0000000, 0x00000000e8000000, 0x00000000e8000000)
  eden space 87424K,   0% used [0x00000000e0000000, 0x00000000e0000000, 0x00000000e5560000)
  from space 21824K,  17% used [0x00000000e5560000, 0x00000000e59239c0, 0x00000000e6ab0000)
  to   space 21824K,   0% used [0x00000000e6ab0000, 0x00000000e6ab0000, 0x00000000e8000000)
 concurrent mark-sweep generation total 393216K, used 65339K [0x00000000e8000000, 0x0000000100000000, 0x0000000100000000)
 Metaspace       used 38465K, capacity 39918K, committed 39984K, reserved 1085440K
  class space    used 4558K, capacity 4871K, committed 4912K, reserved 1048576K
}
2019-01-31T14:48:55.182-0200: 20601.983: Total time for which application threads were stopped: 0.0046819 seconds, Stopping threads took: 0.0000364 seconds
2019-01-31T14:48:55.222-0200: 20602.022: Total time for which application threads were stopped: 0.0001138 seconds, Stopping threads took: 0.0000322 seconds
2019-01-31T14:48:55.223-0200: 20602.024: Total time for which application threads were stopped: 0.0000807 seconds, Stopping threads took: 0.0000238 seconds
2019-01-31T14:48:55.223-0200: 20602.024: Total time for which application threads were stopped: 0.0000606 seconds, Stopping threads took: 0.0000182 seconds
2019-01-31T14:48:55.453-0200: 20602.254: Total time for which application threads were stopped: 0.0001180 seconds, Stopping threads took: 0.0000378 seconds
2019-01-31T14:48:55.453-0200: 20602.254: Total time for which application threads were stopped: 0.0000737 seconds, Stopping threads took: 0.0000243 seconds
2019-01-31T14:48:55.453-0200: 20602.255: Total time for which application threads were stopped: 0.0001250 seconds, Stopping threads took: 0.0000672 seconds
2019-01-31T14:48:55.559-0200: 20602.360: Total time for which application threads were stopped: 0.0001446 seconds, Stopping threads took: 0.0000611 seconds
2019-01-31T14:48:55.559-0200: 20602.361: Total time for which application threads were stopped: 0.0001124 seconds, Stopping threads took: 0.0000644 seconds
2019-01-31T14:48:55.560-0200: 20602.361: Total time for which application threads were stopped: 0.0001306 seconds, Stopping threads took: 0.0000840 seconds
2019-01-31T14:48:55.561-0200: 20602.362: Total time for which application threads were stopped: 0.0000718 seconds, Stopping threads took: 0.0000173 seconds
{Heap before GC invocations=160 (full 1):
 par new generation   total 109248K, used 91278K [0x00000000e0000000, 0x00000000e8000000, 0x00000000e8000000)
  eden space 87424K, 100% used [0x00000000e0000000, 0x00000000e5560000, 0x00000000e5560000)
  from space 21824K,  17% used [0x00000000e5560000, 0x00000000e59239c0, 0x00000000e6ab0000)
  to   space 21824K,   0% used [0x00000000e6ab0000, 0x00000000e6ab0000, 0x00000000e8000000)
 concurrent mark-sweep generation total 393216K, used 65339K [0x00000000e8000000, 0x0000000100000000, 0x0000000100000000)
 Metaspace       used 38470K, capacity 39918K, committed 39984K, reserved 1085440K
  class space    used 4558K, capacity 4871K, committed 4912K, reserved 1048576K
2019-01-31T14:48:55.648-0200: 20602.449: [GC (Allocation Failure) 2019-01-31T14:48:55.648-0200: 20602.449: [ParNew
Desired survivor size 20112992 bytes, new threshold 8 (max 8)
- age   1:     782496 bytes,     782496 total
- age   5:      84720 bytes,     867216 total
- age   6:     772776 bytes,    1639992 total
- age   7:     371376 bytes,    2011368 total
- age   8:     211056 bytes,    2222424 total
: 91278K->3211K(109248K), 0.0046773 secs] 156618K->68802K(502464K), 0.0047584 secs] [Times: user=0.00 sys=0.00, real=0.01 secs] 
Heap after GC invocations=161 (full 1):
 par new generation   total 109248K, used 3211K [0x00000000e0000000, 0x00000000e8000000, 0x00000000e8000000)
  eden space 87424K,   0% used [0x00000000e0000000, 0x00000000e0000000, 0x00000000e5560000)
  from space 21824K,  14% used [0x00000000e6ab0000, 0x00000000e6dd2e78, 0x00000000e8000000)
  to   space 21824K,   0% used [0x00000000e5560000, 0x00000000e5560000, 0x00000000e6ab0000)
 concurrent mark-sweep generation total 393216K, used 65590K [0x00000000e8000000, 0x0000000100000000, 0x0000000100000000)
 Metaspace       used 38470K, capacity 39918K, committed 39984K, reserved 1085440K
  class space    used 4558K, capacity 4871K, committed 4912K, reserved 1048576K
}
2019-01-31T14:48:55.653-0200: 20602.454: Total time for which application threads were stopped: 0.0050225 seconds, Stopping threads took: 0.0000443 seconds
{Heap before GC invocations=161 (full 1):
 par new generation   total 109248K, used 90635K [0x00000000e0000000, 0x00000000e8000000, 0x00000000e8000000)
  eden space 87424K, 100% used [0x00000000e0000000, 0x00000000e5560000, 0x00000000e5560000)
  from space 21824K,  14% used [0x00000000e6ab0000, 0x00000000e6dd2e78, 0x00000000e8000000)
  to   space 21824K,   0% used [0x00000000e5560000, 0x00000000e5560000, 0x00000000e6ab0000)
 concurrent mark-sweep generation total 393216K, used 65590K [0x00000000e8000000, 0x0000000100000000, 0x0000000100000000)
 Metaspace       used 38470K, capacity 39918K, committed 39984K, reserved 1085440K
  class space    used 4558K, capacity 4871K, committed 4912K, reserved 1048576K
2019-01-31T14:48:55.734-0200: 20602.535: [GC (Allocation Failure) 2019-01-31T14:48:55.734-0200: 20602.535: [ParNew
Desired survivor size 20112992 bytes, new threshold 8 (max 8)
- age   1:     487656 bytes,     487656 total
- age   2:     640984 bytes,    1128640 total
- age   6:      83808 bytes,    1212448 total
- age   7:     772776 bytes,    1985224 total
- age   8:     371376 bytes,    2356600 total
: 90635K->2922K(109248K), 0.0049026 secs] 156226K->68719K(502464K), 0.0049940 secs] [Times: user=0.06 sys=0.00, real=0.01 secs] 
Heap after GC invocations=162 (full 1):
 par new generation   total 109248K, used 2922K [0x00000000e0000000, 0x00000000e8000000, 0x00000000e8000000)
  eden space 87424K,   0% used [0x00000000e0000000, 0x00000000e0000000, 0x00000000e5560000)
  from space 21824K,  13% used [0x00000000e5560000, 0x00000000e583ab40, 0x00000000e6ab0000)
  to   space 21824K,   0% used [0x00000000e6ab0000, 0x00000000e6ab0000, 0x00000000e8000000)
 concurrent mark-sweep generation total 393216K, used 65796K [0x00000000e8000000, 0x0000000100000000, 0x0000000100000000)
 Metaspace       used 38470K, capacity 39918K, committed 39984K, reserved 1085440K
  class space    used 4558K, capacity 4871K, committed 4912K, reserved 1048576K
}
2019-01-31T14:48:55.739-0200: 20602.540: Total time for which application threads were stopped: 0.0052394 seconds, Stopping threads took: 0.0000350 seconds
{Heap before GC invocations=162 (full 1):
 par new generation   total 109248K, used 90346K [0x00000000e0000000, 0x00000000e8000000, 0x00000000e8000000)
  eden space 87424K, 100% used [0x00000000e0000000, 0x00000000e5560000, 0x00000000e5560000)
  from space 21824K,  13% used [0x00000000e5560000, 0x00000000e583ab40, 0x00000000e6ab0000)
  to   space 21824K,   0% used [0x00000000e6ab0000, 0x00000000e6ab0000, 0x00000000e8000000)
 concurrent mark-sweep generation total 393216K, used 65796K [0x00000000e8000000, 0x0000000100000000, 0x0000000100000000)
 Metaspace       used 38470K, capacity 39918K, committed 39984K, reserved 1085440K
  class space    used 4558K, capacity 4871K, committed 4912K, reserved 1048576K
2019-01-31T14:48:55.822-0200: 20602.623: [GC (Allocation Failure) 2019-01-31T14:48:55.822-0200: 20602.623: [ParNew
Desired survivor size 20112992 bytes, new threshold 8 (max 8)
- age   1:     545616 bytes,     545616 total
- age   2:     325648 bytes,     871264 total
- age   3:     607768 bytes,    1479032 total
- age   7:      83808 bytes,    1562840 total
- age   8:     772776 bytes,    2335616 total
: 90346K->2684K(109248K), 0.0040265 secs] 156143K->68843K(502464K), 0.0041188 secs] [Times: user=0.00 sys=0.00, real=0.00 secs] 
Heap after GC invocations=163 (full 1):
 par new generation   total 109248K, used 2684K [0x00000000e0000000, 0x00000000e8000000, 0x00000000e8000000)
  eden space 87424K,   0% used [0x00000000e0000000, 0x00000000e0000000, 0x00000000e5560000)
  from space 21824K,  12% used [0x00000000e6ab0000, 0x00000000e6d4f040, 0x00000000e8000000)
  to   space 21824K,   0% used [0x00000000e5560000, 0x00000000e5560000, 0x00000000e6ab0000)
 concurrent mark-sweep generation total 393216K, used 66159K [0x00000000e8000000, 0x0000000100000000, 0x0000000100000000)
 Metaspace       used 38470K, capacity 39918K, committed 39984K, reserved 1085440K
  class space    used 4558K, capacity 4871K, committed 4912K, reserved 1048576K
}
2019-01-31T14:48:55.826-0200: 20602.627: Total time for which application threads were stopped: 0.0043656 seconds, Stopping threads took: 0.0000387 seconds
{Heap before GC invocations=163 (full 1):
 par new generation   total 109248K, used 90108K [0x00000000e0000000, 0x00000000e8000000, 0x00000000e8000000)
  eden space 87424K, 100% used [0x00000000e0000000, 0x00000000e5560000, 0x00000000e5560000)
  from space 21824K,  12% used [0x00000000e6ab0000, 0x00000000e6d4f040, 0x00000000e8000000)
  to   space 21824K,   0% used [0x00000000e5560000, 0x00000000e5560000, 0x00000000e6ab0000)
 concurrent mark-sweep generation total 393216K, used 66159K [0x00000000e8000000, 0x0000000100000000, 0x0000000100000000)
 Metaspace       used 38470K, capacity 39918K, committed 39984K, reserved 1085440K
  class space    used 4558K, capacity 4871K, committed 4912K, reserved 1048576K
2019-01-31T14:48:55.904-0200: 20602.705: [GC (Allocation Failure) 2019-01-31T14:48:55.904-0200: 20602.705: [ParNew
Desired survivor size 20112992 bytes, new threshold 8 (max 8)
- age   1:     477592 bytes,     477592 total
- age   2:     323224 bytes,     800816 total
- age   3:     325400 bytes,    1126216 total
- age   4:     607688 bytes,    1733904 total
- age   8:      83808 bytes,    1817712 total
: 90108K->2687K(109248K), 0.0041412 secs] 156267K->69602K(502464K), 0.0042275 secs] [Times: user=0.00 sys=0.00, real=0.00 secs] 
Heap after GC invocations=164 (full 1):
 par new generation   total 109248K, used 2687K [0x00000000e0000000, 0x00000000e8000000, 0x00000000e8000000)
  eden space 87424K,   0% used [0x00000000e0000000, 0x00000000e0000000, 0x00000000e5560000)
  from space 21824K,  12% used [0x00000000e5560000, 0x00000000e57ffc10, 0x00000000e6ab0000)
  to   space 21824K,   0% used [0x00000000e6ab0000, 0x00000000e6ab0000, 0x00000000e8000000)
 concurrent mark-sweep generation total 393216K, used 66915K [0x00000000e8000000, 0x0000000100000000, 0x0000000100000000)
 Metaspace       used 38470K, capacity 39918K, committed 39984K, reserved 1085440K
  class space    used 4558K, capacity 4871K, committed 4912K, reserved 1048576K
}
2019-01-31T14:48:55.908-0200: 20602.709: Total time for which application threads were stopped: 0.0044706 seconds, Stopping threads took: 0.0000345 seconds
2019-01-31T14:48:55.990-0200: 20602.791: Total time for which application threads were stopped: 0.0001059 seconds, Stopping threads took: 0.0000294 seconds
2019-01-31T14:48:55.992-0200: 20602.793: Total time for which application threads were stopped: 0.0000676 seconds, Stopping threads took: 0.0000163 seconds
2019-01-31T14:48:55.992-0200: 20602.793: Total time for which application threads were stopped: 0.0000555 seconds, Stopping threads took: 0.0000149 seconds
{Heap before GC invocations=164 (full 1):
 par new generation   total 109248K, used 90111K [0x00000000e0000000, 0x00000000e8000000, 0x00000000e8000000)
  eden space 87424K, 100% used [0x00000000e0000000, 0x00000000e5560000, 0x00000000e5560000)
  from space 21824K,  12% used [0x00000000e5560000, 0x00000000e57ffc10, 0x00000000e6ab0000)
  to   space 21824K,   0% used [0x00000000e6ab0000, 0x00000000e6ab0000, 0x00000000e8000000)
 concurrent mark-sweep generation total 393216K, used 66915K [0x00000000e8000000, 0x0000000100000000, 0x0000000100000000)
 Metaspace       used 38471K, capacity 39982K, committed 40240K, reserved 1085440K
  class space    used 4558K, capacity 4871K, committed 4912K, reserved 1048576K
2019-01-31T14:48:55.997-0200: 20602.798: [GC (Allocation Failure) 2019-01-31T14:48:55.997-0200: 20602.798: [ParNew
Desired survivor size 20112992 bytes, new threshold 8 (max 8)
- age   1:     606688 bytes,     606688 total
- age   2:     221184 bytes,     827872 total
- age   3:     322792 bytes,    1150664 total
- age   4:     260192 bytes,    1410856 total
- age   5:     374128 bytes,    1784984 total
: 90111K->2278K(109248K), 0.0043087 secs] 157026K->69274K(502464K), 0.0044015 secs] [Times: user=0.00 sys=0.00, real=0.01 secs] 
Heap after GC invocations=165 (full 1):
 par new generation   total 109248K, used 2278K [0x00000000e0000000, 0x00000000e8000000, 0x00000000e8000000)
  eden space 87424K,   0% used [0x00000000e0000000, 0x00000000e0000000, 0x00000000e5560000)
  from space 21824K,  10% used [0x00000000e6ab0000, 0x00000000e6ce9808, 0x00000000e8000000)
  to   space 21824K,   0% used [0x00000000e5560000, 0x00000000e5560000, 0x00000000e6ab0000)
 concurrent mark-sweep generation total 393216K, used 66996K [0x00000000e8000000, 0x0000000100000000, 0x0000000100000000)
 Metaspace       used 38471K, capacity 39982K, committed 40240K, reserved 1085440K
  class space    used 4558K, capacity 4871K, committed 4912K, reserved 1048576K
}
2019-01-31T14:48:56.002-0200: 20602.803: Total time for which application threads were stopped: 0.0045975 seconds, Stopping threads took: 0.0000261 seconds
2019-01-31T14:48:56.203-0200: 20603.004: Total time for which application threads were stopped: 0.0001120 seconds, Stopping threads took: 0.0000341 seconds
2019-01-31T14:48:56.203-0200: 20603.004: Total time for which application threads were stopped: 0.0000840 seconds, Stopping threads took: 0.0000247 seconds
2019-01-31T14:48:56.204-0200: 20603.004: Total time for which application threads were stopped: 0.0001712 seconds, Stopping threads took: 0.0000998 seconds
2019-01-31T14:48:56.290-0200: 20603.090: Total time for which application threads were stopped: 0.0001115 seconds, Stopping threads took: 0.0000327 seconds
2019-01-31T14:48:56.324-0200: 20603.125: Total time for which application threads were stopped: 0.0001311 seconds, Stopping threads took: 0.0000481 seconds
2019-01-31T14:48:56.325-0200: 20603.125: Total time for which application threads were stopped: 0.0000914 seconds, Stopping threads took: 0.0000383 seconds
2019-01-31T14:48:56.325-0200: 20603.125: Total time for which application threads were stopped: 0.0000994 seconds, Stopping threads took: 0.0000499 seconds
2019-01-31T14:48:56.326-0200: 20603.126: Total time for which application threads were stopped: 0.0001880 seconds, Stopping threads took: 0.0000495 seconds
{Heap before GC invocations=165 (full 1):
 par new generation   total 109248K, used 89702K [0x00000000e0000000, 0x00000000e8000000, 0x00000000e8000000)
  eden space 87424K, 100% used [0x00000000e0000000, 0x00000000e5560000, 0x00000000e5560000)
  from space 21824K,  10% used [0x00000000e6ab0000, 0x00000000e6ce9808, 0x00000000e8000000)
  to   space 21824K,   0% used [0x00000000e5560000, 0x00000000e5560000, 0x00000000e6ab0000)
 concurrent mark-sweep generation total 393216K, used 66996K [0x00000000e8000000, 0x0000000100000000, 0x0000000100000000)
 Metaspace       used 38485K, capacity 39986K, committed 40240K, reserved 1085440K
  class space    used 4558K, capacity 4871K, committed 4912K, reserved 1048576K
2019-01-31T14:48:56.477-0200: 20603.278: [GC (Allocation Failure) 2019-01-31T14:48:56.477-0200: 20603.278: [ParNew
Desired survivor size 20112992 bytes, new threshold 8 (max 8)
- age   1:    1018264 bytes,    1018264 total
- age   2:       1264 bytes,    1019528 total
- age   6:     179552 bytes,    1199080 total
: 89702K->1595K(109248K), 0.0042882 secs] 156698K->68592K(502464K), 0.0043857 secs] [Times: user=0.00 sys=0.00, real=0.01 secs] 
Heap after GC invocations=166 (full 1):
 par new generation   total 109248K, used 1595K [0x00000000e0000000, 0x00000000e8000000, 0x00000000e8000000)
  eden space 87424K,   0% used [0x00000000e0000000, 0x00000000e0000000, 0x00000000e5560000)
  from space 21824K,   7% used [0x00000000e5560000, 0x00000000e56eef68, 0x00000000e6ab0000)
  to   space 21824K,   0% used [0x00000000e6ab0000, 0x00000000e6ab0000, 0x00000000e8000000)
 concurrent mark-sweep generation total 393216K, used 66996K [0x00000000e8000000, 0x0000000100000000, 0x0000000100000000)
 Metaspace       used 38485K, capacity 39986K, committed 40240K, reserved 1085440K
  class space    used 4558K, capacity 4871K, committed 4912K, reserved 1048576K
}
2019-01-31T14:48:56.482-0200: 20603.282: Total time for which application threads were stopped: 0.0046325 seconds, Stopping threads took: 0.0000392 seconds
{Heap before GC invocations=166 (full 1):
 par new generation   total 109248K, used 89019K [0x00000000e0000000, 0x00000000e8000000, 0x00000000e8000000)
  eden space 87424K, 100% used [0x00000000e0000000, 0x00000000e5560000, 0x00000000e5560000)
  from space 21824K,   7% used [0x00000000e5560000, 0x00000000e56eef68, 0x00000000e6ab0000)
  to   space 21824K,   0% used [0x00000000e6ab0000, 0x00000000e6ab0000, 0x00000000e8000000)
 concurrent mark-sweep generation total 393216K, used 66996K [0x00000000e8000000, 0x0000000100000000, 0x0000000100000000)
 Metaspace       used 38485K, capacity 39986K, committed 40240K, reserved 1085440K
  class space    used 4558K, capacity 4871K, committed 4912K, reserved 1048576K
2019-01-31T14:48:56.564-0200: 20603.364: [GC (Allocation Failure) 2019-01-31T14:48:56.564-0200: 20603.364: [ParNew
Desired survivor size 20112992 bytes, new threshold 8 (max 8)
- age   1:     500280 bytes,     500280 total
- age   2:     823768 bytes,    1324048 total
- age   3:       1264 bytes,    1325312 total
- age   7:     178640 bytes,    1503952 total
: 89019K->1794K(109248K), 0.0046964 secs] 156016K->68791K(502464K), 0.0048023 secs] [Times: user=0.06 sys=0.00, real=0.01 secs] 
Heap after GC invocations=167 (full 1):
 par new generation   total 109248K, used 1794K [0x00000000e0000000, 0x00000000e8000000, 0x00000000e8000000)
  eden space 87424K,   0% used [0x00000000e0000000, 0x00000000e0000000, 0x00000000e5560000)
  from space 21824K,   8% used [0x00000000e6ab0000, 0x00000000e6c70af0, 0x00000000e8000000)
  to   space 21824K,   0% used [0x00000000e5560000, 0x00000000e5560000, 0x00000000e6ab0000)
 concurrent mark-sweep generation total 393216K, used 66996K [0x00000000e8000000, 0x0000000100000000, 0x0000000100000000)
 Metaspace       used 38485K, capacity 39986K, committed 40240K, reserved 1085440K
  class space    used 4558K, capacity 4871K, committed 4912K, reserved 1048576K
}
2019-01-31T14:48:56.569-0200: 20603.369: Total time for which application threads were stopped: 0.0051251 seconds, Stopping threads took: 0.0000434 seconds
{Heap before GC invocations=167 (full 1):
 par new generation   total 109248K, used 89218K [0x00000000e0000000, 0x00000000e8000000, 0x00000000e8000000)
  eden space 87424K, 100% used [0x00000000e0000000, 0x00000000e5560000, 0x00000000e5560000)
  from space 21824K,   8% used [0x00000000e6ab0000, 0x00000000e6c70af0, 0x00000000e8000000)
  to   space 21824K,   0% used [0x00000000e5560000, 0x00000000e5560000, 0x00000000e6ab0000)
 concurrent mark-sweep generation total 393216K, used 66996K [0x00000000e8000000, 0x0000000100000000, 0x0000000100000000)
 Metaspace       used 38485K, capacity 39986K, committed 40240K, reserved 1085440K
  class space    used 4558K, capacity 4871K, committed 4912K, reserved 1048576K
2019-01-31T14:48:56.654-0200: 20603.455: [GC (Allocation Failure) 2019-01-31T14:48:56.654-0200: 20603.455: [ParNew
Desired survivor size 20112992 bytes, new threshold 8 (max 8)
- age   1:     469216 bytes,     469216 total
- age   2:     318528 bytes,     787744 total
- age   3:     954600 bytes,    1742344 total
- age   4:       1264 bytes,    1743608 total
- age   8:     178640 bytes,    1922248 total
: 89218K->2129K(109248K), 0.0045532 secs] 156215K->69126K(502464K), 0.0046791 secs] [Times: user=0.06 sys=0.00, real=0.00 secs] 
Heap after GC invocations=168 (full 1):
 par new generation   total 109248K, used 2129K [0x00000000e0000000, 0x00000000e8000000, 0x00000000e8000000)
  eden space 87424K,   0% used [0x00000000e0000000, 0x00000000e0000000, 0x00000000e5560000)
  from space 21824K,   9% used [0x00000000e5560000, 0x00000000e57745e0, 0x00000000e6ab0000)
  to   space 21824K,   0% used [0x00000000e6ab0000, 0x00000000e6ab0000, 0x00000000e8000000)
 concurrent mark-sweep generation total 393216K, used 66996K [0x00000000e8000000, 0x0000000100000000, 0x0000000100000000)
 Metaspace       used 38485K, capacity 39986K, committed 40240K, reserved 1085440K
  class space    used 4558K, capacity 4871K, committed 4912K, reserved 1048576K
}
2019-01-31T14:48:56.659-0200: 20603.460: Total time for which application threads were stopped: 0.0049175 seconds, Stopping threads took: 0.0000322 seconds
{Heap before GC invocations=168 (full 1):
 par new generation   total 109248K, used 89553K [0x00000000e0000000, 0x00000000e8000000, 0x00000000e8000000)
  eden space 87424K, 100% used [0x00000000e0000000, 0x00000000e5560000, 0x00000000e5560000)
  from space 21824K,   9% used [0x00000000e5560000, 0x00000000e57745e0, 0x00000000e6ab0000)
  to   space 21824K,   0% used [0x00000000e6ab0000, 0x00000000e6ab0000, 0x00000000e8000000)
 concurrent mark-sweep generation total 393216K, used 66996K [0x00000000e8000000, 0x0000000100000000, 0x0000000100000000)
 Metaspace       used 38485K, capacity 39986K, committed 40240K, reserved 1085440K
  class space    used 4558K, capacity 4871K, committed 4912K, reserved 1048576K
2019-01-31T14:48:56.739-0200: 20603.540: [GC (Allocation Failure) 2019-01-31T14:48:56.739-0200: 20603.540: [ParNew
Desired survivor size 20112992 bytes, new threshold 8 (max 8)
- age   1:     496160 bytes,     496160 total
- age   2:     238608 bytes,     734768 total
- age   3:     317112 bytes,    1051880 total
- age   4:     889008 bytes,    1940888 total
- age   5:       1264 bytes,    1942152 total
: 89553K->2190K(109248K), 0.0047342 secs] 156550K->69362K(502464K), 0.0048209 secs] [Times: user=0.00 sys=0.00, real=0.00 secs] 
Heap after GC invocations=169 (full 1):
 par new generation   total 109248K, used 2190K [0x00000000e0000000, 0x00000000e8000000, 0x00000000e8000000)
  eden space 87424K,   0% used [0x00000000e0000000, 0x00000000e0000000, 0x00000000e5560000)
  from space 21824K,  10% used [0x00000000e6ab0000, 0x00000000e6cd3818, 0x00000000e8000000)
  to   space 21824K,   0% used [0x00000000e5560000, 0x00000000e5560000, 0x00000000e6ab0000)
 concurrent mark-sweep generation total 393216K, used 67172K [0x00000000e8000000, 0x0000000100000000, 0x0000000100000000)
 Metaspace       used 38485K, capacity 39986K, committed 40240K, reserved 1085440K
  class space    used 4558K, capacity 4871K, committed 4912K, reserved 1048576K
}
2019-01-31T14:48:56.744-0200: 20603.545: Total time for which application threads were stopped: 0.0050603 seconds, Stopping threads took: 0.0000350 seconds
2019-01-31T14:48:56.796-0200: 20603.597: Total time for which application threads were stopped: 0.0001241 seconds, Stopping threads took: 0.0000303 seconds
2019-01-31T14:48:56.798-0200: 20603.599: Total time for which application threads were stopped: 0.0000695 seconds, Stopping threads took: 0.0000205 seconds
2019-01-31T14:48:56.798-0200: 20603.599: Total time for which application threads were stopped: 0.0002053 seconds, Stopping threads took: 0.0000182 seconds
2019-01-31T14:48:56.975-0200: 20603.776: Total time for which application threads were stopped: 0.0001614 seconds, Stopping threads took: 0.0000798 seconds
2019-01-31T14:48:56.975-0200: 20603.777: Total time for which application threads were stopped: 0.0002813 seconds, Stopping threads took: 0.0000714 seconds
2019-01-31T14:48:56.976-0200: 20603.777: Total time for which application threads were stopped: 0.0001246 seconds, Stopping threads took: 0.0000686 seconds
2019-01-31T14:48:57.070-0200: 20603.871: Total time for which application threads were stopped: 0.0001050 seconds, Stopping threads took: 0.0000299 seconds
2019-01-31T14:48:57.098-0200: 20603.898: Total time for which application threads were stopped: 0.0001162 seconds, Stopping threads took: 0.0000336 seconds
2019-01-31T14:48:57.098-0200: 20603.898: Total time for which application threads were stopped: 0.0000714 seconds, Stopping threads took: 0.0000243 seconds
2019-01-31T14:48:57.098-0200: 20603.899: Total time for which application threads were stopped: 0.0000905 seconds, Stopping threads took: 0.0000355 seconds
2019-01-31T14:48:57.099-0200: 20603.899: Total time for which application threads were stopped: 0.0000816 seconds, Stopping threads took: 0.0000219 seconds
{Heap before GC invocations=169 (full 1):
 par new generation   total 109248K, used 89614K [0x00000000e0000000, 0x00000000e8000000, 0x00000000e8000000)
  eden space 87424K, 100% used [0x00000000e0000000, 0x00000000e5560000, 0x00000000e5560000)
  from space 21824K,  10% used [0x00000000e6ab0000, 0x00000000e6cd3818, 0x00000000e8000000)
  to   space 21824K,   0% used [0x00000000e5560000, 0x00000000e5560000, 0x00000000e6ab0000)
 concurrent mark-sweep generation total 393216K, used 67172K [0x00000000e8000000, 0x0000000100000000, 0x0000000100000000)
 Metaspace       used 38508K, capacity 39986K, committed 40240K, reserved 1085440K
  class space    used 4558K, capacity 4871K, committed 4912K, reserved 1048576K
2019-01-31T14:48:57.178-0200: 20603.978: [GC (Allocation Failure) 2019-01-31T14:48:57.178-0200: 20603.978: [ParNew
Desired survivor size 20112992 bytes, new threshold 8 (max 8)
- age   1:     733424 bytes,     733424 total
- age   5:     183192 bytes,     916616 total
- age   6:       1016 bytes,     917632 total
: 89614K->1217K(109248K), 0.0054311 secs] 156786K->68389K(502464K), 0.0055328 secs] [Times: user=0.00 sys=0.00, real=0.01 secs] 
Heap after GC invocations=170 (full 1):
 par new generation   total 109248K, used 1217K [0x00000000e0000000, 0x00000000e8000000, 0x00000000e8000000)
  eden space 87424K,   0% used [0x00000000e0000000, 0x00000000e0000000, 0x00000000e5560000)
  from space 21824K,   5% used [0x00000000e5560000, 0x00000000e5690520, 0x00000000e6ab0000)
  to   space 21824K,   0% used [0x00000000e6ab0000, 0x00000000e6ab0000, 0x00000000e8000000)
 concurrent mark-sweep generation total 393216K, used 67172K [0x00000000e8000000, 0x0000000100000000, 0x0000000100000000)
 Metaspace       used 38508K, capacity 39986K, committed 40240K, reserved 1085440K
  class space    used 4558K, capacity 4871K, committed 4912K, reserved 1048576K
}
2019-01-31T14:48:57.183-0200: 20603.984: Total time for which application threads were stopped: 0.0057810 seconds, Stopping threads took: 0.0000322 seconds
{Heap before GC invocations=170 (full 1):
 par new generation   total 109248K, used 88641K [0x00000000e0000000, 0x00000000e8000000, 0x00000000e8000000)
  eden space 87424K, 100% used [0x00000000e0000000, 0x00000000e5560000, 0x00000000e5560000)
  from space 21824K,   5% used [0x00000000e5560000, 0x00000000e5690520, 0x00000000e6ab0000)
  to   space 21824K,   0% used [0x00000000e6ab0000, 0x00000000e6ab0000, 0x00000000e8000000)
 concurrent mark-sweep generation total 393216K, used 67172K [0x00000000e8000000, 0x0000000100000000, 0x0000000100000000)
 Metaspace       used 38508K, capacity 39986K, committed 40240K, reserved 1085440K
  class space    used 4558K, capacity 4871K, committed 4912K, reserved 1048576K
2019-01-31T14:48:57.265-0200: 20604.066: [GC (Allocation Failure) 2019-01-31T14:48:57.265-0200: 20604.066: [ParNew
Desired survivor size 20112992 bytes, new threshold 8 (max 8)
- age   1:     572808 bytes,     572808 total
- age   2:     725480 bytes,    1298288 total
- age   6:     182280 bytes,    1480568 total
- age   7:       1016 bytes,    1481584 total
: 88641K->1654K(109248K), 0.0041986 secs] 155813K->68827K(502464K), 0.0042980 secs] [Times: user=0.06 sys=0.00, real=0.00 secs] 
Heap after GC invocations=171 (full 1):
 par new generation   total 109248K, used 1654K [0x00000000e0000000, 0x00000000e8000000, 0x00000000e8000000)
  eden space 87424K,   0% used [0x00000000e0000000, 0x00000000e0000000, 0x00000000e5560000)
  from space 21824K,   7% used [0x00000000e6ab0000, 0x00000000e6c4db28, 0x00000000e8000000)
  to   space 21824K,   0% used [0x00000000e5560000, 0x00000000e5560000, 0x00000000e6ab0000)
 concurrent mark-sweep generation total 393216K, used 67172K [0x00000000e8000000, 0x0000000100000000, 0x0000000100000000)
 Metaspace       used 38508K, capacity 39986K, committed 40240K, reserved 1085440K
  class space    used 4558K, capacity 4871K, committed 4912K, reserved 1048576K
}
2019-01-31T14:48:57.269-0200: 20604.070: Total time for which application threads were stopped: 0.0045415 seconds, Stopping threads took: 0.0000387 seconds
{Heap before GC invocations=171 (full 1):
 par new generation   total 109248K, used 89078K [0x00000000e0000000, 0x00000000e8000000, 0x00000000e8000000)
  eden space 87424K, 100% used [0x00000000e0000000, 0x00000000e5560000, 0x00000000e5560000)
  from space 21824K,   7% used [0x00000000e6ab0000, 0x00000000e6c4db28, 0x00000000e8000000)
  to   space 21824K,   0% used [0x00000000e5560000, 0x00000000e5560000, 0x00000000e6ab0000)
 concurrent mark-sweep generation total 393216K, used 67172K [0x00000000e8000000, 0x0000000100000000, 0x0000000100000000)
 Metaspace       used 38508K, capacity 39986K, committed 40240K, reserved 1085440K
  class space    used 4558K, capacity 4871K, committed 4912K, reserved 1048576K
2019-01-31T14:48:57.349-0200: 20604.149: [GC (Allocation Failure) 2019-01-31T14:48:57.349-0200: 20604.149: [ParNew
Desired survivor size 20112992 bytes, new threshold 8 (max 8)
- age   1:     531208 bytes,     531208 total
- age   2:     361528 bytes,     892736 total
- age   3:     594040 bytes,    1486776 total
- age   7:     182280 bytes,    1669056 total
- age   8:       1016 bytes,    1670072 total
: 89078K->1911K(109248K), 0.0040517 secs] 156251K->69083K(502464K), 0.0041417 secs] [Times: user=0.00 sys=0.00, real=0.00 secs] 
Heap after GC invocations=172 (full 1):
 par new generation   total 109248K, used 1911K [0x00000000e0000000, 0x00000000e8000000, 0x00000000e8000000)
  eden space 87424K,   0% used [0x00000000e0000000, 0x00000000e0000000, 0x00000000e5560000)
  from space 21824K,   8% used [0x00000000e5560000, 0x00000000e573dcb8, 0x00000000e6ab0000)
  to   space 21824K,   0% used [0x00000000e6ab0000, 0x00000000e6ab0000, 0x00000000e8000000)
 concurrent mark-sweep generation total 393216K, used 67172K [0x00000000e8000000, 0x0000000100000000, 0x0000000100000000)
 Metaspace       used 38508K, capacity 39986K, committed 40240K, reserved 1085440K
  class space    used 4558K, capacity 4871K, committed 4912K, reserved 1048576K
}
2019-01-31T14:48:57.352-0200: 20604.153: Total time for which application threads were stopped: 0.0043810 seconds, Stopping threads took: 0.0000355 seconds
{Heap before GC invocations=172 (full 1):
 par new generation   total 109248K, used 89335K [0x00000000e0000000, 0x00000000e8000000, 0x00000000e8000000)
  eden space 87424K, 100% used [0x00000000e0000000, 0x00000000e5560000, 0x00000000e5560000)
  from space 21824K,   8% used [0x00000000e5560000, 0x00000000e573dcb8, 0x00000000e6ab0000)
  to   space 21824K,   0% used [0x00000000e6ab0000, 0x00000000e6ab0000, 0x00000000e8000000)
 concurrent mark-sweep generation total 393216K, used 67172K [0x00000000e8000000, 0x0000000100000000, 0x0000000100000000)
 Metaspace       used 38508K, capacity 39986K, committed 40240K, reserved 1085440K
  class space    used 4558K, capacity 4871K, committed 4912K, reserved 1048576K
2019-01-31T14:48:57.431-0200: 20604.232: [GC (Allocation Failure) 2019-01-31T14:48:57.431-0200: 20604.232: [ParNew
Desired survivor size 20112992 bytes, new threshold 8 (max 8)
- age   1:     476632 bytes,     476632 total
- age   2:     324512 bytes,     801144 total
- age   3:     360912 bytes,    1162056 total
- age   4:     594064 bytes,    1756120 total
- age   8:     182280 bytes,    1938400 total
: 89335K->2126K(109248K), 0.0037363 secs] 156507K->69300K(502464K), 0.0038310 secs] [Times: user=0.00 sys=0.00, real=0.00 secs] 
Heap after GC invocations=173 (full 1):
 par new generation   total 109248K, used 2126K [0x00000000e0000000, 0x00000000e8000000, 0x00000000e8000000)
  eden space 87424K,   0% used [0x00000000e0000000, 0x00000000e0000000, 0x00000000e5560000)
  from space 21824K,   9% used [0x00000000e6ab0000, 0x00000000e6cc3b20, 0x00000000e8000000)
  to   space 21824K,   0% used [0x00000000e5560000, 0x00000000e5560000, 0x00000000e6ab0000)
 concurrent mark-sweep generation total 393216K, used 67173K [0x00000000e8000000, 0x0000000100000000, 0x0000000100000000)
 Metaspace       used 38508K, capacity 39986K, committed 40240K, reserved 1085440K
  class space    used 4558K, capacity 4871K, committed 4912K, reserved 1048576K
}
2019-01-31T14:48:57.435-0200: 20604.236: Total time for which application threads were stopped: 0.0040694 seconds, Stopping threads took: 0.0000336 seconds
2019-01-31T14:48:57.513-0200: 20604.314: Total time for which application threads were stopped: 0.0001143 seconds, Stopping threads took: 0.0000317 seconds
2019-01-31T14:48:57.514-0200: 20604.315: Total time for which application threads were stopped: 0.0000760 seconds, Stopping threads took: 0.0000229 seconds
2019-01-31T14:48:57.514-0200: 20604.316: Total time for which application threads were stopped: 0.0000602 seconds, Stopping threads took: 0.0000182 seconds
2019-01-31T14:48:57.722-0200: 20604.523: Total time for which application threads were stopped: 0.0001992 seconds, Stopping threads took: 0.0000774 seconds
2019-01-31T14:48:57.722-0200: 20604.523: Total time for which application threads were stopped: 0.0001180 seconds, Stopping threads took: 0.0000588 seconds
2019-01-31T14:48:57.723-0200: 20604.524: Total time for which application threads were stopped: 0.0001260 seconds, Stopping threads took: 0.0000392 seconds
{Heap before GC invocations=173 (full 1):
 par new generation   total 109248K, used 89550K [0x00000000e0000000, 0x00000000e8000000, 0x00000000e8000000)
  eden space 87424K, 100% used [0x00000000e0000000, 0x00000000e5560000, 0x00000000e5560000)
  from space 21824K,   9% used [0x00000000e6ab0000, 0x00000000e6cc3b20, 0x00000000e8000000)
  to   space 21824K,   0% used [0x00000000e5560000, 0x00000000e5560000, 0x00000000e6ab0000)
 concurrent mark-sweep generation total 393216K, used 67173K [0x00000000e8000000, 0x0000000100000000, 0x0000000100000000)
 Metaspace       used 38516K, capacity 39986K, committed 40240K, reserved 1085440K
  class space    used 4558K, capacity 4871K, committed 4912K, reserved 1048576K
2019-01-31T14:48:57.782-0200: 20604.583: [GC (Allocation Failure) 2019-01-31T14:48:57.782-0200: 20604.583: [ParNew
Desired survivor size 20112992 bytes, new threshold 8 (max 8)
- age   1:     129624 bytes,     129624 total
- age   3:         80 bytes,     129704 total
- age   5:     184552 bytes,     314256 total
: 89550K->832K(109248K), 0.0046847 secs] 156724K->68184K(502464K), 0.0047584 secs] [Times: user=0.06 sys=0.00, real=0.00 secs] 
Heap after GC invocations=174 (full 1):
 par new generation   total 109248K, used 832K [0x00000000e0000000, 0x00000000e8000000, 0x00000000e8000000)
  eden space 87424K,   0% used [0x00000000e0000000, 0x00000000e0000000, 0x00000000e5560000)
  from space 21824K,   3% used [0x00000000e5560000, 0x00000000e5630280, 0x00000000e6ab0000)
  to   space 21824K,   0% used [0x00000000e6ab0000, 0x00000000e6ab0000, 0x00000000e8000000)
 concurrent mark-sweep generation total 393216K, used 67351K [0x00000000e8000000, 0x0000000100000000, 0x0000000100000000)
 Metaspace       used 38516K, capacity 39986K, committed 40240K, reserved 1085440K
  class space    used 4558K, capacity 4871K, committed 4912K, reserved 1048576K
}
2019-01-31T14:48:57.786-0200: 20604.587: Total time for which application threads were stopped: 0.0051106 seconds, Stopping threads took: 0.0000504 seconds
2019-01-31T14:48:57.787-0200: 20604.588: Total time for which application threads were stopped: 0.0000947 seconds, Stopping threads took: 0.0000247 seconds
2019-01-31T14:48:57.787-0200: 20604.588: Total time for which application threads were stopped: 0.0000882 seconds, Stopping threads took: 0.0000415 seconds
2019-01-31T14:48:57.787-0200: 20604.588: Total time for which application threads were stopped: 0.0000700 seconds, Stopping threads took: 0.0000271 seconds
2019-01-31T14:48:57.787-0200: 20604.588: Total time for which application threads were stopped: 0.0000938 seconds, Stopping threads took: 0.0000392 seconds
2019-01-31T14:48:57.788-0200: 20604.589: Total time for which application threads were stopped: 0.0001064 seconds, Stopping threads took: 0.0000252 seconds
2019-01-31T14:48:57.851-0200: 20604.652: Total time for which application threads were stopped: 0.0001185 seconds, Stopping threads took: 0.0000341 seconds
2019-01-31T14:48:57.852-0200: 20604.653: Total time for which application threads were stopped: 0.0001022 seconds, Stopping threads took: 0.0000266 seconds
2019-01-31T14:48:57.852-0200: 20604.653: Total time for which application threads were stopped: 0.0000564 seconds, Stopping threads took: 0.0000149 seconds
2019-01-31T14:48:58.051-0200: 20604.852: Total time for which application threads were stopped: 0.0001180 seconds, Stopping threads took: 0.0000369 seconds
2019-01-31T14:48:58.051-0200: 20604.852: Total time for which application threads were stopped: 0.0000900 seconds, Stopping threads took: 0.0000261 seconds
2019-01-31T14:48:58.051-0200: 20604.852: Total time for which application threads were stopped: 0.0001208 seconds, Stopping threads took: 0.0000639 seconds
2019-01-31T14:48:58.052-0200: 20604.853: Total time for which application threads were stopped: 0.0001745 seconds, Stopping threads took: 0.0001190 seconds
2019-01-31T15:04:01.453-0200: 21508.253: Total time for which application threads were stopped: 0.0001404 seconds, Stopping threads took: 0.0000378 seconds
2019-01-31T15:05:26.492-0200: 21593.293: Total time for which application threads were stopped: 0.0001381 seconds, Stopping threads took: 0.0000462 seconds
2019-01-31T15:07:11.903-0200: 21698.704: Total time for which application threads were stopped: 0.0001334 seconds, Stopping threads took: 0.0000364 seconds
2019-01-31T15:07:11.905-0200: 21698.706: Total time for which application threads were stopped: 0.0000938 seconds, Stopping threads took: 0.0000247 seconds
2019-01-31T15:07:11.949-0200: 21698.750: Total time for which application threads were stopped: 0.0002001 seconds, Stopping threads took: 0.0000462 seconds
2019-01-31T15:07:11.949-0200: 21698.750: Total time for which application threads were stopped: 0.0001073 seconds, Stopping threads took: 0.0000289 seconds
2019-01-31T15:07:11.949-0200: 21698.750: Total time for which application threads were stopped: 0.0000728 seconds, Stopping threads took: 0.0000289 seconds
2019-01-31T15:07:11.950-0200: 21698.751: Total time for which application threads were stopped: 0.0001017 seconds, Stopping threads took: 0.0000355 seconds
2019-01-31T15:07:11.950-0200: 21698.752: Total time for which application threads were stopped: 0.0000625 seconds, Stopping threads took: 0.0000168 seconds
2019-01-31T15:07:11.951-0200: 21698.752: Total time for which application threads were stopped: 0.0000620 seconds, Stopping threads took: 0.0000168 seconds
{Heap before GC invocations=174 (full 1):
 par new generation   total 109248K, used 88256K [0x00000000e0000000, 0x00000000e8000000, 0x00000000e8000000)
  eden space 87424K, 100% used [0x00000000e0000000, 0x00000000e5560000, 0x00000000e5560000)
  from space 21824K,   3% used [0x00000000e5560000, 0x00000000e5630280, 0x00000000e6ab0000)
  to   space 21824K,   0% used [0x00000000e6ab0000, 0x00000000e6ab0000, 0x00000000e8000000)
 concurrent mark-sweep generation total 393216K, used 67351K [0x00000000e8000000, 0x0000000100000000, 0x0000000100000000)
 Metaspace       used 38547K, capacity 39986K, committed 40240K, reserved 1085440K
  class space    used 4558K, capacity 4871K, committed 4912K, reserved 1048576K
2019-01-31T15:07:12.135-0200: 21698.936: [GC (Allocation Failure) 2019-01-31T15:07:12.135-0200: 21698.936: [ParNew
Desired survivor size 20112992 bytes, new threshold 8 (max 8)
- age   1:    2938328 bytes,    2938328 total
- age   2:     110216 bytes,    3048544 total
- age   4:         80 bytes,    3048624 total
- age   6:     181952 bytes,    3230576 total
: 88256K->3225K(109248K), 0.0054027 secs] 155608K->70577K(502464K), 0.0055053 secs] [Times: user=0.00 sys=0.00, real=0.01 secs] 
Heap after GC invocations=175 (full 1):
 par new generation   total 109248K, used 3225K [0x00000000e0000000, 0x00000000e8000000, 0x00000000e8000000)
  eden space 87424K,   0% used [0x00000000e0000000, 0x00000000e0000000, 0x00000000e5560000)
  from space 21824K,  14% used [0x00000000e6ab0000, 0x00000000e6dd64d0, 0x00000000e8000000)
  to   space 21824K,   0% used [0x00000000e5560000, 0x00000000e5560000, 0x00000000e6ab0000)
 concurrent mark-sweep generation total 393216K, used 67351K [0x00000000e8000000, 0x0000000100000000, 0x0000000100000000)
 Metaspace       used 38547K, capacity 39986K, committed 40240K, reserved 1085440K
  class space    used 4558K, capacity 4871K, committed 4912K, reserved 1048576K
}
2019-01-31T15:07:12.140-0200: 21698.941: Total time for which application threads were stopped: 0.0057801 seconds, Stopping threads took: 0.0000415 seconds
{Heap before GC invocations=175 (full 1):
 par new generation   total 109248K, used 90649K [0x00000000e0000000, 0x00000000e8000000, 0x00000000e8000000)
  eden space 87424K, 100% used [0x00000000e0000000, 0x00000000e5560000, 0x00000000e5560000)
  from space 21824K,  14% used [0x00000000e6ab0000, 0x00000000e6dd64d0, 0x00000000e8000000)
  to   space 21824K,   0% used [0x00000000e5560000, 0x00000000e5560000, 0x00000000e6ab0000)
 concurrent mark-sweep generation total 393216K, used 67351K [0x00000000e8000000, 0x0000000100000000, 0x0000000100000000)
 Metaspace       used 38547K, capacity 39986K, committed 40240K, reserved 1085440K
  class space    used 4558K, capacity 4871K, committed 4912K, reserved 1048576K
2019-01-31T15:07:12.254-0200: 21699.055: [GC (Allocation Failure) 2019-01-31T15:07:12.254-0200: 21699.055: [ParNew
Desired survivor size 20112992 bytes, new threshold 8 (max 8)
- age   1:     681008 bytes,     681008 total
- age   2:    2647416 bytes,    3328424 total
- age   3:     109304 bytes,    3437728 total
- age   5:         80 bytes,    3437808 total
- age   7:     181952 bytes,    3619760 total
: 90649K->3831K(109248K), 0.0043563 secs] 158001K->71183K(502464K), 0.0044286 secs] [Times: user=0.00 sys=0.00, real=0.01 secs] 
Heap after GC invocations=176 (full 1):
 par new generation   total 109248K, used 3831K [0x00000000e0000000, 0x00000000e8000000, 0x00000000e8000000)
  eden space 87424K,   0% used [0x00000000e0000000, 0x00000000e0000000, 0x00000000e5560000)
  from space 21824K,  17% used [0x00000000e5560000, 0x00000000e591dec0, 0x00000000e6ab0000)
  to   space 21824K,   0% used [0x00000000e6ab0000, 0x00000000e6ab0000, 0x00000000e8000000)
 concurrent mark-sweep generation total 393216K, used 67351K [0x00000000e8000000, 0x0000000100000000, 0x0000000100000000)
 Metaspace       used 38547K, capacity 39986K, committed 40240K, reserved 1085440K
  class space    used 4558K, capacity 4871K, committed 4912K, reserved 1048576K
}
2019-01-31T15:07:12.259-0200: 21699.060: Total time for which application threads were stopped: 0.0046703 seconds, Stopping threads took: 0.0000299 seconds
{Heap before GC invocations=176 (full 1):
 par new generation   total 109248K, used 91255K [0x00000000e0000000, 0x00000000e8000000, 0x00000000e8000000)
  eden space 87424K, 100% used [0x00000000e0000000, 0x00000000e5560000, 0x00000000e5560000)
  from space 21824K,  17% used [0x00000000e5560000, 0x00000000e591dec0, 0x00000000e6ab0000)
  to   space 21824K,   0% used [0x00000000e6ab0000, 0x00000000e6ab0000, 0x00000000e8000000)
 concurrent mark-sweep generation total 393216K, used 67351K [0x00000000e8000000, 0x0000000100000000, 0x0000000100000000)
 Metaspace       used 38547K, capacity 39986K, committed 40240K, reserved 1085440K
  class space    used 4558K, capacity 4871K, committed 4912K, reserved 1048576K
2019-01-31T15:07:12.341-0200: 21699.142: [GC (Allocation Failure) 2019-01-31T15:07:12.341-0200: 21699.142: [ParNew
Desired survivor size 20112992 bytes, new threshold 8 (max 8)
- age   1:     545440 bytes,     545440 total
- age   2:     429016 bytes,     974456 total
- age   3:    2647416 bytes,    3621872 total
- age   4:     109304 bytes,    3731176 total
- age   6:         80 bytes,    3731256 total
- age   8:     181952 bytes,    3913208 total
: 91255K->4200K(109248K), 0.0042579 secs] 158607K->71551K(502464K), 0.0043619 secs] [Times: user=0.02 sys=0.02, real=0.00 secs] 
Heap after GC invocations=177 (full 1):
 par new generation   total 109248K, used 4200K [0x00000000e0000000, 0x00000000e8000000, 0x00000000e8000000)
  eden space 87424K,   0% used [0x00000000e0000000, 0x00000000e0000000, 0x00000000e5560000)
  from space 21824K,  19% used [0x00000000e6ab0000, 0x00000000e6eca040, 0x00000000e8000000)
  to   space 21824K,   0% used [0x00000000e5560000, 0x00000000e5560000, 0x00000000e6ab0000)
 concurrent mark-sweep generation total 393216K, used 67351K [0x00000000e8000000, 0x0000000100000000, 0x0000000100000000)
 Metaspace       used 38547K, capacity 39986K, committed 40240K, reserved 1085440K
  class space    used 4558K, capacity 4871K, committed 4912K, reserved 1048576K
}
2019-01-31T15:07:12.346-0200: 21699.147: Total time for which application threads were stopped: 0.0046143 seconds, Stopping threads took: 0.0000350 seconds
{Heap before GC invocations=177 (full 1):
 par new generation   total 109248K, used 91624K [0x00000000e0000000, 0x00000000e8000000, 0x00000000e8000000)
  eden space 87424K, 100% used [0x00000000e0000000, 0x00000000e5560000, 0x00000000e5560000)
  from space 21824K,  19% used [0x00000000e6ab0000, 0x00000000e6eca040, 0x00000000e8000000)
  to   space 21824K,   0% used [0x00000000e5560000, 0x00000000e5560000, 0x00000000e6ab0000)
 concurrent mark-sweep generation total 393216K, used 67351K [0x00000000e8000000, 0x0000000100000000, 0x0000000100000000)
 Metaspace       used 38547K, capacity 39986K, committed 40240K, reserved 1085440K
  class space    used 4558K, capacity 4871K, committed 4912K, reserved 1048576K
2019-01-31T15:07:12.424-0200: 21699.225: [GC (Allocation Failure) 2019-01-31T15:07:12.424-0200: 21699.225: [ParNew
Desired survivor size 20112992 bytes, new threshold 8 (max 8)
- age   1:     658864 bytes,     658864 total
- age   2:     237808 bytes,     896672 total
- age   3:     356792 bytes,    1253464 total
- age   4:    2647072 bytes,    3900536 total
- age   5:     109304 bytes,    4009840 total
- age   7:         80 bytes,    4009920 total
: 91624K->4888K(109248K), 0.0043148 secs] 158975K->72418K(502464K), 0.0044113 secs] [Times: user=0.00 sys=0.00, real=0.00 secs] 
Heap after GC invocations=178 (full 1):
 par new generation   total 109248K, used 4888K [0x00000000e0000000, 0x00000000e8000000, 0x00000000e8000000)
  eden space 87424K,   0% used [0x00000000e0000000, 0x00000000e0000000, 0x00000000e5560000)
  from space 21824K,  22% used [0x00000000e5560000, 0x00000000e5a26008, 0x00000000e6ab0000)
  to   space 21824K,   0% used [0x00000000e6ab0000, 0x00000000e6ab0000, 0x00000000e8000000)
 concurrent mark-sweep generation total 393216K, used 67530K [0x00000000e8000000, 0x0000000100000000, 0x0000000100000000)
 Metaspace       used 38547K, capacity 39986K, committed 40240K, reserved 1085440K
  class space    used 4558K, capacity 4871K, committed 4912K, reserved 1048576K
}
2019-01-31T15:07:12.429-0200: 21699.229: Total time for which application threads were stopped: 0.0046525 seconds, Stopping threads took: 0.0000327 seconds
{Heap before GC invocations=178 (full 1):
 par new generation   total 109248K, used 92312K [0x00000000e0000000, 0x00000000e8000000, 0x00000000e8000000)
  eden space 87424K, 100% used [0x00000000e0000000, 0x00000000e5560000, 0x00000000e5560000)
  from space 21824K,  22% used [0x00000000e5560000, 0x00000000e5a26008, 0x00000000e6ab0000)
  to   space 21824K,   0% used [0x00000000e6ab0000, 0x00000000e6ab0000, 0x00000000e8000000)
 concurrent mark-sweep generation total 393216K, used 67530K [0x00000000e8000000, 0x0000000100000000, 0x0000000100000000)
 Metaspace       used 38547K, capacity 39986K, committed 40240K, reserved 1085440K
  class space    used 4558K, capacity 4871K, committed 4912K, reserved 1048576K
2019-01-31T15:07:12.505-0200: 21699.305: [GC (Allocation Failure) 2019-01-31T15:07:12.505-0200: 21699.305: [ParNew
Desired survivor size 20112992 bytes, new threshold 8 (max 8)
- age   1:     744544 bytes,     744544 total
- age   2:     322312 bytes,    1066856 total
- age   3:     237808 bytes,    1304664 total
- age   4:     291240 bytes,    1595904 total
- age   5:    2646880 bytes,    4242784 total
- age   6:     109304 bytes,    4352088 total
- age   8:         80 bytes,    4352168 total
: 92312K->6101K(109248K), 0.0044043 secs] 159842K->73632K(502464K), 0.0045112 secs] [Times: user=0.00 sys=0.00, real=0.00 secs] 
Heap after GC invocations=179 (full 1):
 par new generation   total 109248K, used 6101K [0x00000000e0000000, 0x00000000e8000000, 0x00000000e8000000)
  eden space 87424K,   0% used [0x00000000e0000000, 0x00000000e0000000, 0x00000000e5560000)
  from space 21824K,  27% used [0x00000000e6ab0000, 0x00000000e70a5530, 0x00000000e8000000)
  to   space 21824K,   0% used [0x00000000e5560000, 0x00000000e5560000, 0x00000000e6ab0000)
 concurrent mark-sweep generation total 393216K, used 67530K [0x00000000e8000000, 0x0000000100000000, 0x0000000100000000)
 Metaspace       used 38547K, capacity 39986K, committed 40240K, reserved 1085440K
  class space    used 4558K, capacity 4871K, committed 4912K, reserved 1048576K
}
2019-01-31T15:07:12.509-0200: 21699.310: Total time for which application threads were stopped: 0.0047622 seconds, Stopping threads took: 0.0000387 seconds
{Heap before GC invocations=179 (full 1):
 par new generation   total 109248K, used 93525K [0x00000000e0000000, 0x00000000e8000000, 0x00000000e8000000)
  eden space 87424K, 100% used [0x00000000e0000000, 0x00000000e5560000, 0x00000000e5560000)
  from space 21824K,  27% used [0x00000000e6ab0000, 0x00000000e70a5530, 0x00000000e8000000)
  to   space 21824K,   0% used [0x00000000e5560000, 0x00000000e5560000, 0x00000000e6ab0000)
 concurrent mark-sweep generation total 393216K, used 67530K [0x00000000e8000000, 0x0000000100000000, 0x0000000100000000)
 Metaspace       used 38547K, capacity 39986K, committed 40240K, reserved 1085440K
  class space    used 4558K, capacity 4871K, committed 4912K, reserved 1048576K
2019-01-31T15:07:12.591-0200: 21699.391: [GC (Allocation Failure) 2019-01-31T15:07:12.591-0200: 21699.391: [ParNew
Desired survivor size 20112992 bytes, new threshold 8 (max 8)
- age   1:     572056 bytes,     572056 total
- age   2:     406592 bytes,     978648 total
- age   3:     322240 bytes,    1300888 total
- age   4:     237808 bytes,    1538696 total
- age   5:     291240 bytes,    1829936 total
- age   6:    2646880 bytes,    4476816 total
- age   7:     109304 bytes,    4586120 total
: 93525K->5752K(109248K), 0.0046964 secs] 161056K->73283K(502464K), 0.0047864 secs] [Times: user=0.00 sys=0.00, real=0.00 secs] 
Heap after GC invocations=180 (full 1):
 par new generation   total 109248K, used 5752K [0x00000000e0000000, 0x00000000e8000000, 0x00000000e8000000)
  eden space 87424K,   0% used [0x00000000e0000000, 0x00000000e0000000, 0x00000000e5560000)
  from space 21824K,  26% used [0x00000000e5560000, 0x00000000e5afe2a8, 0x00000000e6ab0000)
  to   space 21824K,   0% used [0x00000000e6ab0000, 0x00000000e6ab0000, 0x00000000e8000000)
 concurrent mark-sweep generation total 393216K, used 67530K [0x00000000e8000000, 0x0000000100000000, 0x0000000100000000)
 Metaspace       used 38547K, capacity 39986K, committed 40240K, reserved 1085440K
  class space    used 4558K, capacity 4871K, committed 4912K, reserved 1048576K
}
2019-01-31T15:07:12.595-0200: 21699.396: Total time for which application threads were stopped: 0.0050365 seconds, Stopping threads took: 0.0000392 seconds
{Heap before GC invocations=180 (full 1):
 par new generation   total 109248K, used 93176K [0x00000000e0000000, 0x00000000e8000000, 0x00000000e8000000)
  eden space 87424K, 100% used [0x00000000e0000000, 0x00000000e5560000, 0x00000000e5560000)
  from space 21824K,  26% used [0x00000000e5560000, 0x00000000e5afe2a8, 0x00000000e6ab0000)
  to   space 21824K,   0% used [0x00000000e6ab0000, 0x00000000e6ab0000, 0x00000000e8000000)
 concurrent mark-sweep generation total 393216K, used 67530K [0x00000000e8000000, 0x0000000100000000, 0x0000000100000000)
 Metaspace       used 38547K, capacity 39986K, committed 40240K, reserved 1085440K
  class space    used 4558K, capacity 4871K, committed 4912K, reserved 1048576K
2019-01-31T15:07:12.675-0200: 21699.475: [GC (Allocation Failure) 2019-01-31T15:07:12.675-0200: 21699.475: [ParNew
Desired survivor size 20112992 bytes, new threshold 8 (max 8)
- age   1:     740952 bytes,     740952 total
- age   2:     197808 bytes,     938760 total
- age   3:     403280 bytes,    1342040 total
- age   4:     321808 bytes,    1663848 total
- age   5:     237808 bytes,    1901656 total
- age   6:     291240 bytes,    2192896 total
- age   7:    2646880 bytes,    4839776 total
- age   8:     109304 bytes,    4949080 total
: 93176K->7743K(109248K), 0.0043152 secs] 160707K->75274K(502464K), 0.0044071 secs] [Times: user=0.00 sys=0.00, real=0.00 secs] 
Heap after GC invocations=181 (full 1):
 par new generation   total 109248K, used 7743K [0x00000000e0000000, 0x00000000e8000000, 0x00000000e8000000)
  eden space 87424K,   0% used [0x00000000e0000000, 0x00000000e0000000, 0x00000000e5560000)
  from space 21824K,  35% used [0x00000000e6ab0000, 0x00000000e723ff40, 0x00000000e8000000)
  to   space 21824K,   0% used [0x00000000e5560000, 0x00000000e5560000, 0x00000000e6ab0000)
 concurrent mark-sweep generation total 393216K, used 67530K [0x00000000e8000000, 0x0000000100000000, 0x0000000100000000)
 Metaspace       used 38547K, capacity 39986K, committed 40240K, reserved 1085440K
  class space    used 4558K, capacity 4871K, committed 4912K, reserved 1048576K
}
2019-01-31T15:07:12.679-0200: 21699.480: Total time for which application threads were stopped: 0.0046535 seconds, Stopping threads took: 0.0000429 seconds
{Heap before GC invocations=181 (full 1):
 par new generation   total 109248K, used 95167K [0x00000000e0000000, 0x00000000e8000000, 0x00000000e8000000)
  eden space 87424K, 100% used [0x00000000e0000000, 0x00000000e5560000, 0x00000000e5560000)
  from space 21824K,  35% used [0x00000000e6ab0000, 0x00000000e723ff40, 0x00000000e8000000)
  to   space 21824K,   0% used [0x00000000e5560000, 0x00000000e5560000, 0x00000000e6ab0000)
 concurrent mark-sweep generation total 393216K, used 67530K [0x00000000e8000000, 0x0000000100000000, 0x0000000100000000)
 Metaspace       used 38547K, capacity 39986K, committed 40240K, reserved 1085440K
  class space    used 4558K, capacity 4871K, committed 4912K, reserved 1048576K
2019-01-31T15:07:12.761-0200: 21699.562: [GC (Allocation Failure) 2019-01-31T15:07:12.761-0200: 21699.562: [ParNew
Desired survivor size 20112992 bytes, new threshold 8 (max 8)
- age   1:     683120 bytes,     683120 total
- age   2:     267968 bytes,     951088 total
- age   3:     197808 bytes,    1148896 total
- age   4:     403280 bytes,    1552176 total
- age   5:     320720 bytes,    1872896 total
- age   6:     237808 bytes,    2110704 total
- age   7:     291240 bytes,    2401944 total
- age   8:    2646880 bytes,    5048824 total
: 95167K->5984K(109248K), 0.0042509 secs] 162698K->73623K(502464K), 0.0043451 secs] [Times: user=0.00 sys=0.00, real=0.01 secs] 
Heap after GC invocations=182 (full 1):
 par new generation   total 109248K, used 5984K [0x00000000e0000000, 0x00000000e8000000, 0x00000000e8000000)
  eden space 87424K,   0% used [0x00000000e0000000, 0x00000000e0000000, 0x00000000e5560000)
  from space 21824K,  27% used [0x00000000e5560000, 0x00000000e5b382c0, 0x00000000e6ab0000)
  to   space 21824K,   0% used [0x00000000e6ab0000, 0x00000000e6ab0000, 0x00000000e8000000)
 concurrent mark-sweep generation total 393216K, used 67638K [0x00000000e8000000, 0x0000000100000000, 0x0000000100000000)
 Metaspace       used 38547K, capacity 39986K, committed 40240K, reserved 1085440K
  class space    used 4558K, capacity 4871K, committed 4912K, reserved 1048576K
}
2019-01-31T15:07:12.766-0200: 21699.566: Total time for which application threads were stopped: 0.0045914 seconds, Stopping threads took: 0.0000355 seconds
{Heap before GC invocations=182 (full 1):
 par new generation   total 109248K, used 93408K [0x00000000e0000000, 0x00000000e8000000, 0x00000000e8000000)
  eden space 87424K, 100% used [0x00000000e0000000, 0x00000000e5560000, 0x00000000e5560000)
  from space 21824K,  27% used [0x00000000e5560000, 0x00000000e5b382c0, 0x00000000e6ab0000)
  to   space 21824K,   0% used [0x00000000e6ab0000, 0x00000000e6ab0000, 0x00000000e8000000)
 concurrent mark-sweep generation total 393216K, used 67638K [0x00000000e8000000, 0x0000000100000000, 0x0000000100000000)
 Metaspace       used 38547K, capacity 39986K, committed 40240K, reserved 1085440K
  class space    used 4558K, capacity 4871K, committed 4912K, reserved 1048576K
2019-01-31T15:07:12.840-0200: 21699.641: [GC (Allocation Failure) 2019-01-31T15:07:12.840-0200: 21699.641: [ParNew
Desired survivor size 20112992 bytes, new threshold 8 (max 8)
- age   1:     827944 bytes,     827944 total
- age   2:     227568 bytes,    1055512 total
- age   3:     267864 bytes,    1323376 total
- age   4:     197808 bytes,    1521184 total
- age   5:     403280 bytes,    1924464 total
- age   6:     236216 bytes,    2160680 total
- age   7:     237808 bytes,    2398488 total
- age   8:     291240 bytes,    2689728 total
: 93408K->6362K(109248K), 0.0043913 secs] 161047K->76589K(502464K), 0.0045014 secs] [Times: user=0.00 sys=0.00, real=0.01 secs] 
Heap after GC invocations=183 (full 1):
 par new generation   total 109248K, used 6362K [0x00000000e0000000, 0x00000000e8000000, 0x00000000e8000000)
  eden space 87424K,   0% used [0x00000000e0000000, 0x00000000e0000000, 0x00000000e5560000)
  from space 21824K,  29% used [0x00000000e6ab0000, 0x00000000e70e6ba0, 0x00000000e8000000)
  to   space 21824K,   0% used [0x00000000e5560000, 0x00000000e5560000, 0x00000000e6ab0000)
 concurrent mark-sweep generation total 393216K, used 70226K [0x00000000e8000000, 0x0000000100000000, 0x0000000100000000)
 Metaspace       used 38547K, capacity 39986K, committed 40240K, reserved 1085440K
  class space    used 4558K, capacity 4871K, committed 4912K, reserved 1048576K
}
2019-01-31T15:07:12.845-0200: 21699.645: Total time for which application threads were stopped: 0.0047715 seconds, Stopping threads took: 0.0000378 seconds
2019-01-31T15:07:12.886-0200: 21699.687: Total time for which application threads were stopped: 0.0001068 seconds, Stopping threads took: 0.0000285 seconds
2019-01-31T15:07:12.887-0200: 21699.688: Total time for which application threads were stopped: 0.0000788 seconds, Stopping threads took: 0.0000233 seconds
2019-01-31T15:07:12.887-0200: 21699.688: Total time for which application threads were stopped: 0.0000597 seconds, Stopping threads took: 0.0000177 seconds
2019-01-31T15:07:13.532-0200: 21700.333: Total time for which application threads were stopped: 0.0001740 seconds, Stopping threads took: 0.0000611 seconds
2019-01-31T15:07:13.532-0200: 21700.333: Total time for which application threads were stopped: 0.0001297 seconds, Stopping threads took: 0.0000518 seconds
2019-01-31T15:07:13.533-0200: 21700.333: Total time for which application threads were stopped: 0.0000942 seconds, Stopping threads took: 0.0000383 seconds
2019-01-31T15:07:13.712-0200: 21700.513: Total time for which application threads were stopped: 0.0001386 seconds, Stopping threads took: 0.0000364 seconds
2019-01-31T15:07:13.714-0200: 21700.515: Total time for which application threads were stopped: 0.0001110 seconds, Stopping threads took: 0.0000294 seconds
2019-01-31T15:07:13.759-0200: 21700.560: Total time for which application threads were stopped: 0.0001875 seconds, Stopping threads took: 0.0000676 seconds
2019-01-31T15:07:13.760-0200: 21700.560: Total time for which application threads were stopped: 0.0001502 seconds, Stopping threads took: 0.0000490 seconds
2019-01-31T15:07:13.760-0200: 21700.560: Total time for which application threads were stopped: 0.0001260 seconds, Stopping threads took: 0.0000364 seconds
2019-01-31T15:07:13.761-0200: 21700.562: Total time for which application threads were stopped: 0.0001553 seconds, Stopping threads took: 0.0000756 seconds
2019-01-31T15:07:13.762-0200: 21700.562: Total time for which application threads were stopped: 0.0000872 seconds, Stopping threads took: 0.0000294 seconds
2019-01-31T15:07:13.762-0200: 21700.562: Total time for which application threads were stopped: 0.0000802 seconds, Stopping threads took: 0.0000303 seconds
2019-01-31T15:07:13.762-0200: 21700.562: Total time for which application threads were stopped: 0.0000770 seconds, Stopping threads took: 0.0000280 seconds
{Heap before GC invocations=183 (full 1):
 par new generation   total 109248K, used 93786K [0x00000000e0000000, 0x00000000e8000000, 0x00000000e8000000)
  eden space 87424K, 100% used [0x00000000e0000000, 0x00000000e5560000, 0x00000000e5560000)
  from space 21824K,  29% used [0x00000000e6ab0000, 0x00000000e70e6ba0, 0x00000000e8000000)
  to   space 21824K,   0% used [0x00000000e5560000, 0x00000000e5560000, 0x00000000e6ab0000)
 concurrent mark-sweep generation total 393216K, used 70226K [0x00000000e8000000, 0x0000000100000000, 0x0000000100000000)
 Metaspace       used 38563K, capacity 39986K, committed 40240K, reserved 1085440K
  class space    used 4558K, capacity 4871K, committed 4912K, reserved 1048576K
2019-01-31T15:07:13.850-0200: 21700.650: [GC (Allocation Failure) 2019-01-31T15:07:13.850-0200: 21700.650: [ParNew
Desired survivor size 20112992 bytes, new threshold 8 (max 8)
- age   1:    1045784 bytes,    1045784 total
- age   2:     730552 bytes,    1776336 total
- age   3:     224640 bytes,    2000976 total
- age   4:     261808 bytes,    2262784 total
- age   5:     197072 bytes,    2459856 total
- age   6:     402544 bytes,    2862400 total
- age   7:     235296 bytes,    3097696 total
- age   8:     237072 bytes,    3334768 total
: 93786K->4157K(109248K), 0.0047738 secs] 164013K->74667K(502464K), 0.0048765 secs] [Times: user=0.00 sys=0.00, real=0.01 secs] 
Heap after GC invocations=184 (full 1):
 par new generation   total 109248K, used 4157K [0x00000000e0000000, 0x00000000e8000000, 0x00000000e8000000)
  eden space 87424K,   0% used [0x00000000e0000000, 0x00000000e0000000, 0x00000000e5560000)
  from space 21824K,  19% used [0x00000000e5560000, 0x00000000e596f788, 0x00000000e6ab0000)
  to   space 21824K,   0% used [0x00000000e6ab0000, 0x00000000e6ab0000, 0x00000000e8000000)
 concurrent mark-sweep generation total 393216K, used 70509K [0x00000000e8000000, 0x0000000100000000, 0x0000000100000000)
 Metaspace       used 38563K, capacity 39986K, committed 40240K, reserved 1085440K
  class space    used 4558K, capacity 4871K, committed 4912K, reserved 1048576K
}
2019-01-31T15:07:13.855-0200: 21700.655: Total time for which application threads were stopped: 0.0051288 seconds, Stopping threads took: 0.0000355 seconds
{Heap before GC invocations=184 (full 1):
 par new generation   total 109248K, used 91581K [0x00000000e0000000, 0x00000000e8000000, 0x00000000e8000000)
  eden space 87424K, 100% used [0x00000000e0000000, 0x00000000e5560000, 0x00000000e5560000)
  from space 21824K,  19% used [0x00000000e5560000, 0x00000000e596f788, 0x00000000e6ab0000)
  to   space 21824K,   0% used [0x00000000e6ab0000, 0x00000000e6ab0000, 0x00000000e8000000)
 concurrent mark-sweep generation total 393216K, used 70509K [0x00000000e8000000, 0x0000000100000000, 0x0000000100000000)
 Metaspace       used 38563K, capacity 39986K, committed 40240K, reserved 1085440K
  class space    used 4558K, capacity 4871K, committed 4912K, reserved 1048576K
2019-01-31T15:07:13.941-0200: 21700.742: [GC (Allocation Failure) 2019-01-31T15:07:13.941-0200: 21700.742: [ParNew
Desired survivor size 20112992 bytes, new threshold 8 (max 8)
- age   1:     536728 bytes,     536728 total
- age   2:     809400 bytes,    1346128 total
- age   3:     730552 bytes,    2076680 total
- age   4:     224640 bytes,    2301320 total
- age   5:     261808 bytes,    2563128 total
- age   6:     197072 bytes,    2760200 total
- age   7:     402544 bytes,    3162744 total
- age   8:     235296 bytes,    3398040 total
: 91581K->4731K(109248K), 0.0042900 secs] 162091K->75472K(502464K), 0.0044057 secs] [Times: user=0.00 sys=0.00, real=0.01 secs] 
Heap after GC invocations=185 (full 1):
 par new generation   total 109248K, used 4731K [0x00000000e0000000, 0x00000000e8000000, 0x00000000e8000000)
  eden space 87424K,   0% used [0x00000000e0000000, 0x00000000e0000000, 0x00000000e5560000)
  from space 21824K,  21% used [0x00000000e6ab0000, 0x00000000e6f4edb0, 0x00000000e8000000)
  to   space 21824K,   0% used [0x00000000e5560000, 0x00000000e5560000, 0x00000000e6ab0000)
 concurrent mark-sweep generation total 393216K, used 70741K [0x00000000e8000000, 0x0000000100000000, 0x0000000100000000)
 Metaspace       used 38563K, capacity 39986K, committed 40240K, reserved 1085440K
  class space    used 4558K, capacity 4871K, committed 4912K, reserved 1048576K
}
2019-01-31T15:07:13.946-0200: 21700.746: Total time for which application threads were stopped: 0.0046978 seconds, Stopping threads took: 0.0000383 seconds
{Heap before GC invocations=185 (full 1):
 par new generation   total 109248K, used 92155K [0x00000000e0000000, 0x00000000e8000000, 0x00000000e8000000)
  eden space 87424K, 100% used [0x00000000e0000000, 0x00000000e5560000, 0x00000000e5560000)
  from space 21824K,  21% used [0x00000000e6ab0000, 0x00000000e6f4edb0, 0x00000000e8000000)
  to   space 21824K,   0% used [0x00000000e5560000, 0x00000000e5560000, 0x00000000e6ab0000)
 concurrent mark-sweep generation total 393216K, used 70741K [0x00000000e8000000, 0x0000000100000000, 0x0000000100000000)
 Metaspace       used 38563K, capacity 39986K, committed 40240K, reserved 1085440K
  class space    used 4558K, capacity 4871K, committed 4912K, reserved 1048576K
2019-01-31T15:07:14.044-0200: 21700.844: [GC (Allocation Failure) 2019-01-31T15:07:14.044-0200: 21700.844: [ParNew
Desired survivor size 20112992 bytes, new threshold 8 (max 8)
- age   1:     549800 bytes,     549800 total
- age   2:     322256 bytes,     872056 total
- age   3:     809128 bytes,    1681184 total
- age   4:     730552 bytes,    2411736 total
- age   5:     224640 bytes,    2636376 total
- age   6:     261808 bytes,    2898184 total
- age   7:     197072 bytes,    3095256 total
- age   8:     402544 bytes,    3497800 total
: 92155K->4763K(109248K), 0.0041576 secs] 162896K->75734K(502464K), 0.0042583 secs] [Times: user=0.00 sys=0.00, real=0.00 secs] 
Heap after GC invocations=186 (full 1):
 par new generation   total 109248K, used 4763K [0x00000000e0000000, 0x00000000e8000000, 0x00000000e8000000)
  eden space 87424K,   0% used [0x00000000e0000000, 0x00000000e0000000, 0x00000000e5560000)
  from space 21824K,  21% used [0x00000000e5560000, 0x00000000e5a06c88, 0x00000000e6ab0000)
  to   space 21824K,   0% used [0x00000000e6ab0000, 0x00000000e6ab0000, 0x00000000e8000000)
 concurrent mark-sweep generation total 393216K, used 70971K [0x00000000e8000000, 0x0000000100000000, 0x0000000100000000)
 Metaspace       used 38563K, capacity 39986K, committed 40240K, reserved 1085440K
  class space    used 4558K, capacity 4871K, committed 4912K, reserved 1048576K
}
2019-01-31T15:07:14.048-0200: 21700.849: Total time for which application threads were stopped: 0.0045266 seconds, Stopping threads took: 0.0000387 seconds
{Heap before GC invocations=186 (full 1):
 par new generation   total 109248K, used 92187K [0x00000000e0000000, 0x00000000e8000000, 0x00000000e8000000)
  eden space 87424K, 100% used [0x00000000e0000000, 0x00000000e5560000, 0x00000000e5560000)
  from space 21824K,  21% used [0x00000000e5560000, 0x00000000e5a06c88, 0x00000000e6ab0000)
  to   space 21824K,   0% used [0x00000000e6ab0000, 0x00000000e6ab0000, 0x00000000e8000000)
 concurrent mark-sweep generation total 393216K, used 70971K [0x00000000e8000000, 0x0000000100000000, 0x0000000100000000)
 Metaspace       used 38563K, capacity 39986K, committed 40240K, reserved 1085440K
  class space    used 4558K, capacity 4871K, committed 4912K, reserved 1048576K
2019-01-31T15:07:14.145-0200: 21700.945: [GC (Allocation Failure) 2019-01-31T15:07:14.145-0200: 21700.945: [ParNew
Desired survivor size 20112992 bytes, new threshold 8 (max 8)
- age   1:     457288 bytes,     457288 total
- age   2:     325920 bytes,     783208 total
- age   3:     321640 bytes,    1104848 total
- age   4:     841832 bytes,    1946680 total
- age   5:     730552 bytes,    2677232 total
- age   6:     224640 bytes,    2901872 total
- age   7:     261808 bytes,    3163680 total
- age   8:     197072 bytes,    3360752 total
: 92187K->4329K(109248K), 0.0043101 secs] 163158K->75694K(502464K), 0.0044141 secs] [Times: user=0.00 sys=0.00, real=0.00 secs] 
Heap after GC invocations=187 (full 1):
 par new generation   total 109248K, used 4329K [0x00000000e0000000, 0x00000000e8000000, 0x00000000e8000000)
  eden space 87424K,   0% used [0x00000000e0000000, 0x00000000e0000000, 0x00000000e5560000)
  from space 21824K,  19% used [0x00000000e6ab0000, 0x00000000e6eea760, 0x00000000e8000000)
  to   space 21824K,   0% used [0x00000000e5560000, 0x00000000e5560000, 0x00000000e6ab0000)
 concurrent mark-sweep generation total 393216K, used 71364K [0x00000000e8000000, 0x0000000100000000, 0x0000000100000000)
 Metaspace       used 38563K, capacity 39986K, committed 40240K, reserved 1085440K
  class space    used 4558K, capacity 4871K, committed 4912K, reserved 1048576K
}
2019-01-31T15:07:14.149-0200: 21700.950: Total time for which application threads were stopped: 0.0046712 seconds, Stopping threads took: 0.0000392 seconds
2019-01-31T15:07:14.258-0200: 21701.059: Total time for which application threads were stopped: 0.0001628 seconds, Stopping threads took: 0.0000448 seconds
{Heap before GC invocations=187 (full 1):
 par new generation   total 109248K, used 91498K [0x00000000e0000000, 0x00000000e8000000, 0x00000000e8000000)
  eden space 87424K,  99% used [0x00000000e0000000, 0x00000000e5520488, 0x00000000e5560000)
  from space 21824K,  19% used [0x00000000e6ab0000, 0x00000000e6eea760, 0x00000000e8000000)
  to   space 21824K,   0% used [0x00000000e5560000, 0x00000000e5560000, 0x00000000e6ab0000)
 concurrent mark-sweep generation total 393216K, used 71364K [0x00000000e8000000, 0x0000000100000000, 0x0000000100000000)
 Metaspace       used 38563K, capacity 39986K, committed 40240K, reserved 1085440K
  class space    used 4558K, capacity 4871K, committed 4912K, reserved 1048576K
2019-01-31T15:07:14.260-0200: 21701.061: [GC (Allocation Failure) 2019-01-31T15:07:14.260-0200: 21701.061: [ParNew
Desired survivor size 20112992 bytes, new threshold 8 (max 8)
- age   1:     977504 bytes,     977504 total
- age   2:     219696 bytes,    1197200 total
- age   3:     325536 bytes,    1522736 total
- age   4:     319688 bytes,    1842424 total
- age   5:     735504 bytes,    2577928 total
- age   6:     730552 bytes,    3308480 total
- age   7:     224640 bytes,    3533120 total
- age   8:     261808 bytes,    3794928 total
: 91498K->5118K(109248K), 0.0049492 secs] 162863K->76675K(502464K), 0.0050463 secs] [Times: user=0.00 sys=0.00, real=0.01 secs] 
Heap after GC invocations=188 (full 1):
 par new generation   total 109248K, used 5118K [0x00000000e0000000, 0x00000000e8000000, 0x00000000e8000000)
  eden space 87424K,   0% used [0x00000000e0000000, 0x00000000e0000000, 0x00000000e5560000)
  from space 21824K,  23% used [0x00000000e5560000, 0x00000000e5a5f908, 0x00000000e6ab0000)
  to   space 21824K,   0% used [0x00000000e6ab0000, 0x00000000e6ab0000, 0x00000000e8000000)
 concurrent mark-sweep generation total 393216K, used 71556K [0x00000000e8000000, 0x0000000100000000, 0x0000000100000000)
 Metaspace       used 38563K, capacity 39986K, committed 40240K, reserved 1085440K
  class space    used 4558K, capacity 4871K, committed 4912K, reserved 1048576K
}
2019-01-31T15:07:14.265-0200: 21701.066: Total time for which application threads were stopped: 0.0052870 seconds, Stopping threads took: 0.0000313 seconds
2019-01-31T15:07:14.266-0200: 21701.067: Total time for which application threads were stopped: 0.0001465 seconds, Stopping threads took: 0.0000355 seconds
2019-01-31T15:07:14.266-0200: 21701.067: Total time for which application threads were stopped: 0.0001194 seconds, Stopping threads took: 0.0000285 seconds
2019-01-31T15:07:14.507-0200: 21701.308: Total time for which application threads were stopped: 0.0001693 seconds, Stopping threads took: 0.0000872 seconds
2019-01-31T15:07:14.507-0200: 21701.309: Total time for which application threads were stopped: 0.0001922 seconds, Stopping threads took: 0.0001096 seconds
2019-01-31T15:07:14.508-0200: 21701.309: Total time for which application threads were stopped: 0.0000886 seconds, Stopping threads took: 0.0000308 seconds
2019-01-31T15:07:14.509-0200: 21701.310: Total time for which application threads were stopped: 0.0000854 seconds, Stopping threads took: 0.0000215 seconds
2019-01-31T15:07:14.640-0200: 21701.441: Total time for which application threads were stopped: 0.0001269 seconds, Stopping threads took: 0.0000443 seconds
2019-01-31T15:07:14.642-0200: 21701.443: Total time for which application threads were stopped: 0.0001171 seconds, Stopping threads took: 0.0000369 seconds
2019-01-31T15:07:14.670-0200: 21701.471: Total time for which application threads were stopped: 0.0001544 seconds, Stopping threads took: 0.0000630 seconds
2019-01-31T15:07:14.670-0200: 21701.471: Total time for which application threads were stopped: 0.0001120 seconds, Stopping threads took: 0.0000611 seconds
2019-01-31T15:07:14.670-0200: 21701.471: Total time for which application threads were stopped: 0.0000858 seconds, Stopping threads took: 0.0000397 seconds
2019-01-31T15:07:14.671-0200: 21701.472: Total time for which application threads were stopped: 0.0001031 seconds, Stopping threads took: 0.0000327 seconds
2019-01-31T15:07:14.671-0200: 21701.472: Total time for which application threads were stopped: 0.0000709 seconds, Stopping threads took: 0.0000219 seconds
2019-01-31T15:07:14.672-0200: 21701.473: Total time for which application threads were stopped: 0.0000760 seconds, Stopping threads took: 0.0000247 seconds
2019-01-31T15:07:14.672-0200: 21701.473: Total time for which application threads were stopped: 0.0000681 seconds, Stopping threads took: 0.0000205 seconds
{Heap before GC invocations=188 (full 1):
 par new generation   total 109248K, used 92542K [0x00000000e0000000, 0x00000000e8000000, 0x00000000e8000000)
  eden space 87424K, 100% used [0x00000000e0000000, 0x00000000e5560000, 0x00000000e5560000)
  from space 21824K,  23% used [0x00000000e5560000, 0x00000000e5a5f908, 0x00000000e6ab0000)
  to   space 21824K,   0% used [0x00000000e6ab0000, 0x00000000e6ab0000, 0x00000000e8000000)
 concurrent mark-sweep generation total 393216K, used 71556K [0x00000000e8000000, 0x0000000100000000, 0x0000000100000000)
 Metaspace       used 38581K, capacity 39986K, committed 40240K, reserved 1085440K
  class space    used 4558K, capacity 4871K, committed 4912K, reserved 1048576K
2019-01-31T15:07:14.794-0200: 21701.595: [GC (Allocation Failure) 2019-01-31T15:07:14.794-0200: 21701.595: [ParNew
Desired survivor size 20112992 bytes, new threshold 8 (max 8)
- age   1:    1058048 bytes,    1058048 total
- age   2:       1392 bytes,    1059440 total
- age   5:        136 bytes,    1059576 total
- age   6:     377376 bytes,    1436952 total
- age   7:     730552 bytes,    2167504 total
- age   8:     224640 bytes,    2392144 total
: 92542K->3506K(109248K), 0.0047076 secs] 164099K->75318K(502464K), 0.0048219 secs] [Times: user=0.00 sys=0.02, real=0.01 secs] 
Heap after GC invocations=189 (full 1):
 par new generation   total 109248K, used 3506K [0x00000000e0000000, 0x00000000e8000000, 0x00000000e8000000)
  eden space 87424K,   0% used [0x00000000e0000000, 0x00000000e0000000, 0x00000000e5560000)
  from space 21824K,  16% used [0x00000000e6ab0000, 0x00000000e6e1ca48, 0x00000000e8000000)
  to   space 21824K,   0% used [0x00000000e5560000, 0x00000000e5560000, 0x00000000e6ab0000)
 concurrent mark-sweep generation total 393216K, used 71812K [0x00000000e8000000, 0x0000000100000000, 0x0000000100000000)
 Metaspace       used 38581K, capacity 39986K, committed 40240K, reserved 1085440K
  class space    used 4558K, capacity 4871K, committed 4912K, reserved 1048576K
}
2019-01-31T15:07:14.799-0200: 21701.600: Total time for which application threads were stopped: 0.0050710 seconds, Stopping threads took: 0.0000350 seconds
{Heap before GC invocations=189 (full 1):
 par new generation   total 109248K, used 90930K [0x00000000e0000000, 0x00000000e8000000, 0x00000000e8000000)
  eden space 87424K, 100% used [0x00000000e0000000, 0x00000000e5560000, 0x00000000e5560000)
  from space 21824K,  16% used [0x00000000e6ab0000, 0x00000000e6e1ca48, 0x00000000e8000000)
  to   space 21824K,   0% used [0x00000000e5560000, 0x00000000e5560000, 0x00000000e6ab0000)
 concurrent mark-sweep generation total 393216K, used 71812K [0x00000000e8000000, 0x0000000100000000, 0x0000000100000000)
 Metaspace       used 38581K, capacity 39986K, committed 40240K, reserved 1085440K
  class space    used 4558K, capacity 4871K, committed 4912K, reserved 1048576K
2019-01-31T15:07:14.882-0200: 21701.683: [GC (Allocation Failure) 2019-01-31T15:07:14.882-0200: 21701.683: [ParNew
Desired survivor size 20112992 bytes, new threshold 8 (max 8)
- age   1:     495352 bytes,     495352 total
- age   2:     806568 bytes,    1301920 total
- age   3:       1392 bytes,    1303312 total
- age   6:        136 bytes,    1303448 total
- age   7:     376464 bytes,    1679912 total
- age   8:     730552 bytes,    2410464 total
: 90930K->2982K(109248K), 0.0046553 secs] 162742K->75014K(502464K), 0.0047524 secs] [Times: user=0.00 sys=0.00, real=0.01 secs] 
Heap after GC invocations=190 (full 1):
 par new generation   total 109248K, used 2982K [0x00000000e0000000, 0x00000000e8000000, 0x00000000e8000000)
  eden space 87424K,   0% used [0x00000000e0000000, 0x00000000e0000000, 0x00000000e5560000)
  from space 21824K,  13% used [0x00000000e5560000, 0x00000000e5849b68, 0x00000000e6ab0000)
  to   space 21824K,   0% used [0x00000000e6ab0000, 0x00000000e6ab0000, 0x00000000e8000000)
 concurrent mark-sweep generation total 393216K, used 72031K [0x00000000e8000000, 0x0000000100000000, 0x0000000100000000)
 Metaspace       used 38581K, capacity 39986K, committed 40240K, reserved 1085440K
  class space    used 4558K, capacity 4871K, committed 4912K, reserved 1048576K
}
2019-01-31T15:07:14.887-0200: 21701.688: Total time for which application threads were stopped: 0.0050010 seconds, Stopping threads took: 0.0000392 seconds
{Heap before GC invocations=190 (full 1):
 par new generation   total 109248K, used 90406K [0x00000000e0000000, 0x00000000e8000000, 0x00000000e8000000)
  eden space 87424K, 100% used [0x00000000e0000000, 0x00000000e5560000, 0x00000000e5560000)
  from space 21824K,  13% used [0x00000000e5560000, 0x00000000e5849b68, 0x00000000e6ab0000)
  to   space 21824K,   0% used [0x00000000e6ab0000, 0x00000000e6ab0000, 0x00000000e8000000)
 concurrent mark-sweep generation total 393216K, used 72031K [0x00000000e8000000, 0x0000000100000000, 0x0000000100000000)
 Metaspace       used 38581K, capacity 39986K, committed 40240K, reserved 1085440K
  class space    used 4558K, capacity 4871K, committed 4912K, reserved 1048576K
2019-01-31T15:07:14.965-0200: 21701.766: [GC (Allocation Failure) 2019-01-31T15:07:14.965-0200: 21701.766: [ParNew
Desired survivor size 20112992 bytes, new threshold 8 (max 8)
- age   1:     472912 bytes,     472912 total
- age   2:     312784 bytes,     785696 total
- age   3:     806328 bytes,    1592024 total
- age   4:       1392 bytes,    1593416 total
- age   7:        136 bytes,    1593552 total
- age   8:     376464 bytes,    1970016 total
: 90406K->2413K(109248K), 0.0042056 secs] 162438K->75158K(502464K), 0.0043036 secs] [Times: user=0.00 sys=0.00, real=0.00 secs] 
Heap after GC invocations=191 (full 1):
 par new generation   total 109248K, used 2413K [0x00000000e0000000, 0x00000000e8000000, 0x00000000e8000000)
  eden space 87424K,   0% used [0x00000000e0000000, 0x00000000e0000000, 0x00000000e5560000)
  from space 21824K,  11% used [0x00000000e6ab0000, 0x00000000e6d0b508, 0x00000000e8000000)
  to   space 21824K,   0% used [0x00000000e5560000, 0x00000000e5560000, 0x00000000e6ab0000)
 concurrent mark-sweep generation total 393216K, used 72745K [0x00000000e8000000, 0x0000000100000000, 0x0000000100000000)
 Metaspace       used 38581K, capacity 39986K, committed 40240K, reserved 1085440K
  class space    used 4558K, capacity 4871K, committed 4912K, reserved 1048576K
}
2019-01-31T15:07:14.969-0200: 21701.770: Total time for which application threads were stopped: 0.0045798 seconds, Stopping threads took: 0.0000406 seconds
{Heap before GC invocations=191 (full 1):
 par new generation   total 109248K, used 89837K [0x00000000e0000000, 0x00000000e8000000, 0x00000000e8000000)
  eden space 87424K, 100% used [0x00000000e0000000, 0x00000000e5560000, 0x00000000e5560000)
  from space 21824K,  11% used [0x00000000e6ab0000, 0x00000000e6d0b508, 0x00000000e8000000)
  to   space 21824K,   0% used [0x00000000e5560000, 0x00000000e5560000, 0x00000000e6ab0000)
 concurrent mark-sweep generation total 393216K, used 72745K [0x00000000e8000000, 0x0000000100000000, 0x0000000100000000)
 Metaspace       used 38581K, capacity 39986K, committed 40240K, reserved 1085440K
  class space    used 4558K, capacity 4871K, committed 4912K, reserved 1048576K
2019-01-31T15:07:15.082-0200: 21701.882: [GC (Allocation Failure) 2019-01-31T15:07:15.082-0200: 21701.882: [ParNew
Desired survivor size 20112992 bytes, new threshold 8 (max 8)
- age   1:     580712 bytes,     580712 total
- age   2:     267784 bytes,     848496 total
- age   3:     311264 bytes,    1159760 total
- age   4:     742496 bytes,    1902256 total
- age   5:       1392 bytes,    1903648 total
- age   8:        136 bytes,    1903784 total
: 89837K->2209K(109248K), 0.0036985 secs] 162582K->75323K(502464K), 0.0037713 secs] [Times: user=0.00 sys=0.00, real=0.00 secs] 
Heap after GC invocations=192 (full 1):
 par new generation   total 109248K, used 2209K [0x00000000e0000000, 0x00000000e8000000, 0x00000000e8000000)
  eden space 87424K,   0% used [0x00000000e0000000, 0x00000000e0000000, 0x00000000e5560000)
  from space 21824K,  10% used [0x00000000e5560000, 0x00000000e5788548, 0x00000000e6ab0000)
  to   space 21824K,   0% used [0x00000000e6ab0000, 0x00000000e6ab0000, 0x00000000e8000000)
 concurrent mark-sweep generation total 393216K, used 73114K [0x00000000e8000000, 0x0000000100000000, 0x0000000100000000)
 Metaspace       used 38581K, capacity 39986K, committed 40240K, reserved 1085440K
  class space    used 4558K, capacity 4871K, committed 4912K, reserved 1048576K
}
2019-01-31T15:07:15.085-0200: 21701.886: Total time for which application threads were stopped: 0.0040190 seconds, Stopping threads took: 0.0000327 seconds
2019-01-31T15:07:15.135-0200: 21701.936: Total time for which application threads were stopped: 0.0001078 seconds, Stopping threads took: 0.0000289 seconds
2019-01-31T15:07:15.137-0200: 21701.938: Total time for which application threads were stopped: 0.0002025 seconds, Stopping threads took: 0.0000392 seconds
2019-01-31T15:07:15.138-0200: 21701.938: Total time for which application threads were stopped: 0.0001801 seconds, Stopping threads took: 0.0000299 seconds
2019-01-31T15:07:15.358-0200: 21702.159: Total time for which application threads were stopped: 0.0002426 seconds, Stopping threads took: 0.0000303 seconds
2019-01-31T15:07:15.358-0200: 21702.159: Total time for which application threads were stopped: 0.0001456 seconds, Stopping threads took: 0.0000919 seconds
2019-01-31T15:07:15.359-0200: 21702.159: Total time for which application threads were stopped: 0.0000910 seconds, Stopping threads took: 0.0000392 seconds
2019-01-31T15:07:15.360-0200: 21702.161: Total time for which application threads were stopped: 0.0000802 seconds, Stopping threads took: 0.0000238 seconds
2019-01-31T15:07:15.447-0200: 21702.248: Total time for which application threads were stopped: 0.0003741 seconds, Stopping threads took: 0.0000373 seconds
2019-01-31T15:07:15.449-0200: 21702.250: Total time for which application threads were stopped: 0.0001474 seconds, Stopping threads took: 0.0000718 seconds
2019-01-31T15:07:15.475-0200: 21702.276: Total time for which application threads were stopped: 0.0001899 seconds, Stopping threads took: 0.0001012 seconds
2019-01-31T15:07:15.475-0200: 21702.276: Total time for which application threads were stopped: 0.0001404 seconds, Stopping threads took: 0.0000882 seconds
2019-01-31T15:07:15.475-0200: 21702.276: Total time for which application threads were stopped: 0.0000667 seconds, Stopping threads took: 0.0000215 seconds
2019-01-31T15:07:15.476-0200: 21702.277: Total time for which application threads were stopped: 0.0000681 seconds, Stopping threads took: 0.0000187 seconds
2019-01-31T15:07:15.476-0200: 21702.277: Total time for which application threads were stopped: 0.0000658 seconds, Stopping threads took: 0.0000187 seconds
2019-01-31T15:07:15.476-0200: 21702.277: Total time for which application threads were stopped: 0.0000634 seconds, Stopping threads took: 0.0000182 seconds
2019-01-31T15:07:15.477-0200: 21702.277: Total time for which application threads were stopped: 0.0001078 seconds, Stopping threads took: 0.0000578 seconds
{Heap before GC invocations=192 (full 1):
 par new generation   total 109248K, used 89633K [0x00000000e0000000, 0x00000000e8000000, 0x00000000e8000000)
  eden space 87424K, 100% used [0x00000000e0000000, 0x00000000e5560000, 0x00000000e5560000)
  from space 21824K,  10% used [0x00000000e5560000, 0x00000000e5788548, 0x00000000e6ab0000)
  to   space 21824K,   0% used [0x00000000e6ab0000, 0x00000000e6ab0000, 0x00000000e8000000)
 concurrent mark-sweep generation total 393216K, used 73114K [0x00000000e8000000, 0x0000000100000000, 0x0000000100000000)
 Metaspace       used 38592K, capacity 39986K, committed 40240K, reserved 1085440K
  class space    used 4558K, capacity 4871K, committed 4912K, reserved 1048576K
2019-01-31T15:07:15.549-0200: 21702.349: [GC (Allocation Failure) 2019-01-31T15:07:15.549-0200: 21702.349: [ParNew
Desired survivor size 20112992 bytes, new threshold 8 (max 8)
- age   1:     707824 bytes,     707824 total
- age   5:     182272 bytes,     890096 total
- age   6:       1144 bytes,     891240 total
: 89633K->1216K(109248K), 0.0045765 secs] 162747K->74330K(502464K), 0.0047673 secs] [Times: user=0.00 sys=0.00, real=0.00 secs] 
Heap after GC invocations=193 (full 1):
 par new generation   total 109248K, used 1216K [0x00000000e0000000, 0x00000000e8000000, 0x00000000e8000000)
  eden space 87424K,   0% used [0x00000000e0000000, 0x00000000e0000000, 0x00000000e5560000)
  from space 21824K,   5% used [0x00000000e6ab0000, 0x00000000e6be0210, 0x00000000e8000000)
  to   space 21824K,   0% used [0x00000000e5560000, 0x00000000e5560000, 0x00000000e6ab0000)
 concurrent mark-sweep generation total 393216K, used 73114K [0x00000000e8000000, 0x0000000100000000, 0x0000000100000000)
 Metaspace       used 38592K, capacity 39986K, committed 40240K, reserved 1085440K
  class space    used 4558K, capacity 4871K, committed 4912K, reserved 1048576K
}
2019-01-31T15:07:15.553-0200: 21702.354: Total time for which application threads were stopped: 0.0050621 seconds, Stopping threads took: 0.0000378 seconds
{Heap before GC invocations=193 (full 1):
 par new generation   total 109248K, used 88640K [0x00000000e0000000, 0x00000000e8000000, 0x00000000e8000000)
  eden space 87424K, 100% used [0x00000000e0000000, 0x00000000e5560000, 0x00000000e5560000)
  from space 21824K,   5% used [0x00000000e6ab0000, 0x00000000e6be0210, 0x00000000e8000000)
  to   space 21824K,   0% used [0x00000000e5560000, 0x00000000e5560000, 0x00000000e6ab0000)
 concurrent mark-sweep generation total 393216K, used 73114K [0x00000000e8000000, 0x0000000100000000, 0x0000000100000000)
 Metaspace       used 38592K, capacity 39986K, committed 40240K, reserved 1085440K
  class space    used 4558K, capacity 4871K, committed 4912K, reserved 1048576K
2019-01-31T15:07:15.637-0200: 21702.438: [GC (Allocation Failure) 2019-01-31T15:07:15.637-0200: 21702.438: [ParNew
Desired survivor size 20112992 bytes, new threshold 8 (max 8)
- age   1:     546336 bytes,     546336 total
- age   2:     577272 bytes,    1123608 total
- age   6:     181360 bytes,    1304968 total
- age   7:       1144 bytes,    1306112 total
: 88640K->1449K(109248K), 0.0046917 secs] 161754K->74563K(502464K), 0.0048438 secs] [Times: user=0.00 sys=0.00, real=0.00 secs] 
Heap after GC invocations=194 (full 1):
 par new generation   total 109248K, used 1449K [0x00000000e0000000, 0x00000000e8000000, 0x00000000e8000000)
  eden space 87424K,   0% used [0x00000000e0000000, 0x00000000e0000000, 0x00000000e5560000)
  from space 21824K,   6% used [0x00000000e5560000, 0x00000000e56ca588, 0x00000000e6ab0000)
  to   space 21824K,   0% used [0x00000000e6ab0000, 0x00000000e6ab0000, 0x00000000e8000000)
 concurrent mark-sweep generation total 393216K, used 73114K [0x00000000e8000000, 0x0000000100000000, 0x0000000100000000)
 Metaspace       used 38592K, capacity 39986K, committed 40240K, reserved 1085440K
  class space    used 4558K, capacity 4871K, committed 4912K, reserved 1048576K
}
2019-01-31T15:07:15.642-0200: 21702.442: Total time for which application threads were stopped: 0.0050948 seconds, Stopping threads took: 0.0000345 seconds
{Heap before GC invocations=194 (full 1):
 par new generation   total 109248K, used 88873K [0x00000000e0000000, 0x00000000e8000000, 0x00000000e8000000)
  eden space 87424K, 100% used [0x00000000e0000000, 0x00000000e5560000, 0x00000000e5560000)
  from space 21824K,   6% used [0x00000000e5560000, 0x00000000e56ca588, 0x00000000e6ab0000)
  to   space 21824K,   0% used [0x00000000e6ab0000, 0x00000000e6ab0000, 0x00000000e8000000)
 concurrent mark-sweep generation total 393216K, used 73114K [0x00000000e8000000, 0x0000000100000000, 0x0000000100000000)
 Metaspace       used 38592K, capacity 39986K, committed 40240K, reserved 1085440K
  class space    used 4558K, capacity 4871K, committed 4912K, reserved 1048576K
2019-01-31T15:07:15.721-0200: 21702.521: [GC (Allocation Failure) 2019-01-31T15:07:15.721-0200: 21702.521: [ParNew
Desired survivor size 20112992 bytes, new threshold 8 (max 8)
- age   1:     532200 bytes,     532200 total
- age   2:     342568 bytes,     874768 total
- age   3:     576840 bytes,    1451608 total
- age   7:     181360 bytes,    1632968 total
- age   8:       1144 bytes,    1634112 total
: 88873K->1927K(109248K), 0.0040983 secs] 161987K->75041K(502464K), 0.0041837 secs] [Times: user=0.00 sys=0.00, real=0.00 secs] 
Heap after GC invocations=195 (full 1):
 par new generation   total 109248K, used 1927K [0x00000000e0000000, 0x00000000e8000000, 0x00000000e8000000)
  eden space 87424K,   0% used [0x00000000e0000000, 0x00000000e0000000, 0x00000000e5560000)
  from space 21824K,   8% used [0x00000000e6ab0000, 0x00000000e6c91c10, 0x00000000e8000000)
  to   space 21824K,   0% used [0x00000000e5560000, 0x00000000e5560000, 0x00000000e6ab0000)
 concurrent mark-sweep generation total 393216K, used 73114K [0x00000000e8000000, 0x0000000100000000, 0x0000000100000000)
 Metaspace       used 38592K, capacity 39986K, committed 40240K, reserved 1085440K
  class space    used 4558K, capacity 4871K, committed 4912K, reserved 1048576K
}
2019-01-31T15:07:15.725-0200: 21702.526: Total time for which application threads were stopped: 0.0044235 seconds, Stopping threads took: 0.0000355 seconds
{Heap before GC invocations=195 (full 1):
 par new generation   total 109248K, used 89351K [0x00000000e0000000, 0x00000000e8000000, 0x00000000e8000000)
  eden space 87424K, 100% used [0x00000000e0000000, 0x00000000e5560000, 0x00000000e5560000)
  from space 21824K,   8% used [0x00000000e6ab0000, 0x00000000e6c91c10, 0x00000000e8000000)
  to   space 21824K,   0% used [0x00000000e5560000, 0x00000000e5560000, 0x00000000e6ab0000)
 concurrent mark-sweep generation total 393216K, used 73114K [0x00000000e8000000, 0x0000000100000000, 0x0000000100000000)
 Metaspace       used 38592K, capacity 39986K, committed 40240K, reserved 1085440K
  class space    used 4558K, capacity 4871K, committed 4912K, reserved 1048576K
2019-01-31T15:07:15.803-0200: 21702.603: [GC (Allocation Failure) 2019-01-31T15:07:15.803-0200: 21702.603: [ParNew
Desired survivor size 20112992 bytes, new threshold 8 (max 8)
- age   1:     469352 bytes,     469352 total
- age   2:     315152 bytes,     784504 total
- age   3:     342568 bytes,    1127072 total
- age   4:     576840 bytes,    1703912 total
- age   8:     181360 bytes,    1885272 total
: 89351K->2016K(109248K), 0.0045051 secs] 162465K->75131K(502464K), 0.0046717 secs] [Times: user=0.00 sys=0.00, real=0.01 secs] 
Heap after GC invocations=196 (full 1):
 par new generation   total 109248K, used 2016K [0x00000000e0000000, 0x00000000e8000000, 0x00000000e8000000)
  eden space 87424K,   0% used [0x00000000e0000000, 0x00000000e0000000, 0x00000000e5560000)
  from space 21824K,   9% used [0x00000000e5560000, 0x00000000e5758108, 0x00000000e6ab0000)
  to   space 21824K,   0% used [0x00000000e6ab0000, 0x00000000e6ab0000, 0x00000000e8000000)
 concurrent mark-sweep generation total 393216K, used 73115K [0x00000000e8000000, 0x0000000100000000, 0x0000000100000000)
 Metaspace       used 38592K, capacity 39986K, committed 40240K, reserved 1085440K
  class space    used 4558K, capacity 4871K, committed 4912K, reserved 1048576K
}
2019-01-31T15:07:15.808-0200: 21702.608: Total time for which application threads were stopped: 0.0049245 seconds, Stopping threads took: 0.0000406 seconds
{Heap before GC invocations=196 (full 1):
 par new generation   total 109248K, used 89440K [0x00000000e0000000, 0x00000000e8000000, 0x00000000e8000000)
  eden space 87424K, 100% used [0x00000000e0000000, 0x00000000e5560000, 0x00000000e5560000)
  from space 21824K,   9% used [0x00000000e5560000, 0x00000000e5758108, 0x00000000e6ab0000)
  to   space 21824K,   0% used [0x00000000e6ab0000, 0x00000000e6ab0000, 0x00000000e8000000)
 concurrent mark-sweep generation total 393216K, used 73115K [0x00000000e8000000, 0x0000000100000000, 0x0000000100000000)
 Metaspace       used 38592K, capacity 39986K, committed 40240K, reserved 1085440K
  class space    used 4558K, capacity 4871K, committed 4912K, reserved 1048576K
2019-01-31T15:07:15.900-0200: 21702.701: [GC (Allocation Failure) 2019-01-31T15:07:15.900-0200: 21702.701: [ParNew
Desired survivor size 20112992 bytes, new threshold 8 (max 8)
- age   1:     501360 bytes,     501360 total
- age   2:     235048 bytes,     736408 total
- age   3:     314064 bytes,    1050472 total
- age   4:     342568 bytes,    1393040 total
- age   5:     576784 bytes,    1969824 total
: 89440K->2248K(109248K), 0.0042546 secs] 162555K->75542K(502464K), 0.0043414 secs] [Times: user=0.00 sys=0.00, real=0.00 secs] 
Heap after GC invocations=197 (full 1):
 par new generation   total 109248K, used 2248K [0x00000000e0000000, 0x00000000e8000000, 0x00000000e8000000)
  eden space 87424K,   0% used [0x00000000e0000000, 0x00000000e0000000, 0x00000000e5560000)
  from space 21824K,  10% used [0x00000000e6ab0000, 0x00000000e6ce2260, 0x00000000e8000000)
  to   space 21824K,   0% used [0x00000000e5560000, 0x00000000e5560000, 0x00000000e6ab0000)
 concurrent mark-sweep generation total 393216K, used 73293K [0x00000000e8000000, 0x0000000100000000, 0x0000000100000000)
 Metaspace       used 38592K, capacity 39986K, committed 40240K, reserved 1085440K
  class space    used 4558K, capacity 4871K, committed 4912K, reserved 1048576K
}
2019-01-31T15:07:15.905-0200: 21702.705: Total time for which application threads were stopped: 0.0045849 seconds, Stopping threads took: 0.0000336 seconds
2019-01-31T15:07:15.921-0200: 21702.722: Total time for which application threads were stopped: 0.0002515 seconds, Stopping threads took: 0.0000331 seconds
2019-01-31T15:07:15.923-0200: 21702.723: Total time for which application threads were stopped: 0.0000709 seconds, Stopping threads took: 0.0000205 seconds
2019-01-31T15:07:15.923-0200: 21702.723: Total time for which application threads were stopped: 0.0000849 seconds, Stopping threads took: 0.0000331 seconds
2019-01-31T15:07:16.097-0200: 21702.897: Total time for which application threads were stopped: 0.0001306 seconds, Stopping threads took: 0.0000401 seconds
2019-01-31T15:07:16.097-0200: 21702.897: Total time for which application threads were stopped: 0.0001269 seconds, Stopping threads took: 0.0000676 seconds
2019-01-31T15:07:16.097-0200: 21702.898: Total time for which application threads were stopped: 0.0003140 seconds, Stopping threads took: 0.0000746 seconds
2019-01-31T15:07:16.201-0200: 21703.002: Total time for which application threads were stopped: 0.0002249 seconds, Stopping threads took: 0.0001236 seconds
2019-01-31T15:07:16.202-0200: 21703.002: Total time for which application threads were stopped: 0.0000737 seconds, Stopping threads took: 0.0000224 seconds
2019-01-31T15:07:16.202-0200: 21703.002: Total time for which application threads were stopped: 0.0000686 seconds, Stopping threads took: 0.0000219 seconds
2019-01-31T15:07:16.203-0200: 21703.003: Total time for which application threads were stopped: 0.0000742 seconds, Stopping threads took: 0.0000191 seconds
2019-01-31T15:07:16.203-0200: 21703.003: Total time for which application threads were stopped: 0.0000616 seconds, Stopping threads took: 0.0000163 seconds
{Heap before GC invocations=197 (full 1):
 par new generation   total 109248K, used 89672K [0x00000000e0000000, 0x00000000e8000000, 0x00000000e8000000)
  eden space 87424K, 100% used [0x00000000e0000000, 0x00000000e5560000, 0x00000000e5560000)
  from space 21824K,  10% used [0x00000000e6ab0000, 0x00000000e6ce2260, 0x00000000e8000000)
  to   space 21824K,   0% used [0x00000000e5560000, 0x00000000e5560000, 0x00000000e6ab0000)
 concurrent mark-sweep generation total 393216K, used 73293K [0x00000000e8000000, 0x0000000100000000, 0x0000000100000000)
 Metaspace       used 38607K, capacity 40114K, committed 40240K, reserved 1085440K
  class space    used 4558K, capacity 4871K, committed 4912K, reserved 1048576K
2019-01-31T15:07:16.321-0200: 21703.123: [GC (Allocation Failure) 2019-01-31T15:07:16.321-0200: 21703.123: [ParNew
Desired survivor size 20112992 bytes, new threshold 8 (max 8)
- age   1:     915656 bytes,     915656 total
- age   6:     180296 bytes,    1095952 total
: 89672K->1839K(109248K), 0.0039360 secs] 162966K->75133K(502464K), 0.0041067 secs] [Times: user=0.00 sys=0.00, real=0.00 secs] 
Heap after GC invocations=198 (full 1):
 par new generation   total 109248K, used 1839K [0x00000000e0000000, 0x00000000e8000000, 0x00000000e8000000)
  eden space 87424K,   0% used [0x00000000e0000000, 0x00000000e0000000, 0x00000000e5560000)
  from space 21824K,   8% used [0x00000000e5560000, 0x00000000e572bff0, 0x00000000e6ab0000)
  to   space 21824K,   0% used [0x00000000e6ab0000, 0x00000000e6ab0000, 0x00000000e8000000)
 concurrent mark-sweep generation total 393216K, used 73293K [0x00000000e8000000, 0x0000000100000000, 0x0000000100000000)
 Metaspace       used 38607K, capacity 40114K, committed 40240K, reserved 1085440K
  class space    used 4558K, capacity 4871K, committed 4912K, reserved 1048576K
}
2019-01-31T15:07:16.326-0200: 21703.127: Total time for which application threads were stopped: 0.0043768 seconds, Stopping threads took: 0.0000453 seconds
{Heap before GC invocations=198 (full 1):
 par new generation   total 109248K, used 89263K [0x00000000e0000000, 0x00000000e8000000, 0x00000000e8000000)
  eden space 87424K, 100% used [0x00000000e0000000, 0x00000000e5560000, 0x00000000e5560000)
  from space 21824K,   8% used [0x00000000e5560000, 0x00000000e572bff0, 0x00000000e6ab0000)
  to   space 21824K,   0% used [0x00000000e6ab0000, 0x00000000e6ab0000, 0x00000000e8000000)
 concurrent mark-sweep generation total 393216K, used 73293K [0x00000000e8000000, 0x0000000100000000, 0x0000000100000000)
 Metaspace       used 38607K, capacity 40114K, committed 40240K, reserved 1085440K
  class space    used 4558K, capacity 4871K, committed 4912K, reserved 1048576K
2019-01-31T15:07:16.423-0200: 21703.224: [GC (Allocation Failure) 2019-01-31T15:07:16.423-0200: 21703.224: [ParNew
Desired survivor size 20112992 bytes, new threshold 8 (max 8)
- age   1:     635816 bytes,     635816 total
- age   2:     693264 bytes,    1329080 total
- age   7:     179384 bytes,    1508464 total
: 89263K->1705K(109248K), 0.0052847 secs] 162557K->74999K(502464K), 0.0055100 secs] [Times: user=0.00 sys=0.00, real=0.00 secs] 
Heap after GC invocations=199 (full 1):
 par new generation   total 109248K, used 1705K [0x00000000e0000000, 0x00000000e8000000, 0x00000000e8000000)
  eden space 87424K,   0% used [0x00000000e0000000, 0x00000000e0000000, 0x00000000e5560000)
  from space 21824K,   7% used [0x00000000e6ab0000, 0x00000000e6c5a780, 0x00000000e8000000)
  to   space 21824K,   0% used [0x00000000e5560000, 0x00000000e5560000, 0x00000000e6ab0000)
 concurrent mark-sweep generation total 393216K, used 73293K [0x00000000e8000000, 0x0000000100000000, 0x0000000100000000)
 Metaspace       used 38607K, capacity 40114K, committed 40240K, reserved 1085440K
  class space    used 4558K, capacity 4871K, committed 4912K, reserved 1048576K
}
2019-01-31T15:07:16.428-0200: 21703.229: Total time for which application threads were stopped: 0.0060110 seconds, Stopping threads took: 0.0000467 seconds
{Heap before GC invocations=199 (full 1):
 par new generation   total 109248K, used 89129K [0x00000000e0000000, 0x00000000e8000000, 0x00000000e8000000)
  eden space 87424K, 100% used [0x00000000e0000000, 0x00000000e5560000, 0x00000000e5560000)
  from space 21824K,   7% used [0x00000000e6ab0000, 0x00000000e6c5a780, 0x00000000e8000000)
  to   space 21824K,   0% used [0x00000000e5560000, 0x00000000e5560000, 0x00000000e6ab0000)
 concurrent mark-sweep generation total 393216K, used 73293K [0x00000000e8000000, 0x0000000100000000, 0x0000000100000000)
 Metaspace       used 38607K, capacity 40114K, committed 40240K, reserved 1085440K
  class space    used 4558K, capacity 4871K, committed 4912K, reserved 1048576K
2019-01-31T15:07:16.524-0200: 21703.326: [GC (Allocation Failure) 2019-01-31T15:07:16.525-0200: 21703.326: [ParNew
Desired survivor size 20112992 bytes, new threshold 8 (max 8)
- age   1:     499048 bytes,     499048 total
- age   2:     432480 bytes,     931528 total
- age   3:     693072 bytes,    1624600 total
- age   8:     179384 bytes,    1803984 total
: 89129K->2187K(109248K), 0.0046759 secs] 162423K->75481K(502464K), 0.0047589 secs] [Times: user=0.00 sys=0.00, real=0.01 secs] 
Heap after GC invocations=200 (full 1):
 par new generation   total 109248K, used 2187K [0x00000000e0000000, 0x00000000e8000000, 0x00000000e8000000)
  eden space 87424K,   0% used [0x00000000e0000000, 0x00000000e0000000, 0x00000000e5560000)
  from space 21824K,  10% used [0x00000000e5560000, 0x00000000e5782d60, 0x00000000e6ab0000)
  to   space 21824K,   0% used [0x00000000e6ab0000, 0x00000000e6ab0000, 0x00000000e8000000)
 concurrent mark-sweep generation total 393216K, used 73293K [0x00000000e8000000, 0x0000000100000000, 0x0000000100000000)
 Metaspace       used 38607K, capacity 40114K, committed 40240K, reserved 1085440K
  class space    used 4558K, capacity 4871K, committed 4912K, reserved 1048576K
}
2019-01-31T15:07:16.529-0200: 21703.330: Total time for which application threads were stopped: 0.0050108 seconds, Stopping threads took: 0.0000331 seconds
{Heap before GC invocations=200 (full 1):
 par new generation   total 109248K, used 89611K [0x00000000e0000000, 0x00000000e8000000, 0x00000000e8000000)
  eden space 87424K, 100% used [0x00000000e0000000, 0x00000000e5560000, 0x00000000e5560000)
  from space 21824K,  10% used [0x00000000e5560000, 0x00000000e5782d60, 0x00000000e6ab0000)
  to   space 21824K,   0% used [0x00000000e6ab0000, 0x00000000e6ab0000, 0x00000000e8000000)
 concurrent mark-sweep generation total 393216K, used 73293K [0x00000000e8000000, 0x0000000100000000, 0x0000000100000000)
 Metaspace       used 38607K, capacity 40114K, committed 40240K, reserved 1085440K
  class space    used 4558K, capacity 4871K, committed 4912K, reserved 1048576K
2019-01-31T15:07:16.608-0200: 21703.409: [GC (Allocation Failure) 2019-01-31T15:07:16.608-0200: 21703.410: [ParNew
Desired survivor size 20112992 bytes, new threshold 8 (max 8)
- age   1:     456504 bytes,     456504 total
- age   2:     246432 bytes,     702936 total
- age   3:     431392 bytes,    1134328 total
- age   4:     725800 bytes,    1860128 total
: 89611K->2424K(109248K), 0.0051802 secs] 162905K->75894K(502464K), 0.0052805 secs] [Times: user=0.06 sys=0.00, real=0.01 secs] 
Heap after GC invocations=201 (full 1):
 par new generation   total 109248K, used 2424K [0x00000000e0000000, 0x00000000e8000000, 0x00000000e8000000)
  eden space 87424K,   0% used [0x00000000e0000000, 0x00000000e0000000, 0x00000000e5560000)
  from space 21824K,  11% used [0x00000000e6ab0000, 0x00000000e6d0e030, 0x00000000e8000000)
  to   space 21824K,   0% used [0x00000000e5560000, 0x00000000e5560000, 0x00000000e6ab0000)
 concurrent mark-sweep generation total 393216K, used 73470K [0x00000000e8000000, 0x0000000100000000, 0x0000000100000000)
 Metaspace       used 38607K, capacity 40114K, committed 40240K, reserved 1085440K
  class space    used 4558K, capacity 4871K, committed 4912K, reserved 1048576K
}
2019-01-31T15:07:16.614-0200: 21703.415: Total time for which application threads were stopped: 0.0055263 seconds, Stopping threads took: 0.0000355 seconds
2019-01-31T15:07:16.663-0200: 21703.464: Total time for which application threads were stopped: 0.0001152 seconds, Stopping threads took: 0.0000289 seconds
2019-01-31T15:07:16.664-0200: 21703.465: Total time for which application threads were stopped: 0.0001325 seconds, Stopping threads took: 0.0000793 seconds
2019-01-31T15:07:16.665-0200: 21703.466: Total time for which application threads were stopped: 0.0000732 seconds, Stopping threads took: 0.0000224 seconds
2019-01-31T15:07:16.846-0200: 21703.647: Total time for which application threads were stopped: 0.0001227 seconds, Stopping threads took: 0.0000378 seconds
2019-01-31T15:07:16.846-0200: 21703.647: Total time for which application threads were stopped: 0.0000746 seconds, Stopping threads took: 0.0000257 seconds
2019-01-31T15:07:16.847-0200: 21703.647: Total time for which application threads were stopped: 0.0001213 seconds, Stopping threads took: 0.0000700 seconds
2019-01-31T15:07:16.848-0200: 21703.649: Total time for which application threads were stopped: 0.0001768 seconds, Stopping threads took: 0.0000872 seconds
2019-01-31T15:07:16.913-0200: 21703.714: Total time for which application threads were stopped: 0.0002011 seconds, Stopping threads took: 0.0000564 seconds
2019-01-31T15:07:16.913-0200: 21703.714: Total time for which application threads were stopped: 0.0001386 seconds, Stopping threads took: 0.0000411 seconds
2019-01-31T15:07:16.914-0200: 21703.715: Total time for which application threads were stopped: 0.0001386 seconds, Stopping threads took: 0.0000429 seconds
2019-01-31T15:07:16.923-0200: 21703.724: Total time for which application threads were stopped: 0.0001227 seconds, Stopping threads took: 0.0000331 seconds
2019-01-31T15:07:16.924-0200: 21703.724: Total time for which application threads were stopped: 0.0000639 seconds, Stopping threads took: 0.0000159 seconds
2019-01-31T15:07:16.995-0200: 21703.795: Total time for which application threads were stopped: 0.0001330 seconds, Stopping threads took: 0.0000471 seconds
2019-01-31T15:07:16.996-0200: 21703.797: Total time for which application threads were stopped: 0.0001539 seconds, Stopping threads took: 0.0000518 seconds
2019-01-31T15:07:16.996-0200: 21703.797: Total time for which application threads were stopped: 0.0000728 seconds, Stopping threads took: 0.0000275 seconds
2019-01-31T15:07:17.151-0200: 21703.952: Total time for which application threads were stopped: 0.0001325 seconds, Stopping threads took: 0.0000350 seconds
2019-01-31T15:07:17.152-0200: 21703.952: Total time for which application threads were stopped: 0.0000961 seconds, Stopping threads took: 0.0000224 seconds
2019-01-31T15:07:17.152-0200: 21703.953: Total time for which application threads were stopped: 0.0001003 seconds, Stopping threads took: 0.0000336 seconds
2019-01-31T15:07:17.152-0200: 21703.953: Total time for which application threads were stopped: 0.0000938 seconds, Stopping threads took: 0.0000355 seconds
{Heap before GC invocations=201 (full 1):
 par new generation   total 109248K, used 89848K [0x00000000e0000000, 0x00000000e8000000, 0x00000000e8000000)
  eden space 87424K, 100% used [0x00000000e0000000, 0x00000000e5560000, 0x00000000e5560000)
  from space 21824K,  11% used [0x00000000e6ab0000, 0x00000000e6d0e030, 0x00000000e8000000)
  to   space 21824K,   0% used [0x00000000e5560000, 0x00000000e5560000, 0x00000000e6ab0000)
 concurrent mark-sweep generation total 393216K, used 73470K [0x00000000e8000000, 0x0000000100000000, 0x0000000100000000)
 Metaspace       used 38630K, capacity 40182K, committed 40240K, reserved 1085440K
  class space    used 4558K, capacity 4871K, committed 4912K, reserved 1048576K
2019-01-31T15:07:35.676-0200: 21722.477: [GC (Allocation Failure) 2019-01-31T15:07:35.676-0200: 21722.477: [ParNew
Desired survivor size 20112992 bytes, new threshold 8 (max 8)
- age   1:    1940080 bytes,    1940080 total
- age   4:         80 bytes,    1940160 total
- age   5:     183704 bytes,    2123864 total
: 89848K->2274K(109248K), 0.0048928 secs] 163318K->75744K(502464K), 0.0049702 secs] [Times: user=0.00 sys=0.00, real=0.00 secs] 
Heap after GC invocations=202 (full 1):
 par new generation   total 109248K, used 2274K [0x00000000e0000000, 0x00000000e8000000, 0x00000000e8000000)
  eden space 87424K,   0% used [0x00000000e0000000, 0x00000000e0000000, 0x00000000e5560000)
  from space 21824K,  10% used [0x00000000e5560000, 0x00000000e57988f0, 0x00000000e6ab0000)
  to   space 21824K,   0% used [0x00000000e6ab0000, 0x00000000e6ab0000, 0x00000000e8000000)
 concurrent mark-sweep generation total 393216K, used 73470K [0x00000000e8000000, 0x0000000100000000, 0x0000000100000000)
 Metaspace       used 38630K, capacity 40182K, committed 40240K, reserved 1085440K
  class space    used 4558K, capacity 4871K, committed 4912K, reserved 1048576K
}
2019-01-31T15:07:35.681-0200: 21722.482: Total time for which application threads were stopped: 0.0054727 seconds, Stopping threads took: 0.0000411 seconds
2019-01-31T15:08:05.470-0200: 21752.271: Total time for which application threads were stopped: 0.0001386 seconds, Stopping threads took: 0.0000499 seconds
2019-01-31T15:08:05.471-0200: 21752.271: Total time for which application threads were stopped: 0.0001236 seconds, Stopping threads took: 0.0000285 seconds
2019-01-31T15:10:00.663-0200: 21867.464: Total time for which application threads were stopped: 0.0001236 seconds, Stopping threads took: 0.0000355 seconds
2019-01-31T15:10:00.664-0200: 21867.464: Total time for which application threads were stopped: 0.0001264 seconds, Stopping threads took: 0.0000676 seconds
2019-01-31T15:10:00.664-0200: 21867.464: Total time for which application threads were stopped: 0.0001264 seconds, Stopping threads took: 0.0000704 seconds
2019-01-31T15:10:00.665-0200: 21867.465: Total time for which application threads were stopped: 0.0000788 seconds, Stopping threads took: 0.0000215 seconds
2019-01-31T15:10:00.665-0200: 21867.465: Total time for which application threads were stopped: 0.0000620 seconds, Stopping threads took: 0.0000168 seconds
{Heap before GC invocations=202 (full 1):
 par new generation   total 109248K, used 89698K [0x00000000e0000000, 0x00000000e8000000, 0x00000000e8000000)
  eden space 87424K, 100% used [0x00000000e0000000, 0x00000000e5560000, 0x00000000e5560000)
  from space 21824K,  10% used [0x00000000e5560000, 0x00000000e57988f0, 0x00000000e6ab0000)
  to   space 21824K,   0% used [0x00000000e6ab0000, 0x00000000e6ab0000, 0x00000000e8000000)
 concurrent mark-sweep generation total 393216K, used 73470K [0x00000000e8000000, 0x0000000100000000, 0x0000000100000000)
 Metaspace       used 38633K, capacity 40182K, committed 40240K, reserved 1085440K
  class space    used 4558K, capacity 4871K, committed 4912K, reserved 1048576K
2019-01-31T15:10:00.917-0200: 21867.718: [GC (Allocation Failure) 2019-01-31T15:10:00.917-0200: 21867.718: [ParNew
Desired survivor size 20112992 bytes, new threshold 8 (max 8)
- age   1:    1290440 bytes,    1290440 total
- age   2:    1870752 bytes,    3161192 total
- age   5:         80 bytes,    3161272 total
- age   6:     182664 bytes,    3343936 total
: 89698K->3367K(109248K), 0.0041450 secs] 163168K->76837K(502464K), 0.0042266 secs] [Times: user=0.00 sys=0.00, real=0.00 secs] 
Heap after GC invocations=203 (full 1):
 par new generation   total 109248K, used 3367K [0x00000000e0000000, 0x00000000e8000000, 0x00000000e8000000)
  eden space 87424K,   0% used [0x00000000e0000000, 0x00000000e0000000, 0x00000000e5560000)
  from space 21824K,  15% used [0x00000000e6ab0000, 0x00000000e6df9cf8, 0x00000000e8000000)
  to   space 21824K,   0% used [0x00000000e5560000, 0x00000000e5560000, 0x00000000e6ab0000)
 concurrent mark-sweep generation total 393216K, used 73470K [0x00000000e8000000, 0x0000000100000000, 0x0000000100000000)
 Metaspace       used 38633K, capacity 40182K, committed 40240K, reserved 1085440K
  class space    used 4558K, capacity 4871K, committed 4912K, reserved 1048576K
}
2019-01-31T15:10:00.922-0200: 21867.722: Total time for which application threads were stopped: 0.0044678 seconds, Stopping threads took: 0.0000317 seconds
2019-01-31T15:10:00.922-0200: 21867.723: Total time for which application threads were stopped: 0.0004758 seconds, Stopping threads took: 0.0000583 seconds
{Heap before GC invocations=203 (full 1):
 par new generation   total 109248K, used 90791K [0x00000000e0000000, 0x00000000e8000000, 0x00000000e8000000)
  eden space 87424K, 100% used [0x00000000e0000000, 0x00000000e5560000, 0x00000000e5560000)
  from space 21824K,  15% used [0x00000000e6ab0000, 0x00000000e6df9cf8, 0x00000000e8000000)
  to   space 21824K,   0% used [0x00000000e5560000, 0x00000000e5560000, 0x00000000e6ab0000)
 concurrent mark-sweep generation total 393216K, used 73470K [0x00000000e8000000, 0x0000000100000000, 0x0000000100000000)
 Metaspace       used 38633K, capacity 40182K, committed 40240K, reserved 1085440K
  class space    used 4558K, capacity 4871K, committed 4912K, reserved 1048576K
2019-01-31T15:10:01.028-0200: 21867.829: [GC (Allocation Failure) 2019-01-31T15:10:01.028-0200: 21867.829: [ParNew
Desired survivor size 20112992 bytes, new threshold 8 (max 8)
- age   1:     621384 bytes,     621384 total
- age   2:    1086072 bytes,    1707456 total
- age   3:    1870752 bytes,    3578208 total
- age   6:         80 bytes,    3578288 total
- age   7:     182664 bytes,    3760952 total
: 90791K->4001K(109248K), 0.0048009 secs] 164261K->77471K(502464K), 0.0048956 secs] [Times: user=0.03 sys=0.00, real=0.00 secs] 
Heap after GC invocations=204 (full 1):
 par new generation   total 109248K, used 4001K [0x00000000e0000000, 0x00000000e8000000, 0x00000000e8000000)
  eden space 87424K,   0% used [0x00000000e0000000, 0x00000000e0000000, 0x00000000e5560000)
  from space 21824K,  18% used [0x00000000e5560000, 0x00000000e5948660, 0x00000000e6ab0000)
  to   space 21824K,   0% used [0x00000000e6ab0000, 0x00000000e6ab0000, 0x00000000e8000000)
 concurrent mark-sweep generation total 393216K, used 73470K [0x00000000e8000000, 0x0000000100000000, 0x0000000100000000)
 Metaspace       used 38633K, capacity 40182K, committed 40240K, reserved 1085440K
  class space    used 4558K, capacity 4871K, committed 4912K, reserved 1048576K
}
2019-01-31T15:10:01.033-0200: 21867.834: Total time for which application threads were stopped: 0.0051904 seconds, Stopping threads took: 0.0000420 seconds
{Heap before GC invocations=204 (full 1):
 par new generation   total 109248K, used 91425K [0x00000000e0000000, 0x00000000e8000000, 0x00000000e8000000)
  eden space 87424K, 100% used [0x00000000e0000000, 0x00000000e5560000, 0x00000000e5560000)
  from space 21824K,  18% used [0x00000000e5560000, 0x00000000e5948660, 0x00000000e6ab0000)
  to   space 21824K,   0% used [0x00000000e6ab0000, 0x00000000e6ab0000, 0x00000000e8000000)
 concurrent mark-sweep generation total 393216K, used 73470K [0x00000000e8000000, 0x0000000100000000, 0x0000000100000000)
 Metaspace       used 38633K, capacity 40182K, committed 40240K, reserved 1085440K
  class space    used 4558K, capacity 4871K, committed 4912K, reserved 1048576K
2019-01-31T15:10:01.114-0200: 21867.915: [GC (Allocation Failure) 2019-01-31T15:10:01.114-0200: 21867.915: [ParNew
Desired survivor size 20112992 bytes, new threshold 8 (max 8)
- age   1:     628416 bytes,     628416 total
- age   2:     355144 bytes,     983560 total
- age   3:    1086024 bytes,    2069584 total
- age   4:    1870752 bytes,    3940336 total
- age   7:         80 bytes,    3940416 total
- age   8:     182664 bytes,    4123080 total
: 91425K->4350K(109248K), 0.0041473 secs] 164895K->77820K(502464K), 0.0042541 secs] [Times: user=0.00 sys=0.00, real=0.00 secs] 
Heap after GC invocations=205 (full 1):
 par new generation   total 109248K, used 4350K [0x00000000e0000000, 0x00000000e8000000, 0x00000000e8000000)
  eden space 87424K,   0% used [0x00000000e0000000, 0x00000000e0000000, 0x00000000e5560000)
  from space 21824K,  19% used [0x00000000e6ab0000, 0x00000000e6eef928, 0x00000000e8000000)
  to   space 21824K,   0% used [0x00000000e5560000, 0x00000000e5560000, 0x00000000e6ab0000)
 concurrent mark-sweep generation total 393216K, used 73470K [0x00000000e8000000, 0x0000000100000000, 0x0000000100000000)
 Metaspace       used 38633K, capacity 40182K, committed 40240K, reserved 1085440K
  class space    used 4558K, capacity 4871K, committed 4912K, reserved 1048576K
}
2019-01-31T15:10:01.118-0200: 21867.920: Total time for which application threads were stopped: 0.0045079 seconds, Stopping threads took: 0.0000355 seconds
{Heap before GC invocations=205 (full 1):
 par new generation   total 109248K, used 91774K [0x00000000e0000000, 0x00000000e8000000, 0x00000000e8000000)
  eden space 87424K, 100% used [0x00000000e0000000, 0x00000000e5560000, 0x00000000e5560000)
  from space 21824K,  19% used [0x00000000e6ab0000, 0x00000000e6eef928, 0x00000000e8000000)
  to   space 21824K,   0% used [0x00000000e5560000, 0x00000000e5560000, 0x00000000e6ab0000)
 concurrent mark-sweep generation total 393216K, used 73470K [0x00000000e8000000, 0x0000000100000000, 0x0000000100000000)
 Metaspace       used 38633K, capacity 40182K, committed 40240K, reserved 1085440K
  class space    used 4558K, capacity 4871K, committed 4912K, reserved 1048576K
2019-01-31T15:10:01.201-0200: 21868.002: [GC (Allocation Failure) 2019-01-31T15:10:01.201-0200: 21868.002: [ParNew
Desired survivor size 20112992 bytes, new threshold 8 (max 8)
- age   1:     659048 bytes,     659048 total
- age   2:     214320 bytes,     873368 total
- age   3:     354568 bytes,    1227936 total
- age   4:    1014080 bytes,    2242016 total
- age   5:    1870752 bytes,    4112768 total
- age   8:         80 bytes,    4112848 total
: 91774K->4574K(109248K), 0.0047556 secs] 165244K->78224K(502464K), 0.0048499 secs] [Times: user=0.00 sys=0.00, real=0.01 secs] 
Heap after GC invocations=206 (full 1):
 par new generation   total 109248K, used 4574K [0x00000000e0000000, 0x00000000e8000000, 0x00000000e8000000)
  eden space 87424K,   0% used [0x00000000e0000000, 0x00000000e0000000, 0x00000000e5560000)
  from space 21824K,  20% used [0x00000000e5560000, 0x00000000e59d7900, 0x00000000e6ab0000)
  to   space 21824K,   0% used [0x00000000e6ab0000, 0x00000000e6ab0000, 0x00000000e8000000)
 concurrent mark-sweep generation total 393216K, used 73649K [0x00000000e8000000, 0x0000000100000000, 0x0000000100000000)
 Metaspace       used 38633K, capacity 40182K, committed 40240K, reserved 1085440K
  class space    used 4558K, capacity 4871K, committed 4912K, reserved 1048576K
}
2019-01-31T15:10:01.206-0200: 21868.007: Total time for which application threads were stopped: 0.0051036 seconds, Stopping threads took: 0.0000378 seconds
{Heap before GC invocations=206 (full 1):
 par new generation   total 109248K, used 91998K [0x00000000e0000000, 0x00000000e8000000, 0x00000000e8000000)
  eden space 87424K, 100% used [0x00000000e0000000, 0x00000000e5560000, 0x00000000e5560000)
  from space 21824K,  20% used [0x00000000e5560000, 0x00000000e59d7900, 0x00000000e6ab0000)
  to   space 21824K,   0% used [0x00000000e6ab0000, 0x00000000e6ab0000, 0x00000000e8000000)
 concurrent mark-sweep generation total 393216K, used 73649K [0x00000000e8000000, 0x0000000100000000, 0x0000000100000000)
 Metaspace       used 38633K, capacity 40182K, committed 40240K, reserved 1085440K
  class space    used 4558K, capacity 4871K, committed 4912K, reserved 1048576K
2019-01-31T15:10:01.288-0200: 21868.089: [GC (Allocation Failure) 2019-01-31T15:10:01.288-0200: 21868.090: [ParNew
Desired survivor size 20112992 bytes, new threshold 8 (max 8)
- age   1:     829608 bytes,     829608 total
- age   2:     316160 bytes,    1145768 total
- age   3:     212104 bytes,    1357872 total
- age   4:     289064 bytes,    1646936 total
- age   5:    1046672 bytes,    2693608 total
- age   6:    1870752 bytes,    4564360 total
: 91998K->5730K(109248K), 0.0045695 secs] 165648K->79380K(502464K), 0.0046735 secs] [Times: user=0.00 sys=0.00, real=0.00 secs] 
Heap after GC invocations=207 (full 1):
 par new generation   total 109248K, used 5730K [0x00000000e0000000, 0x00000000e8000000, 0x00000000e8000000)
  eden space 87424K,   0% used [0x00000000e0000000, 0x00000000e0000000, 0x00000000e5560000)
  from space 21824K,  26% used [0x00000000e6ab0000, 0x00000000e70489c8, 0x00000000e8000000)
  to   space 21824K,   0% used [0x00000000e5560000, 0x00000000e5560000, 0x00000000e6ab0000)
 concurrent mark-sweep generation total 393216K, used 73649K [0x00000000e8000000, 0x0000000100000000, 0x0000000100000000)
 Metaspace       used 38633K, capacity 40182K, committed 40240K, reserved 1085440K
  class space    used 4558K, capacity 4871K, committed 4912K, reserved 1048576K
}
2019-01-31T15:10:01.293-0200: 21868.094: Total time for which application threads were stopped: 0.0049264 seconds, Stopping threads took: 0.0000401 seconds
{Heap before GC invocations=207 (full 1):
 par new generation   total 109248K, used 93154K [0x00000000e0000000, 0x00000000e8000000, 0x00000000e8000000)
  eden space 87424K, 100% used [0x00000000e0000000, 0x00000000e5560000, 0x00000000e5560000)
  from space 21824K,  26% used [0x00000000e6ab0000, 0x00000000e70489c8, 0x00000000e8000000)
  to   space 21824K,   0% used [0x00000000e5560000, 0x00000000e5560000, 0x00000000e6ab0000)
 concurrent mark-sweep generation total 393216K, used 73649K [0x00000000e8000000, 0x0000000100000000, 0x0000000100000000)
 Metaspace       used 38633K, capacity 40182K, committed 40240K, reserved 1085440K
  class space    used 4558K, capacity 4871K, committed 4912K, reserved 1048576K
2019-01-31T15:10:01.376-0200: 21868.177: [GC (Allocation Failure) 2019-01-31T15:10:01.376-0200: 21868.177: [ParNew
Desired survivor size 20112992 bytes, new threshold 8 (max 8)
- age   1:     666824 bytes,     666824 total
- age   2:     397320 bytes,    1064144 total
- age   3:     315704 bytes,    1379848 total
- age   4:     212104 bytes,    1591952 total
- age   5:     289016 bytes,    1880968 total
- age   6:    1013656 bytes,    2894624 total
- age   7:    1870752 bytes,    4765376 total
: 93154K->6297K(109248K), 0.0048858 secs] 166804K->79947K(502464K), 0.0049922 secs] [Times: user=0.06 sys=0.00, real=0.01 secs] 
Heap after GC invocations=208 (full 1):
 par new generation   total 109248K, used 6297K [0x00000000e0000000, 0x00000000e8000000, 0x00000000e8000000)
  eden space 87424K,   0% used [0x00000000e0000000, 0x00000000e0000000, 0x00000000e5560000)
  from space 21824K,  28% used [0x00000000e5560000, 0x00000000e5b864b8, 0x00000000e6ab0000)
  to   space 21824K,   0% used [0x00000000e6ab0000, 0x00000000e6ab0000, 0x00000000e8000000)
 concurrent mark-sweep generation total 393216K, used 73649K [0x00000000e8000000, 0x0000000100000000, 0x0000000100000000)
 Metaspace       used 38633K, capacity 40182K, committed 40240K, reserved 1085440K
  class space    used 4558K, capacity 4871K, committed 4912K, reserved 1048576K
}
2019-01-31T15:10:01.381-0200: 21868.182: Total time for which application threads were stopped: 0.0052506 seconds, Stopping threads took: 0.0000341 seconds
{Heap before GC invocations=208 (full 1):
 par new generation   total 109248K, used 93721K [0x00000000e0000000, 0x00000000e8000000, 0x00000000e8000000)
  eden space 87424K, 100% used [0x00000000e0000000, 0x00000000e5560000, 0x00000000e5560000)
  from space 21824K,  28% used [0x00000000e5560000, 0x00000000e5b864b8, 0x00000000e6ab0000)
  to   space 21824K,   0% used [0x00000000e6ab0000, 0x00000000e6ab0000, 0x00000000e8000000)
 concurrent mark-sweep generation total 393216K, used 73649K [0x00000000e8000000, 0x0000000100000000, 0x0000000100000000)
 Metaspace       used 38633K, capacity 40182K, committed 40240K, reserved 1085440K
  class space    used 4558K, capacity 4871K, committed 4912K, reserved 1048576K
2019-01-31T15:10:01.458-0200: 21868.259: [GC (Allocation Failure) 2019-01-31T15:10:01.458-0200: 21868.259: [ParNew
Desired survivor size 20112992 bytes, new threshold 8 (max 8)
- age   1:     703656 bytes,     703656 total
- age   2:     233520 bytes,     937176 total
- age   3:     393920 bytes,    1331096 total
- age   4:     314616 bytes,    1645712 total
- age   5:     212104 bytes,    1857816 total
- age   6:     289016 bytes,    2146832 total
- age   7:    1013656 bytes,    3160488 total
- age   8:    1870752 bytes,    5031240 total
: 93721K->6721K(109248K), 0.0041627 secs] 167371K->80371K(502464K), 0.0042490 secs] [Times: user=0.00 sys=0.00, real=0.01 secs] 
Heap after GC invocations=209 (full 1):
 par new generation   total 109248K, used 6721K [0x00000000e0000000, 0x00000000e8000000, 0x00000000e8000000)
  eden space 87424K,   0% used [0x00000000e0000000, 0x00000000e0000000, 0x00000000e5560000)
  from space 21824K,  30% used [0x00000000e6ab0000, 0x00000000e7140710, 0x00000000e8000000)
  to   space 21824K,   0% used [0x00000000e5560000, 0x00000000e5560000, 0x00000000e6ab0000)
 concurrent mark-sweep generation total 393216K, used 73649K [0x00000000e8000000, 0x0000000100000000, 0x0000000100000000)
 Metaspace       used 38633K, capacity 40182K, committed 40240K, reserved 1085440K
  class space    used 4558K, capacity 4871K, committed 4912K, reserved 1048576K
}
2019-01-31T15:10:01.463-0200: 21868.264: Total time for which application threads were stopped: 0.0045042 seconds, Stopping threads took: 0.0000443 seconds
{Heap before GC invocations=209 (full 1):
 par new generation   total 109248K, used 94145K [0x00000000e0000000, 0x00000000e8000000, 0x00000000e8000000)
  eden space 87424K, 100% used [0x00000000e0000000, 0x00000000e5560000, 0x00000000e5560000)
  from space 21824K,  30% used [0x00000000e6ab0000, 0x00000000e7140710, 0x00000000e8000000)
  to   space 21824K,   0% used [0x00000000e5560000, 0x00000000e5560000, 0x00000000e6ab0000)
 concurrent mark-sweep generation total 393216K, used 73649K [0x00000000e8000000, 0x0000000100000000, 0x0000000100000000)
 Metaspace       used 38633K, capacity 40182K, committed 40240K, reserved 1085440K
  class space    used 4558K, capacity 4871K, committed 4912K, reserved 1048576K
2019-01-31T15:10:01.542-0200: 21868.343: [GC (Allocation Failure) 2019-01-31T15:10:01.542-0200: 21868.343: [ParNew
Desired survivor size 20112992 bytes, new threshold 8 (max 8)
- age   1:     424064 bytes,     424064 total
- age   2:     611216 bytes,    1035280 total
- age   3:     233520 bytes,    1268800 total
- age   4:     393920 bytes,    1662720 total
- age   5:     314616 bytes,    1977336 total
- age   6:     212104 bytes,    2189440 total
- age   7:     289016 bytes,    2478456 total
- age   8:    1013656 bytes,    3492112 total
: 94145K->4744K(109248K), 0.0040829 secs] 167795K->80224K(502464K), 0.0041790 secs] [Times: user=0.00 sys=0.00, real=0.00 secs] 
Heap after GC invocations=210 (full 1):
 par new generation   total 109248K, used 4744K [0x00000000e0000000, 0x00000000e8000000, 0x00000000e8000000)
  eden space 87424K,   0% used [0x00000000e0000000, 0x00000000e0000000, 0x00000000e5560000)
  from space 21824K,  21% used [0x00000000e5560000, 0x00000000e5a02398, 0x00000000e6ab0000)
  to   space 21824K,   0% used [0x00000000e6ab0000, 0x00000000e6ab0000, 0x00000000e8000000)
 concurrent mark-sweep generation total 393216K, used 75479K [0x00000000e8000000, 0x0000000100000000, 0x0000000100000000)
 Metaspace       used 38633K, capacity 40182K, committed 40240K, reserved 1085440K
  class space    used 4558K, capacity 4871K, committed 4912K, reserved 1048576K
}
2019-01-31T15:10:01.546-0200: 21868.347: Total time for which application threads were stopped: 0.0044244 seconds, Stopping threads took: 0.0000359 seconds
{Heap before GC invocations=210 (full 1):
 par new generation   total 109248K, used 92168K [0x00000000e0000000, 0x00000000e8000000, 0x00000000e8000000)
  eden space 87424K, 100% used [0x00000000e0000000, 0x00000000e5560000, 0x00000000e5560000)
  from space 21824K,  21% used [0x00000000e5560000, 0x00000000e5a02398, 0x00000000e6ab0000)
  to   space 21824K,   0% used [0x00000000e6ab0000, 0x00000000e6ab0000, 0x00000000e8000000)
 concurrent mark-sweep generation total 393216K, used 75479K [0x00000000e8000000, 0x0000000100000000, 0x0000000100000000)
 Metaspace       used 38633K, capacity 40182K, committed 40240K, reserved 1085440K
  class space    used 4558K, capacity 4871K, committed 4912K, reserved 1048576K
2019-01-31T15:10:01.624-0200: 21868.425: [GC (Allocation Failure) 2019-01-31T15:10:01.624-0200: 21868.425: [ParNew
Desired survivor size 20112992 bytes, new threshold 8 (max 8)
- age   1:     806400 bytes,     806400 total
- age   2:     239408 bytes,    1045808 total
- age   3:     249840 bytes,    1295648 total
- age   4:     233520 bytes,    1529168 total
- age   5:     393920 bytes,    1923088 total
- age   6:     230112 bytes,    2153200 total
- age   7:     212104 bytes,    2365304 total
- age   8:     289016 bytes,    2654320 total
: 92168K->3331K(109248K), 0.0041702 secs] 167648K->79802K(502464K), 0.0042709 secs] [Times: user=0.06 sys=0.00, real=0.00 secs] 
Heap after GC invocations=211 (full 1):
 par new generation   total 109248K, used 3331K [0x00000000e0000000, 0x00000000e8000000, 0x00000000e8000000)
  eden space 87424K,   0% used [0x00000000e0000000, 0x00000000e0000000, 0x00000000e5560000)
  from space 21824K,  15% used [0x00000000e6ab0000, 0x00000000e6df0ee0, 0x00000000e8000000)
  to   space 21824K,   0% used [0x00000000e5560000, 0x00000000e5560000, 0x00000000e6ab0000)
 concurrent mark-sweep generation total 393216K, used 76470K [0x00000000e8000000, 0x0000000100000000, 0x0000000100000000)
 Metaspace       used 38633K, capacity 40182K, committed 40240K, reserved 1085440K
  class space    used 4558K, capacity 4871K, committed 4912K, reserved 1048576K
}
2019-01-31T15:10:01.629-0200: 21868.429: Total time for which application threads were stopped: 0.0045219 seconds, Stopping threads took: 0.0000369 seconds
2019-01-31T15:10:01.640-0200: 21868.441: Total time for which application threads were stopped: 0.0001260 seconds, Stopping threads took: 0.0000439 seconds
2019-01-31T15:10:01.641-0200: 21868.442: Total time for which application threads were stopped: 0.0000868 seconds, Stopping threads took: 0.0000336 seconds
2019-01-31T15:10:01.641-0200: 21868.442: Total time for which application threads were stopped: 0.0000723 seconds, Stopping threads took: 0.0000285 seconds
2019-01-31T15:10:01.871-0200: 21868.672: Total time for which application threads were stopped: 0.0001931 seconds, Stopping threads took: 0.0001050 seconds
2019-01-31T15:10:01.871-0200: 21868.672: Total time for which application threads were stopped: 0.0001488 seconds, Stopping threads took: 0.0000872 seconds
2019-01-31T15:10:01.871-0200: 21868.672: Total time for which application threads were stopped: 0.0001581 seconds, Stopping threads took: 0.0000849 seconds
2019-01-31T15:10:01.873-0200: 21868.674: Total time for which application threads were stopped: 0.0000737 seconds, Stopping threads took: 0.0000219 seconds
2019-01-31T15:10:02.021-0200: 21868.822: Total time for which application threads were stopped: 0.0001339 seconds, Stopping threads took: 0.0000434 seconds
2019-01-31T15:10:02.021-0200: 21868.822: Total time for which application threads were stopped: 0.0001017 seconds, Stopping threads took: 0.0000513 seconds
2019-01-31T15:10:02.021-0200: 21868.822: Total time for which application threads were stopped: 0.0000938 seconds, Stopping threads took: 0.0000448 seconds
2019-01-31T15:10:02.022-0200: 21868.823: Total time for which application threads were stopped: 0.0001138 seconds, Stopping threads took: 0.0000415 seconds
2019-01-31T15:10:02.023-0200: 21868.823: Total time for which application threads were stopped: 0.0001241 seconds, Stopping threads took: 0.0000653 seconds
{Heap before GC invocations=211 (full 1):
 par new generation   total 109248K, used 90755K [0x00000000e0000000, 0x00000000e8000000, 0x00000000e8000000)
  eden space 87424K, 100% used [0x00000000e0000000, 0x00000000e5560000, 0x00000000e5560000)
  from space 21824K,  15% used [0x00000000e6ab0000, 0x00000000e6df0ee0, 0x00000000e8000000)
  to   space 21824K,   0% used [0x00000000e5560000, 0x00000000e5560000, 0x00000000e6ab0000)
 concurrent mark-sweep generation total 393216K, used 76470K [0x00000000e8000000, 0x0000000100000000, 0x0000000100000000)
 Metaspace       used 38637K, capacity 40182K, committed 40240K, reserved 1085440K
  class space    used 4558K, capacity 4871K, committed 4912K, reserved 1048576K
2019-01-31T15:10:02.148-0200: 21868.949: [GC (Allocation Failure) 2019-01-31T15:10:02.148-0200: 21868.949: [ParNew
Desired survivor size 20112992 bytes, new threshold 8 (max 8)
- age   1:     960112 bytes,     960112 total
- age   2:     804376 bytes,    1764488 total
- age   3:     238672 bytes,    2003160 total
- age   4:     249336 bytes,    2252496 total
- age   5:     232520 bytes,    2485016 total
- age   6:     393184 bytes,    2878200 total
- age   7:     229192 bytes,    3107392 total
- age   8:     211552 bytes,    3318944 total
: 90755K->4030K(109248K), 0.0053882 secs] 167226K->80782K(502464K), 0.0055062 secs] [Times: user=0.00 sys=0.00, real=0.01 secs] 
Heap after GC invocations=212 (full 1):
 par new generation   total 109248K, used 4030K [0x00000000e0000000, 0x00000000e8000000, 0x00000000e8000000)
  eden space 87424K,   0% used [0x00000000e0000000, 0x00000000e0000000, 0x00000000e5560000)
  from space 21824K,  18% used [0x00000000e5560000, 0x00000000e594f928, 0x00000000e6ab0000)
  to   space 21824K,   0% used [0x00000000e6ab0000, 0x00000000e6ab0000, 0x00000000e8000000)
 concurrent mark-sweep generation total 393216K, used 76752K [0x00000000e8000000, 0x0000000100000000, 0x0000000100000000)
 Metaspace       used 38637K, capacity 40182K, committed 40240K, reserved 1085440K
  class space    used 4558K, capacity 4871K, committed 4912K, reserved 1048576K
}
2019-01-31T15:10:02.154-0200: 21868.954: Total time for which application threads were stopped: 0.0057796 seconds, Stopping threads took: 0.0000462 seconds
{Heap before GC invocations=212 (full 1):
 par new generation   total 109248K, used 91454K [0x00000000e0000000, 0x00000000e8000000, 0x00000000e8000000)
  eden space 87424K, 100% used [0x00000000e0000000, 0x00000000e5560000, 0x00000000e5560000)
  from space 21824K,  18% used [0x00000000e5560000, 0x00000000e594f928, 0x00000000e6ab0000)
  to   space 21824K,   0% used [0x00000000e6ab0000, 0x00000000e6ab0000, 0x00000000e8000000)
 concurrent mark-sweep generation total 393216K, used 76752K [0x00000000e8000000, 0x0000000100000000, 0x0000000100000000)
 Metaspace       used 38637K, capacity 40182K, committed 40240K, reserved 1085440K
  class space    used 4558K, capacity 4871K, committed 4912K, reserved 1048576K
2019-01-31T15:10:02.246-0200: 21869.047: [GC (Allocation Failure) 2019-01-31T15:10:02.246-0200: 21869.047: [ParNew
Desired survivor size 20112992 bytes, new threshold 8 (max 8)
- age   1:     543256 bytes,     543256 total
- age   2:     821568 bytes,    1364824 total
- age   3:     804376 bytes,    2169200 total
- age   4:     238672 bytes,    2407872 total
- age   5:     249336 bytes,    2657208 total
- age   6:     232520 bytes,    2889728 total
- age   7:     393184 bytes,    3282912 total
- age   8:     229192 bytes,    3512104 total
: 91454K->4816K(109248K), 0.0050561 secs] 168206K->81775K(502464K), 0.0051372 secs] [Times: user=0.00 sys=0.00, real=0.00 secs] 
Heap after GC invocations=213 (full 1):
 par new generation   total 109248K, used 4816K [0x00000000e0000000, 0x00000000e8000000, 0x00000000e8000000)
  eden space 87424K,   0% used [0x00000000e0000000, 0x00000000e0000000, 0x00000000e5560000)
  from space 21824K,  22% used [0x00000000e6ab0000, 0x00000000e6f642e0, 0x00000000e8000000)
  to   space 21824K,   0% used [0x00000000e5560000, 0x00000000e5560000, 0x00000000e6ab0000)
 concurrent mark-sweep generation total 393216K, used 76958K [0x00000000e8000000, 0x0000000100000000, 0x0000000100000000)
 Metaspace       used 38637K, capacity 40182K, committed 40240K, reserved 1085440K
  class space    used 4558K, capacity 4871K, committed 4912K, reserved 1048576K
}
2019-01-31T15:10:02.252-0200: 21869.052: Total time for which application threads were stopped: 0.0053761 seconds, Stopping threads took: 0.0000294 seconds
{Heap before GC invocations=213 (full 1):
 par new generation   total 109248K, used 92240K [0x00000000e0000000, 0x00000000e8000000, 0x00000000e8000000)
  eden space 87424K, 100% used [0x00000000e0000000, 0x00000000e5560000, 0x00000000e5560000)
  from space 21824K,  22% used [0x00000000e6ab0000, 0x00000000e6f642e0, 0x00000000e8000000)
  to   space 21824K,   0% used [0x00000000e5560000, 0x00000000e5560000, 0x00000000e6ab0000)
 concurrent mark-sweep generation total 393216K, used 76958K [0x00000000e8000000, 0x0000000100000000, 0x0000000100000000)
 Metaspace       used 38637K, capacity 40182K, committed 40240K, reserved 1085440K
  class space    used 4558K, capacity 4871K, committed 4912K, reserved 1048576K
2019-01-31T15:10:02.390-0200: 21869.191: [GC (Allocation Failure) 2019-01-31T15:10:02.390-0200: 21869.191: [ParNew
Desired survivor size 20112992 bytes, new threshold 8 (max 8)
- age   1:     494576 bytes,     494576 total
- age   2:     358424 bytes,     853000 total
- age   3:     788320 bytes,    1641320 total
- age   4:     804376 bytes,    2445696 total
- age   5:     238672 bytes,    2684368 total
- age   6:     249336 bytes,    2933704 total
- age   7:     232520 bytes,    3166224 total
- age   8:     393184 bytes,    3559408 total
: 92240K->4586K(109248K), 0.0043110 secs] 169199K->81768K(502464K), 0.0044118 secs] [Times: user=0.06 sys=0.00, real=0.00 secs] 
Heap after GC invocations=214 (full 1):
 par new generation   total 109248K, used 4586K [0x00000000e0000000, 0x00000000e8000000, 0x00000000e8000000)
  eden space 87424K,   0% used [0x00000000e0000000, 0x00000000e0000000, 0x00000000e5560000)
  from space 21824K,  21% used [0x00000000e5560000, 0x00000000e59da9e0, 0x00000000e6ab0000)
  to   space 21824K,   0% used [0x00000000e6ab0000, 0x00000000e6ab0000, 0x00000000e8000000)
 concurrent mark-sweep generation total 393216K, used 77182K [0x00000000e8000000, 0x0000000100000000, 0x0000000100000000)
 Metaspace       used 38637K, capacity 40182K, committed 40240K, reserved 1085440K
  class space    used 4558K, capacity 4871K, committed 4912K, reserved 1048576K
}
2019-01-31T15:10:02.395-0200: 21869.196: Total time for which application threads were stopped: 0.0048046 seconds, Stopping threads took: 0.0000313 seconds
{Heap before GC invocations=214 (full 1):
 par new generation   total 109248K, used 92010K [0x00000000e0000000, 0x00000000e8000000, 0x00000000e8000000)
  eden space 87424K, 100% used [0x00000000e0000000, 0x00000000e5560000, 0x00000000e5560000)
  from space 21824K,  21% used [0x00000000e5560000, 0x00000000e59da9e0, 0x00000000e6ab0000)
  to   space 21824K,   0% used [0x00000000e6ab0000, 0x00000000e6ab0000, 0x00000000e8000000)
 concurrent mark-sweep generation total 393216K, used 77182K [0x00000000e8000000, 0x0000000100000000, 0x0000000100000000)
 Metaspace       used 38637K, capacity 40182K, committed 40240K, reserved 1085440K
  class space    used 4558K, capacity 4871K, committed 4912K, reserved 1048576K
2019-01-31T15:10:02.483-0200: 21869.284: [GC (Allocation Failure) 2019-01-31T15:10:02.483-0200: 21869.284: [ParNew
Desired survivor size 20112992 bytes, new threshold 8 (max 8)
- age   1:     481744 bytes,     481744 total
- age   2:     230632 bytes,     712376 total
- age   3:     357112 bytes,    1069488 total
- age   4:     788184 bytes,    1857672 total
- age   5:     804376 bytes,    2662048 total
- age   6:     238672 bytes,    2900720 total
- age   7:     249336 bytes,    3150056 total
- age   8:     232520 bytes,    3382576 total
: 92010K->4450K(109248K), 0.0035777 secs] 169192K->82017K(502464K), 0.0036822 secs] [Times: user=0.06 sys=0.00, real=0.00 secs] 
Heap after GC invocations=215 (full 1):
 par new generation   total 109248K, used 4450K [0x00000000e0000000, 0x00000000e8000000, 0x00000000e8000000)
  eden space 87424K,   0% used [0x00000000e0000000, 0x00000000e0000000, 0x00000000e5560000)
  from space 21824K,  20% used [0x00000000e6ab0000, 0x00000000e6f08b50, 0x00000000e8000000)
  to   space 21824K,   0% used [0x00000000e5560000, 0x00000000e5560000, 0x00000000e6ab0000)
 concurrent mark-sweep generation total 393216K, used 77566K [0x00000000e8000000, 0x0000000100000000, 0x0000000100000000)
 Metaspace       used 38637K, capacity 40182K, committed 40240K, reserved 1085440K
  class space    used 4558K, capacity 4871K, committed 4912K, reserved 1048576K
}
2019-01-31T15:10:02.487-0200: 21869.288: Total time for which application threads were stopped: 0.0039518 seconds, Stopping threads took: 0.0000406 seconds
2019-01-31T15:10:02.543-0200: 21869.343: Total time for which application threads were stopped: 0.0001241 seconds, Stopping threads took: 0.0000425 seconds
2019-01-31T15:10:02.544-0200: 21869.345: Total time for which application threads were stopped: 0.0001484 seconds, Stopping threads took: 0.0000397 seconds
2019-01-31T15:10:02.544-0200: 21869.345: Total time for which application threads were stopped: 0.0000602 seconds, Stopping threads took: 0.0000159 seconds
2019-01-31T15:10:02.780-0200: 21869.581: Total time for which application threads were stopped: 0.0001176 seconds, Stopping threads took: 0.0000378 seconds
2019-01-31T15:10:02.780-0200: 21869.581: Total time for which application threads were stopped: 0.0001437 seconds, Stopping threads took: 0.0000868 seconds
2019-01-31T15:10:02.780-0200: 21869.581: Total time for which application threads were stopped: 0.0001059 seconds, Stopping threads took: 0.0000415 seconds
2019-01-31T15:10:02.781-0200: 21869.581: Total time for which application threads were stopped: 0.0000877 seconds, Stopping threads took: 0.0000275 seconds
2019-01-31T15:10:02.782-0200: 21869.583: Total time for which application threads were stopped: 0.0001040 seconds, Stopping threads took: 0.0000289 seconds
2019-01-31T15:10:02.888-0200: 21869.689: Total time for which application threads were stopped: 0.0001185 seconds, Stopping threads took: 0.0000359 seconds
2019-01-31T15:10:02.888-0200: 21869.689: Total time for which application threads were stopped: 0.0000723 seconds, Stopping threads took: 0.0000205 seconds
2019-01-31T15:10:02.888-0200: 21869.689: Total time for which application threads were stopped: 0.0000653 seconds, Stopping threads took: 0.0000177 seconds
2019-01-31T15:10:02.889-0200: 21869.690: Total time for which application threads were stopped: 0.0000821 seconds, Stopping threads took: 0.0000163 seconds
2019-01-31T15:10:02.889-0200: 21869.690: Total time for which application threads were stopped: 0.0000606 seconds, Stopping threads took: 0.0000163 seconds
{Heap before GC invocations=215 (full 1):
 par new generation   total 109248K, used 91874K [0x00000000e0000000, 0x00000000e8000000, 0x00000000e8000000)
  eden space 87424K, 100% used [0x00000000e0000000, 0x00000000e5560000, 0x00000000e5560000)
  from space 21824K,  20% used [0x00000000e6ab0000, 0x00000000e6f08b50, 0x00000000e8000000)
  to   space 21824K,   0% used [0x00000000e5560000, 0x00000000e5560000, 0x00000000e6ab0000)
 concurrent mark-sweep generation total 393216K, used 77566K [0x00000000e8000000, 0x0000000100000000, 0x0000000100000000)
 Metaspace       used 38656K, capacity 40182K, committed 40240K, reserved 1085440K
  class space    used 4558K, capacity 4871K, committed 4912K, reserved 1048576K
2019-01-31T15:10:02.958-0200: 21869.759: [GC (Allocation Failure) 2019-01-31T15:10:02.958-0200: 21869.759: [ParNew
Desired survivor size 20112992 bytes, new threshold 8 (max 8)
- age   1:     742464 bytes,     742464 total
- age   2:        112 bytes,     742576 total
- age   5:     205920 bytes,     948496 total
- age   6:     804376 bytes,    1752872 total
- age   7:     238672 bytes,    1991544 total
- age   8:     249336 bytes,    2240880 total
: 91874K->2845K(109248K), 0.0053910 secs] 169441K->80639K(502464K), 0.0054848 secs] [Times: user=0.00 sys=0.00, real=0.01 secs] 
Heap after GC invocations=216 (full 1):
 par new generation   total 109248K, used 2845K [0x00000000e0000000, 0x00000000e8000000, 0x00000000e8000000)
  eden space 87424K,   0% used [0x00000000e0000000, 0x00000000e0000000, 0x00000000e5560000)
  from space 21824K,  13% used [0x00000000e5560000, 0x00000000e5827650, 0x00000000e6ab0000)
  to   space 21824K,   0% used [0x00000000e6ab0000, 0x00000000e6ab0000, 0x00000000e8000000)
 concurrent mark-sweep generation total 393216K, used 77793K [0x00000000e8000000, 0x0000000100000000, 0x0000000100000000)
 Metaspace       used 38656K, capacity 40182K, committed 40240K, reserved 1085440K
  class space    used 4558K, capacity 4871K, committed 4912K, reserved 1048576K
}
2019-01-31T15:10:02.964-0200: 21869.764: Total time for which application threads were stopped: 0.0057264 seconds, Stopping threads took: 0.0000327 seconds
{Heap before GC invocations=216 (full 1):
 par new generation   total 109248K, used 90269K [0x00000000e0000000, 0x00000000e8000000, 0x00000000e8000000)
  eden space 87424K, 100% used [0x00000000e0000000, 0x00000000e5560000, 0x00000000e5560000)
  from space 21824K,  13% used [0x00000000e5560000, 0x00000000e5827650, 0x00000000e6ab0000)
  to   space 21824K,   0% used [0x00000000e6ab0000, 0x00000000e6ab0000, 0x00000000e8000000)
 concurrent mark-sweep generation total 393216K, used 77793K [0x00000000e8000000, 0x0000000100000000, 0x0000000100000000)
 Metaspace       used 38656K, capacity 40182K, committed 40240K, reserved 1085440K
  class space    used 4558K, capacity 4871K, committed 4912K, reserved 1048576K
2019-01-31T15:10:03.057-0200: 21869.857: [GC (Allocation Failure) 2019-01-31T15:10:03.057-0200: 21869.857: [ParNew
Desired survivor size 20112992 bytes, new threshold 8 (max 8)
- age   1:     504024 bytes,     504024 total
- age   2:     601280 bytes,    1105304 total
- age   3:        112 bytes,    1105416 total
- age   6:     205008 bytes,    1310424 total
- age   7:     804376 bytes,    2114800 total
- age   8:     238672 bytes,    2353472 total
: 90269K->2904K(109248K), 0.0049772 secs] 168063K->80941K(502464K), 0.0050645 secs] [Times: user=0.00 sys=0.00, real=0.01 secs] 
Heap after GC invocations=217 (full 1):
 par new generation   total 109248K, used 2904K [0x00000000e0000000, 0x00000000e8000000, 0x00000000e8000000)
  eden space 87424K,   0% used [0x00000000e0000000, 0x00000000e0000000, 0x00000000e5560000)
  from space 21824K,  13% used [0x00000000e6ab0000, 0x00000000e6d86288, 0x00000000e8000000)
  to   space 21824K,   0% used [0x00000000e5560000, 0x00000000e5560000, 0x00000000e6ab0000)
 concurrent mark-sweep generation total 393216K, used 78037K [0x00000000e8000000, 0x0000000100000000, 0x0000000100000000)
 Metaspace       used 38656K, capacity 40182K, committed 40240K, reserved 1085440K
  class space    used 4558K, capacity 4871K, committed 4912K, reserved 1048576K
}
2019-01-31T15:10:03.062-0200: 21869.863: Total time for which application threads were stopped: 0.0053103 seconds, Stopping threads took: 0.0000373 seconds
{Heap before GC invocations=217 (full 1):
 par new generation   total 109248K, used 90328K [0x00000000e0000000, 0x00000000e8000000, 0x00000000e8000000)
  eden space 87424K, 100% used [0x00000000e0000000, 0x00000000e5560000, 0x00000000e5560000)
  from space 21824K,  13% used [0x00000000e6ab0000, 0x00000000e6d86288, 0x00000000e8000000)
  to   space 21824K,   0% used [0x00000000e5560000, 0x00000000e5560000, 0x00000000e6ab0000)
 concurrent mark-sweep generation total 393216K, used 78037K [0x00000000e8000000, 0x0000000100000000, 0x0000000100000000)
 Metaspace       used 38656K, capacity 40182K, committed 40240K, reserved 1085440K
  class space    used 4558K, capacity 4871K, committed 4912K, reserved 1048576K
2019-01-31T15:10:03.142-0200: 21869.942: [GC (Allocation Failure) 2019-01-31T15:10:03.142-0200: 21869.942: [ParNew
Desired survivor size 20112992 bytes, new threshold 8 (max 8)
- age   1:     527104 bytes,     527104 total
- age   2:     310992 bytes,     838096 total
- age   3:     600928 bytes,    1439024 total
- age   4:        112 bytes,    1439136 total
- age   7:     205008 bytes,    1644144 total
- age   8:     804376 bytes,    2448520 total
: 90328K->2923K(109248K), 0.0042863 secs] 168365K->81193K(502464K), 0.0043834 secs] [Times: user=0.05 sys=0.02, real=0.00 secs] 
Heap after GC invocations=218 (full 1):
 par new generation   total 109248K, used 2923K [0x00000000e0000000, 0x00000000e8000000, 0x00000000e8000000)
  eden space 87424K,   0% used [0x00000000e0000000, 0x00000000e0000000, 0x00000000e5560000)
  from space 21824K,  13% used [0x00000000e5560000, 0x00000000e583ae80, 0x00000000e6ab0000)
  to   space 21824K,   0% used [0x00000000e6ab0000, 0x00000000e6ab0000, 0x00000000e8000000)
 concurrent mark-sweep generation total 393216K, used 78270K [0x00000000e8000000, 0x0000000100000000, 0x0000000100000000)
 Metaspace       used 38656K, capacity 40182K, committed 40240K, reserved 1085440K
  class space    used 4558K, capacity 4871K, committed 4912K, reserved 1048576K
}
2019-01-31T15:10:03.146-0200: 21869.947: Total time for which application threads were stopped: 0.0046320 seconds, Stopping threads took: 0.0000359 seconds
{Heap before GC invocations=218 (full 1):
 par new generation   total 109248K, used 90347K [0x00000000e0000000, 0x00000000e8000000, 0x00000000e8000000)
  eden space 87424K, 100% used [0x00000000e0000000, 0x00000000e5560000, 0x00000000e5560000)
  from space 21824K,  13% used [0x00000000e5560000, 0x00000000e583ae80, 0x00000000e6ab0000)
  to   space 21824K,   0% used [0x00000000e6ab0000, 0x00000000e6ab0000, 0x00000000e8000000)
 concurrent mark-sweep generation total 393216K, used 78270K [0x00000000e8000000, 0x0000000100000000, 0x0000000100000000)
 Metaspace       used 38656K, capacity 40182K, committed 40240K, reserved 1085440K
  class space    used 4558K, capacity 4871K, committed 4912K, reserved 1048576K
2019-01-31T15:10:03.231-0200: 21870.031: [GC (Allocation Failure) 2019-01-31T15:10:03.231-0200: 21870.031: [ParNew
Desired survivor size 20112992 bytes, new threshold 8 (max 8)
- age   1:     471944 bytes,     471944 total
- age   2:     306512 bytes,     778456 total
- age   3:     310744 bytes,    1089200 total
- age   4:     600872 bytes,    1690072 total
- age   5:        112 bytes,    1690184 total
- age   8:     205008 bytes,    1895192 total
: 90347K->2793K(109248K), 0.0060157 secs] 168617K->81848K(502464K), 0.0061472 secs] [Times: user=0.00 sys=0.00, real=0.01 secs] 
Heap after GC invocations=219 (full 1):
 par new generation   total 109248K, used 2793K [0x00000000e0000000, 0x00000000e8000000, 0x00000000e8000000)
  eden space 87424K,   0% used [0x00000000e0000000, 0x00000000e0000000, 0x00000000e5560000)
  from space 21824K,  12% used [0x00000000e6ab0000, 0x00000000e6d6a518, 0x00000000e8000000)
  to   space 21824K,   0% used [0x00000000e5560000, 0x00000000e5560000, 0x00000000e6ab0000)
 concurrent mark-sweep generation total 393216K, used 79055K [0x00000000e8000000, 0x0000000100000000, 0x0000000100000000)
 Metaspace       used 38656K, capacity 40182K, committed 40240K, reserved 1085440K
  class space    used 4558K, capacity 4871K, committed 4912K, reserved 1048576K
}
2019-01-31T15:10:03.237-0200: 21870.037: Total time for which application threads were stopped: 0.0064327 seconds, Stopping threads took: 0.0000350 seconds
{Heap before GC invocations=219 (full 1):
 par new generation   total 109248K, used 90217K [0x00000000e0000000, 0x00000000e8000000, 0x00000000e8000000)
  eden space 87424K, 100% used [0x00000000e0000000, 0x00000000e5560000, 0x00000000e5560000)
  from space 21824K,  12% used [0x00000000e6ab0000, 0x00000000e6d6a518, 0x00000000e8000000)
  to   space 21824K,   0% used [0x00000000e5560000, 0x00000000e5560000, 0x00000000e6ab0000)
 concurrent mark-sweep generation total 393216K, used 79055K [0x00000000e8000000, 0x0000000100000000, 0x0000000100000000)
 Metaspace       used 38656K, capacity 40182K, committed 40240K, reserved 1085440K
  class space    used 4558K, capacity 4871K, committed 4912K, reserved 1048576K
2019-01-31T15:10:03.318-0200: 21870.119: [GC (Allocation Failure) 2019-01-31T15:10:03.318-0200: 21870.119: [ParNew
Desired survivor size 20112992 bytes, new threshold 8 (max 8)
- age   1:     556664 bytes,     556664 total
- age   2:     237512 bytes,     794176 total
- age   3:     305424 bytes,    1099600 total
- age   4:     247296 bytes,    1346896 total
- age   5:     600792 bytes,    1947688 total
- age   6:        112 bytes,    1947800 total
: 90217K->2554K(109248K), 0.0059602 secs] 169272K->81811K(502464K), 0.0060493 secs] [Times: user=0.00 sys=0.00, real=0.01 secs] 
Heap after GC invocations=220 (full 1):
 par new generation   total 109248K, used 2554K [0x00000000e0000000, 0x00000000e8000000, 0x00000000e8000000)
  eden space 87424K,   0% used [0x00000000e0000000, 0x00000000e0000000, 0x00000000e5560000)
  from space 21824K,  11% used [0x00000000e5560000, 0x00000000e57de8a8, 0x00000000e6ab0000)
  to   space 21824K,   0% used [0x00000000e6ab0000, 0x00000000e6ab0000, 0x00000000e8000000)
 concurrent mark-sweep generation total 393216K, used 79257K [0x00000000e8000000, 0x0000000100000000, 0x0000000100000000)
 Metaspace       used 38656K, capacity 40182K, committed 40240K, reserved 1085440K
  class space    used 4558K, capacity 4871K, committed 4912K, reserved 1048576K
}
2019-01-31T15:10:03.324-0200: 21870.125: Total time for which application threads were stopped: 0.0063049 seconds, Stopping threads took: 0.0000411 seconds
2019-01-31T15:10:03.350-0200: 21870.152: Total time for which application threads were stopped: 0.0001679 seconds, Stopping threads took: 0.0000840 seconds
2019-01-31T15:10:03.353-0200: 21870.154: Total time for which application threads were stopped: 0.0001208 seconds, Stopping threads took: 0.0000331 seconds
2019-01-31T15:10:03.353-0200: 21870.154: Total time for which application threads were stopped: 0.0001297 seconds, Stopping threads took: 0.0000564 seconds
2019-01-31T15:10:03.587-0200: 21870.388: Total time for which application threads were stopped: 0.0001292 seconds, Stopping threads took: 0.0000350 seconds
2019-01-31T15:10:03.587-0200: 21870.388: Total time for which application threads were stopped: 0.0000961 seconds, Stopping threads took: 0.0000462 seconds
2019-01-31T15:10:03.587-0200: 21870.388: Total time for which application threads were stopped: 0.0000667 seconds, Stopping threads took: 0.0000205 seconds
2019-01-31T15:10:03.587-0200: 21870.389: Total time for which application threads were stopped: 0.0001367 seconds, Stopping threads took: 0.0000672 seconds
2019-01-31T15:10:03.589-0200: 21870.390: Total time for which application threads were stopped: 0.0000821 seconds, Stopping threads took: 0.0000266 seconds
2019-01-31T15:10:03.700-0200: 21870.500: Total time for which application threads were stopped: 0.0001502 seconds, Stopping threads took: 0.0000359 seconds
2019-01-31T15:10:03.702-0200: 21870.502: Total time for which application threads were stopped: 0.0001190 seconds, Stopping threads took: 0.0000313 seconds
2019-01-31T15:10:03.733-0200: 21870.534: Total time for which application threads were stopped: 0.0001847 seconds, Stopping threads took: 0.0000485 seconds
2019-01-31T15:10:03.734-0200: 21870.534: Total time for which application threads were stopped: 0.0000914 seconds, Stopping threads took: 0.0000341 seconds
2019-01-31T15:10:03.734-0200: 21870.534: Total time for which application threads were stopped: 0.0000784 seconds, Stopping threads took: 0.0000257 seconds
2019-01-31T15:10:03.735-0200: 21870.535: Total time for which application threads were stopped: 0.0001362 seconds, Stopping threads took: 0.0000308 seconds
2019-01-31T15:10:03.735-0200: 21870.536: Total time for which application threads were stopped: 0.0001899 seconds, Stopping threads took: 0.0000303 seconds
2019-01-31T15:10:03.735-0200: 21870.536: Total time for which application threads were stopped: 0.0001208 seconds, Stopping threads took: 0.0000280 seconds
2019-01-31T15:10:03.736-0200: 21870.536: Total time for which application threads were stopped: 0.0001320 seconds, Stopping threads took: 0.0000247 seconds
{Heap before GC invocations=220 (full 1):
 par new generation   total 109248K, used 89978K [0x00000000e0000000, 0x00000000e8000000, 0x00000000e8000000)
  eden space 87424K, 100% used [0x00000000e0000000, 0x00000000e5560000, 0x00000000e5560000)
  from space 21824K,  11% used [0x00000000e5560000, 0x00000000e57de8a8, 0x00000000e6ab0000)
  to   space 21824K,   0% used [0x00000000e6ab0000, 0x00000000e6ab0000, 0x00000000e8000000)
 concurrent mark-sweep generation total 393216K, used 79257K [0x00000000e8000000, 0x0000000100000000, 0x0000000100000000)
 Metaspace       used 38659K, capacity 40182K, committed 40240K, reserved 1085440K
  class space    used 4558K, capacity 4871K, committed 4912K, reserved 1048576K
2019-01-31T15:10:03.850-0200: 21870.651: [GC (Allocation Failure) 2019-01-31T15:10:03.850-0200: 21870.651: [ParNew
Desired survivor size 20112992 bytes, new threshold 8 (max 8)
- age   1:     964320 bytes,     964320 total
- age   5:        168 bytes,     964488 total
- age   6:     187848 bytes,    1152336 total
- age   7:        112 bytes,    1152448 total
: 89978K->1475K(109248K), 0.0039178 secs] 169235K->80732K(502464K), 0.0039952 secs] [Times: user=0.00 sys=0.00, real=0.00 secs] 
Heap after GC invocations=221 (full 1):
 par new generation   total 109248K, used 1475K [0x00000000e0000000, 0x00000000e8000000, 0x00000000e8000000)
  eden space 87424K,   0% used [0x00000000e0000000, 0x00000000e0000000, 0x00000000e5560000)
  from space 21824K,   6% used [0x00000000e6ab0000, 0x00000000e6c20e48, 0x00000000e8000000)
  to   space 21824K,   0% used [0x00000000e5560000, 0x00000000e5560000, 0x00000000e6ab0000)
 concurrent mark-sweep generation total 393216K, used 79257K [0x00000000e8000000, 0x0000000100000000, 0x0000000100000000)
 Metaspace       used 38659K, capacity 40182K, committed 40240K, reserved 1085440K
  class space    used 4558K, capacity 4871K, committed 4912K, reserved 1048576K
}
2019-01-31T15:10:03.854-0200: 21870.655: Total time for which application threads were stopped: 0.0042905 seconds, Stopping threads took: 0.0000392 seconds
{Heap before GC invocations=221 (full 1):
 par new generation   total 109248K, used 88899K [0x00000000e0000000, 0x00000000e8000000, 0x00000000e8000000)
  eden space 87424K, 100% used [0x00000000e0000000, 0x00000000e5560000, 0x00000000e5560000)
  from space 21824K,   6% used [0x00000000e6ab0000, 0x00000000e6c20e48, 0x00000000e8000000)
  to   space 21824K,   0% used [0x00000000e5560000, 0x00000000e5560000, 0x00000000e6ab0000)
 concurrent mark-sweep generation total 393216K, used 79257K [0x00000000e8000000, 0x0000000100000000, 0x0000000100000000)
 Metaspace       used 38659K, capacity 40182K, committed 40240K, reserved 1085440K
  class space    used 4558K, capacity 4871K, committed 4912K, reserved 1048576K
2019-01-31T15:10:03.934-0200: 21870.734: [GC (Allocation Failure) 2019-01-31T15:10:03.934-0200: 21870.734: [ParNew
Desired survivor size 20112992 bytes, new threshold 8 (max 8)
- age   1:     535952 bytes,     535952 total
- age   2:     772784 bytes,    1308736 total
- age   6:        168 bytes,    1308904 total
- age   7:     186936 bytes,    1495840 total
- age   8:        112 bytes,    1495952 total
: 88899K->1660K(109248K), 0.0052567 secs] 168156K->80917K(502464K), 0.0053640 secs] [Times: user=0.00 sys=0.00, real=0.00 secs] 
Heap after GC invocations=222 (full 1):
 par new generation   total 109248K, used 1660K [0x00000000e0000000, 0x00000000e8000000, 0x00000000e8000000)
  eden space 87424K,   0% used [0x00000000e0000000, 0x00000000e0000000, 0x00000000e5560000)
  from space 21824K,   7% used [0x00000000e5560000, 0x00000000e56ff290, 0x00000000e6ab0000)
  to   space 21824K,   0% used [0x00000000e6ab0000, 0x00000000e6ab0000, 0x00000000e8000000)
 concurrent mark-sweep generation total 393216K, used 79257K [0x00000000e8000000, 0x0000000100000000, 0x0000000100000000)
 Metaspace       used 38659K, capacity 40182K, committed 40240K, reserved 1085440K
  class space    used 4558K, capacity 4871K, committed 4912K, reserved 1048576K
}
2019-01-31T15:10:03.939-0200: 21870.739: Total time for which application threads were stopped: 0.0056285 seconds, Stopping threads took: 0.0000411 seconds
{Heap before GC invocations=222 (full 1):
 par new generation   total 109248K, used 89084K [0x00000000e0000000, 0x00000000e8000000, 0x00000000e8000000)
  eden space 87424K, 100% used [0x00000000e0000000, 0x00000000e5560000, 0x00000000e5560000)
  from space 21824K,   7% used [0x00000000e5560000, 0x00000000e56ff290, 0x00000000e6ab0000)
  to   space 21824K,   0% used [0x00000000e6ab0000, 0x00000000e6ab0000, 0x00000000e8000000)
 concurrent mark-sweep generation total 393216K, used 79257K [0x00000000e8000000, 0x0000000100000000, 0x0000000100000000)
 Metaspace       used 38659K, capacity 40182K, committed 40240K, reserved 1085440K
  class space    used 4558K, capacity 4871K, committed 4912K, reserved 1048576K
2019-01-31T15:10:04.053-0200: 21870.855: [GC (Allocation Failure) 2019-01-31T15:10:04.053-0200: 21870.855: [ParNew
Desired survivor size 20112992 bytes, new threshold 8 (max 8)
- age   1:     443608 bytes,     443608 total
- age   2:     342624 bytes,     786232 total
- age   3:     772512 bytes,    1558744 total
- age   7:        168 bytes,    1558912 total
- age   8:     186936 bytes,    1745848 total
: 89084K->2098K(109248K), 0.0043642 secs] 168341K->81355K(502464K), 0.0044529 secs] [Times: user=0.00 sys=0.00, real=0.01 secs] 
Heap after GC invocations=223 (full 1):
 par new generation   total 109248K, used 2098K [0x00000000e0000000, 0x00000000e8000000, 0x00000000e8000000)
  eden space 87424K,   0% used [0x00000000e0000000, 0x00000000e0000000, 0x00000000e5560000)
  from space 21824K,   9% used [0x00000000e6ab0000, 0x00000000e6cbc808, 0x00000000e8000000)
  to   space 21824K,   0% used [0x00000000e5560000, 0x00000000e5560000, 0x00000000e6ab0000)
 concurrent mark-sweep generation total 393216K, used 79257K [0x00000000e8000000, 0x0000000100000000, 0x0000000100000000)
 Metaspace       used 38659K, capacity 40182K, committed 40240K, reserved 1085440K
  class space    used 4558K, capacity 4871K, committed 4912K, reserved 1048576K
}
2019-01-31T15:10:04.058-0200: 21870.859: Total time for which application threads were stopped: 0.0047066 seconds, Stopping threads took: 0.0000355 seconds
{Heap before GC invocations=223 (full 1):
 par new generation   total 109248K, used 89522K [0x00000000e0000000, 0x00000000e8000000, 0x00000000e8000000)
  eden space 87424K, 100% used [0x00000000e0000000, 0x00000000e5560000, 0x00000000e5560000)
  from space 21824K,   9% used [0x00000000e6ab0000, 0x00000000e6cbc808, 0x00000000e8000000)
  to   space 21824K,   0% used [0x00000000e5560000, 0x00000000e5560000, 0x00000000e6ab0000)
 concurrent mark-sweep generation total 393216K, used 79257K [0x00000000e8000000, 0x0000000100000000, 0x0000000100000000)
 Metaspace       used 38659K, capacity 40182K, committed 40240K, reserved 1085440K
  class space    used 4558K, capacity 4871K, committed 4912K, reserved 1048576K
2019-01-31T15:10:04.167-0200: 21870.968: [GC (Allocation Failure) 2019-01-31T15:10:04.167-0200: 21870.968: [ParNew
Desired survivor size 20112992 bytes, new threshold 8 (max 8)
- age   1:     507720 bytes,     507720 total
- age   2:     216808 bytes,     724528 total
- age   3:     341392 bytes,    1065920 total
- age   4:     772456 bytes,    1838376 total
- age   8:        168 bytes,    1838544 total
: 89522K->2160K(109248K), 0.0037452 secs] 168779K->81601K(502464K), 0.0038263 secs] [Times: user=0.00 sys=0.00, real=0.00 secs] 
Heap after GC invocations=224 (full 1):
 par new generation   total 109248K, used 2160K [0x00000000e0000000, 0x00000000e8000000, 0x00000000e8000000)
  eden space 87424K,   0% used [0x00000000e0000000, 0x00000000e0000000, 0x00000000e5560000)
  from space 21824K,   9% used [0x00000000e5560000, 0x00000000e577c0b0, 0x00000000e6ab0000)
  to   space 21824K,   0% used [0x00000000e6ab0000, 0x00000000e6ab0000, 0x00000000e8000000)
 concurrent mark-sweep generation total 393216K, used 79441K [0x00000000e8000000, 0x0000000100000000, 0x0000000100000000)
 Metaspace       used 38659K, capacity 40182K, committed 40240K, reserved 1085440K
  class space    used 4558K, capacity 4871K, committed 4912K, reserved 1048576K
}
2019-01-31T15:10:04.171-0200: 21870.972: Total time for which application threads were stopped: 0.0040731 seconds, Stopping threads took: 0.0000327 seconds
2019-01-31T15:10:04.240-0200: 21871.041: Total time for which application threads were stopped: 0.0001544 seconds, Stopping threads took: 0.0000383 seconds
2019-01-31T15:10:04.242-0200: 21871.043: Total time for which application threads were stopped: 0.0001372 seconds, Stopping threads took: 0.0000527 seconds
2019-01-31T15:10:04.242-0200: 21871.043: Total time for which application threads were stopped: 0.0002598 seconds, Stopping threads took: 0.0000205 seconds
2019-01-31T15:10:04.471-0200: 21871.272: Total time for which application threads were stopped: 0.0001176 seconds, Stopping threads took: 0.0000345 seconds
2019-01-31T15:10:04.471-0200: 21871.272: Total time for which application threads were stopped: 0.0002556 seconds, Stopping threads took: 0.0000457 seconds
2019-01-31T15:10:04.471-0200: 21871.272: Total time for which application threads were stopped: 0.0000821 seconds, Stopping threads took: 0.0000331 seconds
2019-01-31T15:10:04.472-0200: 21871.273: Total time for which application threads were stopped: 0.0001054 seconds, Stopping threads took: 0.0000532 seconds
2019-01-31T15:10:04.473-0200: 21871.274: Total time for which application threads were stopped: 0.0001418 seconds, Stopping threads took: 0.0000345 seconds
2019-01-31T15:10:04.692-0200: 21871.492: Total time for which application threads were stopped: 0.0001456 seconds, Stopping threads took: 0.0000560 seconds
2019-01-31T15:10:04.693-0200: 21871.494: Total time for which application threads were stopped: 0.0001395 seconds, Stopping threads took: 0.0000359 seconds
2019-01-31T15:10:04.720-0200: 21871.520: Total time for which application threads were stopped: 0.0001484 seconds, Stopping threads took: 0.0000387 seconds
2019-01-31T15:10:04.720-0200: 21871.521: Total time for which application threads were stopped: 0.0001082 seconds, Stopping threads took: 0.0000359 seconds
2019-01-31T15:10:04.720-0200: 21871.521: Total time for which application threads were stopped: 0.0001376 seconds, Stopping threads took: 0.0000257 seconds
2019-01-31T15:10:04.721-0200: 21871.522: Total time for which application threads were stopped: 0.0001409 seconds, Stopping threads took: 0.0000322 seconds
2019-01-31T15:10:04.721-0200: 21871.522: Total time for which application threads were stopped: 0.0001152 seconds, Stopping threads took: 0.0000257 seconds
2019-01-31T15:10:04.721-0200: 21871.522: Total time for which application threads were stopped: 0.0000863 seconds, Stopping threads took: 0.0000271 seconds
2019-01-31T15:10:04.722-0200: 21871.522: Total time for which application threads were stopped: 0.0000630 seconds, Stopping threads took: 0.0000149 seconds
{Heap before GC invocations=224 (full 1):
 par new generation   total 109248K, used 89584K [0x00000000e0000000, 0x00000000e8000000, 0x00000000e8000000)
  eden space 87424K, 100% used [0x00000000e0000000, 0x00000000e5560000, 0x00000000e5560000)
  from space 21824K,   9% used [0x00000000e5560000, 0x00000000e577c0b0, 0x00000000e6ab0000)
  to   space 21824K,   0% used [0x00000000e6ab0000, 0x00000000e6ab0000, 0x00000000e8000000)
 concurrent mark-sweep generation total 393216K, used 79441K [0x00000000e8000000, 0x0000000100000000, 0x0000000100000000)
 Metaspace       used 38664K, capacity 40182K, committed 40240K, reserved 1085440K
  class space    used 4558K, capacity 4871K, committed 4912K, reserved 1048576K
2019-01-31T15:10:04.821-0200: 21871.622: [GC (Allocation Failure) 2019-01-31T15:10:04.821-0200: 21871.622: [ParNew
Desired survivor size 20112992 bytes, new threshold 8 (max 8)
- age   1:     552392 bytes,     552392 total
- age   3:        568 bytes,     552960 total
- age   4:         80 bytes,     553040 total
- age   5:     187168 bytes,     740208 total
: 89584K->1176K(109248K), 0.0048830 secs] 169025K->80617K(502464K), 0.0049539 secs] [Times: user=0.00 sys=0.00, real=0.00 secs] 
Heap after GC invocations=225 (full 1):
 par new generation   total 109248K, used 1176K [0x00000000e0000000, 0x00000000e8000000, 0x00000000e8000000)
  eden space 87424K,   0% used [0x00000000e0000000, 0x00000000e0000000, 0x00000000e5560000)
  from space 21824K,   5% used [0x00000000e6ab0000, 0x00000000e6bd61c8, 0x00000000e8000000)
  to   space 21824K,   0% used [0x00000000e5560000, 0x00000000e5560000, 0x00000000e6ab0000)
 concurrent mark-sweep generation total 393216K, used 79441K [0x00000000e8000000, 0x0000000100000000, 0x0000000100000000)
 Metaspace       used 38664K, capacity 40182K, committed 40240K, reserved 1085440K
  class space    used 4558K, capacity 4871K, committed 4912K, reserved 1048576K
}
2019-01-31T15:10:04.826-0200: 21871.627: Total time for which application threads were stopped: 0.0053047 seconds, Stopping threads took: 0.0000453 seconds
{Heap before GC invocations=225 (full 1):
 par new generation   total 109248K, used 88600K [0x00000000e0000000, 0x00000000e8000000, 0x00000000e8000000)
  eden space 87424K, 100% used [0x00000000e0000000, 0x00000000e5560000, 0x00000000e5560000)
  from space 21824K,   5% used [0x00000000e6ab0000, 0x00000000e6bd61c8, 0x00000000e8000000)
  to   space 21824K,   0% used [0x00000000e5560000, 0x00000000e5560000, 0x00000000e6ab0000)
 concurrent mark-sweep generation total 393216K, used 79441K [0x00000000e8000000, 0x0000000100000000, 0x0000000100000000)
 Metaspace       used 38664K, capacity 40182K, committed 40240K, reserved 1085440K
  class space    used 4558K, capacity 4871K, committed 4912K, reserved 1048576K
2019-01-31T15:10:05.011-0200: 21871.812: [GC (Allocation Failure) 2019-01-31T15:10:05.012-0200: 21871.812: [ParNew
Desired survivor size 20112992 bytes, new threshold 8 (max 8)
- age   1:     644888 bytes,     644888 total
- age   2:     396968 bytes,    1041856 total
- age   4:        568 bytes,    1042424 total
- age   5:         80 bytes,    1042504 total
- age   6:     186256 bytes,    1228760 total
: 88600K->1358K(109248K), 0.0045574 secs] 168041K->80799K(502464K), 0.0046516 secs] [Times: user=0.00 sys=0.00, real=0.01 secs] 
Heap after GC invocations=226 (full 1):
 par new generation   total 109248K, used 1358K [0x00000000e0000000, 0x00000000e8000000, 0x00000000e8000000)
  eden space 87424K,   0% used [0x00000000e0000000, 0x00000000e0000000, 0x00000000e5560000)
  from space 21824K,   6% used [0x00000000e5560000, 0x00000000e56b3a38, 0x00000000e6ab0000)
  to   space 21824K,   0% used [0x00000000e6ab0000, 0x00000000e6ab0000, 0x00000000e8000000)
 concurrent mark-sweep generation total 393216K, used 79441K [0x00000000e8000000, 0x0000000100000000, 0x0000000100000000)
 Metaspace       used 38664K, capacity 40182K, committed 40240K, reserved 1085440K
  class space    used 4558K, capacity 4871K, committed 4912K, reserved 1048576K
}
2019-01-31T15:10:05.016-0200: 21871.817: Total time for which application threads were stopped: 0.0049464 seconds, Stopping threads took: 0.0000658 seconds
{Heap before GC invocations=226 (full 1):
 par new generation   total 109248K, used 88782K [0x00000000e0000000, 0x00000000e8000000, 0x00000000e8000000)
  eden space 87424K, 100% used [0x00000000e0000000, 0x00000000e5560000, 0x00000000e5560000)
  from space 21824K,   6% used [0x00000000e5560000, 0x00000000e56b3a38, 0x00000000e6ab0000)
  to   space 21824K,   0% used [0x00000000e6ab0000, 0x00000000e6ab0000, 0x00000000e8000000)
 concurrent mark-sweep generation total 393216K, used 79441K [0x00000000e8000000, 0x0000000100000000, 0x0000000100000000)
 Metaspace       used 38664K, capacity 40182K, committed 40240K, reserved 1085440K
  class space    used 4558K, capacity 4871K, committed 4912K, reserved 1048576K
2019-01-31T15:10:05.147-0200: 21871.948: [GC (Allocation Failure) 2019-01-31T15:10:05.147-0200: 21871.948: [ParNew
Desired survivor size 20112992 bytes, new threshold 8 (max 8)
- age   1:     562024 bytes,     562024 total
- age   2:     464840 bytes,    1026864 total
- age   3:     396696 bytes,    1423560 total
- age   5:        568 bytes,    1424128 total
- age   6:         80 bytes,    1424208 total
- age   7:     186256 bytes,    1610464 total
: 88782K->1665K(109248K), 0.0074642 secs] 168223K->81106K(502464K), 0.0075976 secs] [Times: user=0.00 sys=0.00, real=0.01 secs] 
Heap after GC invocations=227 (full 1):
 par new generation   total 109248K, used 1665K [0x00000000e0000000, 0x00000000e8000000, 0x00000000e8000000)
  eden space 87424K,   0% used [0x00000000e0000000, 0x00000000e0000000, 0x00000000e5560000)
  from space 21824K,   7% used [0x00000000e6ab0000, 0x00000000e6c50428, 0x00000000e8000000)
  to   space 21824K,   0% used [0x00000000e5560000, 0x00000000e5560000, 0x00000000e6ab0000)
 concurrent mark-sweep generation total 393216K, used 79441K [0x00000000e8000000, 0x0000000100000000, 0x0000000100000000)
 Metaspace       used 38664K, capacity 40182K, committed 40240K, reserved 1085440K
  class space    used 4558K, capacity 4871K, committed 4912K, reserved 1048576K
}
2019-01-31T15:10:05.155-0200: 21871.955: Total time for which application threads were stopped: 0.0081318 seconds, Stopping threads took: 0.0000429 seconds
{Heap before GC invocations=227 (full 1):
 par new generation   total 109248K, used 89089K [0x00000000e0000000, 0x00000000e8000000, 0x00000000e8000000)
  eden space 87424K, 100% used [0x00000000e0000000, 0x00000000e5560000, 0x00000000e5560000)
  from space 21824K,   7% used [0x00000000e6ab0000, 0x00000000e6c50428, 0x00000000e8000000)
  to   space 21824K,   0% used [0x00000000e5560000, 0x00000000e5560000, 0x00000000e6ab0000)
 concurrent mark-sweep generation total 393216K, used 79441K [0x00000000e8000000, 0x0000000100000000, 0x0000000100000000)
 Metaspace       used 38664K, capacity 40182K, committed 40240K, reserved 1085440K
  class space    used 4558K, capacity 4871K, committed 4912K, reserved 1048576K
2019-01-31T15:10:05.249-0200: 21872.049: [GC (Allocation Failure) 2019-01-31T15:10:05.249-0200: 21872.049: [ParNew
Desired survivor size 20112992 bytes, new threshold 8 (max 8)
- age   1:     476672 bytes,     476672 total
- age   2:     361368 bytes,     838040 total
- age   3:     464840 bytes,    1302880 total
- age   4:     396696 bytes,    1699576 total
- age   6:        568 bytes,    1700144 total
- age   7:         80 bytes,    1700224 total
- age   8:     186256 bytes,    1886480 total
: 89089K->2136K(109248K), 0.0046833 secs] 168530K->81577K(502464K), 0.0047757 secs] [Times: user=0.06 sys=0.00, real=0.00 secs] 
Heap after GC invocations=228 (full 1):
 par new generation   total 109248K, used 2136K [0x00000000e0000000, 0x00000000e8000000, 0x00000000e8000000)
  eden space 87424K,   0% used [0x00000000e0000000, 0x00000000e0000000, 0x00000000e5560000)
  from space 21824K,   9% used [0x00000000e5560000, 0x00000000e57762a0, 0x00000000e6ab0000)
  to   space 21824K,   0% used [0x00000000e6ab0000, 0x00000000e6ab0000, 0x00000000e8000000)
 concurrent mark-sweep generation total 393216K, used 79441K [0x00000000e8000000, 0x0000000100000000, 0x0000000100000000)
 Metaspace       used 38664K, capacity 40182K, committed 40240K, reserved 1085440K
  class space    used 4558K, capacity 4871K, committed 4912K, reserved 1048576K
}
2019-01-31T15:10:05.254-0200: 21872.054: Total time for which application threads were stopped: 0.0050411 seconds, Stopping threads took: 0.0000303 seconds
{Heap before GC invocations=228 (full 1):
 par new generation   total 109248K, used 89560K [0x00000000e0000000, 0x00000000e8000000, 0x00000000e8000000)
  eden space 87424K, 100% used [0x00000000e0000000, 0x00000000e5560000, 0x00000000e5560000)
  from space 21824K,   9% used [0x00000000e5560000, 0x00000000e57762a0, 0x00000000e6ab0000)
  to   space 21824K,   0% used [0x00000000e6ab0000, 0x00000000e6ab0000, 0x00000000e8000000)
 concurrent mark-sweep generation total 393216K, used 79441K [0x00000000e8000000, 0x0000000100000000, 0x0000000100000000)
 Metaspace       used 38664K, capacity 40182K, committed 40240K, reserved 1085440K
  class space    used 4558K, capacity 4871K, committed 4912K, reserved 1048576K
2019-01-31T15:10:05.332-0200: 21872.133: [GC (Allocation Failure) 2019-01-31T15:10:05.333-0200: 21872.133: [ParNew
Desired survivor size 20112992 bytes, new threshold 8 (max 8)
- age   1:     499768 bytes,     499768 total
- age   2:     235144 bytes,     734912 total
- age   3:     360280 bytes,    1095192 total
- age   4:     464840 bytes,    1560032 total
- age   5:     396640 bytes,    1956672 total
- age   7:        568 bytes,    1957240 total
- age   8:         80 bytes,    1957320 total
: 89560K->2155K(109248K), 0.0052931 secs] 169001K->81779K(502464K), 0.0054041 secs] [Times: user=0.00 sys=0.00, real=0.01 secs] 
Heap after GC invocations=229 (full 1):
 par new generation   total 109248K, used 2155K [0x00000000e0000000, 0x00000000e8000000, 0x00000000e8000000)
  eden space 87424K,   0% used [0x00000000e0000000, 0x00000000e0000000, 0x00000000e5560000)
  from space 21824K,   9% used [0x00000000e6ab0000, 0x00000000e6ccacc0, 0x00000000e8000000)
  to   space 21824K,   0% used [0x00000000e5560000, 0x00000000e5560000, 0x00000000e6ab0000)
 concurrent mark-sweep generation total 393216K, used 79624K [0x00000000e8000000, 0x0000000100000000, 0x0000000100000000)
 Metaspace       used 38664K, capacity 40182K, committed 40240K, reserved 1085440K
  class space    used 4558K, capacity 4871K, committed 4912K, reserved 1048576K
}
2019-01-31T15:10:05.338-0200: 21872.138: Total time for which application threads were stopped: 0.0056518 seconds, Stopping threads took: 0.0000383 seconds
2019-01-31T15:10:05.352-0200: 21872.153: Total time for which application threads were stopped: 0.0001166 seconds, Stopping threads took: 0.0000313 seconds
2019-01-31T15:10:05.354-0200: 21872.154: Total time for which application threads were stopped: 0.0001017 seconds, Stopping threads took: 0.0000387 seconds
2019-01-31T15:10:05.354-0200: 21872.155: Total time for which application threads were stopped: 0.0000695 seconds, Stopping threads took: 0.0000247 seconds
2019-01-31T15:10:05.635-0200: 21872.436: Total time for which application threads were stopped: 0.0001796 seconds, Stopping threads took: 0.0000863 seconds
2019-01-31T15:10:05.635-0200: 21872.436: Total time for which application threads were stopped: 0.0000989 seconds, Stopping threads took: 0.0000317 seconds
2019-01-31T15:10:05.636-0200: 21872.436: Total time for which application threads were stopped: 0.0001036 seconds, Stopping threads took: 0.0000569 seconds
2019-01-31T15:10:05.636-0200: 21872.436: Total time for which application threads were stopped: 0.0000840 seconds, Stopping threads took: 0.0000215 seconds
2019-01-31T15:10:05.637-0200: 21872.438: Total time for which application threads were stopped: 0.0000742 seconds, Stopping threads took: 0.0000210 seconds
2019-01-31T15:10:05.653-0200: 21872.454: Total time for which application threads were stopped: 0.0001134 seconds, Stopping threads took: 0.0000299 seconds
2019-01-31T15:10:05.655-0200: 21872.455: Total time for which application threads were stopped: 0.0000844 seconds, Stopping threads took: 0.0000215 seconds
2019-01-31T15:10:05.680-0200: 21872.480: Total time for which application threads were stopped: 0.0001218 seconds, Stopping threads took: 0.0000336 seconds
2019-01-31T15:10:05.680-0200: 21872.481: Total time for which application threads were stopped: 0.0000863 seconds, Stopping threads took: 0.0000257 seconds
2019-01-31T15:10:05.680-0200: 21872.481: Total time for which application threads were stopped: 0.0000821 seconds, Stopping threads took: 0.0000303 seconds
2019-01-31T15:10:05.681-0200: 21872.481: Total time for which application threads were stopped: 0.0000938 seconds, Stopping threads took: 0.0000210 seconds
2019-01-31T15:10:05.681-0200: 21872.481: Total time for which application threads were stopped: 0.0000807 seconds, Stopping threads took: 0.0000191 seconds
2019-01-31T15:10:05.681-0200: 21872.482: Total time for which application threads were stopped: 0.0000826 seconds, Stopping threads took: 0.0000196 seconds
2019-01-31T15:10:05.681-0200: 21872.482: Total time for which application threads were stopped: 0.0002146 seconds, Stopping threads took: 0.0000224 seconds
2019-01-31T15:10:05.737-0200: 21872.538: Total time for which application threads were stopped: 0.0001129 seconds, Stopping threads took: 0.0000294 seconds
2019-01-31T15:10:05.738-0200: 21872.539: Total time for which application threads were stopped: 0.0000602 seconds, Stopping threads took: 0.0000154 seconds
2019-01-31T15:10:05.738-0200: 21872.540: Total time for which application threads were stopped: 0.0000555 seconds, Stopping threads took: 0.0000145 seconds
2019-01-31T15:10:05.848-0200: 21872.649: Total time for which application threads were stopped: 0.0001166 seconds, Stopping threads took: 0.0000355 seconds
2019-01-31T15:10:05.848-0200: 21872.649: Total time for which application threads were stopped: 0.0001162 seconds, Stopping threads took: 0.0000648 seconds
2019-01-31T15:10:05.848-0200: 21872.649: Total time for which application threads were stopped: 0.0001414 seconds, Stopping threads took: 0.0000877 seconds
2019-01-31T15:12:31.648-0200: 22018.448: Total time for which application threads were stopped: 0.0001353 seconds, Stopping threads took: 0.0000406 seconds
2019-01-31T15:12:31.696-0200: 22018.497: Total time for which application threads were stopped: 0.0002039 seconds, Stopping threads took: 0.0000448 seconds
2019-01-31T15:12:31.696-0200: 22018.497: Total time for which application threads were stopped: 0.0001241 seconds, Stopping threads took: 0.0000373 seconds
2019-01-31T15:12:31.696-0200: 22018.497: Total time for which application threads were stopped: 0.0001036 seconds, Stopping threads took: 0.0000397 seconds
2019-01-31T15:12:31.697-0200: 22018.498: Total time for which application threads were stopped: 0.0000956 seconds, Stopping threads took: 0.0000224 seconds
2019-01-31T15:12:31.697-0200: 22018.498: Total time for which application threads were stopped: 0.0000611 seconds, Stopping threads took: 0.0000149 seconds
{Heap before GC invocations=229 (full 1):
 par new generation   total 109248K, used 89579K [0x00000000e0000000, 0x00000000e8000000, 0x00000000e8000000)
  eden space 87424K, 100% used [0x00000000e0000000, 0x00000000e5560000, 0x00000000e5560000)
  from space 21824K,   9% used [0x00000000e6ab0000, 0x00000000e6ccacc0, 0x00000000e8000000)
  to   space 21824K,   0% used [0x00000000e5560000, 0x00000000e5560000, 0x00000000e6ab0000)
 concurrent mark-sweep generation total 393216K, used 79624K [0x00000000e8000000, 0x0000000100000000, 0x0000000100000000)
 Metaspace       used 38678K, capacity 40186K, committed 40240K, reserved 1085440K
  class space    used 4558K, capacity 4871K, committed 4912K, reserved 1048576K
2019-01-31T15:12:31.883-0200: 22018.684: [GC (Allocation Failure) 2019-01-31T15:12:31.883-0200: 22018.684: [ParNew
Desired survivor size 20112992 bytes, new threshold 8 (max 8)
- age   1:    1020576 bytes,    1020576 total
- age   4:        560 bytes,    1021136 total
- age   5:      66712 bytes,    1087848 total
- age   6:     117776 bytes,    1205624 total
- age   8:        568 bytes,    1206192 total
: 89579K->1556K(109248K), 0.0078020 secs] 169203K->81180K(502464K), 0.0078822 secs] [Times: user=0.00 sys=0.00, real=0.01 secs] 
Heap after GC invocations=230 (full 1):
 par new generation   total 109248K, used 1556K [0x00000000e0000000, 0x00000000e8000000, 0x00000000e8000000)
  eden space 87424K,   0% used [0x00000000e0000000, 0x00000000e0000000, 0x00000000e5560000)
  from space 21824K,   7% used [0x00000000e5560000, 0x00000000e56e50c8, 0x00000000e6ab0000)
  to   space 21824K,   0% used [0x00000000e6ab0000, 0x00000000e6ab0000, 0x00000000e8000000)
 concurrent mark-sweep generation total 393216K, used 79624K [0x00000000e8000000, 0x0000000100000000, 0x0000000100000000)
 Metaspace       used 38678K, capacity 40186K, committed 40240K, reserved 1085440K
  class space    used 4558K, capacity 4871K, committed 4912K, reserved 1048576K
}
2019-01-31T15:12:31.891-0200: 22018.692: Total time for which application threads were stopped: 0.0081294 seconds, Stopping threads took: 0.0000308 seconds
{Heap before GC invocations=230 (full 1):
 par new generation   total 109248K, used 88980K [0x00000000e0000000, 0x00000000e8000000, 0x00000000e8000000)
  eden space 87424K, 100% used [0x00000000e0000000, 0x00000000e5560000, 0x00000000e5560000)
  from space 21824K,   7% used [0x00000000e5560000, 0x00000000e56e50c8, 0x00000000e6ab0000)
  to   space 21824K,   0% used [0x00000000e6ab0000, 0x00000000e6ab0000, 0x00000000e8000000)
 concurrent mark-sweep generation total 393216K, used 79624K [0x00000000e8000000, 0x0000000100000000, 0x0000000100000000)
 Metaspace       used 38678K, capacity 40186K, committed 40240K, reserved 1085440K
  class space    used 4558K, capacity 4871K, committed 4912K, reserved 1048576K
2019-01-31T15:12:31.984-0200: 22018.784: [GC (Allocation Failure) 2019-01-31T15:12:31.984-0200: 22018.784: [ParNew
Desired survivor size 20112992 bytes, new threshold 8 (max 8)
- age   1:     624368 bytes,     624368 total
- age   2:     712328 bytes,    1336696 total
- age   5:        560 bytes,    1337256 total
- age   6:      66712 bytes,    1403968 total
- age   7:     116864 bytes,    1520832 total
: 88980K->1722K(109248K), 0.0045098 secs] 168604K->81347K(502464K), 0.0045849 secs] [Times: user=0.05 sys=0.02, real=0.00 secs] 
Heap after GC invocations=231 (full 1):
 par new generation   total 109248K, used 1722K [0x00000000e0000000, 0x00000000e8000000, 0x00000000e8000000)
  eden space 87424K,   0% used [0x00000000e0000000, 0x00000000e0000000, 0x00000000e5560000)
  from space 21824K,   7% used [0x00000000e6ab0000, 0x00000000e6c5ebe0, 0x00000000e8000000)
  to   space 21824K,   0% used [0x00000000e5560000, 0x00000000e5560000, 0x00000000e6ab0000)
 concurrent mark-sweep generation total 393216K, used 79625K [0x00000000e8000000, 0x0000000100000000, 0x0000000100000000)
 Metaspace       used 38678K, capacity 40186K, committed 40240K, reserved 1085440K
  class space    used 4558K, capacity 4871K, committed 4912K, reserved 1048576K
}
2019-01-31T15:12:31.988-0200: 22018.789: Total time for which application threads were stopped: 0.0048424 seconds, Stopping threads took: 0.0000336 seconds
{Heap before GC invocations=231 (full 1):
 par new generation   total 109248K, used 89146K [0x00000000e0000000, 0x00000000e8000000, 0x00000000e8000000)
  eden space 87424K, 100% used [0x00000000e0000000, 0x00000000e5560000, 0x00000000e5560000)
  from space 21824K,   7% used [0x00000000e6ab0000, 0x00000000e6c5ebe0, 0x00000000e8000000)
  to   space 21824K,   0% used [0x00000000e5560000, 0x00000000e5560000, 0x00000000e6ab0000)
 concurrent mark-sweep generation total 393216K, used 79625K [0x00000000e8000000, 0x0000000100000000, 0x0000000100000000)
 Metaspace       used 38678K, capacity 40186K, committed 40240K, reserved 1085440K
  class space    used 4558K, capacity 4871K, committed 4912K, reserved 1048576K
2019-01-31T15:12:32.074-0200: 22018.874: [GC (Allocation Failure) 2019-01-31T15:12:32.074-0200: 22018.874: [ParNew
Desired survivor size 20112992 bytes, new threshold 8 (max 8)
- age   1:     579896 bytes,     579896 total
- age   2:     394576 bytes,     974472 total
- age   3:     712168 bytes,    1686640 total
- age   6:        560 bytes,    1687200 total
- age   7:      66712 bytes,    1753912 total
- age   8:     116864 bytes,    1870776 total
: 89146K->2507K(109248K), 0.0047370 secs] 168771K->82132K(502464K), 0.0048317 secs] [Times: user=0.00 sys=0.00, real=0.00 secs] 
Heap after GC invocations=232 (full 1):
 par new generation   total 109248K, used 2507K [0x00000000e0000000, 0x00000000e8000000, 0x00000000e8000000)
  eden space 87424K,   0% used [0x00000000e0000000, 0x00000000e0000000, 0x00000000e5560000)
  from space 21824K,  11% used [0x00000000e5560000, 0x00000000e57d2fd0, 0x00000000e6ab0000)
  to   space 21824K,   0% used [0x00000000e6ab0000, 0x00000000e6ab0000, 0x00000000e8000000)
 concurrent mark-sweep generation total 393216K, used 79625K [0x00000000e8000000, 0x0000000100000000, 0x0000000100000000)
 Metaspace       used 38678K, capacity 40186K, committed 40240K, reserved 1085440K
  class space    used 4558K, capacity 4871K, committed 4912K, reserved 1048576K
}
2019-01-31T15:12:32.078-0200: 22018.879: Total time for which application threads were stopped: 0.0050887 seconds, Stopping threads took: 0.0000317 seconds
{Heap before GC invocations=232 (full 1):
 par new generation   total 109248K, used 89931K [0x00000000e0000000, 0x00000000e8000000, 0x00000000e8000000)
  eden space 87424K, 100% used [0x00000000e0000000, 0x00000000e5560000, 0x00000000e5560000)
  from space 21824K,  11% used [0x00000000e5560000, 0x00000000e57d2fd0, 0x00000000e6ab0000)
  to   space 21824K,   0% used [0x00000000e6ab0000, 0x00000000e6ab0000, 0x00000000e8000000)
 concurrent mark-sweep generation total 393216K, used 79625K [0x00000000e8000000, 0x0000000100000000, 0x0000000100000000)
 Metaspace       used 38678K, capacity 40186K, committed 40240K, reserved 1085440K
  class space    used 4558K, capacity 4871K, committed 4912K, reserved 1048576K
2019-01-31T15:12:32.157-0200: 22018.958: [GC (Allocation Failure) 2019-01-31T15:12:32.157-0200: 22018.958: [ParNew
Desired survivor size 20112992 bytes, new threshold 8 (max 8)
- age   1:     623632 bytes,     623632 total
- age   2:     271672 bytes,     895304 total
- age   3:     322928 bytes,    1218232 total
- age   4:     711824 bytes,    1930056 total
- age   7:        560 bytes,    1930616 total
- age   8:      66712 bytes,    1997328 total
: 89931K->2198K(109248K), 0.0041552 secs] 169556K->81938K(502464K), 0.0042471 secs] [Times: user=0.06 sys=0.00, real=0.00 secs] 
Heap after GC invocations=233 (full 1):
 par new generation   total 109248K, used 2198K [0x00000000e0000000, 0x00000000e8000000, 0x00000000e8000000)
  eden space 87424K,   0% used [0x00000000e0000000, 0x00000000e0000000, 0x00000000e5560000)
  from space 21824K,  10% used [0x00000000e6ab0000, 0x00000000e6cd5970, 0x00000000e8000000)
  to   space 21824K,   0% used [0x00000000e5560000, 0x00000000e5560000, 0x00000000e6ab0000)
 concurrent mark-sweep generation total 393216K, used 79740K [0x00000000e8000000, 0x0000000100000000, 0x0000000100000000)
 Metaspace       used 38678K, capacity 40186K, committed 40240K, reserved 1085440K
  class space    used 4558K, capacity 4871K, committed 4912K, reserved 1048576K
}
2019-01-31T15:12:32.161-0200: 22018.962: Total time for which application threads were stopped: 0.0044944 seconds, Stopping threads took: 0.0000345 seconds
{Heap before GC invocations=233 (full 1):
 par new generation   total 109248K, used 89622K [0x00000000e0000000, 0x00000000e8000000, 0x00000000e8000000)
  eden space 87424K, 100% used [0x00000000e0000000, 0x00000000e5560000, 0x00000000e5560000)
  from space 21824K,  10% used [0x00000000e6ab0000, 0x00000000e6cd5970, 0x00000000e8000000)
  to   space 21824K,   0% used [0x00000000e5560000, 0x00000000e5560000, 0x00000000e6ab0000)
 concurrent mark-sweep generation total 393216K, used 79740K [0x00000000e8000000, 0x0000000100000000, 0x0000000100000000)
 Metaspace       used 38678K, capacity 40186K, committed 40240K, reserved 1085440K
  class space    used 4558K, capacity 4871K, committed 4912K, reserved 1048576K
2019-01-31T15:12:32.245-0200: 22019.046: [GC (Allocation Failure) 2019-01-31T15:12:32.245-0200: 22019.046: [ParNew
Desired survivor size 20112992 bytes, new threshold 8 (max 8)
- age   1:     739152 bytes,     739152 total
- age   2:     335952 bytes,    1075104 total
- age   3:     271672 bytes,    1346776 total
- age   4:     257376 bytes,    1604152 total
- age   5:     744608 bytes,    2348760 total
- age   8:        560 bytes,    2349320 total
: 89622K->2663K(109248K), 0.0047365 secs] 169362K->82468K(502464K), 0.0048326 secs] [Times: user=0.00 sys=0.00, real=0.01 secs] 
Heap after GC invocations=234 (full 1):
 par new generation   total 109248K, used 2663K [0x00000000e0000000, 0x00000000e8000000, 0x00000000e8000000)
  eden space 87424K,   0% used [0x00000000e0000000, 0x00000000e0000000, 0x00000000e5560000)
  from space 21824K,  12% used [0x00000000e5560000, 0x00000000e57f9da0, 0x00000000e6ab0000)
  to   space 21824K,   0% used [0x00000000e6ab0000, 0x00000000e6ab0000, 0x00000000e8000000)
 concurrent mark-sweep generation total 393216K, used 79805K [0x00000000e8000000, 0x0000000100000000, 0x0000000100000000)
 Metaspace       used 38678K, capacity 40186K, committed 40240K, reserved 1085440K
  class space    used 4558K, capacity 4871K, committed 4912K, reserved 1048576K
}
2019-01-31T15:12:32.250-0200: 22019.051: Total time for which application threads were stopped: 0.0050808 seconds, Stopping threads took: 0.0000364 seconds
{Heap before GC invocations=234 (full 1):
 par new generation   total 109248K, used 90087K [0x00000000e0000000, 0x00000000e8000000, 0x00000000e8000000)
  eden space 87424K, 100% used [0x00000000e0000000, 0x00000000e5560000, 0x00000000e5560000)
  from space 21824K,  12% used [0x00000000e5560000, 0x00000000e57f9da0, 0x00000000e6ab0000)
  to   space 21824K,   0% used [0x00000000e6ab0000, 0x00000000e6ab0000, 0x00000000e8000000)
 concurrent mark-sweep generation total 393216K, used 79805K [0x00000000e8000000, 0x0000000100000000, 0x0000000100000000)
 Metaspace       used 38678K, capacity 40186K, committed 40240K, reserved 1085440K
  class space    used 4558K, capacity 4871K, committed 4912K, reserved 1048576K
2019-01-31T15:12:32.332-0200: 22019.133: [GC (Allocation Failure) 2019-01-31T15:12:32.332-0200: 22019.133: [ParNew
Desired survivor size 20112992 bytes, new threshold 8 (max 8)
- age   1:     649528 bytes,     649528 total
- age   2:     346768 bytes,     996296 total
- age   3:     335880 bytes,    1332176 total
- age   4:     271672 bytes,    1603848 total
- age   5:     257376 bytes,    1861224 total
- age   6:     711632 bytes,    2572856 total
: 90087K->3515K(109248K), 0.0040381 secs] 169892K->83321K(502464K), 0.0041459 secs] [Times: user=0.00 sys=0.00, real=0.00 secs] 
Heap after GC invocations=235 (full 1):
 par new generation   total 109248K, used 3515K [0x00000000e0000000, 0x00000000e8000000, 0x00000000e8000000)
  eden space 87424K,   0% used [0x00000000e0000000, 0x00000000e0000000, 0x00000000e5560000)
  from space 21824K,  16% used [0x00000000e6ab0000, 0x00000000e6e1ed98, 0x00000000e8000000)
  to   space 21824K,   0% used [0x00000000e5560000, 0x00000000e5560000, 0x00000000e6ab0000)
 concurrent mark-sweep generation total 393216K, used 79806K [0x00000000e8000000, 0x0000000100000000, 0x0000000100000000)
 Metaspace       used 38678K, capacity 40186K, committed 40240K, reserved 1085440K
  class space    used 4558K, capacity 4871K, committed 4912K, reserved 1048576K
}
2019-01-31T15:12:32.336-0200: 22019.137: Total time for which application threads were stopped: 0.0044137 seconds, Stopping threads took: 0.0000341 seconds
{Heap before GC invocations=235 (full 1):
 par new generation   total 109248K, used 90744K [0x00000000e0000000, 0x00000000e8000000, 0x00000000e8000000)
  eden space 87424K,  99% used [0x00000000e0000000, 0x00000000e552f5d0, 0x00000000e5560000)
  from space 21824K,  16% used [0x00000000e6ab0000, 0x00000000e6e1ed98, 0x00000000e8000000)
  to   space 21824K,   0% used [0x00000000e5560000, 0x00000000e5560000, 0x00000000e6ab0000)
 concurrent mark-sweep generation total 393216K, used 79806K [0x00000000e8000000, 0x0000000100000000, 0x0000000100000000)
 Metaspace       used 38678K, capacity 40186K, committed 40240K, reserved 1085440K
  class space    used 4558K, capacity 4871K, committed 4912K, reserved 1048576K
2019-01-31T15:12:32.416-0200: 22019.217: [GC (Allocation Failure) 2019-01-31T15:12:32.416-0200: 22019.217: [ParNew
Desired survivor size 20112992 bytes, new threshold 8 (max 8)
- age   1:     683920 bytes,     683920 total
- age   2:     275280 bytes,     959200 total
- age   3:     343456 bytes,    1302656 total
- age   4:     335448 bytes,    1638104 total
- age   5:     271672 bytes,    1909776 total
- age   6:     257376 bytes,    2167152 total
- age   7:     711632 bytes,    2878784 total
: 90744K->3049K(109248K), 0.0044314 secs] 170550K->82855K(502464K), 0.0045294 secs] [Times: user=0.00 sys=0.00, real=0.00 secs] 
Heap after GC invocations=236 (full 1):
 par new generation   total 109248K, used 3049K [0x00000000e0000000, 0x00000000e8000000, 0x00000000e8000000)
  eden space 87424K,   0% used [0x00000000e0000000, 0x00000000e0000000, 0x00000000e5560000)
  from space 21824K,  13% used [0x00000000e5560000, 0x00000000e585a758, 0x00000000e6ab0000)
  to   space 21824K,   0% used [0x00000000e6ab0000, 0x00000000e6ab0000, 0x00000000e8000000)
 concurrent mark-sweep generation total 393216K, used 79806K [0x00000000e8000000, 0x0000000100000000, 0x0000000100000000)
 Metaspace       used 38678K, capacity 40186K, committed 40240K, reserved 1085440K
  class space    used 4558K, capacity 4871K, committed 4912K, reserved 1048576K
}
2019-01-31T15:12:32.420-0200: 22019.221: Total time for which application threads were stopped: 0.0047771 seconds, Stopping threads took: 0.0000359 seconds
{Heap before GC invocations=236 (full 1):
 par new generation   total 109248K, used 90473K [0x00000000e0000000, 0x00000000e8000000, 0x00000000e8000000)
  eden space 87424K, 100% used [0x00000000e0000000, 0x00000000e5560000, 0x00000000e5560000)
  from space 21824K,  13% used [0x00000000e5560000, 0x00000000e585a758, 0x00000000e6ab0000)
  to   space 21824K,   0% used [0x00000000e6ab0000, 0x00000000e6ab0000, 0x00000000e8000000)
 concurrent mark-sweep generation total 393216K, used 79806K [0x00000000e8000000, 0x0000000100000000, 0x0000000100000000)
 Metaspace       used 38678K, capacity 40186K, committed 40240K, reserved 1085440K
  class space    used 4558K, capacity 4871K, committed 4912K, reserved 1048576K
2019-01-31T15:12:32.498-0200: 22019.299: [GC (Allocation Failure) 2019-01-31T15:12:32.499-0200: 22019.300: [ParNew
Desired survivor size 20112992 bytes, new threshold 8 (max 8)
- age   1:     693592 bytes,     693592 total
- age   2:     234808 bytes,     928400 total
- age   3:     275192 bytes,    1203592 total
- age   4:     343456 bytes,    1547048 total
- age   5:     334360 bytes,    1881408 total
- age   6:     271672 bytes,    2153080 total
- age   7:     257376 bytes,    2410456 total
- age   8:     711632 bytes,    3122088 total
: 90473K->3912K(109248K), 0.0043148 secs] 170279K->83718K(502464K), 0.0044370 secs] [Times: user=0.01 sys=0.00, real=0.01 secs] 
Heap after GC invocations=237 (full 1):
 par new generation   total 109248K, used 3912K [0x00000000e0000000, 0x00000000e8000000, 0x00000000e8000000)
  eden space 87424K,   0% used [0x00000000e0000000, 0x00000000e0000000, 0x00000000e5560000)
  from space 21824K,  17% used [0x00000000e6ab0000, 0x00000000e6e82048, 0x00000000e8000000)
  to   space 21824K,   0% used [0x00000000e5560000, 0x00000000e5560000, 0x00000000e6ab0000)
 concurrent mark-sweep generation total 393216K, used 79806K [0x00000000e8000000, 0x0000000100000000, 0x0000000100000000)
 Metaspace       used 38678K, capacity 40186K, committed 40240K, reserved 1085440K
  class space    used 4558K, capacity 4871K, committed 4912K, reserved 1048576K
}
2019-01-31T15:12:32.503-0200: 22019.304: Total time for which application threads were stopped: 0.0047234 seconds, Stopping threads took: 0.0000373 seconds
{Heap before GC invocations=237 (full 1):
 par new generation   total 109248K, used 91336K [0x00000000e0000000, 0x00000000e8000000, 0x00000000e8000000)
  eden space 87424K, 100% used [0x00000000e0000000, 0x00000000e5560000, 0x00000000e5560000)
  from space 21824K,  17% used [0x00000000e6ab0000, 0x00000000e6e82048, 0x00000000e8000000)
  to   space 21824K,   0% used [0x00000000e5560000, 0x00000000e5560000, 0x00000000e6ab0000)
 concurrent mark-sweep generation total 393216K, used 79806K [0x00000000e8000000, 0x0000000100000000, 0x0000000100000000)
 Metaspace       used 38678K, capacity 40186K, committed 40240K, reserved 1085440K
  class space    used 4558K, capacity 4871K, committed 4912K, reserved 1048576K
2019-01-31T15:12:32.584-0200: 22019.385: [GC (Allocation Failure) 2019-01-31T15:12:32.584-0200: 22019.385: [ParNew
Desired survivor size 20112992 bytes, new threshold 8 (max 8)
- age   1:     466232 bytes,     466232 total
- age   2:     578264 bytes,    1044496 total
- age   3:     234808 bytes,    1279304 total
- age   4:     275192 bytes,    1554496 total
- age   5:     343456 bytes,    1897952 total
- age   6:     249856 bytes,    2147808 total
- age   7:     271672 bytes,    2419480 total
- age   8:     257376 bytes,    2676856 total
: 91336K->3429K(109248K), 0.0048811 secs] 171142K->83933K(502464K), 0.0049772 secs] [Times: user=0.00 sys=0.00, real=0.00 secs] 
Heap after GC invocations=238 (full 1):
 par new generation   total 109248K, used 3429K [0x00000000e0000000, 0x00000000e8000000, 0x00000000e8000000)
  eden space 87424K,   0% used [0x00000000e0000000, 0x00000000e0000000, 0x00000000e5560000)
  from space 21824K,  15% used [0x00000000e5560000, 0x00000000e58b94f8, 0x00000000e6ab0000)
  to   space 21824K,   0% used [0x00000000e6ab0000, 0x00000000e6ab0000, 0x00000000e8000000)
 concurrent mark-sweep generation total 393216K, used 80504K [0x00000000e8000000, 0x0000000100000000, 0x0000000100000000)
 Metaspace       used 38678K, capacity 40186K, committed 40240K, reserved 1085440K
  class space    used 4558K, capacity 4871K, committed 4912K, reserved 1048576K
}
2019-01-31T15:12:32.589-0200: 22019.390: Total time for which application threads were stopped: 0.0052249 seconds, Stopping threads took: 0.0000369 seconds
2019-01-31T15:12:32.642-0200: 22019.443: Total time for which application threads were stopped: 0.0001885 seconds, Stopping threads took: 0.0000616 seconds
2019-01-31T15:12:32.645-0200: 22019.445: Total time for which application threads were stopped: 0.0001675 seconds, Stopping threads took: 0.0000522 seconds
2019-01-31T15:12:32.645-0200: 22019.446: Total time for which application threads were stopped: 0.0001073 seconds, Stopping threads took: 0.0000359 seconds
2019-01-31T15:12:32.827-0200: 22019.628: Total time for which application threads were stopped: 0.0001857 seconds, Stopping threads took: 0.0000933 seconds
2019-01-31T15:12:32.827-0200: 22019.628: Total time for which application threads were stopped: 0.0001171 seconds, Stopping threads took: 0.0000676 seconds
2019-01-31T15:12:32.827-0200: 22019.628: Total time for which application threads were stopped: 0.0001190 seconds, Stopping threads took: 0.0000522 seconds
2019-01-31T15:12:32.827-0200: 22019.628: Total time for which application threads were stopped: 0.0001171 seconds, Stopping threads took: 0.0000415 seconds
2019-01-31T15:12:32.950-0200: 22019.751: Total time for which application threads were stopped: 0.0001199 seconds, Stopping threads took: 0.0000331 seconds
2019-01-31T15:12:32.979-0200: 22019.780: Total time for which application threads were stopped: 0.0001684 seconds, Stopping threads took: 0.0000807 seconds
2019-01-31T15:12:32.979-0200: 22019.780: Total time for which application threads were stopped: 0.0001078 seconds, Stopping threads took: 0.0000527 seconds
2019-01-31T15:12:32.979-0200: 22019.780: Total time for which application threads were stopped: 0.0000970 seconds, Stopping threads took: 0.0000453 seconds
2019-01-31T15:12:32.980-0200: 22019.781: Total time for which application threads were stopped: 0.0001325 seconds, Stopping threads took: 0.0000569 seconds
2019-01-31T15:12:32.980-0200: 22019.781: Total time for which application threads were stopped: 0.0000816 seconds, Stopping threads took: 0.0000275 seconds
{Heap before GC invocations=238 (full 1):
 par new generation   total 109248K, used 90853K [0x00000000e0000000, 0x00000000e8000000, 0x00000000e8000000)
  eden space 87424K, 100% used [0x00000000e0000000, 0x00000000e5560000, 0x00000000e5560000)
  from space 21824K,  15% used [0x00000000e5560000, 0x00000000e58b94f8, 0x00000000e6ab0000)
  to   space 21824K,   0% used [0x00000000e6ab0000, 0x00000000e6ab0000, 0x00000000e8000000)
 concurrent mark-sweep generation total 393216K, used 80504K [0x00000000e8000000, 0x0000000100000000, 0x0000000100000000)
 Metaspace       used 38684K, capacity 40186K, committed 40240K, reserved 1085440K
  class space    used 4558K, capacity 4871K, committed 4912K, reserved 1048576K
2019-01-31T15:12:33.066-0200: 22019.867: [GC (Allocation Failure) 2019-01-31T15:12:33.066-0200: 22019.867: [ParNew
Desired survivor size 20112992 bytes, new threshold 8 (max 8)
- age   1:    1398608 bytes,    1398608 total
- age   2:     366688 bytes,    1765296 total
- age   3:     220952 bytes,    1986248 total
- age   4:     228856 bytes,    2215104 total
- age   5:     274272 bytes,    2489376 total
- age   6:     342720 bytes,    2832096 total
- age   7:     249120 bytes,    3081216 total
- age   8:     270752 bytes,    3351968 total
: 90853K->4348K(109248K), 0.0052669 secs] 171357K->85103K(502464K), 0.0053901 secs] [Times: user=0.00 sys=0.00, real=0.01 secs] 
Heap after GC invocations=239 (full 1):
 par new generation   total 109248K, used 4348K [0x00000000e0000000, 0x00000000e8000000, 0x00000000e8000000)
  eden space 87424K,   0% used [0x00000000e0000000, 0x00000000e0000000, 0x00000000e5560000)
  from space 21824K,  19% used [0x00000000e6ab0000, 0x00000000e6eef0d0, 0x00000000e8000000)
  to   space 21824K,   0% used [0x00000000e5560000, 0x00000000e5560000, 0x00000000e6ab0000)
 concurrent mark-sweep generation total 393216K, used 80755K [0x00000000e8000000, 0x0000000100000000, 0x0000000100000000)
 Metaspace       used 38684K, capacity 40186K, committed 40240K, reserved 1085440K
  class space    used 4558K, capacity 4871K, committed 4912K, reserved 1048576K
}
2019-01-31T15:12:33.072-0200: 22019.873: Total time for which application threads were stopped: 0.0056845 seconds, Stopping threads took: 0.0000471 seconds
{Heap before GC invocations=239 (full 1):
 par new generation   total 109248K, used 91772K [0x00000000e0000000, 0x00000000e8000000, 0x00000000e8000000)
  eden space 87424K, 100% used [0x00000000e0000000, 0x00000000e5560000, 0x00000000e5560000)
  from space 21824K,  19% used [0x00000000e6ab0000, 0x00000000e6eef0d0, 0x00000000e8000000)
  to   space 21824K,   0% used [0x00000000e5560000, 0x00000000e5560000, 0x00000000e6ab0000)
 concurrent mark-sweep generation total 393216K, used 80755K [0x00000000e8000000, 0x0000000100000000, 0x0000000100000000)
 Metaspace       used 38684K, capacity 40186K, committed 40240K, reserved 1085440K
  class space    used 4558K, capacity 4871K, committed 4912K, reserved 1048576K
2019-01-31T15:12:33.182-0200: 22019.982: [GC (Allocation Failure) 2019-01-31T15:12:33.182-0200: 22019.982: [ParNew
Desired survivor size 20112992 bytes, new threshold 8 (max 8)
- age   1:     486096 bytes,     486096 total
- age   2:    1206472 bytes,    1692568 total
- age   3:     366688 bytes,    2059256 total
- age   4:     220952 bytes,    2280208 total
- age   5:     228856 bytes,    2509064 total
- age   6:     274272 bytes,    2783336 total
- age   7:     342720 bytes,    3126056 total
- age   8:     249120 bytes,    3375176 total
: 91772K->4006K(109248K), 0.0046381 secs] 172527K->85026K(502464K), 0.0047230 secs] [Times: user=0.00 sys=0.00, real=0.00 secs] 
Heap after GC invocations=240 (full 1):
 par new generation   total 109248K, used 4006K [0x00000000e0000000, 0x00000000e8000000, 0x00000000e8000000)
  eden space 87424K,   0% used [0x00000000e0000000, 0x00000000e0000000, 0x00000000e5560000)
  from space 21824K,  18% used [0x00000000e5560000, 0x00000000e5949b10, 0x00000000e6ab0000)
  to   space 21824K,   0% used [0x00000000e6ab0000, 0x00000000e6ab0000, 0x00000000e8000000)
 concurrent mark-sweep generation total 393216K, used 81019K [0x00000000e8000000, 0x0000000100000000, 0x0000000100000000)
 Metaspace       used 38684K, capacity 40186K, committed 40240K, reserved 1085440K
  class space    used 4558K, capacity 4871K, committed 4912K, reserved 1048576K
}
2019-01-31T15:12:33.187-0200: 22019.987: Total time for which application threads were stopped: 0.0049688 seconds, Stopping threads took: 0.0000341 seconds
{Heap before GC invocations=240 (full 1):
 par new generation   total 109248K, used 91430K [0x00000000e0000000, 0x00000000e8000000, 0x00000000e8000000)
  eden space 87424K, 100% used [0x00000000e0000000, 0x00000000e5560000, 0x00000000e5560000)
  from space 21824K,  18% used [0x00000000e5560000, 0x00000000e5949b10, 0x00000000e6ab0000)
  to   space 21824K,   0% used [0x00000000e6ab0000, 0x00000000e6ab0000, 0x00000000e8000000)
 concurrent mark-sweep generation total 393216K, used 81019K [0x00000000e8000000, 0x0000000100000000, 0x0000000100000000)
 Metaspace       used 38684K, capacity 40186K, committed 40240K, reserved 1085440K
  class space    used 4558K, capacity 4871K, committed 4912K, reserved 1048576K
2019-01-31T15:12:33.320-0200: 22020.120: [GC (Allocation Failure) 2019-01-31T15:12:33.320-0200: 22020.120: [ParNew
Desired survivor size 20112992 bytes, new threshold 8 (max 8)
- age   1:     525208 bytes,     525208 total
- age   2:     288176 bytes,     813384 total
- age   3:    1206040 bytes,    2019424 total
- age   4:     366688 bytes,    2386112 total
- age   5:     220952 bytes,    2607064 total
- age   6:     228856 bytes,    2835920 total
- age   7:     274272 bytes,    3110192 total
- age   8:     342720 bytes,    3452912 total
: 91430K->4244K(109248K), 0.0071558 secs] 172450K->85507K(502464K), 0.0072561 secs] [Times: user=0.00 sys=0.00, real=0.01 secs] 
Heap after GC invocations=241 (full 1):
 par new generation   total 109248K, used 4244K [0x00000000e0000000, 0x00000000e8000000, 0x00000000e8000000)
  eden space 87424K,   0% used [0x00000000e0000000, 0x00000000e0000000, 0x00000000e5560000)
  from space 21824K,  19% used [0x00000000e6ab0000, 0x00000000e6ed52b8, 0x00000000e8000000)
  to   space 21824K,   0% used [0x00000000e5560000, 0x00000000e5560000, 0x00000000e6ab0000)
 concurrent mark-sweep generation total 393216K, used 81262K [0x00000000e8000000, 0x0000000100000000, 0x0000000100000000)
 Metaspace       used 38684K, capacity 40186K, committed 40240K, reserved 1085440K
  class space    used 4558K, capacity 4871K, committed 4912K, reserved 1048576K
}
2019-01-31T15:12:33.327-0200: 22020.128: Total time for which application threads were stopped: 0.0076074 seconds, Stopping threads took: 0.0000289 seconds
{Heap before GC invocations=241 (full 1):
 par new generation   total 109248K, used 91668K [0x00000000e0000000, 0x00000000e8000000, 0x00000000e8000000)
  eden space 87424K, 100% used [0x00000000e0000000, 0x00000000e5560000, 0x00000000e5560000)
  from space 21824K,  19% used [0x00000000e6ab0000, 0x00000000e6ed52b8, 0x00000000e8000000)
  to   space 21824K,   0% used [0x00000000e5560000, 0x00000000e5560000, 0x00000000e6ab0000)
 concurrent mark-sweep generation total 393216K, used 81262K [0x00000000e8000000, 0x0000000100000000, 0x0000000100000000)
 Metaspace       used 38684K, capacity 40186K, committed 40240K, reserved 1085440K
  class space    used 4558K, capacity 4871K, committed 4912K, reserved 1048576K
2019-01-31T15:12:33.413-0200: 22020.213: [GC (Allocation Failure) 2019-01-31T15:12:33.413-0200: 22020.213: [ParNew
Desired survivor size 20112992 bytes, new threshold 8 (max 8)
- age   1:     501592 bytes,     501592 total
- age   2:     313936 bytes,     815528 total
- age   3:     287848 bytes,    1103376 total
- age   4:    1205960 bytes,    2309336 total
- age   5:     366688 bytes,    2676024 total
- age   6:     220952 bytes,    2896976 total
- age   7:     228856 bytes,    3125832 total
- age   8:     274272 bytes,    3400104 total
: 91668K->3888K(109248K), 0.0050206 secs] 172931K->85486K(502464K), 0.0051755 secs] [Times: user=0.00 sys=0.00, real=0.00 secs] 
Heap after GC invocations=242 (full 1):
 par new generation   total 109248K, used 3888K [0x00000000e0000000, 0x00000000e8000000, 0x00000000e8000000)
  eden space 87424K,   0% used [0x00000000e0000000, 0x00000000e0000000, 0x00000000e5560000)
  from space 21824K,  17% used [0x00000000e5560000, 0x00000000e592c360, 0x00000000e6ab0000)
  to   space 21824K,   0% used [0x00000000e6ab0000, 0x00000000e6ab0000, 0x00000000e8000000)
 concurrent mark-sweep generation total 393216K, used 81597K [0x00000000e8000000, 0x0000000100000000, 0x0000000100000000)
 Metaspace       used 38684K, capacity 40186K, committed 40240K, reserved 1085440K
  class space    used 4558K, capacity 4871K, committed 4912K, reserved 1048576K
}
2019-01-31T15:12:33.418-0200: 22020.218: Total time for which application threads were stopped: 0.0054293 seconds, Stopping threads took: 0.0000331 seconds
{Heap before GC invocations=242 (full 1):
 par new generation   total 109248K, used 91312K [0x00000000e0000000, 0x00000000e8000000, 0x00000000e8000000)
  eden space 87424K, 100% used [0x00000000e0000000, 0x00000000e5560000, 0x00000000e5560000)
  from space 21824K,  17% used [0x00000000e5560000, 0x00000000e592c360, 0x00000000e6ab0000)
  to   space 21824K,   0% used [0x00000000e6ab0000, 0x00000000e6ab0000, 0x00000000e8000000)
 concurrent mark-sweep generation total 393216K, used 81597K [0x00000000e8000000, 0x0000000100000000, 0x0000000100000000)
 Metaspace       used 38684K, capacity 40186K, committed 40240K, reserved 1085440K
  class space    used 4558K, capacity 4871K, committed 4912K, reserved 1048576K
2019-01-31T15:12:33.509-0200: 22020.310: [GC (Allocation Failure) 2019-01-31T15:12:33.510-0200: 22020.310: [ParNew
Desired survivor size 20112992 bytes, new threshold 8 (max 8)
- age   1:     481944 bytes,     481944 total
- age   2:     242552 bytes,     724496 total
- age   3:     312848 bytes,    1037344 total
- age   4:     287848 bytes,    1325192 total
- age   5:    1205904 bytes,    2531096 total
- age   6:     366688 bytes,    2897784 total
- age   7:     220952 bytes,    3118736 total
- age   8:     228856 bytes,    3347592 total
: 91312K->4569K(109248K), 0.0046091 secs] 172910K->86434K(502464K), 0.0046913 secs] [Times: user=0.00 sys=0.00, real=0.00 secs] 
Heap after GC invocations=243 (full 1):
 par new generation   total 109248K, used 4569K [0x00000000e0000000, 0x00000000e8000000, 0x00000000e8000000)
  eden space 87424K,   0% used [0x00000000e0000000, 0x00000000e0000000, 0x00000000e5560000)
  from space 21824K,  20% used [0x00000000e6ab0000, 0x00000000e6f26508, 0x00000000e8000000)
  to   space 21824K,   0% used [0x00000000e5560000, 0x00000000e5560000, 0x00000000e6ab0000)
 concurrent mark-sweep generation total 393216K, used 81865K [0x00000000e8000000, 0x0000000100000000, 0x0000000100000000)
 Metaspace       used 38684K, capacity 40186K, committed 40240K, reserved 1085440K
  class space    used 4558K, capacity 4871K, committed 4912K, reserved 1048576K
}
2019-01-31T15:12:33.514-0200: 22020.315: Total time for which application threads were stopped: 0.0049413 seconds, Stopping threads took: 0.0000345 seconds
2019-01-31T15:12:33.532-0200: 22020.332: Total time for which application threads were stopped: 0.0001530 seconds, Stopping threads took: 0.0000662 seconds
2019-01-31T15:12:33.533-0200: 22020.334: Total time for which application threads were stopped: 0.0000858 seconds, Stopping threads took: 0.0000261 seconds
2019-01-31T15:12:33.533-0200: 22020.334: Total time for which application threads were stopped: 0.0000779 seconds, Stopping threads took: 0.0000271 seconds
2019-01-31T15:12:33.732-0200: 22020.532: Total time for which application threads were stopped: 0.0001936 seconds, Stopping threads took: 0.0000634 seconds
2019-01-31T15:12:33.732-0200: 22020.532: Total time for which application threads were stopped: 0.0000686 seconds, Stopping threads took: 0.0000187 seconds
2019-01-31T15:12:33.732-0200: 22020.532: Total time for which application threads were stopped: 0.0000975 seconds, Stopping threads took: 0.0000257 seconds
2019-01-31T15:12:33.732-0200: 22020.533: Total time for which application threads were stopped: 0.0001390 seconds, Stopping threads took: 0.0000611 seconds
2019-01-31T15:12:33.734-0200: 22020.534: Total time for which application threads were stopped: 0.0001474 seconds, Stopping threads took: 0.0000350 seconds
2019-01-31T15:12:33.820-0200: 22020.621: Total time for which application threads were stopped: 0.0001148 seconds, Stopping threads took: 0.0000331 seconds
2019-01-31T15:12:33.851-0200: 22020.652: Total time for which application threads were stopped: 0.0001600 seconds, Stopping threads took: 0.0000760 seconds
2019-01-31T15:12:33.851-0200: 22020.652: Total time for which application threads were stopped: 0.0000798 seconds, Stopping threads took: 0.0000327 seconds
2019-01-31T15:12:33.852-0200: 22020.652: Total time for which application threads were stopped: 0.0000919 seconds, Stopping threads took: 0.0000481 seconds
2019-01-31T15:12:33.852-0200: 22020.653: Total time for which application threads were stopped: 0.0001283 seconds, Stopping threads took: 0.0000439 seconds
2019-01-31T15:12:33.853-0200: 22020.653: Total time for which application threads were stopped: 0.0000751 seconds, Stopping threads took: 0.0000252 seconds
{Heap before GC invocations=243 (full 1):
 par new generation   total 109248K, used 91993K [0x00000000e0000000, 0x00000000e8000000, 0x00000000e8000000)
  eden space 87424K, 100% used [0x00000000e0000000, 0x00000000e5560000, 0x00000000e5560000)
  from space 21824K,  20% used [0x00000000e6ab0000, 0x00000000e6f26508, 0x00000000e8000000)
  to   space 21824K,   0% used [0x00000000e5560000, 0x00000000e5560000, 0x00000000e6ab0000)
 concurrent mark-sweep generation total 393216K, used 81865K [0x00000000e8000000, 0x0000000100000000, 0x0000000100000000)
 Metaspace       used 38697K, capacity 40186K, committed 40240K, reserved 1085440K
  class space    used 4558K, capacity 4871K, committed 4912K, reserved 1048576K
2019-01-31T15:12:33.962-0200: 22020.762: [GC (Allocation Failure) 2019-01-31T15:12:33.962-0200: 22020.762: [ParNew
Desired survivor size 20112992 bytes, new threshold 8 (max 8)
- age   1:     937656 bytes,     937656 total
- age   3:        536 bytes,     938192 total
- age   6:     774480 bytes,    1712672 total
- age   7:     366688 bytes,    2079360 total
- age   8:     220952 bytes,    2300312 total
: 91993K->3095K(109248K), 0.0040493 secs] 173858K->85184K(502464K), 0.0042103 secs] [Times: user=0.00 sys=0.00, real=0.00 secs] 
Heap after GC invocations=244 (full 1):
 par new generation   total 109248K, used 3095K [0x00000000e0000000, 0x00000000e8000000, 0x00000000e8000000)
  eden space 87424K,   0% used [0x00000000e0000000, 0x00000000e0000000, 0x00000000e5560000)
  from space 21824K,  14% used [0x00000000e5560000, 0x00000000e5865f38, 0x00000000e6ab0000)
  to   space 21824K,   0% used [0x00000000e6ab0000, 0x00000000e6ab0000, 0x00000000e8000000)
 concurrent mark-sweep generation total 393216K, used 82088K [0x00000000e8000000, 0x0000000100000000, 0x0000000100000000)
 Metaspace       used 38697K, capacity 40186K, committed 40240K, reserved 1085440K
  class space    used 4558K, capacity 4871K, committed 4912K, reserved 1048576K
}
2019-01-31T15:12:33.966-0200: 22020.767: Total time for which application threads were stopped: 0.0044641 seconds, Stopping threads took: 0.0000397 seconds
{Heap before GC invocations=244 (full 1):
 par new generation   total 109248K, used 90519K [0x00000000e0000000, 0x00000000e8000000, 0x00000000e8000000)
  eden space 87424K, 100% used [0x00000000e0000000, 0x00000000e5560000, 0x00000000e5560000)
  from space 21824K,  14% used [0x00000000e5560000, 0x00000000e5865f38, 0x00000000e6ab0000)
  to   space 21824K,   0% used [0x00000000e6ab0000, 0x00000000e6ab0000, 0x00000000e8000000)
 concurrent mark-sweep generation total 393216K, used 82088K [0x00000000e8000000, 0x0000000100000000, 0x0000000100000000)
 Metaspace       used 38697K, capacity 40186K, committed 40240K, reserved 1085440K
  class space    used 4558K, capacity 4871K, committed 4912K, reserved 1048576K
2019-01-31T15:12:34.048-0200: 22020.848: [GC (Allocation Failure) 2019-01-31T15:12:34.048-0200: 22020.849: [ParNew
Desired survivor size 20112992 bytes, new threshold 8 (max 8)
- age   1:     539800 bytes,     539800 total
- age   2:     759592 bytes,    1299392 total
- age   4:        536 bytes,    1299928 total
- age   7:     773568 bytes,    2073496 total
- age   8:     366688 bytes,    2440184 total
: 90519K->3413K(109248K), 0.0052249 secs] 172608K->85718K(502464K), 0.0054195 secs] [Times: user=0.06 sys=0.00, real=0.01 secs] 
Heap after GC invocations=245 (full 1):
 par new generation   total 109248K, used 3413K [0x00000000e0000000, 0x00000000e8000000, 0x00000000e8000000)
  eden space 87424K,   0% used [0x00000000e0000000, 0x00000000e0000000, 0x00000000e5560000)
  from space 21824K,  15% used [0x00000000e6ab0000, 0x00000000e6e055f8, 0x00000000e8000000)
  to   space 21824K,   0% used [0x00000000e5560000, 0x00000000e5560000, 0x00000000e6ab0000)
 concurrent mark-sweep generation total 393216K, used 82304K [0x00000000e8000000, 0x0000000100000000, 0x0000000100000000)
 Metaspace       used 38697K, capacity 40186K, committed 40240K, reserved 1085440K
  class space    used 4558K, capacity 4871K, committed 4912K, reserved 1048576K
}
2019-01-31T15:12:34.054-0200: 22020.854: Total time for which application threads were stopped: 0.0056700 seconds, Stopping threads took: 0.0000448 seconds
{Heap before GC invocations=245 (full 1):
 par new generation   total 109248K, used 90837K [0x00000000e0000000, 0x00000000e8000000, 0x00000000e8000000)
  eden space 87424K, 100% used [0x00000000e0000000, 0x00000000e5560000, 0x00000000e5560000)
  from space 21824K,  15% used [0x00000000e6ab0000, 0x00000000e6e055f8, 0x00000000e8000000)
  to   space 21824K,   0% used [0x00000000e5560000, 0x00000000e5560000, 0x00000000e6ab0000)
 concurrent mark-sweep generation total 393216K, used 82304K [0x00000000e8000000, 0x0000000100000000, 0x0000000100000000)
 Metaspace       used 38697K, capacity 40186K, committed 40240K, reserved 1085440K
  class space    used 4558K, capacity 4871K, committed 4912K, reserved 1048576K
2019-01-31T15:12:34.136-0200: 22020.936: [GC (Allocation Failure) 2019-01-31T15:12:34.136-0200: 22020.936: [ParNew
Desired survivor size 20112992 bytes, new threshold 8 (max 8)
- age   1:     463144 bytes,     463144 total
- age   2:     347808 bytes,     810952 total
- age   3:     759352 bytes,    1570304 total
- age   5:        536 bytes,    1570840 total
- age   8:     773568 bytes,    2344408 total
: 90837K->2810K(109248K), 0.0042821 secs] 173142K->85472K(502464K), 0.0043796 secs] [Times: user=0.00 sys=0.00, real=0.00 secs] 
Heap after GC invocations=246 (full 1):
 par new generation   total 109248K, used 2810K [0x00000000e0000000, 0x00000000e8000000, 0x00000000e8000000)
  eden space 87424K,   0% used [0x00000000e0000000, 0x00000000e0000000, 0x00000000e5560000)
  from space 21824K,  12% used [0x00000000e5560000, 0x00000000e581e810, 0x00000000e6ab0000)
  to   space 21824K,   0% used [0x00000000e6ab0000, 0x00000000e6ab0000, 0x00000000e8000000)
 concurrent mark-sweep generation total 393216K, used 82662K [0x00000000e8000000, 0x0000000100000000, 0x0000000100000000)
 Metaspace       used 38697K, capacity 40186K, committed 40240K, reserved 1085440K
  class space    used 4558K, capacity 4871K, committed 4912K, reserved 1048576K
}
2019-01-31T15:12:34.140-0200: 22020.941: Total time for which application threads were stopped: 0.0046815 seconds, Stopping threads took: 0.0000369 seconds
{Heap before GC invocations=246 (full 1):
 par new generation   total 109248K, used 90234K [0x00000000e0000000, 0x00000000e8000000, 0x00000000e8000000)
  eden space 87424K, 100% used [0x00000000e0000000, 0x00000000e5560000, 0x00000000e5560000)
  from space 21824K,  12% used [0x00000000e5560000, 0x00000000e581e810, 0x00000000e6ab0000)
  to   space 21824K,   0% used [0x00000000e6ab0000, 0x00000000e6ab0000, 0x00000000e8000000)
 concurrent mark-sweep generation total 393216K, used 82662K [0x00000000e8000000, 0x0000000100000000, 0x0000000100000000)
 Metaspace       used 38697K, capacity 40186K, committed 40240K, reserved 1085440K
  class space    used 4558K, capacity 4871K, committed 4912K, reserved 1048576K
2019-01-31T15:12:34.218-0200: 22021.018: [GC (Allocation Failure) 2019-01-31T15:12:34.218-0200: 22021.018: [ParNew
Desired survivor size 20112992 bytes, new threshold 8 (max 8)
- age   1:     575304 bytes,     575304 total
- age   2:     231744 bytes,     807048 total
- age   3:     346288 bytes,    1153336 total
- age   4:     695520 bytes,    1848856 total
- age   6:        536 bytes,    1849392 total
: 90234K->2216K(109248K), 0.0052959 secs] 172896K->85636K(502464K), 0.0053920 secs] [Times: user=0.06 sys=0.00, real=0.00 secs] 
Heap after GC invocations=247 (full 1):
 par new generation   total 109248K, used 2216K [0x00000000e0000000, 0x00000000e8000000, 0x00000000e8000000)
  eden space 87424K,   0% used [0x00000000e0000000, 0x00000000e0000000, 0x00000000e5560000)
  from space 21824K,  10% used [0x00000000e6ab0000, 0x00000000e6cda340, 0x00000000e8000000)
  to   space 21824K,   0% used [0x00000000e5560000, 0x00000000e5560000, 0x00000000e6ab0000)
 concurrent mark-sweep generation total 393216K, used 83419K [0x00000000e8000000, 0x0000000100000000, 0x0000000100000000)
 Metaspace       used 38697K, capacity 40186K, committed 40240K, reserved 1085440K
  class space    used 4558K, capacity 4871K, committed 4912K, reserved 1048576K
}
2019-01-31T15:12:34.222-0200: 22021.023: Total time for which application threads were stopped: 0.0056462 seconds, Stopping threads took: 0.0000327 seconds
2019-01-31T15:12:34.284-0200: 22021.085: Total time for which application threads were stopped: 0.0001199 seconds, Stopping threads took: 0.0000359 seconds
2019-01-31T15:12:34.286-0200: 22021.087: Total time for which application threads were stopped: 0.0001372 seconds, Stopping threads took: 0.0000672 seconds
2019-01-31T15:12:34.286-0200: 22021.087: Total time for which application threads were stopped: 0.0000980 seconds, Stopping threads took: 0.0000467 seconds
2019-01-31T15:12:34.809-0200: 22021.610: Total time for which application threads were stopped: 0.0001442 seconds, Stopping threads took: 0.0000560 seconds
2019-01-31T15:12:34.809-0200: 22021.610: Total time for which application threads were stopped: 0.0000882 seconds, Stopping threads took: 0.0000336 seconds
2019-01-31T15:12:34.809-0200: 22021.610: Total time for which application threads were stopped: 0.0000924 seconds, Stopping threads took: 0.0000364 seconds
2019-01-31T15:12:34.810-0200: 22021.610: Total time for which application threads were stopped: 0.0000886 seconds, Stopping threads took: 0.0000369 seconds
2019-01-31T15:12:34.811-0200: 22021.612: Total time for which application threads were stopped: 0.0001306 seconds, Stopping threads took: 0.0000322 seconds
2019-01-31T15:12:34.820-0200: 22021.621: Total time for which application threads were stopped: 0.0003242 seconds, Stopping threads took: 0.0000751 seconds
2019-01-31T15:12:34.897-0200: 22021.697: Total time for which application threads were stopped: 0.0001227 seconds, Stopping threads took: 0.0000285 seconds
2019-01-31T15:12:34.927-0200: 22021.728: Total time for which application threads were stopped: 0.0004161 seconds, Stopping threads took: 0.0000453 seconds
2019-01-31T15:12:34.927-0200: 22021.728: Total time for which application threads were stopped: 0.0001395 seconds, Stopping threads took: 0.0000462 seconds
2019-01-31T15:12:34.927-0200: 22021.728: Total time for which application threads were stopped: 0.0001031 seconds, Stopping threads took: 0.0000238 seconds
2019-01-31T15:12:34.929-0200: 22021.729: Total time for which application threads were stopped: 0.0001474 seconds, Stopping threads took: 0.0000350 seconds
2019-01-31T15:12:34.929-0200: 22021.730: Total time for which application threads were stopped: 0.0001092 seconds, Stopping threads took: 0.0000261 seconds
{Heap before GC invocations=247 (full 1):
 par new generation   total 109248K, used 89640K [0x00000000e0000000, 0x00000000e8000000, 0x00000000e8000000)
  eden space 87424K, 100% used [0x00000000e0000000, 0x00000000e5560000, 0x00000000e5560000)
  from space 21824K,  10% used [0x00000000e6ab0000, 0x00000000e6cda340, 0x00000000e8000000)
  to   space 21824K,   0% used [0x00000000e5560000, 0x00000000e5560000, 0x00000000e6ab0000)
 concurrent mark-sweep generation total 393216K, used 83419K [0x00000000e8000000, 0x0000000100000000, 0x0000000100000000)
 Metaspace       used 38705K, capacity 40186K, committed 40240K, reserved 1085440K
  class space    used 4558K, capacity 4871K, committed 4912K, reserved 1048576K
2019-01-31T15:12:35.035-0200: 22021.836: [GC (Allocation Failure) 2019-01-31T15:12:35.035-0200: 22021.836: [ParNew
Desired survivor size 20112992 bytes, new threshold 8 (max 8)
- age   1:     564624 bytes,     564624 total
- age   5:     184016 bytes,     748640 total
- age   7:        536 bytes,     749176 total
: 89640K->1100K(109248K), 0.0047645 secs] 173060K->84519K(502464K), 0.0048667 secs] [Times: user=0.00 sys=0.00, real=0.00 secs] 
Heap after GC invocations=248 (full 1):
 par new generation   total 109248K, used 1100K [0x00000000e0000000, 0x00000000e8000000, 0x00000000e8000000)
  eden space 87424K,   0% used [0x00000000e0000000, 0x00000000e0000000, 0x00000000e5560000)
  from space 21824K,   5% used [0x00000000e5560000, 0x00000000e5673058, 0x00000000e6ab0000)
  to   space 21824K,   0% used [0x00000000e6ab0000, 0x00000000e6ab0000, 0x00000000e8000000)
 concurrent mark-sweep generation total 393216K, used 83419K [0x00000000e8000000, 0x0000000100000000, 0x0000000100000000)
 Metaspace       used 38705K, capacity 40186K, committed 40240K, reserved 1085440K
  class space    used 4558K, capacity 4871K, committed 4912K, reserved 1048576K
}
2019-01-31T15:12:35.040-0200: 22021.840: Total time for which application threads were stopped: 0.0051265 seconds, Stopping threads took: 0.0000378 seconds
{Heap before GC invocations=248 (full 1):
 par new generation   total 109248K, used 88524K [0x00000000e0000000, 0x00000000e8000000, 0x00000000e8000000)
  eden space 87424K, 100% used [0x00000000e0000000, 0x00000000e5560000, 0x00000000e5560000)
  from space 21824K,   5% used [0x00000000e5560000, 0x00000000e5673058, 0x00000000e6ab0000)
  to   space 21824K,   0% used [0x00000000e6ab0000, 0x00000000e6ab0000, 0x00000000e8000000)
 concurrent mark-sweep generation total 393216K, used 83419K [0x00000000e8000000, 0x0000000100000000, 0x0000000100000000)
 Metaspace       used 38705K, capacity 40186K, committed 40240K, reserved 1085440K
  class space    used 4558K, capacity 4871K, committed 4912K, reserved 1048576K
2019-01-31T15:12:35.134-0200: 22021.935: [GC (Allocation Failure) 2019-01-31T15:12:35.135-0200: 22021.935: [ParNew
Desired survivor size 20112992 bytes, new threshold 8 (max 8)
- age   1:     706744 bytes,     706744 total
- age   2:     390552 bytes,    1097296 total
- age   6:     183104 bytes,    1280400 total
- age   8:        536 bytes,    1280936 total
: 88524K->1428K(109248K), 0.0040582 secs] 171943K->84847K(502464K), 0.0041496 secs] [Times: user=0.00 sys=0.00, real=0.00 secs] 
Heap after GC invocations=249 (full 1):
 par new generation   total 109248K, used 1428K [0x00000000e0000000, 0x00000000e8000000, 0x00000000e8000000)
  eden space 87424K,   0% used [0x00000000e0000000, 0x00000000e0000000, 0x00000000e5560000)
  from space 21824K,   6% used [0x00000000e6ab0000, 0x00000000e6c15190, 0x00000000e8000000)
  to   space 21824K,   0% used [0x00000000e5560000, 0x00000000e5560000, 0x00000000e6ab0000)
 concurrent mark-sweep generation total 393216K, used 83419K [0x00000000e8000000, 0x0000000100000000, 0x0000000100000000)
 Metaspace       used 38705K, capacity 40186K, committed 40240K, reserved 1085440K
  class space    used 4558K, capacity 4871K, committed 4912K, reserved 1048576K
}
2019-01-31T15:12:35.139-0200: 22021.939: Total time for which application threads were stopped: 0.0043992 seconds, Stopping threads took: 0.0000429 seconds
{Heap before GC invocations=249 (full 1):
 par new generation   total 109248K, used 88852K [0x00000000e0000000, 0x00000000e8000000, 0x00000000e8000000)
  eden space 87424K, 100% used [0x00000000e0000000, 0x00000000e5560000, 0x00000000e5560000)
  from space 21824K,   6% used [0x00000000e6ab0000, 0x00000000e6c15190, 0x00000000e8000000)
  to   space 21824K,   0% used [0x00000000e5560000, 0x00000000e5560000, 0x00000000e6ab0000)
 concurrent mark-sweep generation total 393216K, used 83419K [0x00000000e8000000, 0x0000000100000000, 0x0000000100000000)
 Metaspace       used 38705K, capacity 40186K, committed 40240K, reserved 1085440K
  class space    used 4558K, capacity 4871K, committed 4912K, reserved 1048576K
2019-01-31T15:12:35.215-0200: 22022.017: [GC (Allocation Failure) 2019-01-31T15:12:35.215-0200: 22022.017: [ParNew
Desired survivor size 20112992 bytes, new threshold 8 (max 8)
- age   1:     526808 bytes,     526808 total
- age   2:     515896 bytes,    1042704 total
- age   3:     390360 bytes,    1433064 total
- age   7:     183104 bytes,    1616168 total
: 88852K->1731K(109248K), 0.0042775 secs] 172271K->85151K(502464K), 0.0043656 secs] [Times: user=0.01 sys=0.00, real=0.01 secs] 
Heap after GC invocations=250 (full 1):
 par new generation   total 109248K, used 1731K [0x00000000e0000000, 0x00000000e8000000, 0x00000000e8000000)
  eden space 87424K,   0% used [0x00000000e0000000, 0x00000000e0000000, 0x00000000e5560000)
  from space 21824K,   7% used [0x00000000e5560000, 0x00000000e5710df0, 0x00000000e6ab0000)
  to   space 21824K,   0% used [0x00000000e6ab0000, 0x00000000e6ab0000, 0x00000000e8000000)
 concurrent mark-sweep generation total 393216K, used 83420K [0x00000000e8000000, 0x0000000100000000, 0x0000000100000000)
 Metaspace       used 38705K, capacity 40186K, committed 40240K, reserved 1085440K
  class space    used 4558K, capacity 4871K, committed 4912K, reserved 1048576K
}
2019-01-31T15:12:35.220-0200: 22022.021: Total time for which application threads were stopped: 0.0046110 seconds, Stopping threads took: 0.0000369 seconds
{Heap before GC invocations=250 (full 1):
 par new generation   total 109248K, used 89155K [0x00000000e0000000, 0x00000000e8000000, 0x00000000e8000000)
  eden space 87424K, 100% used [0x00000000e0000000, 0x00000000e5560000, 0x00000000e5560000)
  from space 21824K,   7% used [0x00000000e5560000, 0x00000000e5710df0, 0x00000000e6ab0000)
  to   space 21824K,   0% used [0x00000000e6ab0000, 0x00000000e6ab0000, 0x00000000e8000000)
 concurrent mark-sweep generation total 393216K, used 83420K [0x00000000e8000000, 0x0000000100000000, 0x0000000100000000)
 Metaspace       used 38705K, capacity 40186K, committed 40240K, reserved 1085440K
  class space    used 4558K, capacity 4871K, committed 4912K, reserved 1048576K
2019-01-31T15:12:35.296-0200: 22022.097: [GC (Allocation Failure) 2019-01-31T15:12:35.296-0200: 22022.097: [ParNew
Desired survivor size 20112992 bytes, new threshold 8 (max 8)
- age   1:     435440 bytes,     435440 total
- age   2:     312232 bytes,     747672 total
- age   3:     515816 bytes,    1263488 total
- age   4:     390280 bytes,    1653768 total
- age   8:     183104 bytes,    1836872 total
: 89155K->2080K(109248K), 0.0050855 secs] 172575K->85500K(502464K), 0.0051969 secs] [Times: user=0.06 sys=0.00, real=0.01 secs] 
Heap after GC invocations=251 (full 1):
 par new generation   total 109248K, used 2080K [0x00000000e0000000, 0x00000000e8000000, 0x00000000e8000000)
  eden space 87424K,   0% used [0x00000000e0000000, 0x00000000e0000000, 0x00000000e5560000)
  from space 21824K,   9% used [0x00000000e6ab0000, 0x00000000e6cb81c0, 0x00000000e8000000)
  to   space 21824K,   0% used [0x00000000e5560000, 0x00000000e5560000, 0x00000000e6ab0000)
 concurrent mark-sweep generation total 393216K, used 83420K [0x00000000e8000000, 0x0000000100000000, 0x0000000100000000)
 Metaspace       used 38705K, capacity 40186K, committed 40240K, reserved 1085440K
  class space    used 4558K, capacity 4871K, committed 4912K, reserved 1048576K
}
2019-01-31T15:12:35.301-0200: 22022.102: Total time for which application threads were stopped: 0.0054577 seconds, Stopping threads took: 0.0000415 seconds
{Heap before GC invocations=251 (full 1):
 par new generation   total 109248K, used 89504K [0x00000000e0000000, 0x00000000e8000000, 0x00000000e8000000)
  eden space 87424K, 100% used [0x00000000e0000000, 0x00000000e5560000, 0x00000000e5560000)
  from space 21824K,   9% used [0x00000000e6ab0000, 0x00000000e6cb81c0, 0x00000000e8000000)
  to   space 21824K,   0% used [0x00000000e5560000, 0x00000000e5560000, 0x00000000e6ab0000)
 concurrent mark-sweep generation total 393216K, used 83420K [0x00000000e8000000, 0x0000000100000000, 0x0000000100000000)
 Metaspace       used 38705K, capacity 40186K, committed 40240K, reserved 1085440K
  class space    used 4558K, capacity 4871K, committed 4912K, reserved 1048576K
2019-01-31T15:12:35.385-0200: 22022.186: [GC (Allocation Failure) 2019-01-31T15:12:35.385-0200: 22022.186: [ParNew
Desired survivor size 20112992 bytes, new threshold 8 (max 8)
- age   1:     509952 bytes,     509952 total
- age   2:     203184 bytes,     713136 total
- age   3:     310816 bytes,    1023952 total
- age   4:     515816 bytes,    1539768 total
- age   5:     390224 bytes,    1929992 total
: 89504K->2157K(109248K), 0.0049362 secs] 172924K->85757K(502464K), 0.0050276 secs] [Times: user=0.00 sys=0.00, real=0.01 secs] 
Heap after GC invocations=252 (full 1):
 par new generation   total 109248K, used 2157K [0x00000000e0000000, 0x00000000e8000000, 0x00000000e8000000)
  eden space 87424K,   0% used [0x00000000e0000000, 0x00000000e0000000, 0x00000000e5560000)
  from space 21824K,   9% used [0x00000000e5560000, 0x00000000e577b4d0, 0x00000000e6ab0000)
  to   space 21824K,   0% used [0x00000000e6ab0000, 0x00000000e6ab0000, 0x00000000e8000000)
 concurrent mark-sweep generation total 393216K, used 83600K [0x00000000e8000000, 0x0000000100000000, 0x0000000100000000)
 Metaspace       used 38705K, capacity 40186K, committed 40240K, reserved 1085440K
  class space    used 4558K, capacity 4871K, committed 4912K, reserved 1048576K
}
2019-01-31T15:12:35.390-0200: 22022.191: Total time for which application threads were stopped: 0.0052777 seconds, Stopping threads took: 0.0000401 seconds
2019-01-31T15:12:35.415-0200: 22022.217: Total time for which application threads were stopped: 0.0001302 seconds, Stopping threads took: 0.0000364 seconds
2019-01-31T15:12:35.417-0200: 22022.218: Total time for which application threads were stopped: 0.0000798 seconds, Stopping threads took: 0.0000303 seconds
2019-01-31T15:12:35.417-0200: 22022.218: Total time for which application threads were stopped: 0.0000583 seconds, Stopping threads took: 0.0000163 seconds
2019-01-31T15:12:35.619-0200: 22022.420: Total time for which application threads were stopped: 0.0001138 seconds, Stopping threads took: 0.0000313 seconds
2019-01-31T15:12:35.619-0200: 22022.420: Total time for which application threads were stopped: 0.0001092 seconds, Stopping threads took: 0.0000303 seconds
2019-01-31T15:12:35.620-0200: 22022.420: Total time for which application threads were stopped: 0.0002482 seconds, Stopping threads took: 0.0000550 seconds
2019-01-31T15:12:35.620-0200: 22022.421: Total time for which application threads were stopped: 0.0001008 seconds, Stopping threads took: 0.0000527 seconds
2019-01-31T15:12:35.694-0200: 22022.495: Total time for which application threads were stopped: 0.0002286 seconds, Stopping threads took: 0.0001418 seconds
2019-01-31T15:12:35.724-0200: 22022.525: Total time for which application threads were stopped: 0.0001633 seconds, Stopping threads took: 0.0000648 seconds
2019-01-31T15:12:35.725-0200: 22022.525: Total time for which application threads were stopped: 0.0000900 seconds, Stopping threads took: 0.0000257 seconds
2019-01-31T15:12:35.725-0200: 22022.525: Total time for which application threads were stopped: 0.0000812 seconds, Stopping threads took: 0.0000191 seconds
2019-01-31T15:12:35.726-0200: 22022.526: Total time for which application threads were stopped: 0.0002011 seconds, Stopping threads took: 0.0000536 seconds
2019-01-31T15:12:35.726-0200: 22022.526: Total time for which application threads were stopped: 0.0001796 seconds, Stopping threads took: 0.0000905 seconds
{Heap before GC invocations=252 (full 1):
 par new generation   total 109248K, used 89581K [0x00000000e0000000, 0x00000000e8000000, 0x00000000e8000000)
  eden space 87424K, 100% used [0x00000000e0000000, 0x00000000e5560000, 0x00000000e5560000)
  from space 21824K,   9% used [0x00000000e5560000, 0x00000000e577b4d0, 0x00000000e6ab0000)
  to   space 21824K,   0% used [0x00000000e6ab0000, 0x00000000e6ab0000, 0x00000000e8000000)
 concurrent mark-sweep generation total 393216K, used 83600K [0x00000000e8000000, 0x0000000100000000, 0x0000000100000000)
 Metaspace       used 38727K, capacity 40250K, committed 40496K, reserved 1085440K
  class space    used 4558K, capacity 4871K, committed 4912K, reserved 1048576K
2019-01-31T15:12:35.825-0200: 22022.626: [GC (Allocation Failure) 2019-01-31T15:12:35.825-0200: 22022.626: [ParNew
Desired survivor size 20112992 bytes, new threshold 8 (max 8)
- age   1:     894392 bytes,     894392 total
- age   5:      67728 bytes,     962120 total
- age   6:     112320 bytes,    1074440 total
: 89581K->1989K(109248K), 0.0045914 secs] 173181K->85589K(502464K), 0.0047388 secs] [Times: user=0.01 sys=0.00, real=0.00 secs] 
Heap after GC invocations=253 (full 1):
 par new generation   total 109248K, used 1989K [0x00000000e0000000, 0x00000000e8000000, 0x00000000e8000000)
  eden space 87424K,   0% used [0x00000000e0000000, 0x00000000e0000000, 0x00000000e5560000)
  from space 21824K,   9% used [0x00000000e6ab0000, 0x00000000e6ca14b0, 0x00000000e8000000)
  to   space 21824K,   0% used [0x00000000e5560000, 0x00000000e5560000, 0x00000000e6ab0000)
 concurrent mark-sweep generation total 393216K, used 83600K [0x00000000e8000000, 0x0000000100000000, 0x0000000100000000)
 Metaspace       used 38727K, capacity 40250K, committed 40496K, reserved 1085440K
  class space    used 4558K, capacity 4871K, committed 4912K, reserved 1048576K
}
2019-01-31T15:12:35.830-0200: 22022.631: Total time for which application threads were stopped: 0.0051727 seconds, Stopping threads took: 0.0000532 seconds
{Heap before GC invocations=253 (full 1):
 par new generation   total 109248K, used 89413K [0x00000000e0000000, 0x00000000e8000000, 0x00000000e8000000)
  eden space 87424K, 100% used [0x00000000e0000000, 0x00000000e5560000, 0x00000000e5560000)
  from space 21824K,   9% used [0x00000000e6ab0000, 0x00000000e6ca14b0, 0x00000000e8000000)
  to   space 21824K,   0% used [0x00000000e5560000, 0x00000000e5560000, 0x00000000e6ab0000)
 concurrent mark-sweep generation total 393216K, used 83600K [0x00000000e8000000, 0x0000000100000000, 0x0000000100000000)
 Metaspace       used 38727K, capacity 40250K, committed 40496K, reserved 1085440K
  class space    used 4558K, capacity 4871K, committed 4912K, reserved 1048576K
2019-01-31T15:12:35.909-0200: 22022.710: [GC (Allocation Failure) 2019-01-31T15:12:35.909-0200: 22022.710: [ParNew
Desired survivor size 20112992 bytes, new threshold 8 (max 8)
- age   1:     614872 bytes,     614872 total
- age   2:     673120 bytes,    1287992 total
- age   6:      67728 bytes,    1355720 total
- age   7:     111408 bytes,    1467128 total
: 89413K->1801K(109248K), 0.0049651 secs] 173013K->85401K(502464K), 0.0050673 secs] [Times: user=0.00 sys=0.00, real=0.01 secs] 
Heap after GC invocations=254 (full 1):
 par new generation   total 109248K, used 1801K [0x00000000e0000000, 0x00000000e8000000, 0x00000000e8000000)
  eden space 87424K,   0% used [0x00000000e0000000, 0x00000000e0000000, 0x00000000e5560000)
  from space 21824K,   8% used [0x00000000e5560000, 0x00000000e5722498, 0x00000000e6ab0000)
  to   space 21824K,   0% used [0x00000000e6ab0000, 0x00000000e6ab0000, 0x00000000e8000000)
 concurrent mark-sweep generation total 393216K, used 83600K [0x00000000e8000000, 0x0000000100000000, 0x0000000100000000)
 Metaspace       used 38727K, capacity 40250K, committed 40496K, reserved 1085440K
  class space    used 4558K, capacity 4871K, committed 4912K, reserved 1048576K
}
2019-01-31T15:12:35.914-0200: 22022.716: Total time for which application threads were stopped: 0.0053290 seconds, Stopping threads took: 0.0000397 seconds
{Heap before GC invocations=254 (full 1):
 par new generation   total 109248K, used 89225K [0x00000000e0000000, 0x00000000e8000000, 0x00000000e8000000)
  eden space 87424K, 100% used [0x00000000e0000000, 0x00000000e5560000, 0x00000000e5560000)
  from space 21824K,   8% used [0x00000000e5560000, 0x00000000e5722498, 0x00000000e6ab0000)
  to   space 21824K,   0% used [0x00000000e6ab0000, 0x00000000e6ab0000, 0x00000000e8000000)
 concurrent mark-sweep generation total 393216K, used 83600K [0x00000000e8000000, 0x0000000100000000, 0x0000000100000000)
 Metaspace       used 38727K, capacity 40250K, committed 40496K, reserved 1085440K
  class space    used 4558K, capacity 4871K, committed 4912K, reserved 1048576K
2019-01-31T15:12:36.007-0200: 22022.808: [GC (Allocation Failure) 2019-01-31T15:12:36.007-0200: 22022.808: [ParNew
Desired survivor size 20112992 bytes, new threshold 8 (max 8)
- age   1:     475024 bytes,     475024 total
- age   2:     419368 bytes,     894392 total
- age   3:     672848 bytes,    1567240 total
- age   7:      67728 bytes,    1634968 total
- age   8:     111408 bytes,    1746376 total
: 89225K->1893K(109248K), 0.0037969 secs] 172825K->85493K(502464K), 0.0038847 secs] [Times: user=0.00 sys=0.00, real=0.00 secs] 
Heap after GC invocations=255 (full 1):
 par new generation   total 109248K, used 1893K [0x00000000e0000000, 0x00000000e8000000, 0x00000000e8000000)
  eden space 87424K,   0% used [0x00000000e0000000, 0x00000000e0000000, 0x00000000e5560000)
  from space 21824K,   8% used [0x00000000e6ab0000, 0x00000000e6c89520, 0x00000000e8000000)
  to   space 21824K,   0% used [0x00000000e5560000, 0x00000000e5560000, 0x00000000e6ab0000)
 concurrent mark-sweep generation total 393216K, used 83600K [0x00000000e8000000, 0x0000000100000000, 0x0000000100000000)
 Metaspace       used 38727K, capacity 40250K, committed 40496K, reserved 1085440K
  class space    used 4558K, capacity 4871K, committed 4912K, reserved 1048576K
}
2019-01-31T15:12:36.011-0200: 22022.812: Total time for which application threads were stopped: 0.0041328 seconds, Stopping threads took: 0.0000383 seconds
{Heap before GC invocations=255 (full 1):
 par new generation   total 109248K, used 89317K [0x00000000e0000000, 0x00000000e8000000, 0x00000000e8000000)
  eden space 87424K, 100% used [0x00000000e0000000, 0x00000000e5560000, 0x00000000e5560000)
  from space 21824K,   8% used [0x00000000e6ab0000, 0x00000000e6c89520, 0x00000000e8000000)
  to   space 21824K,   0% used [0x00000000e5560000, 0x00000000e5560000, 0x00000000e6ab0000)
 concurrent mark-sweep generation total 393216K, used 83600K [0x00000000e8000000, 0x0000000100000000, 0x0000000100000000)
 Metaspace       used 38727K, capacity 40250K, committed 40496K, reserved 1085440K
  class space    used 4558K, capacity 4871K, committed 4912K, reserved 1048576K
2019-01-31T15:12:36.117-0200: 22022.918: [GC (Allocation Failure) 2019-01-31T15:12:36.117-0200: 22022.918: [ParNew
Desired survivor size 20112992 bytes, new threshold 8 (max 8)
- age   1:     500896 bytes,     500896 total
- age   2:     214224 bytes,     715120 total
- age   3:     418280 bytes,    1133400 total
- age   4:     672792 bytes,    1806192 total
- age   8:      67728 bytes,    1873920 total
: 89317K->2212K(109248K), 0.0060399 secs] 172917K->85922K(502464K), 0.0061724 secs] [Times: user=0.00 sys=0.00, real=0.01 secs] 
Heap after GC invocations=256 (full 1):
 par new generation   total 109248K, used 2212K [0x00000000e0000000, 0x00000000e8000000, 0x00000000e8000000)
  eden space 87424K,   0% used [0x00000000e0000000, 0x00000000e0000000, 0x00000000e5560000)
  from space 21824K,  10% used [0x00000000e5560000, 0x00000000e5789080, 0x00000000e6ab0000)
  to   space 21824K,   0% used [0x00000000e6ab0000, 0x00000000e6ab0000, 0x00000000e8000000)
 concurrent mark-sweep generation total 393216K, used 83710K [0x00000000e8000000, 0x0000000100000000, 0x0000000100000000)
 Metaspace       used 38727K, capacity 40250K, committed 40496K, reserved 1085440K
  class space    used 4558K, capacity 4871K, committed 4912K, reserved 1048576K
}
2019-01-31T15:12:36.123-0200: 22022.925: Total time for which application threads were stopped: 0.0066165 seconds, Stopping threads took: 0.0000569 seconds
2019-01-31T15:12:36.199-0200: 22023.000: Total time for which application threads were stopped: 0.0001325 seconds, Stopping threads took: 0.0000476 seconds
2019-01-31T15:12:36.201-0200: 22023.002: Total time for which application threads were stopped: 0.0001064 seconds, Stopping threads took: 0.0000303 seconds
2019-01-31T15:12:36.201-0200: 22023.002: Total time for which application threads were stopped: 0.0000737 seconds, Stopping threads took: 0.0000224 seconds
2019-01-31T15:12:36.418-0200: 22023.219: Total time for which application threads were stopped: 0.0001171 seconds, Stopping threads took: 0.0000327 seconds
2019-01-31T15:12:36.418-0200: 22023.219: Total time for which application threads were stopped: 0.0000700 seconds, Stopping threads took: 0.0000215 seconds
2019-01-31T15:12:36.418-0200: 22023.219: Total time for which application threads were stopped: 0.0001255 seconds, Stopping threads took: 0.0000770 seconds
2019-01-31T15:12:36.418-0200: 22023.219: Total time for which application threads were stopped: 0.0001264 seconds, Stopping threads took: 0.0000714 seconds
2019-01-31T15:12:36.420-0200: 22023.221: Total time for which application threads were stopped: 0.0003336 seconds, Stopping threads took: 0.0000331 seconds
2019-01-31T15:12:36.440-0200: 22023.241: Total time for which application threads were stopped: 0.0001166 seconds, Stopping threads took: 0.0000345 seconds
2019-01-31T15:12:36.441-0200: 22023.242: Total time for which application threads were stopped: 0.0000886 seconds, Stopping threads took: 0.0000233 seconds
2019-01-31T15:12:36.483-0200: 22023.284: Total time for which application threads were stopped: 0.0001567 seconds, Stopping threads took: 0.0000686 seconds
2019-01-31T15:12:36.483-0200: 22023.284: Total time for which application threads were stopped: 0.0001553 seconds, Stopping threads took: 0.0000933 seconds
2019-01-31T15:12:36.483-0200: 22023.284: Total time for which application threads were stopped: 0.0001199 seconds, Stopping threads took: 0.0000704 seconds
2019-01-31T15:12:36.484-0200: 22023.285: Total time for which application threads were stopped: 0.0000966 seconds, Stopping threads took: 0.0000238 seconds
2019-01-31T15:12:36.484-0200: 22023.285: Total time for which application threads were stopped: 0.0000765 seconds, Stopping threads took: 0.0000238 seconds
2019-01-31T15:12:36.484-0200: 22023.285: Total time for which application threads were stopped: 0.0001110 seconds, Stopping threads took: 0.0000606 seconds
2019-01-31T15:12:36.485-0200: 22023.285: Total time for which application threads were stopped: 0.0000760 seconds, Stopping threads took: 0.0000280 seconds
{Heap before GC invocations=256 (full 1):
 par new generation   total 109248K, used 89636K [0x00000000e0000000, 0x00000000e8000000, 0x00000000e8000000)
  eden space 87424K, 100% used [0x00000000e0000000, 0x00000000e5560000, 0x00000000e5560000)
  from space 21824K,  10% used [0x00000000e5560000, 0x00000000e5789080, 0x00000000e6ab0000)
  to   space 21824K,   0% used [0x00000000e6ab0000, 0x00000000e6ab0000, 0x00000000e8000000)
 concurrent mark-sweep generation total 393216K, used 83710K [0x00000000e8000000, 0x0000000100000000, 0x0000000100000000)
 Metaspace       used 38736K, capacity 40274K, committed 40496K, reserved 1085440K
  class space    used 4558K, capacity 4871K, committed 4912K, reserved 1048576K
2019-01-31T15:12:36.543-0200: 22023.344: [GC (Allocation Failure) 2019-01-31T15:12:36.543-0200: 22023.344: [ParNew
Desired survivor size 20112992 bytes, new threshold 8 (max 8)
- age   1:     698048 bytes,     698048 total
- age   5:     179440 bytes,     877488 total
: 89636K->1381K(109248K), 0.0050659 secs] 173346K->85158K(502464K), 0.0051634 secs] [Times: user=0.00 sys=0.00, real=0.01 secs] 
Heap after GC invocations=257 (full 1):
 par new generation   total 109248K, used 1381K [0x00000000e0000000, 0x00000000e8000000, 0x00000000e8000000)
  eden space 87424K,   0% used [0x00000000e0000000, 0x00000000e0000000, 0x00000000e5560000)
  from space 21824K,   6% used [0x00000000e6ab0000, 0x00000000e6c097e8, 0x00000000e8000000)
  to   space 21824K,   0% used [0x00000000e5560000, 0x00000000e5560000, 0x00000000e6ab0000)
 concurrent mark-sweep generation total 393216K, used 83776K [0x00000000e8000000, 0x0000000100000000, 0x0000000100000000)
 Metaspace       used 38736K, capacity 40274K, committed 40496K, reserved 1085440K
  class space    used 4558K, capacity 4871K, committed 4912K, reserved 1048576K
}
2019-01-31T15:12:36.548-0200: 22023.349: Total time for which application threads were stopped: 0.0055132 seconds, Stopping threads took: 0.0000429 seconds
2019-01-31T15:12:36.561-0200: 22023.362: Total time for which application threads were stopped: 0.0001679 seconds, Stopping threads took: 0.0000448 seconds
2019-01-31T15:12:36.563-0200: 22023.364: Total time for which application threads were stopped: 0.0002104 seconds, Stopping threads took: 0.0000625 seconds
2019-01-31T15:12:36.563-0200: 22023.364: Total time for which application threads were stopped: 0.0001358 seconds, Stopping threads took: 0.0000420 seconds
2019-01-31T15:12:36.724-0200: 22023.525: Total time for which application threads were stopped: 0.0001950 seconds, Stopping threads took: 0.0001120 seconds
2019-01-31T15:12:36.725-0200: 22023.525: Total time for which application threads were stopped: 0.0001386 seconds, Stopping threads took: 0.0000872 seconds
2019-01-31T15:12:36.725-0200: 22023.526: Total time for which application threads were stopped: 0.0001395 seconds, Stopping threads took: 0.0000933 seconds
2019-01-31T15:12:37.725-0200: 22024.526: Total time for which application threads were stopped: 0.0001651 seconds, Stopping threads took: 0.0000439 seconds
2019-01-31T15:12:57.736-0200: 22044.536: Total time for which application threads were stopped: 0.0001218 seconds, Stopping threads took: 0.0000369 seconds
2019-01-31T15:13:30.858-0200: 22077.659: Total time for which application threads were stopped: 0.0001269 seconds, Stopping threads took: 0.0000345 seconds
2019-01-31T15:13:30.861-0200: 22077.662: Total time for which application threads were stopped: 0.0001992 seconds, Stopping threads took: 0.0000592 seconds
{Heap before GC invocations=257 (full 1):
 par new generation   total 109248K, used 88805K [0x00000000e0000000, 0x00000000e8000000, 0x00000000e8000000)
  eden space 87424K, 100% used [0x00000000e0000000, 0x00000000e5560000, 0x00000000e5560000)
  from space 21824K,   6% used [0x00000000e6ab0000, 0x00000000e6c097e8, 0x00000000e8000000)
  to   space 21824K,   0% used [0x00000000e5560000, 0x00000000e5560000, 0x00000000e6ab0000)
 concurrent mark-sweep generation total 393216K, used 83776K [0x00000000e8000000, 0x0000000100000000, 0x0000000100000000)
 Metaspace       used 38746K, capacity 40274K, committed 40496K, reserved 1085440K
  class space    used 4558K, capacity 4871K, committed 4912K, reserved 1048576K
2019-01-31T15:13:30.928-0200: 22077.728: [GC (Allocation Failure) 2019-01-31T15:13:30.928-0200: 22077.728: [ParNew
Desired survivor size 20112992 bytes, new threshold 8 (max 8)
- age   1:    2825240 bytes,    2825240 total
- age   2:     182728 bytes,    3007968 total
- age   6:     177592 bytes,    3185560 total
: 88805K->3255K(109248K), 0.0047971 secs] 172582K->87031K(502464K), 0.0049068 secs] [Times: user=0.00 sys=0.00, real=0.01 secs] 
Heap after GC invocations=258 (full 1):
 par new generation   total 109248K, used 3255K [0x00000000e0000000, 0x00000000e8000000, 0x00000000e8000000)
  eden space 87424K,   0% used [0x00000000e0000000, 0x00000000e0000000, 0x00000000e5560000)
  from space 21824K,  14% used [0x00000000e5560000, 0x00000000e588dd98, 0x00000000e6ab0000)
  to   space 21824K,   0% used [0x00000000e6ab0000, 0x00000000e6ab0000, 0x00000000e8000000)
 concurrent mark-sweep generation total 393216K, used 83776K [0x00000000e8000000, 0x0000000100000000, 0x0000000100000000)
 Metaspace       used 38746K, capacity 40274K, committed 40496K, reserved 1085440K
  class space    used 4558K, capacity 4871K, committed 4912K, reserved 1048576K
}
2019-01-31T15:13:30.933-0200: 22077.733: Total time for which application threads were stopped: 0.0053182 seconds, Stopping threads took: 0.0000378 seconds
2019-01-31T15:13:31.933-0200: 22078.734: Total time for which application threads were stopped: 0.0001227 seconds, Stopping threads took: 0.0000397 seconds
2019-01-31T15:14:05.902-0200: 22112.702: Total time for which application threads were stopped: 0.0001288 seconds, Stopping threads took: 0.0000331 seconds
2019-01-31T15:14:05.902-0200: 22112.702: Total time for which application threads were stopped: 0.0000700 seconds, Stopping threads took: 0.0000219 seconds
{Heap before GC invocations=258 (full 1):
 par new generation   total 109248K, used 90679K [0x00000000e0000000, 0x00000000e8000000, 0x00000000e8000000)
  eden space 87424K, 100% used [0x00000000e0000000, 0x00000000e5560000, 0x00000000e5560000)
  from space 21824K,  14% used [0x00000000e5560000, 0x00000000e588dd98, 0x00000000e6ab0000)
  to   space 21824K,   0% used [0x00000000e6ab0000, 0x00000000e6ab0000, 0x00000000e8000000)
 concurrent mark-sweep generation total 393216K, used 83776K [0x00000000e8000000, 0x0000000100000000, 0x0000000100000000)
 Metaspace       used 38749K, capacity 40274K, committed 40496K, reserved 1085440K
  class space    used 4558K, capacity 4871K, committed 4912K, reserved 1048576K
2019-01-31T15:14:05.941-0200: 22112.741: [GC (Allocation Failure) 2019-01-31T15:14:05.941-0200: 22112.741: [ParNew
Desired survivor size 20112992 bytes, new threshold 8 (max 8)
- age   1:     599656 bytes,     599656 total
- age   2:    2061752 bytes,    2661408 total
- age   3:     181552 bytes,    2842960 total
- age   7:     177592 bytes,    3020552 total
: 90679K->3290K(109248K), 0.0048247 secs] 174455K->87066K(502464K), 0.0049259 secs] [Times: user=0.00 sys=0.00, real=0.01 secs] 
Heap after GC invocations=259 (full 1):
 par new generation   total 109248K, used 3290K [0x00000000e0000000, 0x00000000e8000000, 0x00000000e8000000)
  eden space 87424K,   0% used [0x00000000e0000000, 0x00000000e0000000, 0x00000000e5560000)
  from space 21824K,  15% used [0x00000000e6ab0000, 0x00000000e6de6930, 0x00000000e8000000)
  to   space 21824K,   0% used [0x00000000e5560000, 0x00000000e5560000, 0x00000000e6ab0000)
 concurrent mark-sweep generation total 393216K, used 83776K [0x00000000e8000000, 0x0000000100000000, 0x0000000100000000)
 Metaspace       used 38749K, capacity 40274K, committed 40496K, reserved 1085440K
  class space    used 4558K, capacity 4871K, committed 4912K, reserved 1048576K
}
2019-01-31T15:14:05.946-0200: 22112.746: Total time for which application threads were stopped: 0.0051774 seconds, Stopping threads took: 0.0000481 seconds
2019-01-31T15:14:06.946-0200: 22113.746: Total time for which application threads were stopped: 0.0001260 seconds, Stopping threads took: 0.0000429 seconds
{Heap before GC invocations=259 (full 1):
 par new generation   total 109248K, used 90714K [0x00000000e0000000, 0x00000000e8000000, 0x00000000e8000000)
  eden space 87424K, 100% used [0x00000000e0000000, 0x00000000e5560000, 0x00000000e5560000)
  from space 21824K,  15% used [0x00000000e6ab0000, 0x00000000e6de6930, 0x00000000e8000000)
  to   space 21824K,   0% used [0x00000000e5560000, 0x00000000e5560000, 0x00000000e6ab0000)
 concurrent mark-sweep generation total 393216K, used 83776K [0x00000000e8000000, 0x0000000100000000, 0x0000000100000000)
 Metaspace       used 38758K, capacity 40274K, committed 40496K, reserved 1085440K
  class space    used 4558K, capacity 4871K, committed 4912K, reserved 1048576K
2019-01-31T15:14:54.431-0200: 22161.232: [GC (Allocation Failure) 2019-01-31T15:14:54.431-0200: 22161.232: [ParNew
Desired survivor size 20112992 bytes, new threshold 8 (max 8)
- age   1:     213072 bytes,     213072 total
- age   2:       1336 bytes,     214408 total
- age   3:    2061568 bytes,    2275976 total
- age   4:     181248 bytes,    2457224 total
- age   8:     177592 bytes,    2634816 total
: 90714K->2919K(109248K), 0.0054377 secs] 174490K->86696K(502464K), 0.0055562 secs] [Times: user=0.00 sys=0.00, real=0.01 secs] 
Heap after GC invocations=260 (full 1):
 par new generation   total 109248K, used 2919K [0x00000000e0000000, 0x00000000e8000000, 0x00000000e8000000)
  eden space 87424K,   0% used [0x00000000e0000000, 0x00000000e0000000, 0x00000000e5560000)
  from space 21824K,  13% used [0x00000000e5560000, 0x00000000e5839ee0, 0x00000000e6ab0000)
  to   space 21824K,   0% used [0x00000000e6ab0000, 0x00000000e6ab0000, 0x00000000e8000000)
 concurrent mark-sweep generation total 393216K, used 83776K [0x00000000e8000000, 0x0000000100000000, 0x0000000100000000)
 Metaspace       used 38758K, capacity 40274K, committed 40496K, reserved 1085440K
  class space    used 4558K, capacity 4871K, committed 4912K, reserved 1048576K
}
2019-01-31T15:14:54.437-0200: 22161.237: Total time for which application threads were stopped: 0.0059368 seconds, Stopping threads took: 0.0000439 seconds
{Heap before GC invocations=260 (full 1):
 par new generation   total 109248K, used 90343K [0x00000000e0000000, 0x00000000e8000000, 0x00000000e8000000)
  eden space 87424K, 100% used [0x00000000e0000000, 0x00000000e5560000, 0x00000000e5560000)
  from space 21824K,  13% used [0x00000000e5560000, 0x00000000e5839ee0, 0x00000000e6ab0000)
  to   space 21824K,   0% used [0x00000000e6ab0000, 0x00000000e6ab0000, 0x00000000e8000000)
 concurrent mark-sweep generation total 393216K, used 83776K [0x00000000e8000000, 0x0000000100000000, 0x0000000100000000)
 Metaspace       used 38758K, capacity 40274K, committed 40496K, reserved 1085440K
  class space    used 4558K, capacity 4871K, committed 4912K, reserved 1048576K
2019-01-31T15:14:54.516-0200: 22161.317: [GC (Allocation Failure) 2019-01-31T15:14:54.516-0200: 22161.317: [ParNew
Desired survivor size 20112992 bytes, new threshold 8 (max 8)
- age   1:     635024 bytes,     635024 total
- age   2:      95160 bytes,     730184 total
- age   3:       1336 bytes,     731520 total
- age   4:    2061568 bytes,    2793088 total
- age   5:     181248 bytes,    2974336 total
: 90343K->4027K(109248K), 0.0045485 secs] 174120K->87978K(502464K), 0.0046451 secs] [Times: user=0.06 sys=0.00, real=0.00 secs] 
Heap after GC invocations=261 (full 1):
 par new generation   total 109248K, used 4027K [0x00000000e0000000, 0x00000000e8000000, 0x00000000e8000000)
  eden space 87424K,   0% used [0x00000000e0000000, 0x00000000e0000000, 0x00000000e5560000)
  from space 21824K,  18% used [0x00000000e6ab0000, 0x00000000e6e9ee68, 0x00000000e8000000)
  to   space 21824K,   0% used [0x00000000e5560000, 0x00000000e5560000, 0x00000000e6ab0000)
 concurrent mark-sweep generation total 393216K, used 83950K [0x00000000e8000000, 0x0000000100000000, 0x0000000100000000)
 Metaspace       used 38758K, capacity 40274K, committed 40496K, reserved 1085440K
  class space    used 4558K, capacity 4871K, committed 4912K, reserved 1048576K
}
2019-01-31T15:14:54.521-0200: 22161.321: Total time for which application threads were stopped: 0.0048839 seconds, Stopping threads took: 0.0000378 seconds
2019-01-31T15:15:51.134-0200: 22217.935: Total time for which application threads were stopped: 0.0001264 seconds, Stopping threads took: 0.0000355 seconds
{Heap before GC invocations=261 (full 1):
 par new generation   total 109248K, used 91451K [0x00000000e0000000, 0x00000000e8000000, 0x00000000e8000000)
  eden space 87424K, 100% used [0x00000000e0000000, 0x00000000e5560000, 0x00000000e5560000)
  from space 21824K,  18% used [0x00000000e6ab0000, 0x00000000e6e9ee68, 0x00000000e8000000)
  to   space 21824K,   0% used [0x00000000e5560000, 0x00000000e5560000, 0x00000000e6ab0000)
 concurrent mark-sweep generation total 393216K, used 83950K [0x00000000e8000000, 0x0000000100000000, 0x0000000100000000)
 Metaspace       used 38763K, capacity 40274K, committed 40496K, reserved 1085440K
  class space    used 4558K, capacity 4871K, committed 4912K, reserved 1048576K
2019-01-31T15:15:51.203-0200: 22218.003: [GC (Allocation Failure) 2019-01-31T15:15:51.203-0200: 22218.003: [ParNew
Desired survivor size 20112992 bytes, new threshold 8 (max 8)
- age   1:     592880 bytes,     592880 total
- age   3:       4664 bytes,     597544 total
- age   4:       1216 bytes,     598760 total
- age   5:    2061320 bytes,    2660080 total
- age   6:     181248 bytes,    2841328 total
: 91451K->3593K(109248K), 0.0038063 secs] 175402K->87544K(502464K), 0.0039056 secs] [Times: user=0.06 sys=0.00, real=0.00 secs] 
Heap after GC invocations=262 (full 1):
 par new generation   total 109248K, used 3593K [0x00000000e0000000, 0x00000000e8000000, 0x00000000e8000000)
  eden space 87424K,   0% used [0x00000000e0000000, 0x00000000e0000000, 0x00000000e5560000)
  from space 21824K,  16% used [0x00000000e5560000, 0x00000000e58e2568, 0x00000000e6ab0000)
  to   space 21824K,   0% used [0x00000000e6ab0000, 0x00000000e6ab0000, 0x00000000e8000000)
 concurrent mark-sweep generation total 393216K, used 83950K [0x00000000e8000000, 0x0000000100000000, 0x0000000100000000)
 Metaspace       used 38763K, capacity 40274K, committed 40496K, reserved 1085440K
  class space    used 4558K, capacity 4871K, committed 4912K, reserved 1048576K
}
2019-01-31T15:15:51.206-0200: 22218.007: Total time for which application threads were stopped: 0.0041468 seconds, Stopping threads took: 0.0000364 seconds
2019-01-31T15:15:52.208-0200: 22219.008: Total time for which application threads were stopped: 0.0001684 seconds, Stopping threads took: 0.0000798 seconds
2019-01-31T15:16:24.509-0200: 22251.311: Total time for which application threads were stopped: 0.0002193 seconds, Stopping threads took: 0.0000760 seconds
2019-01-31T15:16:24.510-0200: 22251.311: Total time for which application threads were stopped: 0.0001134 seconds, Stopping threads took: 0.0000508 seconds
2019-01-31T15:16:24.510-0200: 22251.311: Total time for which application threads were stopped: 0.0000788 seconds, Stopping threads took: 0.0000317 seconds
2019-01-31T15:16:24.511-0200: 22251.312: Total time for which application threads were stopped: 0.0001707 seconds, Stopping threads took: 0.0000732 seconds
2019-01-31T15:16:24.511-0200: 22251.313: Total time for which application threads were stopped: 0.0000658 seconds, Stopping threads took: 0.0000187 seconds
2019-01-31T15:16:24.512-0200: 22251.313: Total time for which application threads were stopped: 0.0000760 seconds, Stopping threads took: 0.0000294 seconds
2019-01-31T15:16:24.512-0200: 22251.313: Total time for which application threads were stopped: 0.0000616 seconds, Stopping threads took: 0.0000163 seconds
2019-01-31T15:16:24.512-0200: 22251.313: Total time for which application threads were stopped: 0.0002183 seconds, Stopping threads took: 0.0000163 seconds
{Heap before GC invocations=262 (full 1):
 par new generation   total 109248K, used 91017K [0x00000000e0000000, 0x00000000e8000000, 0x00000000e8000000)
  eden space 87424K, 100% used [0x00000000e0000000, 0x00000000e5560000, 0x00000000e5560000)
  from space 21824K,  16% used [0x00000000e5560000, 0x00000000e58e2568, 0x00000000e6ab0000)
  to   space 21824K,   0% used [0x00000000e6ab0000, 0x00000000e6ab0000, 0x00000000e8000000)
 concurrent mark-sweep generation total 393216K, used 83950K [0x00000000e8000000, 0x0000000100000000, 0x0000000100000000)
 Metaspace       used 38771K, capacity 40274K, committed 40496K, reserved 1085440K
  class space    used 4558K, capacity 4871K, committed 4912K, reserved 1048576K
2019-01-31T15:16:24.765-0200: 22251.566: [GC (Allocation Failure) 2019-01-31T15:16:24.765-0200: 22251.566: [ParNew
Desired survivor size 20112992 bytes, new threshold 8 (max 8)
- age   1:     775400 bytes,     775400 total
- age   2:       1176 bytes,     776576 total
- age   4:       4160 bytes,     780736 total
- age   5:       1216 bytes,     781952 total
- age   6:    2061000 bytes,    2842952 total
- age   7:     181208 bytes,    3024160 total
: 91017K->3149K(109248K), 0.0058860 secs] 174968K->87100K(502464K), 0.0059980 secs] [Times: user=0.06 sys=0.00, real=0.01 secs] 
Heap after GC invocations=263 (full 1):
 par new generation   total 109248K, used 3149K [0x00000000e0000000, 0x00000000e8000000, 0x00000000e8000000)
  eden space 87424K,   0% used [0x00000000e0000000, 0x00000000e0000000, 0x00000000e5560000)
  from space 21824K,  14% used [0x00000000e6ab0000, 0x00000000e6dc34c8, 0x00000000e8000000)
  to   space 21824K,   0% used [0x00000000e5560000, 0x00000000e5560000, 0x00000000e6ab0000)
 concurrent mark-sweep generation total 393216K, used 83950K [0x00000000e8000000, 0x0000000100000000, 0x0000000100000000)
 Metaspace       used 38771K, capacity 40274K, committed 40496K, reserved 1085440K
  class space    used 4558K, capacity 4871K, committed 4912K, reserved 1048576K
}
2019-01-31T15:16:24.771-0200: 22251.572: Total time for which application threads were stopped: 0.0063124 seconds, Stopping threads took: 0.0000345 seconds
{Heap before GC invocations=263 (full 1):
 par new generation   total 109248K, used 90573K [0x00000000e0000000, 0x00000000e8000000, 0x00000000e8000000)
  eden space 87424K, 100% used [0x00000000e0000000, 0x00000000e5560000, 0x00000000e5560000)
  from space 21824K,  14% used [0x00000000e6ab0000, 0x00000000e6dc34c8, 0x00000000e8000000)
  to   space 21824K,   0% used [0x00000000e5560000, 0x00000000e5560000, 0x00000000e6ab0000)
 concurrent mark-sweep generation total 393216K, used 83950K [0x00000000e8000000, 0x0000000100000000, 0x0000000100000000)
 Metaspace       used 38771K, capacity 40274K, committed 40496K, reserved 1085440K
  class space    used 4558K, capacity 4871K, committed 4912K, reserved 1048576K
2019-01-31T15:16:24.868-0200: 22251.669: [GC (Allocation Failure) 2019-01-31T15:16:24.868-0200: 22251.669: [ParNew
Desired survivor size 20112992 bytes, new threshold 8 (max 8)
- age   1:     624488 bytes,     624488 total
- age   2:     493216 bytes,    1117704 total
- age   3:       1176 bytes,    1118880 total
- age   5:       4160 bytes,    1123040 total
- age   6:       1216 bytes,    1124256 total
- age   7:    2061000 bytes,    3185256 total
- age   8:     181208 bytes,    3366464 total
: 90573K->3701K(109248K), 0.0049567 secs] 174524K->87652K(502464K), 0.0050920 secs] [Times: user=0.00 sys=0.00, real=0.01 secs] 
Heap after GC invocations=264 (full 1):
 par new generation   total 109248K, used 3701K [0x00000000e0000000, 0x00000000e8000000, 0x00000000e8000000)
  eden space 87424K,   0% used [0x00000000e0000000, 0x00000000e0000000, 0x00000000e5560000)
  from space 21824K,  16% used [0x00000000e5560000, 0x00000000e58fd4f8, 0x00000000e6ab0000)
  to   space 21824K,   0% used [0x00000000e6ab0000, 0x00000000e6ab0000, 0x00000000e8000000)
 concurrent mark-sweep generation total 393216K, used 83950K [0x00000000e8000000, 0x0000000100000000, 0x0000000100000000)
 Metaspace       used 38771K, capacity 40274K, committed 40496K, reserved 1085440K
  class space    used 4558K, capacity 4871K, committed 4912K, reserved 1048576K
}
2019-01-31T15:16:24.874-0200: 22251.674: Total time for which application threads were stopped: 0.0054899 seconds, Stopping threads took: 0.0000760 seconds
{Heap before GC invocations=264 (full 1):
 par new generation   total 109248K, used 91125K [0x00000000e0000000, 0x00000000e8000000, 0x00000000e8000000)
  eden space 87424K, 100% used [0x00000000e0000000, 0x00000000e5560000, 0x00000000e5560000)
  from space 21824K,  16% used [0x00000000e5560000, 0x00000000e58fd4f8, 0x00000000e6ab0000)
  to   space 21824K,   0% used [0x00000000e6ab0000, 0x00000000e6ab0000, 0x00000000e8000000)
 concurrent mark-sweep generation total 393216K, used 83950K [0x00000000e8000000, 0x0000000100000000, 0x0000000100000000)
 Metaspace       used 38771K, capacity 40274K, committed 40496K, reserved 1085440K
  class space    used 4558K, capacity 4871K, committed 4912K, reserved 1048576K
2019-01-31T15:16:24.962-0200: 22251.762: [GC (Allocation Failure) 2019-01-31T15:16:24.962-0200: 22251.762: [ParNew
Desired survivor size 20112992 bytes, new threshold 8 (max 8)
- age   1:     580840 bytes,     580840 total
- age   2:     427360 bytes,    1008200 total
- age   3:     493056 bytes,    1501256 total
- age   4:       1176 bytes,    1502432 total
- age   6:       4160 bytes,    1506592 total
- age   7:       1216 bytes,    1507808 total
- age   8:    2061000 bytes,    3568808 total
: 91125K->3698K(109248K), 0.0047636 secs] 175076K->87827K(502464K), 0.0048699 secs] [Times: user=0.00 sys=0.00, real=0.01 secs] 
Heap after GC invocations=265 (full 1):
 par new generation   total 109248K, used 3698K [0x00000000e0000000, 0x00000000e8000000, 0x00000000e8000000)
  eden space 87424K,   0% used [0x00000000e0000000, 0x00000000e0000000, 0x00000000e5560000)
  from space 21824K,  16% used [0x00000000e6ab0000, 0x00000000e6e4cb28, 0x00000000e8000000)
  to   space 21824K,   0% used [0x00000000e5560000, 0x00000000e5560000, 0x00000000e6ab0000)
 concurrent mark-sweep generation total 393216K, used 84129K [0x00000000e8000000, 0x0000000100000000, 0x0000000100000000)
 Metaspace       used 38771K, capacity 40274K, committed 40496K, reserved 1085440K
  class space    used 4558K, capacity 4871K, committed 4912K, reserved 1048576K
}
2019-01-31T15:16:24.967-0200: 22251.767: Total time for which application threads were stopped: 0.0051671 seconds, Stopping threads took: 0.0000508 seconds
{Heap before GC invocations=265 (full 1):
 par new generation   total 109248K, used 91122K [0x00000000e0000000, 0x00000000e8000000, 0x00000000e8000000)
  eden space 87424K, 100% used [0x00000000e0000000, 0x00000000e5560000, 0x00000000e5560000)
  from space 21824K,  16% used [0x00000000e6ab0000, 0x00000000e6e4cb28, 0x00000000e8000000)
  to   space 21824K,   0% used [0x00000000e5560000, 0x00000000e5560000, 0x00000000e6ab0000)
 concurrent mark-sweep generation total 393216K, used 84129K [0x00000000e8000000, 0x0000000100000000, 0x0000000100000000)
 Metaspace       used 38771K, capacity 40274K, committed 40496K, reserved 1085440K
  class space    used 4558K, capacity 4871K, committed 4912K, reserved 1048576K
2019-01-31T15:16:25.056-0200: 22251.856: [GC (Allocation Failure) 2019-01-31T15:16:25.056-0200: 22251.856: [ParNew
Desired survivor size 20112992 bytes, new threshold 8 (max 8)
- age   1:     623800 bytes,     623800 total
- age   2:     272608 bytes,     896408 total
- age   3:     322928 bytes,    1219336 total
- age   4:     492712 bytes,    1712048 total
- age   5:       1176 bytes,    1713224 total
- age   7:       4160 bytes,    1717384 total
- age   8:       1216 bytes,    1718600 total
: 91122K->2496K(109248K), 0.0049963 secs] 175251K->88639K(502464K), 0.0051536 secs] [Times: user=0.00 sys=0.00, real=0.00 secs] 
Heap after GC invocations=266 (full 1):
 par new generation   total 109248K, used 2496K [0x00000000e0000000, 0x00000000e8000000, 0x00000000e8000000)
  eden space 87424K,   0% used [0x00000000e0000000, 0x00000000e0000000, 0x00000000e5560000)
  from space 21824K,  11% used [0x00000000e5560000, 0x00000000e57d0250, 0x00000000e6ab0000)
  to   space 21824K,   0% used [0x00000000e6ab0000, 0x00000000e6ab0000, 0x00000000e8000000)
 concurrent mark-sweep generation total 393216K, used 86143K [0x00000000e8000000, 0x0000000100000000, 0x0000000100000000)
 Metaspace       used 38771K, capacity 40274K, committed 40496K, reserved 1085440K
  class space    used 4558K, capacity 4871K, committed 4912K, reserved 1048576K
}
2019-01-31T15:16:25.060-0200: 22251.861: Total time for which application threads were stopped: 0.0054493 seconds, Stopping threads took: 0.0000499 seconds
{Heap before GC invocations=266 (full 1):
 par new generation   total 109248K, used 89920K [0x00000000e0000000, 0x00000000e8000000, 0x00000000e8000000)
  eden space 87424K, 100% used [0x00000000e0000000, 0x00000000e5560000, 0x00000000e5560000)
  from space 21824K,  11% used [0x00000000e5560000, 0x00000000e57d0250, 0x00000000e6ab0000)
  to   space 21824K,   0% used [0x00000000e6ab0000, 0x00000000e6ab0000, 0x00000000e8000000)
 concurrent mark-sweep generation total 393216K, used 86143K [0x00000000e8000000, 0x0000000100000000, 0x0000000100000000)
 Metaspace       used 38771K, capacity 40274K, committed 40496K, reserved 1085440K
  class space    used 4558K, capacity 4871K, committed 4912K, reserved 1048576K
2019-01-31T15:16:25.144-0200: 22251.945: [GC (Allocation Failure) 2019-01-31T15:16:25.144-0200: 22251.945: [ParNew
Desired survivor size 20112992 bytes, new threshold 8 (max 8)
- age   1:     739104 bytes,     739104 total
- age   2:     336088 bytes,    1075192 total
- age   3:     272608 bytes,    1347800 total
- age   4:     257376 bytes,    1605176 total
- age   5:     492712 bytes,    2097888 total
- age   6:       1176 bytes,    2099064 total
- age   8:       4160 bytes,    2103224 total
: 89920K->2332K(109248K), 0.0050761 secs] 176063K->88476K(502464K), 0.0051820 secs] [Times: user=0.00 sys=0.00, real=0.00 secs] 
Heap after GC invocations=267 (full 1):
 par new generation   total 109248K, used 2332K [0x00000000e0000000, 0x00000000e8000000, 0x00000000e8000000)
  eden space 87424K,   0% used [0x00000000e0000000, 0x00000000e0000000, 0x00000000e5560000)
  from space 21824K,  10% used [0x00000000e6ab0000, 0x00000000e6cf7090, 0x00000000e8000000)
  to   space 21824K,   0% used [0x00000000e5560000, 0x00000000e5560000, 0x00000000e6ab0000)
 concurrent mark-sweep generation total 393216K, used 86144K [0x00000000e8000000, 0x0000000100000000, 0x0000000100000000)
 Metaspace       used 38771K, capacity 40274K, committed 40496K, reserved 1085440K
  class space    used 4558K, capacity 4871K, committed 4912K, reserved 1048576K
}
2019-01-31T15:16:25.149-0200: 22251.950: Total time for which application threads were stopped: 0.0054661 seconds, Stopping threads took: 0.0000485 seconds
{Heap before GC invocations=267 (full 1):
 par new generation   total 109248K, used 89756K [0x00000000e0000000, 0x00000000e8000000, 0x00000000e8000000)
  eden space 87424K, 100% used [0x00000000e0000000, 0x00000000e5560000, 0x00000000e5560000)
  from space 21824K,  10% used [0x00000000e6ab0000, 0x00000000e6cf7090, 0x00000000e8000000)
  to   space 21824K,   0% used [0x00000000e5560000, 0x00000000e5560000, 0x00000000e6ab0000)
 concurrent mark-sweep generation total 393216K, used 86144K [0x00000000e8000000, 0x0000000100000000, 0x0000000100000000)
 Metaspace       used 38771K, capacity 40274K, committed 40496K, reserved 1085440K
  class space    used 4558K, capacity 4871K, committed 4912K, reserved 1048576K
2019-01-31T15:16:25.244-0200: 22252.045: [GC (Allocation Failure) 2019-01-31T15:16:25.244-0200: 22252.045: [ParNew
Desired survivor size 20112992 bytes, new threshold 8 (max 8)
- age   1:     649512 bytes,     649512 total
- age   2:     346768 bytes,     996280 total
- age   3:     336016 bytes,    1332296 total
- age   4:     272608 bytes,    1604904 total
- age   5:     257376 bytes,    1862280 total
- age   6:     492560 bytes,    2354840 total
- age   7:       1176 bytes,    2356016 total
: 89756K->2616K(109248K), 0.0053336 secs] 175900K->88764K(502464K), 0.0054232 secs] [Times: user=0.00 sys=0.00, real=0.01 secs] 
Heap after GC invocations=268 (full 1):
 par new generation   total 109248K, used 2616K [0x00000000e0000000, 0x00000000e8000000, 0x00000000e8000000)
  eden space 87424K,   0% used [0x00000000e0000000, 0x00000000e0000000, 0x00000000e5560000)
  from space 21824K,  11% used [0x00000000e5560000, 0x00000000e57ee098, 0x00000000e6ab0000)
  to   space 21824K,   0% used [0x00000000e6ab0000, 0x00000000e6ab0000, 0x00000000e8000000)
 concurrent mark-sweep generation total 393216K, used 86148K [0x00000000e8000000, 0x0000000100000000, 0x0000000100000000)
 Metaspace       used 38771K, capacity 40274K, committed 40496K, reserved 1085440K
  class space    used 4558K, capacity 4871K, committed 4912K, reserved 1048576K
}
2019-01-31T15:16:25.249-0200: 22252.050: Total time for which application threads were stopped: 0.0056798 seconds, Stopping threads took: 0.0000345 seconds
{Heap before GC invocations=268 (full 1):
 par new generation   total 109248K, used 90040K [0x00000000e0000000, 0x00000000e8000000, 0x00000000e8000000)
  eden space 87424K, 100% used [0x00000000e0000000, 0x00000000e5560000, 0x00000000e5560000)
  from space 21824K,  11% used [0x00000000e5560000, 0x00000000e57ee098, 0x00000000e6ab0000)
  to   space 21824K,   0% used [0x00000000e6ab0000, 0x00000000e6ab0000, 0x00000000e8000000)
 concurrent mark-sweep generation total 393216K, used 86148K [0x00000000e8000000, 0x0000000100000000, 0x0000000100000000)
 Metaspace       used 38771K, capacity 40274K, committed 40496K, reserved 1085440K
  class space    used 4558K, capacity 4871K, committed 4912K, reserved 1048576K
2019-01-31T15:16:25.330-0200: 22252.131: [GC (Allocation Failure) 2019-01-31T15:16:25.330-0200: 22252.131: [ParNew
Desired survivor size 20112992 bytes, new threshold 8 (max 8)
- age   1:     741200 bytes,     741200 total
- age   2:     275192 bytes,    1016392 total
- age   3:     343456 bytes,    1359848 total
- age   4:     368368 bytes,    1728216 total
- age   5:     272608 bytes,    2000824 total
- age   6:     257376 bytes,    2258200 total
- age   7:     492288 bytes,    2750488 total
- age   8:       1176 bytes,    2751664 total
: 90040K->3046K(109248K), 0.0041604 secs] 176188K->89194K(502464K), 0.0042448 secs] [Times: user=0.00 sys=0.00, real=0.00 secs] 
Heap after GC invocations=269 (full 1):
 par new generation   total 109248K, used 3046K [0x00000000e0000000, 0x00000000e8000000, 0x00000000e8000000)
  eden space 87424K,   0% used [0x00000000e0000000, 0x00000000e0000000, 0x00000000e5560000)
  from space 21824K,  13% used [0x00000000e6ab0000, 0x00000000e6da98c8, 0x00000000e8000000)
  to   space 21824K,   0% used [0x00000000e5560000, 0x00000000e5560000, 0x00000000e6ab0000)
 concurrent mark-sweep generation total 393216K, used 86148K [0x00000000e8000000, 0x0000000100000000, 0x0000000100000000)
 Metaspace       used 38771K, capacity 40274K, committed 40496K, reserved 1085440K
  class space    used 4558K, capacity 4871K, committed 4912K, reserved 1048576K
}
2019-01-31T15:16:25.334-0200: 22252.135: Total time for which application threads were stopped: 0.0044911 seconds, Stopping threads took: 0.0000331 seconds
{Heap before GC invocations=269 (full 1):
 par new generation   total 109248K, used 90470K [0x00000000e0000000, 0x00000000e8000000, 0x00000000e8000000)
  eden space 87424K, 100% used [0x00000000e0000000, 0x00000000e5560000, 0x00000000e5560000)
  from space 21824K,  13% used [0x00000000e6ab0000, 0x00000000e6da98c8, 0x00000000e8000000)
  to   space 21824K,   0% used [0x00000000e5560000, 0x00000000e5560000, 0x00000000e6ab0000)
 concurrent mark-sweep generation total 393216K, used 86148K [0x00000000e8000000, 0x0000000100000000, 0x0000000100000000)
 Metaspace       used 38771K, capacity 40274K, committed 40496K, reserved 1085440K
  class space    used 4558K, capacity 4871K, committed 4912K, reserved 1048576K
2019-01-31T15:16:25.413-0200: 22252.214: [GC (Allocation Failure) 2019-01-31T15:16:25.413-0200: 22252.214: [ParNew
Desired survivor size 20112992 bytes, new threshold 8 (max 8)
- age   1:     658904 bytes,     658904 total
- age   2:     269856 bytes,     928760 total
- age   3:     275192 bytes,    1203952 total
- age   4:     343456 bytes,    1547408 total
- age   5:     334520 bytes,    1881928 total
- age   6:     272632 bytes,    2154560 total
- age   7:     257376 bytes,    2411936 total
- age   8:     492288 bytes,    2904224 total
: 90470K->3520K(109248K), 0.0041991 secs] 176618K->89670K(502464K), 0.0042928 secs] [Times: user=0.00 sys=0.00, real=0.00 secs] 
Heap after GC invocations=270 (full 1):
 par new generation   total 109248K, used 3520K [0x00000000e0000000, 0x00000000e8000000, 0x00000000e8000000)
  eden space 87424K,   0% used [0x00000000e0000000, 0x00000000e0000000, 0x00000000e5560000)
  from space 21824K,  16% used [0x00000000e5560000, 0x00000000e58d0190, 0x00000000e6ab0000)
  to   space 21824K,   0% used [0x00000000e6ab0000, 0x00000000e6ab0000, 0x00000000e8000000)
 concurrent mark-sweep generation total 393216K, used 86149K [0x00000000e8000000, 0x0000000100000000, 0x0000000100000000)
 Metaspace       used 38771K, capacity 40274K, committed 40496K, reserved 1085440K
  class space    used 4558K, capacity 4871K, committed 4912K, reserved 1048576K
}
2019-01-31T15:16:25.418-0200: 22252.219: Total time for which application threads were stopped: 0.0045508 seconds, Stopping threads took: 0.0000355 seconds
{Heap before GC invocations=270 (full 1):
 par new generation   total 109248K, used 90944K [0x00000000e0000000, 0x00000000e8000000, 0x00000000e8000000)
  eden space 87424K, 100% used [0x00000000e0000000, 0x00000000e5560000, 0x00000000e5560000)
  from space 21824K,  16% used [0x00000000e5560000, 0x00000000e58d0190, 0x00000000e6ab0000)
  to   space 21824K,   0% used [0x00000000e6ab0000, 0x00000000e6ab0000, 0x00000000e8000000)
 concurrent mark-sweep generation total 393216K, used 86149K [0x00000000e8000000, 0x0000000100000000, 0x0000000100000000)
 Metaspace       used 38771K, capacity 40274K, committed 40496K, reserved 1085440K
  class space    used 4558K, capacity 4871K, committed 4912K, reserved 1048576K
2019-01-31T15:16:25.496-0200: 22252.297: [GC (Allocation Failure) 2019-01-31T15:16:25.496-0200: 22252.297: [ParNew
Desired survivor size 20112992 bytes, new threshold 8 (max 8)
- age   1:     866672 bytes,     866672 total
- age   2:     188888 bytes,    1055560 total
- age   3:     268136 bytes,    1323696 total
- age   4:     275192 bytes,    1598888 total
- age   5:     343456 bytes,    1942344 total
- age   6:     249992 bytes,    2192336 total
- age   7:     272608 bytes,    2464944 total
- age   8:     257376 bytes,    2722320 total
: 90944K->4111K(109248K), 0.0040129 secs] 177094K->90743K(502464K), 0.0041006 secs] [Times: user=0.00 sys=0.00, real=0.00 secs] 
Heap after GC invocations=271 (full 1):
 par new generation   total 109248K, used 4111K [0x00000000e0000000, 0x00000000e8000000, 0x00000000e8000000)
  eden space 87424K,   0% used [0x00000000e0000000, 0x00000000e0000000, 0x00000000e5560000)
  from space 21824K,  18% used [0x00000000e6ab0000, 0x00000000e6eb3fd0, 0x00000000e8000000)
  to   space 21824K,   0% used [0x00000000e5560000, 0x00000000e5560000, 0x00000000e6ab0000)
 concurrent mark-sweep generation total 393216K, used 86631K [0x00000000e8000000, 0x0000000100000000, 0x0000000100000000)
 Metaspace       used 38771K, capacity 40274K, committed 40496K, reserved 1085440K
  class space    used 4558K, capacity 4871K, committed 4912K, reserved 1048576K
}
2019-01-31T15:16:25.500-0200: 22252.301: Total time for which application threads were stopped: 0.0043512 seconds, Stopping threads took: 0.0000373 seconds
2019-01-31T15:16:25.549-0200: 22252.350: Total time for which application threads were stopped: 0.0001414 seconds, Stopping threads took: 0.0000592 seconds
2019-01-31T15:16:25.551-0200: 22252.352: Total time for which application threads were stopped: 0.0001297 seconds, Stopping threads took: 0.0000583 seconds
2019-01-31T15:16:25.551-0200: 22252.352: Total time for which application threads were stopped: 0.0000784 seconds, Stopping threads took: 0.0000303 seconds
2019-01-31T15:16:25.743-0200: 22252.544: Total time for which application threads were stopped: 0.0001171 seconds, Stopping threads took: 0.0000336 seconds
2019-01-31T15:16:25.744-0200: 22252.545: Total time for which application threads were stopped: 0.0001376 seconds, Stopping threads took: 0.0000821 seconds
2019-01-31T15:16:25.744-0200: 22252.545: Total time for which application threads were stopped: 0.0000592 seconds, Stopping threads took: 0.0000163 seconds
2019-01-31T15:16:25.892-0200: 22252.693: Total time for which application threads were stopped: 0.0001222 seconds, Stopping threads took: 0.0000299 seconds
2019-01-31T15:16:25.922-0200: 22252.722: Total time for which application threads were stopped: 0.0001941 seconds, Stopping threads took: 0.0000597 seconds
2019-01-31T15:16:25.922-0200: 22252.723: Total time for which application threads were stopped: 0.0001124 seconds, Stopping threads took: 0.0000392 seconds
2019-01-31T15:16:25.922-0200: 22252.723: Total time for which application threads were stopped: 0.0000984 seconds, Stopping threads took: 0.0000429 seconds
2019-01-31T15:16:25.923-0200: 22252.724: Total time for which application threads were stopped: 0.0001036 seconds, Stopping threads took: 0.0000275 seconds
2019-01-31T15:16:25.923-0200: 22252.724: Total time for which application threads were stopped: 0.0000774 seconds, Stopping threads took: 0.0000210 seconds
{Heap before GC invocations=271 (full 1):
 par new generation   total 109248K, used 91535K [0x00000000e0000000, 0x00000000e8000000, 0x00000000e8000000)
  eden space 87424K, 100% used [0x00000000e0000000, 0x00000000e5560000, 0x00000000e5560000)
  from space 21824K,  18% used [0x00000000e6ab0000, 0x00000000e6eb3fd0, 0x00000000e8000000)
  to   space 21824K,   0% used [0x00000000e5560000, 0x00000000e5560000, 0x00000000e6ab0000)
 concurrent mark-sweep generation total 393216K, used 86631K [0x00000000e8000000, 0x0000000100000000, 0x0000000100000000)
 Metaspace       used 38775K, capacity 40274K, committed 40496K, reserved 1085440K
  class space    used 4558K, capacity 4871K, committed 4912K, reserved 1048576K
2019-01-31T15:16:25.997-0200: 22252.798: [GC (Allocation Failure) 2019-01-31T15:16:25.997-0200: 22252.798: [ParNew
Desired survivor size 20112992 bytes, new threshold 8 (max 8)
- age   1:    1068656 bytes,    1068656 total
- age   2:     767192 bytes,    1835848 total
- age   3:     188000 bytes,    2023848 total
- age   4:     262080 bytes,    2285928 total
- age   5:     274272 bytes,    2560200 total
- age   6:     342720 bytes,    2902920 total
- age   7:     249256 bytes,    3152176 total
- age   8:     271688 bytes,    3423864 total
: 91535K->4298K(109248K), 0.0039654 secs] 178167K->91181K(502464K), 0.0040722 secs] [Times: user=0.00 sys=0.00, real=0.00 secs] 
Heap after GC invocations=272 (full 1):
 par new generation   total 109248K, used 4298K [0x00000000e0000000, 0x00000000e8000000, 0x00000000e8000000)
  eden space 87424K,   0% used [0x00000000e0000000, 0x00000000e0000000, 0x00000000e5560000)
  from space 21824K,  19% used [0x00000000e5560000, 0x00000000e5992a88, 0x00000000e6ab0000)
  to   space 21824K,   0% used [0x00000000e6ab0000, 0x00000000e6ab0000, 0x00000000e8000000)
 concurrent mark-sweep generation total 393216K, used 86882K [0x00000000e8000000, 0x0000000100000000, 0x0000000100000000)
 Metaspace       used 38775K, capacity 40274K, committed 40496K, reserved 1085440K
  class space    used 4558K, capacity 4871K, committed 4912K, reserved 1048576K
}
2019-01-31T15:16:26.001-0200: 22252.802: Total time for which application threads were stopped: 0.0043260 seconds, Stopping threads took: 0.0000401 seconds
{Heap before GC invocations=272 (full 1):
 par new generation   total 109248K, used 91722K [0x00000000e0000000, 0x00000000e8000000, 0x00000000e8000000)
  eden space 87424K, 100% used [0x00000000e0000000, 0x00000000e5560000, 0x00000000e5560000)
  from space 21824K,  19% used [0x00000000e5560000, 0x00000000e5992a88, 0x00000000e6ab0000)
  to   space 21824K,   0% used [0x00000000e6ab0000, 0x00000000e6ab0000, 0x00000000e8000000)
 concurrent mark-sweep generation total 393216K, used 86882K [0x00000000e8000000, 0x0000000100000000, 0x0000000100000000)
 Metaspace       used 38775K, capacity 40274K, committed 40496K, reserved 1085440K
  class space    used 4558K, capacity 4871K, committed 4912K, reserved 1048576K
2019-01-31T15:16:26.128-0200: 22252.929: [GC (Allocation Failure) 2019-01-31T15:16:26.129-0200: 22252.929: [ParNew
Desired survivor size 20112992 bytes, new threshold 8 (max 8)
- age   1:     478344 bytes,     478344 total
- age   2:     838440 bytes,    1316784 total
- age   3:     767192 bytes,    2083976 total
- age   4:     188000 bytes,    2271976 total
- age   5:     262080 bytes,    2534056 total
- age   6:     274272 bytes,    2808328 total
- age   7:     342720 bytes,    3151048 total
- age   8:     249256 bytes,    3400304 total
: 91722K->4048K(109248K), 0.0046054 secs] 178605K->91195K(502464K), 0.0046871 secs] [Times: user=0.00 sys=0.00, real=0.00 secs] 
Heap after GC invocations=273 (full 1):
 par new generation   total 109248K, used 4048K [0x00000000e0000000, 0x00000000e8000000, 0x00000000e8000000)
  eden space 87424K,   0% used [0x00000000e0000000, 0x00000000e0000000, 0x00000000e5560000)
  from space 21824K,  18% used [0x00000000e6ab0000, 0x00000000e6ea4000, 0x00000000e8000000)
  to   space 21824K,   0% used [0x00000000e5560000, 0x00000000e5560000, 0x00000000e6ab0000)
 concurrent mark-sweep generation total 393216K, used 87147K [0x00000000e8000000, 0x0000000100000000, 0x0000000100000000)
 Metaspace       used 38775K, capacity 40274K, committed 40496K, reserved 1085440K
  class space    used 4558K, capacity 4871K, committed 4912K, reserved 1048576K
}
2019-01-31T15:16:26.133-0200: 22252.934: Total time for which application threads were stopped: 0.0049716 seconds, Stopping threads took: 0.0000313 seconds
{Heap before GC invocations=273 (full 1):
 par new generation   total 109248K, used 91472K [0x00000000e0000000, 0x00000000e8000000, 0x00000000e8000000)
  eden space 87424K, 100% used [0x00000000e0000000, 0x00000000e5560000, 0x00000000e5560000)
  from space 21824K,  18% used [0x00000000e6ab0000, 0x00000000e6ea4000, 0x00000000e8000000)
  to   space 21824K,   0% used [0x00000000e5560000, 0x00000000e5560000, 0x00000000e6ab0000)
 concurrent mark-sweep generation total 393216K, used 87147K [0x00000000e8000000, 0x0000000100000000, 0x0000000100000000)
 Metaspace       used 38775K, capacity 40274K, committed 40496K, reserved 1085440K
  class space    used 4558K, capacity 4871K, committed 4912K, reserved 1048576K
2019-01-31T15:16:26.225-0200: 22253.025: [GC (Allocation Failure) 2019-01-31T15:16:26.225-0200: 22253.025: [ParNew
Desired survivor size 20112992 bytes, new threshold 8 (max 8)
- age   1:     537016 bytes,     537016 total
- age   2:     302408 bytes,     839424 total
- age   3:     936328 bytes,    1775752 total
- age   4:     767192 bytes,    2542944 total
- age   5:     188000 bytes,    2730944 total
- age   6:     262080 bytes,    2993024 total
- age   7:     274272 bytes,    3267296 total
- age   8:     342720 bytes,    3610016 total
: 91472K->3866K(109248K), 0.0048186 secs] 178619K->91258K(502464K), 0.0049264 secs] [Times: user=0.00 sys=0.00, real=0.00 secs] 
Heap after GC invocations=274 (full 1):
 par new generation   total 109248K, used 3866K [0x00000000e0000000, 0x00000000e8000000, 0x00000000e8000000)
  eden space 87424K,   0% used [0x00000000e0000000, 0x00000000e0000000, 0x00000000e5560000)
  from space 21824K,  17% used [0x00000000e5560000, 0x00000000e5926b50, 0x00000000e6ab0000)
  to   space 21824K,   0% used [0x00000000e6ab0000, 0x00000000e6ab0000, 0x00000000e8000000)
 concurrent mark-sweep generation total 393216K, used 87391K [0x00000000e8000000, 0x0000000100000000, 0x0000000100000000)
 Metaspace       used 38775K, capacity 40274K, committed 40496K, reserved 1085440K
  class space    used 4558K, capacity 4871K, committed 4912K, reserved 1048576K
}
2019-01-31T15:16:26.230-0200: 22253.030: Total time for which application threads were stopped: 0.0054083 seconds, Stopping threads took: 0.0000406 seconds
{Heap before GC invocations=274 (full 1):
 par new generation   total 109248K, used 91290K [0x00000000e0000000, 0x00000000e8000000, 0x00000000e8000000)
  eden space 87424K, 100% used [0x00000000e0000000, 0x00000000e5560000, 0x00000000e5560000)
  from space 21824K,  17% used [0x00000000e5560000, 0x00000000e5926b50, 0x00000000e6ab0000)
  to   space 21824K,   0% used [0x00000000e6ab0000, 0x00000000e6ab0000, 0x00000000e8000000)
 concurrent mark-sweep generation total 393216K, used 87391K [0x00000000e8000000, 0x0000000100000000, 0x0000000100000000)
 Metaspace       used 38775K, capacity 40274K, committed 40496K, reserved 1085440K
  class space    used 4558K, capacity 4871K, committed 4912K, reserved 1048576K
2019-01-31T15:16:26.307-0200: 22253.108: [GC (Allocation Failure) 2019-01-31T15:16:26.307-0200: 22253.108: [ParNew
Desired survivor size 20112992 bytes, new threshold 8 (max 8)
- age   1:     487008 bytes,     487008 total
- age   2:     313936 bytes,     800944 total
- age   3:     302080 bytes,    1103024 total
- age   4:     936248 bytes,    2039272 total
- age   5:     767192 bytes,    2806464 total
- age   6:     188000 bytes,    2994464 total
- age   7:     262080 bytes,    3256544 total
- age   8:     274272 bytes,    3530816 total
: 91290K->4159K(109248K), 0.0053220 secs] 178682K->91885K(502464K), 0.0054218 secs] [Times: user=0.00 sys=0.00, real=0.01 secs] 
Heap after GC invocations=275 (full 1):
 par new generation   total 109248K, used 4159K [0x00000000e0000000, 0x00000000e8000000, 0x00000000e8000000)
  eden space 87424K,   0% used [0x00000000e0000000, 0x00000000e0000000, 0x00000000e5560000)
  from space 21824K,  19% used [0x00000000e6ab0000, 0x00000000e6ebfd20, 0x00000000e8000000)
  to   space 21824K,   0% used [0x00000000e5560000, 0x00000000e5560000, 0x00000000e6ab0000)
 concurrent mark-sweep generation total 393216K, used 87725K [0x00000000e8000000, 0x0000000100000000, 0x0000000100000000)
 Metaspace       used 38775K, capacity 40274K, committed 40496K, reserved 1085440K
  class space    used 4558K, capacity 4871K, committed 4912K, reserved 1048576K
}
2019-01-31T15:16:26.313-0200: 22253.114: Total time for which application threads were stopped: 0.0056663 seconds, Stopping threads took: 0.0000359 seconds
{Heap before GC invocations=275 (full 1):
 par new generation   total 109248K, used 91583K [0x00000000e0000000, 0x00000000e8000000, 0x00000000e8000000)
  eden space 87424K, 100% used [0x00000000e0000000, 0x00000000e5560000, 0x00000000e5560000)
  from space 21824K,  19% used [0x00000000e6ab0000, 0x00000000e6ebfd20, 0x00000000e8000000)
  to   space 21824K,   0% used [0x00000000e5560000, 0x00000000e5560000, 0x00000000e6ab0000)
 concurrent mark-sweep generation total 393216K, used 87725K [0x00000000e8000000, 0x0000000100000000, 0x0000000100000000)
 Metaspace       used 38775K, capacity 40274K, committed 40496K, reserved 1085440K
  class space    used 4558K, capacity 4871K, committed 4912K, reserved 1048576K
2019-01-31T15:16:26.392-0200: 22253.193: [GC (Allocation Failure) 2019-01-31T15:16:26.392-0200: 22253.193: [ParNew
Desired survivor size 20112992 bytes, new threshold 8 (max 8)
- age   1:     481872 bytes,     481872 total
- age   2:     228072 bytes,     709944 total
- age   3:     312848 bytes,    1022792 total
- age   4:     302080 bytes,    1324872 total
- age   5:     805088 bytes,    2129960 total
- age   6:     767192 bytes,    2897152 total
- age   7:     188000 bytes,    3085152 total
- age   8:     262080 bytes,    3347232 total
: 91583K->4978K(109248K), 0.0040400 secs] 179309K->92972K(502464K), 0.0041492 secs] [Times: user=0.00 sys=0.00, real=0.00 secs] 
Heap after GC invocations=276 (full 1):
 par new generation   total 109248K, used 4978K [0x00000000e0000000, 0x00000000e8000000, 0x00000000e8000000)
  eden space 87424K,   0% used [0x00000000e0000000, 0x00000000e0000000, 0x00000000e5560000)
  from space 21824K,  22% used [0x00000000e5560000, 0x00000000e5a3c908, 0x00000000e6ab0000)
  to   space 21824K,   0% used [0x00000000e6ab0000, 0x00000000e6ab0000, 0x00000000e8000000)
 concurrent mark-sweep generation total 393216K, used 87993K [0x00000000e8000000, 0x0000000100000000, 0x0000000100000000)
 Metaspace       used 38775K, capacity 40274K, committed 40496K, reserved 1085440K
  class space    used 4558K, capacity 4871K, committed 4912K, reserved 1048576K
}
2019-01-31T15:16:26.396-0200: 22253.197: Total time for which application threads were stopped: 0.0043969 seconds, Stopping threads took: 0.0000355 seconds
2019-01-31T15:16:26.413-0200: 22253.214: Total time for which application threads were stopped: 0.0001185 seconds, Stopping threads took: 0.0000355 seconds
2019-01-31T15:16:26.415-0200: 22253.216: Total time for which application threads were stopped: 0.0001749 seconds, Stopping threads took: 0.0000495 seconds
2019-01-31T15:16:26.415-0200: 22253.216: Total time for which application threads were stopped: 0.0001148 seconds, Stopping threads took: 0.0000308 seconds
2019-01-31T15:16:26.622-0200: 22253.422: Total time for which application threads were stopped: 0.0001801 seconds, Stopping threads took: 0.0000485 seconds
2019-01-31T15:16:26.622-0200: 22253.422: Total time for which application threads were stopped: 0.0001068 seconds, Stopping threads took: 0.0000289 seconds
2019-01-31T15:16:26.622-0200: 22253.422: Total time for which application threads were stopped: 0.0001241 seconds, Stopping threads took: 0.0000257 seconds
2019-01-31T15:16:26.727-0200: 22253.527: Total time for which application threads were stopped: 0.0001171 seconds, Stopping threads took: 0.0000317 seconds
2019-01-31T15:16:26.757-0200: 22253.557: Total time for which application threads were stopped: 0.0001362 seconds, Stopping threads took: 0.0000401 seconds
2019-01-31T15:16:26.757-0200: 22253.557: Total time for which application threads were stopped: 0.0001040 seconds, Stopping threads took: 0.0000467 seconds
2019-01-31T15:16:26.757-0200: 22253.557: Total time for which application threads were stopped: 0.0001129 seconds, Stopping threads took: 0.0000574 seconds
2019-01-31T15:16:26.758-0200: 22253.558: Total time for which application threads were stopped: 0.0002650 seconds, Stopping threads took: 0.0000373 seconds
2019-01-31T15:16:26.758-0200: 22253.559: Total time for which application threads were stopped: 0.0000802 seconds, Stopping threads took: 0.0000252 seconds
{Heap before GC invocations=276 (full 1):
 par new generation   total 109248K, used 92402K [0x00000000e0000000, 0x00000000e8000000, 0x00000000e8000000)
  eden space 87424K, 100% used [0x00000000e0000000, 0x00000000e5560000, 0x00000000e5560000)
  from space 21824K,  22% used [0x00000000e5560000, 0x00000000e5a3c908, 0x00000000e6ab0000)
  to   space 21824K,   0% used [0x00000000e6ab0000, 0x00000000e6ab0000, 0x00000000e8000000)
 concurrent mark-sweep generation total 393216K, used 87993K [0x00000000e8000000, 0x0000000100000000, 0x0000000100000000)
 Metaspace       used 38800K, capacity 40274K, committed 40496K, reserved 1085440K
  class space    used 4558K, capacity 4871K, committed 4912K, reserved 1048576K
2019-01-31T15:16:26.900-0200: 22253.701: [GC (Allocation Failure) 2019-01-31T15:16:26.900-0200: 22253.701: [ParNew
Desired survivor size 20112992 bytes, new threshold 8 (max 8)
- age   1:     946880 bytes,     946880 total
- age   5:        288 bytes,     947168 total
- age   6:     373544 bytes,    1320712 total
- age   7:     767192 bytes,    2087904 total
- age   8:     188000 bytes,    2275904 total
: 92402K->3573K(109248K), 0.0052683 secs] 180396K->91823K(502464K), 0.0053682 secs] [Times: user=0.00 sys=0.00, real=0.01 secs] 
Heap after GC invocations=277 (full 1):
 par new generation   total 109248K, used 3573K [0x00000000e0000000, 0x00000000e8000000, 0x00000000e8000000)
  eden space 87424K,   0% used [0x00000000e0000000, 0x00000000e0000000, 0x00000000e5560000)
  from space 21824K,  16% used [0x00000000e6ab0000, 0x00000000e6e2d698, 0x00000000e8000000)
  to   space 21824K,   0% used [0x00000000e5560000, 0x00000000e5560000, 0x00000000e6ab0000)
 concurrent mark-sweep generation total 393216K, used 88249K [0x00000000e8000000, 0x0000000100000000, 0x0000000100000000)
 Metaspace       used 38800K, capacity 40274K, committed 40496K, reserved 1085440K
  class space    used 4558K, capacity 4871K, committed 4912K, reserved 1048576K
}
2019-01-31T15:16:26.906-0200: 22253.707: Total time for which application threads were stopped: 0.0056616 seconds, Stopping threads took: 0.0000443 seconds
{Heap before GC invocations=277 (full 1):
 par new generation   total 109248K, used 90997K [0x00000000e0000000, 0x00000000e8000000, 0x00000000e8000000)
  eden space 87424K, 100% used [0x00000000e0000000, 0x00000000e5560000, 0x00000000e5560000)
  from space 21824K,  16% used [0x00000000e6ab0000, 0x00000000e6e2d698, 0x00000000e8000000)
  to   space 21824K,   0% used [0x00000000e5560000, 0x00000000e5560000, 0x00000000e6ab0000)
 concurrent mark-sweep generation total 393216K, used 88249K [0x00000000e8000000, 0x0000000100000000, 0x0000000100000000)
 Metaspace       used 38800K, capacity 40274K, committed 40496K, reserved 1085440K
  class space    used 4558K, capacity 4871K, committed 4912K, reserved 1048576K
2019-01-31T15:16:26.988-0200: 22253.789: [GC (Allocation Failure) 2019-01-31T15:16:26.988-0200: 22253.789: [ParNew
Desired survivor size 20112992 bytes, new threshold 8 (max 8)
- age   1:     523608 bytes,     523608 total
- age   2:     771928 bytes,    1295536 total
- age   6:        288 bytes,    1295824 total
- age   7:     372632 bytes,    1668456 total
- age   8:     767192 bytes,    2435648 total
: 90997K->2771K(109248K), 0.0039747 secs] 179247K->91205K(502464K), 0.0040652 secs] [Times: user=0.00 sys=0.00, real=0.00 secs] 
Heap after GC invocations=278 (full 1):
 par new generation   total 109248K, used 2771K [0x00000000e0000000, 0x00000000e8000000, 0x00000000e8000000)
  eden space 87424K,   0% used [0x00000000e0000000, 0x00000000e0000000, 0x00000000e5560000)
  from space 21824K,  12% used [0x00000000e5560000, 0x00000000e5814fa0, 0x00000000e6ab0000)
  to   space 21824K,   0% used [0x00000000e6ab0000, 0x00000000e6ab0000, 0x00000000e8000000)
 concurrent mark-sweep generation total 393216K, used 88433K [0x00000000e8000000, 0x0000000100000000, 0x0000000100000000)
 Metaspace       used 38800K, capacity 40274K, committed 40496K, reserved 1085440K
  class space    used 4558K, capacity 4871K, committed 4912K, reserved 1048576K
}
2019-01-31T15:16:26.992-0200: 22253.793: Total time for which application threads were stopped: 0.0043222 seconds, Stopping threads took: 0.0000420 seconds
{Heap before GC invocations=278 (full 1):
 par new generation   total 109248K, used 90195K [0x00000000e0000000, 0x00000000e8000000, 0x00000000e8000000)
  eden space 87424K, 100% used [0x00000000e0000000, 0x00000000e5560000, 0x00000000e5560000)
  from space 21824K,  12% used [0x00000000e5560000, 0x00000000e5814fa0, 0x00000000e6ab0000)
  to   space 21824K,   0% used [0x00000000e6ab0000, 0x00000000e6ab0000, 0x00000000e8000000)
 concurrent mark-sweep generation total 393216K, used 88433K [0x00000000e8000000, 0x0000000100000000, 0x0000000100000000)
 Metaspace       used 38800K, capacity 40274K, committed 40496K, reserved 1085440K
  class space    used 4558K, capacity 4871K, committed 4912K, reserved 1048576K
2019-01-31T15:16:27.076-0200: 22253.877: [GC (Allocation Failure) 2019-01-31T15:16:27.076-0200: 22253.877: [ParNew
Desired survivor size 20112992 bytes, new threshold 8 (max 8)
- age   1:     454088 bytes,     454088 total
- age   2:     331624 bytes,     785712 total
- age   3:     771688 bytes,    1557400 total
- age   7:        288 bytes,    1557688 total
- age   8:     372632 bytes,    1930320 total
: 90195K->2853K(109248K), 0.0053523 secs] 178629K->92036K(502464K), 0.0054456 secs] [Times: user=0.06 sys=0.00, real=0.01 secs] 
Heap after GC invocations=279 (full 1):
 par new generation   total 109248K, used 2853K [0x00000000e0000000, 0x00000000e8000000, 0x00000000e8000000)
  eden space 87424K,   0% used [0x00000000e0000000, 0x00000000e0000000, 0x00000000e5560000)
  from space 21824K,  13% used [0x00000000e6ab0000, 0x00000000e6d79698, 0x00000000e8000000)
  to   space 21824K,   0% used [0x00000000e5560000, 0x00000000e5560000, 0x00000000e6ab0000)
 concurrent mark-sweep generation total 393216K, used 89182K [0x00000000e8000000, 0x0000000100000000, 0x0000000100000000)
 Metaspace       used 38800K, capacity 40274K, committed 40496K, reserved 1085440K
  class space    used 4558K, capacity 4871K, committed 4912K, reserved 1048576K
}
2019-01-31T15:16:27.082-0200: 22253.882: Total time for which application threads were stopped: 0.0057134 seconds, Stopping threads took: 0.0000429 seconds
{Heap before GC invocations=279 (full 1):
 par new generation   total 109248K, used 90277K [0x00000000e0000000, 0x00000000e8000000, 0x00000000e8000000)
  eden space 87424K, 100% used [0x00000000e0000000, 0x00000000e5560000, 0x00000000e5560000)
  from space 21824K,  13% used [0x00000000e6ab0000, 0x00000000e6d79698, 0x00000000e8000000)
  to   space 21824K,   0% used [0x00000000e5560000, 0x00000000e5560000, 0x00000000e6ab0000)
 concurrent mark-sweep generation total 393216K, used 89182K [0x00000000e8000000, 0x0000000100000000, 0x0000000100000000)
 Metaspace       used 38800K, capacity 40274K, committed 40496K, reserved 1085440K
  class space    used 4558K, capacity 4871K, committed 4912K, reserved 1048576K
2019-01-31T15:16:27.159-0200: 22253.960: [GC (Allocation Failure) 2019-01-31T15:16:27.160-0200: 22253.960: [ParNew
Desired survivor size 20112992 bytes, new threshold 8 (max 8)
- age   1:     570968 bytes,     570968 total
- age   2:     216160 bytes,     787128 total
- age   3:     330104 bytes,    1117232 total
- age   4:     707856 bytes,    1825088 total
- age   8:        288 bytes,    1825376 total
: 90277K->2517K(109248K), 0.0039294 secs] 179460K->92065K(502464K), 0.0040209 secs] [Times: user=0.00 sys=0.00, real=0.01 secs] 
Heap after GC invocations=280 (full 1):
 par new generation   total 109248K, used 2517K [0x00000000e0000000, 0x00000000e8000000, 0x00000000e8000000)
  eden space 87424K,   0% used [0x00000000e0000000, 0x00000000e0000000, 0x00000000e5560000)
  from space 21824K,  11% used [0x00000000e5560000, 0x00000000e57d5510, 0x00000000e6ab0000)
  to   space 21824K,   0% used [0x00000000e6ab0000, 0x00000000e6ab0000, 0x00000000e8000000)
 concurrent mark-sweep generation total 393216K, used 89547K [0x00000000e8000000, 0x0000000100000000, 0x0000000100000000)
 Metaspace       used 38800K, capacity 40274K, committed 40496K, reserved 1085440K
  class space    used 4558K, capacity 4871K, committed 4912K, reserved 1048576K
}
2019-01-31T15:16:27.164-0200: 22253.964: Total time for which application threads were stopped: 0.0042667 seconds, Stopping threads took: 0.0000341 seconds
2019-01-31T15:16:27.223-0200: 22254.023: Total time for which application threads were stopped: 0.0001180 seconds, Stopping threads took: 0.0000299 seconds
2019-01-31T15:16:27.225-0200: 22254.025: Total time for which application threads were stopped: 0.0001647 seconds, Stopping threads took: 0.0000574 seconds
2019-01-31T15:16:27.225-0200: 22254.026: Total time for which application threads were stopped: 0.0001456 seconds, Stopping threads took: 0.0000359 seconds
2019-01-31T15:16:27.447-0200: 22254.248: Total time for which application threads were stopped: 0.0002762 seconds, Stopping threads took: 0.0000574 seconds
2019-01-31T15:16:27.447-0200: 22254.248: Total time for which application threads were stopped: 0.0001096 seconds, Stopping threads took: 0.0000308 seconds
2019-01-31T15:16:27.448-0200: 22254.248: Total time for which application threads were stopped: 0.0001395 seconds, Stopping threads took: 0.0000481 seconds
2019-01-31T15:16:27.694-0200: 22254.494: Total time for which application threads were stopped: 0.0001316 seconds, Stopping threads took: 0.0000373 seconds
2019-01-31T15:16:27.694-0200: 22254.494: Total time for which application threads were stopped: 0.0001148 seconds, Stopping threads took: 0.0000569 seconds
2019-01-31T15:16:27.694-0200: 22254.495: Total time for which application threads were stopped: 0.0000676 seconds, Stopping threads took: 0.0000219 seconds
2019-01-31T15:16:27.695-0200: 22254.495: Total time for which application threads were stopped: 0.0000802 seconds, Stopping threads took: 0.0000317 seconds
{Heap before GC invocations=280 (full 1):
 par new generation   total 109248K, used 89941K [0x00000000e0000000, 0x00000000e8000000, 0x00000000e8000000)
  eden space 87424K, 100% used [0x00000000e0000000, 0x00000000e5560000, 0x00000000e5560000)
  from space 21824K,  11% used [0x00000000e5560000, 0x00000000e57d5510, 0x00000000e6ab0000)
  to   space 21824K,   0% used [0x00000000e6ab0000, 0x00000000e6ab0000, 0x00000000e8000000)
 concurrent mark-sweep generation total 393216K, used 89547K [0x00000000e8000000, 0x0000000100000000, 0x0000000100000000)
 Metaspace       used 38817K, capacity 40274K, committed 40496K, reserved 1085440K
  class space    used 4558K, capacity 4871K, committed 4912K, reserved 1048576K
2019-01-31T15:16:27.771-0200: 22254.571: [GC (Allocation Failure) 2019-01-31T15:16:27.771-0200: 22254.571: [ParNew
Desired survivor size 20112992 bytes, new threshold 8 (max 8)
- age   1:     667120 bytes,     667120 total
- age   5:     180296 bytes,     847416 total
: 89941K->1344K(109248K), 0.0051568 secs] 179489K->90892K(502464K), 0.0052445 secs] [Times: user=0.00 sys=0.00, real=0.01 secs] 
Heap after GC invocations=281 (full 1):
 par new generation   total 109248K, used 1344K [0x00000000e0000000, 0x00000000e8000000, 0x00000000e8000000)
  eden space 87424K,   0% used [0x00000000e0000000, 0x00000000e0000000, 0x00000000e5560000)
  from space 21824K,   6% used [0x00000000e6ab0000, 0x00000000e6c00100, 0x00000000e8000000)
  to   space 21824K,   0% used [0x00000000e5560000, 0x00000000e5560000, 0x00000000e6ab0000)
 concurrent mark-sweep generation total 393216K, used 89548K [0x00000000e8000000, 0x0000000100000000, 0x0000000100000000)
 Metaspace       used 38817K, capacity 40274K, committed 40496K, reserved 1085440K
  class space    used 4558K, capacity 4871K, committed 4912K, reserved 1048576K
}
2019-01-31T15:16:27.776-0200: 22254.576: Total time for which application threads were stopped: 0.0055002 seconds, Stopping threads took: 0.0000322 seconds
{Heap before GC invocations=281 (full 1):
 par new generation   total 109248K, used 88768K [0x00000000e0000000, 0x00000000e8000000, 0x00000000e8000000)
  eden space 87424K, 100% used [0x00000000e0000000, 0x00000000e5560000, 0x00000000e5560000)
  from space 21824K,   6% used [0x00000000e6ab0000, 0x00000000e6c00100, 0x00000000e8000000)
  to   space 21824K,   0% used [0x00000000e5560000, 0x00000000e5560000, 0x00000000e6ab0000)
 concurrent mark-sweep generation total 393216K, used 89548K [0x00000000e8000000, 0x0000000100000000, 0x0000000100000000)
 Metaspace       used 38817K, capacity 40274K, committed 40496K, reserved 1085440K
  class space    used 4558K, capacity 4871K, committed 4912K, reserved 1048576K
2019-01-31T15:16:27.863-0200: 22254.664: [GC (Allocation Failure) 2019-01-31T15:16:27.863-0200: 22254.664: [ParNew
Desired survivor size 20112992 bytes, new threshold 8 (max 8)
- age   1:     553216 bytes,     553216 total
- age   2:     546440 bytes,    1099656 total
- age   6:     179384 bytes,    1279040 total
: 88768K->1431K(109248K), 0.0052618 secs] 178316K->90979K(502464K), 0.0053635 secs] [Times: user=0.00 sys=0.00, real=0.01 secs] 
Heap after GC invocations=282 (full 1):
 par new generation   total 109248K, used 1431K [0x00000000e0000000, 0x00000000e8000000, 0x00000000e8000000)
  eden space 87424K,   0% used [0x00000000e0000000, 0x00000000e0000000, 0x00000000e5560000)
  from space 21824K,   6% used [0x00000000e5560000, 0x00000000e56c5ed0, 0x00000000e6ab0000)
  to   space 21824K,   0% used [0x00000000e6ab0000, 0x00000000e6ab0000, 0x00000000e8000000)
 concurrent mark-sweep generation total 393216K, used 89548K [0x00000000e8000000, 0x0000000100000000, 0x0000000100000000)
 Metaspace       used 38817K, capacity 40274K, committed 40496K, reserved 1085440K
  class space    used 4558K, capacity 4871K, committed 4912K, reserved 1048576K
}
2019-01-31T15:16:27.868-0200: 22254.669: Total time for which application threads were stopped: 0.0056803 seconds, Stopping threads took: 0.0000578 seconds
{Heap before GC invocations=282 (full 1):
 par new generation   total 109248K, used 88855K [0x00000000e0000000, 0x00000000e8000000, 0x00000000e8000000)
  eden space 87424K, 100% used [0x00000000e0000000, 0x00000000e5560000, 0x00000000e5560000)
  from space 21824K,   6% used [0x00000000e5560000, 0x00000000e56c5ed0, 0x00000000e6ab0000)
  to   space 21824K,   0% used [0x00000000e6ab0000, 0x00000000e6ab0000, 0x00000000e8000000)
 concurrent mark-sweep generation total 393216K, used 89548K [0x00000000e8000000, 0x0000000100000000, 0x0000000100000000)
 Metaspace       used 38817K, capacity 40274K, committed 40496K, reserved 1085440K
  class space    used 4558K, capacity 4871K, committed 4912K, reserved 1048576K
2019-01-31T15:16:27.947-0200: 22254.749: [GC (Allocation Failure) 2019-01-31T15:16:27.947-0200: 22254.749: [ParNew
Desired survivor size 20112992 bytes, new threshold 8 (max 8)
- age   1:     526800 bytes,     526800 total
- age   2:     362448 bytes,     889248 total
- age   3:     546088 bytes,    1435336 total
- age   7:     179384 bytes,    1614720 total
: 88855K->2001K(109248K), 0.0049338 secs] 178403K->91549K(502464K), 0.0050141 secs] [Times: user=0.00 sys=0.00, real=0.00 secs] 
Heap after GC invocations=283 (full 1):
 par new generation   total 109248K, used 2001K [0x00000000e0000000, 0x00000000e8000000, 0x00000000e8000000)
  eden space 87424K,   0% used [0x00000000e0000000, 0x00000000e0000000, 0x00000000e5560000)
  from space 21824K,   9% used [0x00000000e6ab0000, 0x00000000e6ca4480, 0x00000000e8000000)
  to   space 21824K,   0% used [0x00000000e5560000, 0x00000000e5560000, 0x00000000e6ab0000)
 concurrent mark-sweep generation total 393216K, used 89548K [0x00000000e8000000, 0x0000000100000000, 0x0000000100000000)
 Metaspace       used 38817K, capacity 40274K, committed 40496K, reserved 1085440K
  class space    used 4558K, capacity 4871K, committed 4912K, reserved 1048576K
}
2019-01-31T15:16:27.953-0200: 22254.754: Total time for which application threads were stopped: 0.0052627 seconds, Stopping threads took: 0.0000378 seconds
{Heap before GC invocations=283 (full 1):
 par new generation   total 109248K, used 89425K [0x00000000e0000000, 0x00000000e8000000, 0x00000000e8000000)
  eden space 87424K, 100% used [0x00000000e0000000, 0x00000000e5560000, 0x00000000e5560000)
  from space 21824K,   9% used [0x00000000e6ab0000, 0x00000000e6ca4480, 0x00000000e8000000)
  to   space 21824K,   0% used [0x00000000e5560000, 0x00000000e5560000, 0x00000000e6ab0000)
 concurrent mark-sweep generation total 393216K, used 89548K [0x00000000e8000000, 0x0000000100000000, 0x0000000100000000)
 Metaspace       used 38817K, capacity 40274K, committed 40496K, reserved 1085440K
  class space    used 4558K, capacity 4871K, committed 4912K, reserved 1048576K
2019-01-31T15:16:28.031-0200: 22254.832: [GC (Allocation Failure) 2019-01-31T15:16:28.031-0200: 22254.832: [ParNew
Desired survivor size 20112992 bytes, new threshold 8 (max 8)
- age   1:     485536 bytes,     485536 total
- age   2:     311904 bytes,     797440 total
- age   3:     362368 bytes,    1159808 total
- age   4:     546008 bytes,    1705816 total
- age   8:     179384 bytes,    1885200 total
: 89425K->2068K(109248K), 0.0050845 secs] 178973K->91616K(502464K), 0.0051750 secs] [Times: user=0.06 sys=0.00, real=0.01 secs] 
Heap after GC invocations=284 (full 1):
 par new generation   total 109248K, used 2068K [0x00000000e0000000, 0x00000000e8000000, 0x00000000e8000000)
  eden space 87424K,   0% used [0x00000000e0000000, 0x00000000e0000000, 0x00000000e5560000)
  from space 21824K,   9% used [0x00000000e5560000, 0x00000000e5765258, 0x00000000e6ab0000)
  to   space 21824K,   0% used [0x00000000e6ab0000, 0x00000000e6ab0000, 0x00000000e8000000)
 concurrent mark-sweep generation total 393216K, used 89548K [0x00000000e8000000, 0x0000000100000000, 0x0000000100000000)
 Metaspace       used 38817K, capacity 40274K, committed 40496K, reserved 1085440K
  class space    used 4558K, capacity 4871K, committed 4912K, reserved 1048576K
}
2019-01-31T15:16:28.036-0200: 22254.837: Total time for which application threads were stopped: 0.0054372 seconds, Stopping threads took: 0.0000364 seconds
{Heap before GC invocations=284 (full 1):
 par new generation   total 109248K, used 89492K [0x00000000e0000000, 0x00000000e8000000, 0x00000000e8000000)
  eden space 87424K, 100% used [0x00000000e0000000, 0x00000000e5560000, 0x00000000e5560000)
  from space 21824K,   9% used [0x00000000e5560000, 0x00000000e5765258, 0x00000000e6ab0000)
  to   space 21824K,   0% used [0x00000000e6ab0000, 0x00000000e6ab0000, 0x00000000e8000000)
 concurrent mark-sweep generation total 393216K, used 89548K [0x00000000e8000000, 0x0000000100000000, 0x0000000100000000)
 Metaspace       used 38817K, capacity 40274K, committed 40496K, reserved 1085440K
  class space    used 4558K, capacity 4871K, committed 4912K, reserved 1048576K
2019-01-31T15:16:28.120-0200: 22254.921: [GC (Allocation Failure) 2019-01-31T15:16:28.120-0200: 22254.922: [ParNew
Desired survivor size 20112992 bytes, new threshold 8 (max 8)
- age   1:     462872 bytes,     462872 total
- age   2:     251360 bytes,     714232 total
- age   3:     310816 bytes,    1025048 total
- age   4:     362368 bytes,    1387416 total
- age   5:     545952 bytes,    1933368 total
: 89492K->2745K(109248K), 0.0041291 secs] 179040K->92470K(502464K), 0.0042219 secs] [Times: user=0.00 sys=0.00, real=0.01 secs] 
Heap after GC invocations=285 (full 1):
 par new generation   total 109248K, used 2745K [0x00000000e0000000, 0x00000000e8000000, 0x00000000e8000000)
  eden space 87424K,   0% used [0x00000000e0000000, 0x00000000e0000000, 0x00000000e5560000)
  from space 21824K,  12% used [0x00000000e6ab0000, 0x00000000e6d5e7c0, 0x00000000e8000000)
  to   space 21824K,   0% used [0x00000000e5560000, 0x00000000e5560000, 0x00000000e6ab0000)
 concurrent mark-sweep generation total 393216K, used 89724K [0x00000000e8000000, 0x0000000100000000, 0x0000000100000000)
 Metaspace       used 38817K, capacity 40274K, committed 40496K, reserved 1085440K
  class space    used 4558K, capacity 4871K, committed 4912K, reserved 1048576K
}
2019-01-31T15:16:28.125-0200: 22254.926: Total time for which application threads were stopped: 0.0044711 seconds, Stopping threads took: 0.0000392 seconds
2019-01-31T15:16:28.148-0200: 22254.949: Total time for which application threads were stopped: 0.0001194 seconds, Stopping threads took: 0.0000336 seconds
2019-01-31T15:16:28.150-0200: 22254.951: Total time for which application threads were stopped: 0.0001008 seconds, Stopping threads took: 0.0000247 seconds
2019-01-31T15:16:28.150-0200: 22254.951: Total time for which application threads were stopped: 0.0001917 seconds, Stopping threads took: 0.0000205 seconds
2019-01-31T15:16:28.443-0200: 22255.244: Total time for which application threads were stopped: 0.0001204 seconds, Stopping threads took: 0.0000345 seconds
2019-01-31T15:16:28.444-0200: 22255.244: Total time for which application threads were stopped: 0.0003214 seconds, Stopping threads took: 0.0000569 seconds
2019-01-31T15:16:28.444-0200: 22255.245: Total time for which application threads were stopped: 0.0000984 seconds, Stopping threads took: 0.0000429 seconds
2019-01-31T15:16:28.525-0200: 22255.326: Total time for which application threads were stopped: 0.0001222 seconds, Stopping threads took: 0.0000317 seconds
2019-01-31T15:16:28.552-0200: 22255.353: Total time for which application threads were stopped: 0.0001176 seconds, Stopping threads took: 0.0000341 seconds
2019-01-31T15:16:28.552-0200: 22255.353: Total time for which application threads were stopped: 0.0000714 seconds, Stopping threads took: 0.0000215 seconds
2019-01-31T15:16:28.553-0200: 22255.353: Total time for which application threads were stopped: 0.0001031 seconds, Stopping threads took: 0.0000471 seconds
2019-01-31T15:16:28.553-0200: 22255.354: Total time for which application threads were stopped: 0.0000672 seconds, Stopping threads took: 0.0000187 seconds
{Heap before GC invocations=285 (full 1):
 par new generation   total 109248K, used 90169K [0x00000000e0000000, 0x00000000e8000000, 0x00000000e8000000)
  eden space 87424K, 100% used [0x00000000e0000000, 0x00000000e5560000, 0x00000000e5560000)
  from space 21824K,  12% used [0x00000000e6ab0000, 0x00000000e6d5e7c0, 0x00000000e8000000)
  to   space 21824K,   0% used [0x00000000e5560000, 0x00000000e5560000, 0x00000000e6ab0000)
 concurrent mark-sweep generation total 393216K, used 89724K [0x00000000e8000000, 0x0000000100000000, 0x0000000100000000)
 Metaspace       used 38819K, capacity 40274K, committed 40496K, reserved 1085440K
  class space    used 4558K, capacity 4871K, committed 4912K, reserved 1048576K
2019-01-31T15:16:28.655-0200: 22255.455: [GC (Allocation Failure) 2019-01-31T15:16:28.655-0200: 22255.455: [ParNew
Desired survivor size 20112992 bytes, new threshold 8 (max 8)
- age   1:     900448 bytes,     900448 total
- age   5:         80 bytes,     900528 total
- age   6:     182368 bytes,    1082896 total
: 90169K->1561K(109248K), 0.0039490 secs] 179894K->91286K(502464K), 0.0040381 secs] [Times: user=0.02 sys=0.00, real=0.00 secs] 
Heap after GC invocations=286 (full 1):
 par new generation   total 109248K, used 1561K [0x00000000e0000000, 0x00000000e8000000, 0x00000000e8000000)
  eden space 87424K,   0% used [0x00000000e0000000, 0x00000000e0000000, 0x00000000e5560000)
  from space 21824K,   7% used [0x00000000e5560000, 0x00000000e56e6780, 0x00000000e6ab0000)
  to   space 21824K,   0% used [0x00000000e6ab0000, 0x00000000e6ab0000, 0x00000000e8000000)
 concurrent mark-sweep generation total 393216K, used 89724K [0x00000000e8000000, 0x0000000100000000, 0x0000000100000000)
 Metaspace       used 38819K, capacity 40274K, committed 40496K, reserved 1085440K
  class space    used 4558K, capacity 4871K, committed 4912K, reserved 1048576K
}
2019-01-31T15:16:28.659-0200: 22255.460: Total time for which application threads were stopped: 0.0042868 seconds, Stopping threads took: 0.0000313 seconds
{Heap before GC invocations=286 (full 1):
 par new generation   total 109248K, used 88985K [0x00000000e0000000, 0x00000000e8000000, 0x00000000e8000000)
  eden space 87424K, 100% used [0x00000000e0000000, 0x00000000e5560000, 0x00000000e5560000)
  from space 21824K,   7% used [0x00000000e5560000, 0x00000000e56e6780, 0x00000000e6ab0000)
  to   space 21824K,   0% used [0x00000000e6ab0000, 0x00000000e6ab0000, 0x00000000e8000000)
 concurrent mark-sweep generation total 393216K, used 89724K [0x00000000e8000000, 0x0000000100000000, 0x0000000100000000)
 Metaspace       used 38819K, capacity 40274K, committed 40496K, reserved 1085440K
  class space    used 4558K, capacity 4871K, committed 4912K, reserved 1048576K
2019-01-31T15:16:28.751-0200: 22255.552: [GC (Allocation Failure) 2019-01-31T15:16:28.751-0200: 22255.552: [ParNew
Desired survivor size 20112992 bytes, new threshold 8 (max 8)
- age   1:     602400 bytes,     602400 total
- age   2:     687648 bytes,    1290048 total
- age   6:         80 bytes,    1290128 total
- age   7:     181456 bytes,    1471584 total
: 88985K->1554K(109248K), 0.0047836 secs] 178710K->91278K(502464K), 0.0048741 secs] [Times: user=0.06 sys=0.00, real=0.01 secs] 
Heap after GC invocations=287 (full 1):
 par new generation   total 109248K, used 1554K [0x00000000e0000000, 0x00000000e8000000, 0x00000000e8000000)
  eden space 87424K,   0% used [0x00000000e0000000, 0x00000000e0000000, 0x00000000e5560000)
  from space 21824K,   7% used [0x00000000e6ab0000, 0x00000000e6c34898, 0x00000000e8000000)
  to   space 21824K,   0% used [0x00000000e5560000, 0x00000000e5560000, 0x00000000e6ab0000)
 concurrent mark-sweep generation total 393216K, used 89724K [0x00000000e8000000, 0x0000000100000000, 0x0000000100000000)
 Metaspace       used 38819K, capacity 40274K, committed 40496K, reserved 1085440K
  class space    used 4558K, capacity 4871K, committed 4912K, reserved 1048576K
}
2019-01-31T15:16:28.756-0200: 22255.557: Total time for which application threads were stopped: 0.0051209 seconds, Stopping threads took: 0.0000364 seconds
{Heap before GC invocations=287 (full 1):
 par new generation   total 109248K, used 88978K [0x00000000e0000000, 0x00000000e8000000, 0x00000000e8000000)
  eden space 87424K, 100% used [0x00000000e0000000, 0x00000000e5560000, 0x00000000e5560000)
  from space 21824K,   7% used [0x00000000e6ab0000, 0x00000000e6c34898, 0x00000000e8000000)
  to   space 21824K,   0% used [0x00000000e5560000, 0x00000000e5560000, 0x00000000e6ab0000)
 concurrent mark-sweep generation total 393216K, used 89724K [0x00000000e8000000, 0x0000000100000000, 0x0000000100000000)
 Metaspace       used 38819K, capacity 40274K, committed 40496K, reserved 1085440K
  class space    used 4558K, capacity 4871K, committed 4912K, reserved 1048576K
2019-01-31T15:16:28.836-0200: 22255.637: [GC (Allocation Failure) 2019-01-31T15:16:28.836-0200: 22255.637: [ParNew
Desired survivor size 20112992 bytes, new threshold 8 (max 8)
- age   1:     459808 bytes,     459808 total
- age   2:     419352 bytes,     879160 total
- age   3:     687376 bytes,    1566536 total
- age   7:         80 bytes,    1566616 total
- age   8:     181456 bytes,    1748072 total
: 88978K->1903K(109248K), 0.0050355 secs] 178702K->91627K(502464K), 0.0051204 secs] [Times: user=0.00 sys=0.00, real=0.01 secs] 
Heap after GC invocations=288 (full 1):
 par new generation   total 109248K, used 1903K [0x00000000e0000000, 0x00000000e8000000, 0x00000000e8000000)
  eden space 87424K,   0% used [0x00000000e0000000, 0x00000000e0000000, 0x00000000e5560000)
  from space 21824K,   8% used [0x00000000e5560000, 0x00000000e573bde0, 0x00000000e6ab0000)
  to   space 21824K,   0% used [0x00000000e6ab0000, 0x00000000e6ab0000, 0x00000000e8000000)
 concurrent mark-sweep generation total 393216K, used 89724K [0x00000000e8000000, 0x0000000100000000, 0x0000000100000000)
 Metaspace       used 38819K, capacity 40274K, committed 40496K, reserved 1085440K
  class space    used 4558K, capacity 4871K, committed 4912K, reserved 1048576K
}
2019-01-31T15:16:28.842-0200: 22255.642: Total time for which application threads were stopped: 0.0053677 seconds, Stopping threads took: 0.0000303 seconds
{Heap before GC invocations=288 (full 1):
 par new generation   total 109248K, used 89327K [0x00000000e0000000, 0x00000000e8000000, 0x00000000e8000000)
  eden space 87424K, 100% used [0x00000000e0000000, 0x00000000e5560000, 0x00000000e5560000)
  from space 21824K,   8% used [0x00000000e5560000, 0x00000000e573bde0, 0x00000000e6ab0000)
  to   space 21824K,   0% used [0x00000000e6ab0000, 0x00000000e6ab0000, 0x00000000e8000000)
 concurrent mark-sweep generation total 393216K, used 89724K [0x00000000e8000000, 0x0000000100000000, 0x0000000100000000)
 Metaspace       used 38819K, capacity 40274K, committed 40496K, reserved 1085440K
  class space    used 4558K, capacity 4871K, committed 4912K, reserved 1048576K
2019-01-31T15:16:28.946-0200: 22255.747: [GC (Allocation Failure) 2019-01-31T15:16:28.946-0200: 22255.747: [ParNew
Desired survivor size 20112992 bytes, new threshold 8 (max 8)
- age   1:     517048 bytes,     517048 total
- age   2:     199240 bytes,     716288 total
- age   3:     418264 bytes,    1134552 total
- age   4:     687320 bytes,    1821872 total
- age   8:         80 bytes,    1821952 total
: 89327K->2430K(109248K), 0.0038301 secs] 179051K->92333K(502464K), 0.0039010 secs] [Times: user=0.00 sys=0.00, real=0.00 secs] 
Heap after GC invocations=289 (full 1):
 par new generation   total 109248K, used 2430K [0x00000000e0000000, 0x00000000e8000000, 0x00000000e8000000)
  eden space 87424K,   0% used [0x00000000e0000000, 0x00000000e0000000, 0x00000000e5560000)
  from space 21824K,  11% used [0x00000000e6ab0000, 0x00000000e6d0f900, 0x00000000e8000000)
  to   space 21824K,   0% used [0x00000000e5560000, 0x00000000e5560000, 0x00000000e6ab0000)
 concurrent mark-sweep generation total 393216K, used 89902K [0x00000000e8000000, 0x0000000100000000, 0x0000000100000000)
 Metaspace       used 38819K, capacity 40274K, committed 40496K, reserved 1085440K
  class space    used 4558K, capacity 4871K, committed 4912K, reserved 1048576K
}
2019-01-31T15:16:28.950-0200: 22255.751: Total time for which application threads were stopped: 0.0041627 seconds, Stopping threads took: 0.0000345 seconds
2019-01-31T15:16:29.001-0200: 22255.802: Total time for which application threads were stopped: 0.0001143 seconds, Stopping threads took: 0.0000266 seconds
2019-01-31T15:16:29.003-0200: 22255.804: Total time for which application threads were stopped: 0.0001955 seconds, Stopping threads took: 0.0000308 seconds
2019-01-31T15:16:29.003-0200: 22255.804: Total time for which application threads were stopped: 0.0001521 seconds, Stopping threads took: 0.0000313 seconds
2019-01-31T15:16:29.164-0200: 22255.965: Total time for which application threads were stopped: 0.0001204 seconds, Stopping threads took: 0.0000345 seconds
2019-01-31T15:16:29.164-0200: 22255.965: Total time for which application threads were stopped: 0.0000900 seconds, Stopping threads took: 0.0000392 seconds
2019-01-31T15:16:29.164-0200: 22255.965: Total time for which application threads were stopped: 0.0000718 seconds, Stopping threads took: 0.0000252 seconds
2019-01-31T15:16:29.191-0200: 22255.991: Total time for which application threads were stopped: 0.0001204 seconds, Stopping threads took: 0.0000327 seconds
2019-01-31T15:16:29.217-0200: 22256.017: Total time for which application threads were stopped: 0.0002057 seconds, Stopping threads took: 0.0001171 seconds
2019-01-31T15:16:29.217-0200: 22256.018: Total time for which application threads were stopped: 0.0001488 seconds, Stopping threads took: 0.0000989 seconds
2019-01-31T15:16:29.217-0200: 22256.018: Total time for which application threads were stopped: 0.0001068 seconds, Stopping threads took: 0.0000602 seconds
2019-01-31T15:16:29.218-0200: 22256.019: Total time for which application threads were stopped: 0.0001255 seconds, Stopping threads took: 0.0000648 seconds
2019-01-31T15:16:29.277-0200: 22256.078: Total time for which application threads were stopped: 0.0002351 seconds, Stopping threads took: 0.0000816 seconds
{Heap before GC invocations=289 (full 1):
 par new generation   total 109248K, used 89519K [0x00000000e0000000, 0x00000000e8000000, 0x00000000e8000000)
  eden space 87424K,  99% used [0x00000000e0000000, 0x00000000e550c650, 0x00000000e5560000)
  from space 21824K,  11% used [0x00000000e6ab0000, 0x00000000e6d0f900, 0x00000000e8000000)
  to   space 21824K,   0% used [0x00000000e5560000, 0x00000000e5560000, 0x00000000e6ab0000)
 concurrent mark-sweep generation total 393216K, used 89902K [0x00000000e8000000, 0x0000000100000000, 0x0000000100000000)
 Metaspace       used 38824K, capacity 40274K, committed 40496K, reserved 1085440K
  class space    used 4558K, capacity 4871K, committed 4912K, reserved 1048576K
2019-01-31T15:16:29.278-0200: 22256.079: [GC (Allocation Failure) 2019-01-31T15:16:29.278-0200: 22256.079: [ParNew
Desired survivor size 20112992 bytes, new threshold 8 (max 8)
- age   1:    1140984 bytes,    1140984 total
- age   5:     178280 bytes,    1319264 total
: 89519K->1610K(109248K), 0.0044883 secs] 179422K->91513K(502464K), 0.0045690 secs] [Times: user=0.00 sys=0.00, real=0.00 secs] 
Heap after GC invocations=290 (full 1):
 par new generation   total 109248K, used 1610K [0x00000000e0000000, 0x00000000e8000000, 0x00000000e8000000)
  eden space 87424K,   0% used [0x00000000e0000000, 0x00000000e0000000, 0x00000000e5560000)
  from space 21824K,   7% used [0x00000000e5560000, 0x00000000e56f28d8, 0x00000000e6ab0000)
  to   space 21824K,   0% used [0x00000000e6ab0000, 0x00000000e6ab0000, 0x00000000e8000000)
 concurrent mark-sweep generation total 393216K, used 89903K [0x00000000e8000000, 0x0000000100000000, 0x0000000100000000)
 Metaspace       used 38824K, capacity 40274K, committed 40496K, reserved 1085440K
  class space    used 4558K, capacity 4871K, committed 4912K, reserved 1048576K
}
2019-01-31T15:16:29.283-0200: 22256.084: Total time for which application threads were stopped: 0.0047869 seconds, Stopping threads took: 0.0000313 seconds
2019-01-31T15:16:29.283-0200: 22256.084: Total time for which application threads were stopped: 0.0001017 seconds, Stopping threads took: 0.0000280 seconds
2019-01-31T15:16:29.283-0200: 22256.084: Total time for which application threads were stopped: 0.0000877 seconds, Stopping threads took: 0.0000434 seconds
2019-01-31T15:16:29.436-0200: 22256.237: Total time for which application threads were stopped: 0.0001633 seconds, Stopping threads took: 0.0000742 seconds
2019-01-31T15:16:29.436-0200: 22256.237: Total time for which application threads were stopped: 0.0001124 seconds, Stopping threads took: 0.0000471 seconds
2019-01-31T15:16:29.436-0200: 22256.237: Total time for which application threads were stopped: 0.0001040 seconds, Stopping threads took: 0.0000224 seconds
2019-01-31T15:17:11.881-0200: 22298.683: Total time for which application threads were stopped: 0.0001190 seconds, Stopping threads took: 0.0000355 seconds
2019-01-31T15:17:11.883-0200: 22298.684: Total time for which application threads were stopped: 0.0001367 seconds, Stopping threads took: 0.0000313 seconds
{Heap before GC invocations=290 (full 1):
 par new generation   total 109248K, used 89034K [0x00000000e0000000, 0x00000000e8000000, 0x00000000e8000000)
  eden space 87424K, 100% used [0x00000000e0000000, 0x00000000e5560000, 0x00000000e5560000)
  from space 21824K,   7% used [0x00000000e5560000, 0x00000000e56f28d8, 0x00000000e6ab0000)
  to   space 21824K,   0% used [0x00000000e6ab0000, 0x00000000e6ab0000, 0x00000000e8000000)
 concurrent mark-sweep generation total 393216K, used 89903K [0x00000000e8000000, 0x0000000100000000, 0x0000000100000000)
 Metaspace       used 38836K, capacity 40274K, committed 40496K, reserved 1085440K
  class space    used 4558K, capacity 4871K, committed 4912K, reserved 1048576K
2019-01-31T15:17:11.961-0200: 22298.762: [GC (Allocation Failure) 2019-01-31T15:17:11.961-0200: 22298.762: [ParNew
Desired survivor size 20112992 bytes, new threshold 8 (max 8)
- age   1:    2503968 bytes,    2503968 total
- age   2:     180888 bytes,    2684856 total
- age   6:     176976 bytes,    2861832 total
: 89034K->2887K(109248K), 0.0046511 secs] 178937K->92790K(502464K), 0.0047617 secs] [Times: user=0.00 sys=0.00, real=0.00 secs] 
Heap after GC invocations=291 (full 1):
 par new generation   total 109248K, used 2887K [0x00000000e0000000, 0x00000000e8000000, 0x00000000e8000000)
  eden space 87424K,   0% used [0x00000000e0000000, 0x00000000e0000000, 0x00000000e5560000)
  from space 21824K,  13% used [0x00000000e6ab0000, 0x00000000e6d81df0, 0x00000000e8000000)
  to   space 21824K,   0% used [0x00000000e5560000, 0x00000000e5560000, 0x00000000e6ab0000)
 concurrent mark-sweep generation total 393216K, used 89903K [0x00000000e8000000, 0x0000000100000000, 0x0000000100000000)
 Metaspace       used 38836K, capacity 40274K, committed 40496K, reserved 1085440K
  class space    used 4558K, capacity 4871K, committed 4912K, reserved 1048576K
}
2019-01-31T15:17:11.965-0200: 22298.767: Total time for which application threads were stopped: 0.0050197 seconds, Stopping threads took: 0.0000350 seconds
2019-01-31T15:17:56.713-0200: 22343.514: Total time for which application threads were stopped: 0.0001442 seconds, Stopping threads took: 0.0000429 seconds
2019-01-31T15:17:56.713-0200: 22343.514: Total time for which application threads were stopped: 0.0000872 seconds, Stopping threads took: 0.0000261 seconds
{Heap before GC invocations=291 (full 1):
 par new generation   total 109248K, used 90311K [0x00000000e0000000, 0x00000000e8000000, 0x00000000e8000000)
  eden space 87424K, 100% used [0x00000000e0000000, 0x00000000e5560000, 0x00000000e5560000)
  from space 21824K,  13% used [0x00000000e6ab0000, 0x00000000e6d81df0, 0x00000000e8000000)
  to   space 21824K,   0% used [0x00000000e5560000, 0x00000000e5560000, 0x00000000e6ab0000)
 concurrent mark-sweep generation total 393216K, used 89903K [0x00000000e8000000, 0x0000000100000000, 0x0000000100000000)
 Metaspace       used 38837K, capacity 40274K, committed 40496K, reserved 1085440K
  class space    used 4558K, capacity 4871K, committed 4912K, reserved 1048576K
2019-01-31T15:17:56.757-0200: 22343.558: [GC (Allocation Failure) 2019-01-31T15:17:56.757-0200: 22343.559: [ParNew
Desired survivor size 20112992 bytes, new threshold 8 (max 8)
- age   1:     286168 bytes,     286168 total
- age   2:    2056792 bytes,    2342960 total
- age   3:     179712 bytes,    2522672 total
- age   7:     176976 bytes,    2699648 total
: 90311K->2851K(109248K), 0.0044981 secs] 180214K->92754K(502464K), 0.0046950 secs] [Times: user=0.00 sys=0.00, real=0.01 secs] 
Heap after GC invocations=292 (full 1):
 par new generation   total 109248K, used 2851K [0x00000000e0000000, 0x00000000e8000000, 0x00000000e8000000)
  eden space 87424K,   0% used [0x00000000e0000000, 0x00000000e0000000, 0x00000000e5560000)
  from space 21824K,  13% used [0x00000000e5560000, 0x00000000e5828c90, 0x00000000e6ab0000)
  to   space 21824K,   0% used [0x00000000e6ab0000, 0x00000000e6ab0000, 0x00000000e8000000)
 concurrent mark-sweep generation total 393216K, used 89903K [0x00000000e8000000, 0x0000000100000000, 0x0000000100000000)
 Metaspace       used 38837K, capacity 40274K, committed 40496K, reserved 1085440K
  class space    used 4558K, capacity 4871K, committed 4912K, reserved 1048576K
}
2019-01-31T15:17:56.762-0200: 22343.563: Total time for which application threads were stopped: 0.0049408 seconds, Stopping threads took: 0.0000364 seconds
2019-01-31T15:22:03.638-0200: 22590.439: Total time for which application threads were stopped: 0.0001521 seconds, Stopping threads took: 0.0000420 seconds
2019-01-31T15:22:03.639-0200: 22590.440: Total time for which application threads were stopped: 0.0000844 seconds, Stopping threads took: 0.0000201 seconds
2019-01-31T15:22:03.683-0200: 22590.484: Total time for which application threads were stopped: 0.0001400 seconds, Stopping threads took: 0.0000350 seconds
2019-01-31T15:22:03.684-0200: 22590.485: Total time for which application threads were stopped: 0.0001073 seconds, Stopping threads took: 0.0000429 seconds
2019-01-31T15:22:03.684-0200: 22590.485: Total time for which application threads were stopped: 0.0001316 seconds, Stopping threads took: 0.0000770 seconds
2019-01-31T15:22:03.685-0200: 22590.486: Total time for which application threads were stopped: 0.0000807 seconds, Stopping threads took: 0.0000210 seconds
2019-01-31T15:22:03.685-0200: 22590.486: Total time for which application threads were stopped: 0.0000718 seconds, Stopping threads took: 0.0000201 seconds
2019-01-31T15:22:03.685-0200: 22590.486: Total time for which application threads were stopped: 0.0000644 seconds, Stopping threads took: 0.0000168 seconds
{Heap before GC invocations=292 (full 1):
 par new generation   total 109248K, used 90275K [0x00000000e0000000, 0x00000000e8000000, 0x00000000e8000000)
  eden space 87424K, 100% used [0x00000000e0000000, 0x00000000e5560000, 0x00000000e5560000)
  from space 21824K,  13% used [0x00000000e5560000, 0x00000000e5828c90, 0x00000000e6ab0000)
  to   space 21824K,   0% used [0x00000000e6ab0000, 0x00000000e6ab0000, 0x00000000e8000000)
 concurrent mark-sweep generation total 393216K, used 89903K [0x00000000e8000000, 0x0000000100000000, 0x0000000100000000)
 Metaspace       used 38838K, capacity 40274K, committed 40496K, reserved 1085440K
  class space    used 4558K, capacity 4871K, committed 4912K, reserved 1048576K
2019-01-31T15:22:03.847-0200: 22590.647: [GC (Allocation Failure) 2019-01-31T15:22:03.847-0200: 22590.648: [ParNew
Desired survivor size 20112992 bytes, new threshold 8 (max 8)
- age   1:     486904 bytes,     486904 total
- age   2:       1184 bytes,     488088 total
- age   3:    2056072 bytes,    2544160 total
- age   4:     179416 bytes,    2723576 total
- age   8:     176728 bytes,    2900304 total
: 90275K->3107K(109248K), 0.0058963 secs] 180178K->93010K(502464K), 0.0060465 secs] [Times: user=0.00 sys=0.00, real=0.01 secs] 
Heap after GC invocations=293 (full 1):
 par new generation   total 109248K, used 3107K [0x00000000e0000000, 0x00000000e8000000, 0x00000000e8000000)
  eden space 87424K,   0% used [0x00000000e0000000, 0x00000000e0000000, 0x00000000e5560000)
  from space 21824K,  14% used [0x00000000e6ab0000, 0x00000000e6db8d50, 0x00000000e8000000)
  to   space 21824K,   0% used [0x00000000e5560000, 0x00000000e5560000, 0x00000000e6ab0000)
 concurrent mark-sweep generation total 393216K, used 89903K [0x00000000e8000000, 0x0000000100000000, 0x0000000100000000)
 Metaspace       used 38838K, capacity 40274K, committed 40496K, reserved 1085440K
  class space    used 4558K, capacity 4871K, committed 4912K, reserved 1048576K
}
2019-01-31T15:22:03.853-0200: 22590.654: Total time for which application threads were stopped: 0.0063072 seconds, Stopping threads took: 0.0000336 seconds
{Heap before GC invocations=293 (full 1):
 par new generation   total 109248K, used 90531K [0x00000000e0000000, 0x00000000e8000000, 0x00000000e8000000)
  eden space 87424K, 100% used [0x00000000e0000000, 0x00000000e5560000, 0x00000000e5560000)
  from space 21824K,  14% used [0x00000000e6ab0000, 0x00000000e6db8d50, 0x00000000e8000000)
  to   space 21824K,   0% used [0x00000000e5560000, 0x00000000e5560000, 0x00000000e6ab0000)
 concurrent mark-sweep generation total 393216K, used 89903K [0x00000000e8000000, 0x0000000100000000, 0x0000000100000000)
 Metaspace       used 38838K, capacity 40274K, committed 40496K, reserved 1085440K
  class space    used 4558K, capacity 4871K, committed 4912K, reserved 1048576K
2019-01-31T15:22:03.966-0200: 22590.767: [GC (Allocation Failure) 2019-01-31T15:22:03.966-0200: 22590.767: [ParNew
Desired survivor size 20112992 bytes, new threshold 8 (max 8)
- age   1:     692800 bytes,     692800 total
- age   2:     313736 bytes,    1006536 total
- age   3:       1184 bytes,    1007720 total
- age   4:    2056072 bytes,    3063792 total
- age   5:     179376 bytes,    3243168 total
: 90531K->3348K(109248K), 0.0048312 secs] 180434K->93425K(502464K), 0.0049180 secs] [Times: user=0.03 sys=0.00, real=0.00 secs] 
Heap after GC invocations=294 (full 1):
 par new generation   total 109248K, used 3348K [0x00000000e0000000, 0x00000000e8000000, 0x00000000e8000000)
  eden space 87424K,   0% used [0x00000000e0000000, 0x00000000e0000000, 0x00000000e5560000)
  from space 21824K,  15% used [0x00000000e5560000, 0x00000000e58a5358, 0x00000000e6ab0000)
  to   space 21824K,   0% used [0x00000000e6ab0000, 0x00000000e6ab0000, 0x00000000e8000000)
 concurrent mark-sweep generation total 393216K, used 90076K [0x00000000e8000000, 0x0000000100000000, 0x0000000100000000)
 Metaspace       used 38838K, capacity 40274K, committed 40496K, reserved 1085440K
  class space    used 4558K, capacity 4871K, committed 4912K, reserved 1048576K
}
2019-01-31T15:22:03.971-0200: 22590.772: Total time for which application threads were stopped: 0.0051755 seconds, Stopping threads took: 0.0000350 seconds
{Heap before GC invocations=294 (full 1):
 par new generation   total 109248K, used 90772K [0x00000000e0000000, 0x00000000e8000000, 0x00000000e8000000)
  eden space 87424K, 100% used [0x00000000e0000000, 0x00000000e5560000, 0x00000000e5560000)
  from space 21824K,  15% used [0x00000000e5560000, 0x00000000e58a5358, 0x00000000e6ab0000)
  to   space 21824K,   0% used [0x00000000e6ab0000, 0x00000000e6ab0000, 0x00000000e8000000)
 concurrent mark-sweep generation total 393216K, used 90076K [0x00000000e8000000, 0x0000000100000000, 0x0000000100000000)
 Metaspace       used 38838K, capacity 40274K, committed 40496K, reserved 1085440K
  class space    used 4558K, capacity 4871K, committed 4912K, reserved 1048576K
2019-01-31T15:22:04.080-0200: 22590.881: [GC (Allocation Failure) 2019-01-31T15:22:04.080-0200: 22590.881: [ParNew
Desired survivor size 20112992 bytes, new threshold 8 (max 8)
- age   1:     640376 bytes,     640376 total
- age   2:     442288 bytes,    1082664 total
- age   3:     313576 bytes,    1396240 total
- age   4:       1184 bytes,    1397424 total
- age   5:    2056072 bytes,    3453496 total
- age   6:     179376 bytes,    3632872 total
: 90772K->4048K(109248K), 0.0046362 secs] 180849K->94125K(502464K), 0.0048172 secs] [Times: user=0.00 sys=0.00, real=0.01 secs] 
Heap after GC invocations=295 (full 1):
 par new generation   total 109248K, used 4048K [0x00000000e0000000, 0x00000000e8000000, 0x00000000e8000000)
  eden space 87424K,   0% used [0x00000000e0000000, 0x00000000e0000000, 0x00000000e5560000)
  from space 21824K,  18% used [0x00000000e6ab0000, 0x00000000e6ea4320, 0x00000000e8000000)
  to   space 21824K,   0% used [0x00000000e5560000, 0x00000000e5560000, 0x00000000e6ab0000)
 concurrent mark-sweep generation total 393216K, used 90076K [0x00000000e8000000, 0x0000000100000000, 0x0000000100000000)
 Metaspace       used 38838K, capacity 40274K, committed 40496K, reserved 1085440K
  class space    used 4558K, capacity 4871K, committed 4912K, reserved 1048576K
}
2019-01-31T15:22:04.085-0200: 22590.886: Total time for which application threads were stopped: 0.0050850 seconds, Stopping threads took: 0.0000383 seconds
{Heap before GC invocations=295 (full 1):
 par new generation   total 109248K, used 91472K [0x00000000e0000000, 0x00000000e8000000, 0x00000000e8000000)
  eden space 87424K, 100% used [0x00000000e0000000, 0x00000000e5560000, 0x00000000e5560000)
  from space 21824K,  18% used [0x00000000e6ab0000, 0x00000000e6ea4320, 0x00000000e8000000)
  to   space 21824K,   0% used [0x00000000e5560000, 0x00000000e5560000, 0x00000000e6ab0000)
 concurrent mark-sweep generation total 393216K, used 90076K [0x00000000e8000000, 0x0000000100000000, 0x0000000100000000)
 Metaspace       used 38838K, capacity 40274K, committed 40496K, reserved 1085440K
  class space    used 4558K, capacity 4871K, committed 4912K, reserved 1048576K
2019-01-31T15:22:04.161-0200: 22590.961: [GC (Allocation Failure) 2019-01-31T15:22:04.161-0200: 22590.961: [ParNew
Desired survivor size 20112992 bytes, new threshold 8 (max 8)
- age   1:     662592 bytes,     662592 total
- age   2:     364280 bytes,    1026872 total
- age   3:     370432 bytes,    1397304 total
- age   4:     313576 bytes,    1710880 total
- age   5:       1184 bytes,    1712064 total
- age   6:    2056072 bytes,    3768136 total
- age   7:     179376 bytes,    3947512 total
: 91472K->4878K(109248K), 0.0039682 secs] 181549K->94955K(502464K), 0.0040545 secs] [Times: user=0.00 sys=0.00, real=0.00 secs] 
Heap after GC invocations=296 (full 1):
 par new generation   total 109248K, used 4878K [0x00000000e0000000, 0x00000000e8000000, 0x00000000e8000000)
  eden space 87424K,   0% used [0x00000000e0000000, 0x00000000e0000000, 0x00000000e5560000)
  from space 21824K,  22% used [0x00000000e5560000, 0x00000000e5a23bf8, 0x00000000e6ab0000)
  to   space 21824K,   0% used [0x00000000e6ab0000, 0x00000000e6ab0000, 0x00000000e8000000)
 concurrent mark-sweep generation total 393216K, used 90076K [0x00000000e8000000, 0x0000000100000000, 0x0000000100000000)
 Metaspace       used 38838K, capacity 40274K, committed 40496K, reserved 1085440K
  class space    used 4558K, capacity 4871K, committed 4912K, reserved 1048576K
}
2019-01-31T15:22:04.165-0200: 22590.965: Total time for which application threads were stopped: 0.0043026 seconds, Stopping threads took: 0.0000345 seconds
{Heap before GC invocations=296 (full 1):
 par new generation   total 109248K, used 92302K [0x00000000e0000000, 0x00000000e8000000, 0x00000000e8000000)
  eden space 87424K, 100% used [0x00000000e0000000, 0x00000000e5560000, 0x00000000e5560000)
  from space 21824K,  22% used [0x00000000e5560000, 0x00000000e5a23bf8, 0x00000000e6ab0000)
  to   space 21824K,   0% used [0x00000000e6ab0000, 0x00000000e6ab0000, 0x00000000e8000000)
 concurrent mark-sweep generation total 393216K, used 90076K [0x00000000e8000000, 0x0000000100000000, 0x0000000100000000)
 Metaspace       used 38838K, capacity 40274K, committed 40496K, reserved 1085440K
  class space    used 4558K, capacity 4871K, committed 4912K, reserved 1048576K
2019-01-31T15:22:04.243-0200: 22591.044: [GC (Allocation Failure) 2019-01-31T15:22:04.243-0200: 22591.044: [ParNew
Desired survivor size 20112992 bytes, new threshold 8 (max 8)
- age   1:     835392 bytes,     835392 total
- age   2:     277472 bytes,    1112864 total
- age   3:     297336 bytes,    1410200 total
- age   4:     370352 bytes,    1780552 total
- age   5:     313520 bytes,    2094072 total
- age   6:       1184 bytes,    2095256 total
- age   7:    2056072 bytes,    4151328 total
- age   8:     179376 bytes,    4330704 total
: 92302K->5264K(109248K), 0.0039290 secs] 182379K->95340K(502464K), 0.0041016 secs] [Times: user=0.00 sys=0.00, real=0.00 secs] 
Heap after GC invocations=297 (full 1):
 par new generation   total 109248K, used 5264K [0x00000000e0000000, 0x00000000e8000000, 0x00000000e8000000)
  eden space 87424K,   0% used [0x00000000e0000000, 0x00000000e0000000, 0x00000000e5560000)
  from space 21824K,  24% used [0x00000000e6ab0000, 0x00000000e6fd4050, 0x00000000e8000000)
  to   space 21824K,   0% used [0x00000000e5560000, 0x00000000e5560000, 0x00000000e6ab0000)
 concurrent mark-sweep generation total 393216K, used 90076K [0x00000000e8000000, 0x0000000100000000, 0x0000000100000000)
 Metaspace       used 38838K, capacity 40274K, committed 40496K, reserved 1085440K
  class space    used 4558K, capacity 4871K, committed 4912K, reserved 1048576K
}
2019-01-31T15:22:04.247-0200: 22591.048: Total time for which application threads were stopped: 0.0043535 seconds, Stopping threads took: 0.0000355 seconds
{Heap before GC invocations=297 (full 1):
 par new generation   total 109248K, used 92688K [0x00000000e0000000, 0x00000000e8000000, 0x00000000e8000000)
  eden space 87424K, 100% used [0x00000000e0000000, 0x00000000e5560000, 0x00000000e5560000)
  from space 21824K,  24% used [0x00000000e6ab0000, 0x00000000e6fd4050, 0x00000000e8000000)
  to   space 21824K,   0% used [0x00000000e5560000, 0x00000000e5560000, 0x00000000e6ab0000)
 concurrent mark-sweep generation total 393216K, used 90076K [0x00000000e8000000, 0x0000000100000000, 0x0000000100000000)
 Metaspace       used 38838K, capacity 40274K, committed 40496K, reserved 1085440K
  class space    used 4558K, capacity 4871K, committed 4912K, reserved 1048576K
2019-01-31T15:22:04.326-0200: 22591.127: [GC (Allocation Failure) 2019-01-31T15:22:04.326-0200: 22591.127: [ParNew
Desired survivor size 20112992 bytes, new threshold 8 (max 8)
- age   1:     592272 bytes,     592272 total
- age   2:     443040 bytes,    1035312 total
- age   3:     277472 bytes,    1312784 total
- age   4:     297336 bytes,    1610120 total
- age   5:     370352 bytes,    1980472 total
- age   6:     313328 bytes,    2293800 total
- age   7:       1184 bytes,    2294984 total
- age   8:    2056072 bytes,    4351056 total
: 92688K->6182K(109248K), 0.0051120 secs] 182764K->96435K(502464K), 0.0052025 secs] [Times: user=0.06 sys=0.00, real=0.01 secs] 
Heap after GC invocations=298 (full 1):
 par new generation   total 109248K, used 6182K [0x00000000e0000000, 0x00000000e8000000, 0x00000000e8000000)
  eden space 87424K,   0% used [0x00000000e0000000, 0x00000000e0000000, 0x00000000e5560000)
  from space 21824K,  28% used [0x00000000e5560000, 0x00000000e5b699d0, 0x00000000e6ab0000)
  to   space 21824K,   0% used [0x00000000e6ab0000, 0x00000000e6ab0000, 0x00000000e8000000)
 concurrent mark-sweep generation total 393216K, used 90253K [0x00000000e8000000, 0x0000000100000000, 0x0000000100000000)
 Metaspace       used 38838K, capacity 40274K, committed 40496K, reserved 1085440K
  class space    used 4558K, capacity 4871K, committed 4912K, reserved 1048576K
}
2019-01-31T15:22:04.331-0200: 22591.132: Total time for which application threads were stopped: 0.0054582 seconds, Stopping threads took: 0.0000341 seconds
{Heap before GC invocations=298 (full 1):
 par new generation   total 109248K, used 93606K [0x00000000e0000000, 0x00000000e8000000, 0x00000000e8000000)
  eden space 87424K, 100% used [0x00000000e0000000, 0x00000000e5560000, 0x00000000e5560000)
  from space 21824K,  28% used [0x00000000e5560000, 0x00000000e5b699d0, 0x00000000e6ab0000)
  to   space 21824K,   0% used [0x00000000e6ab0000, 0x00000000e6ab0000, 0x00000000e8000000)
 concurrent mark-sweep generation total 393216K, used 90253K [0x00000000e8000000, 0x0000000100000000, 0x0000000100000000)
 Metaspace       used 38838K, capacity 40274K, committed 40496K, reserved 1085440K
  class space    used 4558K, capacity 4871K, committed 4912K, reserved 1048576K
2019-01-31T15:22:04.408-0200: 22591.209: [GC (Allocation Failure) 2019-01-31T15:22:04.408-0200: 22591.209: [ParNew
Desired survivor size 20112992 bytes, new threshold 8 (max 8)
- age   1:     650192 bytes,     650192 total
- age   2:     210872 bytes,     861064 total
- age   3:     439584 bytes,    1300648 total
- age   4:     277184 bytes,    1577832 total
- age   5:     297336 bytes,    1875168 total
- age   6:     370352 bytes,    2245520 total
- age   7:     313328 bytes,    2558848 total
- age   8:       1184 bytes,    2560032 total
: 93606K->3580K(109248K), 0.0042541 secs] 183859K->95842K(502464K), 0.0044221 secs] [Times: user=0.00 sys=0.00, real=0.01 secs] 
Heap after GC invocations=299 (full 1):
 par new generation   total 109248K, used 3580K [0x00000000e0000000, 0x00000000e8000000, 0x00000000e8000000)
  eden space 87424K,   0% used [0x00000000e0000000, 0x00000000e0000000, 0x00000000e5560000)
  from space 21824K,  16% used [0x00000000e6ab0000, 0x00000000e6e2f0a8, 0x00000000e8000000)
  to   space 21824K,   0% used [0x00000000e5560000, 0x00000000e5560000, 0x00000000e6ab0000)
 concurrent mark-sweep generation total 393216K, used 92262K [0x00000000e8000000, 0x0000000100000000, 0x0000000100000000)
 Metaspace       used 38838K, capacity 40274K, committed 40496K, reserved 1085440K
  class space    used 4558K, capacity 4871K, committed 4912K, reserved 1048576K
}
2019-01-31T15:22:04.413-0200: 22591.213: Total time for which application threads were stopped: 0.0046670 seconds, Stopping threads took: 0.0000373 seconds
{Heap before GC invocations=299 (full 1):
 par new generation   total 109248K, used 91004K [0x00000000e0000000, 0x00000000e8000000, 0x00000000e8000000)
  eden space 87424K, 100% used [0x00000000e0000000, 0x00000000e5560000, 0x00000000e5560000)
  from space 21824K,  16% used [0x00000000e6ab0000, 0x00000000e6e2f0a8, 0x00000000e8000000)
  to   space 21824K,   0% used [0x00000000e5560000, 0x00000000e5560000, 0x00000000e6ab0000)
 concurrent mark-sweep generation total 393216K, used 92262K [0x00000000e8000000, 0x0000000100000000, 0x0000000100000000)
 Metaspace       used 38838K, capacity 40274K, committed 40496K, reserved 1085440K
  class space    used 4558K, capacity 4871K, committed 4912K, reserved 1048576K
2019-01-31T15:22:04.492-0200: 22591.293: [GC (Allocation Failure) 2019-01-31T15:22:04.492-0200: 22591.293: [ParNew
Desired survivor size 20112992 bytes, new threshold 8 (max 8)
- age   1:     695512 bytes,     695512 total
- age   2:     236240 bytes,     931752 total
- age   3:     210784 bytes,    1142536 total
- age   4:     438496 bytes,    1581032 total
- age   5:     277184 bytes,    1858216 total
- age   6:     297336 bytes,    2155552 total
- age   7:     370352 bytes,    2525904 total
- age   8:     346112 bytes,    2872016 total
: 91004K->3443K(109248K), 0.0050481 secs] 183266K->95707K(502464K), 0.0051498 secs] [Times: user=0.00 sys=0.00, real=0.00 secs] 
Heap after GC invocations=300 (full 1):
 par new generation   total 109248K, used 3443K [0x00000000e0000000, 0x00000000e8000000, 0x00000000e8000000)
  eden space 87424K,   0% used [0x00000000e0000000, 0x00000000e0000000, 0x00000000e5560000)
  from space 21824K,  15% used [0x00000000e5560000, 0x00000000e58bcf38, 0x00000000e6ab0000)
  to   space 21824K,   0% used [0x00000000e6ab0000, 0x00000000e6ab0000, 0x00000000e8000000)
 concurrent mark-sweep generation total 393216K, used 92263K [0x00000000e8000000, 0x0000000100000000, 0x0000000100000000)
 Metaspace       used 38838K, capacity 40274K, committed 40496K, reserved 1085440K
  class space    used 4558K, capacity 4871K, committed 4912K, reserved 1048576K
}
2019-01-31T15:22:04.497-0200: 22591.298: Total time for which application threads were stopped: 0.0054255 seconds, Stopping threads took: 0.0000476 seconds
{Heap before GC invocations=300 (full 1):
 par new generation   total 109248K, used 90867K [0x00000000e0000000, 0x00000000e8000000, 0x00000000e8000000)
  eden space 87424K, 100% used [0x00000000e0000000, 0x00000000e5560000, 0x00000000e5560000)
  from space 21824K,  15% used [0x00000000e5560000, 0x00000000e58bcf38, 0x00000000e6ab0000)
  to   space 21824K,   0% used [0x00000000e6ab0000, 0x00000000e6ab0000, 0x00000000e8000000)
 concurrent mark-sweep generation total 393216K, used 92263K [0x00000000e8000000, 0x0000000100000000, 0x0000000100000000)
 Metaspace       used 38838K, capacity 40274K, committed 40496K, reserved 1085440K
  class space    used 4558K, capacity 4871K, committed 4912K, reserved 1048576K
2019-01-31T15:22:04.576-0200: 22591.377: [GC (Allocation Failure) 2019-01-31T15:22:04.576-0200: 22591.377: [ParNew
Desired survivor size 20112992 bytes, new threshold 8 (max 8)
- age   1:     521808 bytes,     521808 total
- age   2:     566432 bytes,    1088240 total
- age   3:     236240 bytes,    1324480 total
- age   4:     210784 bytes,    1535264 total
- age   5:     438496 bytes,    1973760 total
- age   6:     192680 bytes,    2166440 total
- age   7:     297336 bytes,    2463776 total
- age   8:     370352 bytes,    2834128 total
: 90867K->4191K(109248K), 0.0042733 secs] 183131K->96762K(502464K), 0.0044295 secs] [Times: user=0.03 sys=0.03, real=0.01 secs] 
Heap after GC invocations=301 (full 1):
 par new generation   total 109248K, used 4191K [0x00000000e0000000, 0x00000000e8000000, 0x00000000e8000000)
  eden space 87424K,   0% used [0x00000000e0000000, 0x00000000e0000000, 0x00000000e5560000)
  from space 21824K,  19% used [0x00000000e6ab0000, 0x00000000e6ec7e80, 0x00000000e8000000)
  to   space 21824K,   0% used [0x00000000e5560000, 0x00000000e5560000, 0x00000000e6ab0000)
 concurrent mark-sweep generation total 393216K, used 92571K [0x00000000e8000000, 0x0000000100000000, 0x0000000100000000)
 Metaspace       used 38838K, capacity 40274K, committed 40496K, reserved 1085440K
  class space    used 4558K, capacity 4871K, committed 4912K, reserved 1048576K
}
2019-01-31T15:22:04.581-0200: 22591.382: Total time for which application threads were stopped: 0.0046759 seconds, Stopping threads took: 0.0000350 seconds
2019-01-31T15:22:04.648-0200: 22591.449: Total time for which application threads were stopped: 0.0001320 seconds, Stopping threads took: 0.0000476 seconds
2019-01-31T15:22:04.650-0200: 22591.451: Total time for which application threads were stopped: 0.0001656 seconds, Stopping threads took: 0.0000611 seconds
2019-01-31T15:22:04.650-0200: 22591.451: Total time for which application threads were stopped: 0.0000821 seconds, Stopping threads took: 0.0000341 seconds
2019-01-31T15:22:04.832-0200: 22591.633: Total time for which application threads were stopped: 0.0001157 seconds, Stopping threads took: 0.0000313 seconds
2019-01-31T15:22:04.832-0200: 22591.633: Total time for which application threads were stopped: 0.0001498 seconds, Stopping threads took: 0.0000928 seconds
2019-01-31T15:22:04.832-0200: 22591.633: Total time for which application threads were stopped: 0.0000644 seconds, Stopping threads took: 0.0000201 seconds
2019-01-31T15:22:04.958-0200: 22591.759: Total time for which application threads were stopped: 0.0001180 seconds, Stopping threads took: 0.0000303 seconds
2019-01-31T15:22:04.959-0200: 22591.760: Total time for which application threads were stopped: 0.0000788 seconds, Stopping threads took: 0.0000201 seconds
2019-01-31T15:22:04.990-0200: 22591.791: Total time for which application threads were stopped: 0.0001222 seconds, Stopping threads took: 0.0000313 seconds
2019-01-31T15:22:04.991-0200: 22591.792: Total time for which application threads were stopped: 0.0001068 seconds, Stopping threads took: 0.0000564 seconds
2019-01-31T15:22:04.991-0200: 22591.792: Total time for which application threads were stopped: 0.0000826 seconds, Stopping threads took: 0.0000378 seconds
2019-01-31T15:22:04.991-0200: 22591.793: Total time for which application threads were stopped: 0.0000597 seconds, Stopping threads took: 0.0000149 seconds
2019-01-31T15:22:04.992-0200: 22591.793: Total time for which application threads were stopped: 0.0000574 seconds, Stopping threads took: 0.0000145 seconds
2019-01-31T15:22:04.992-0200: 22591.793: Total time for which application threads were stopped: 0.0000574 seconds, Stopping threads took: 0.0000145 seconds
{Heap before GC invocations=301 (full 1):
 par new generation   total 109248K, used 91615K [0x00000000e0000000, 0x00000000e8000000, 0x00000000e8000000)
  eden space 87424K, 100% used [0x00000000e0000000, 0x00000000e5560000, 0x00000000e5560000)
  from space 21824K,  19% used [0x00000000e6ab0000, 0x00000000e6ec7e80, 0x00000000e8000000)
  to   space 21824K,   0% used [0x00000000e5560000, 0x00000000e5560000, 0x00000000e6ab0000)
 concurrent mark-sweep generation total 393216K, used 92571K [0x00000000e8000000, 0x0000000100000000, 0x0000000100000000)
 Metaspace       used 38841K, capacity 40274K, committed 40496K, reserved 1085440K
  class space    used 4558K, capacity 4871K, committed 4912K, reserved 1048576K
2019-01-31T15:22:05.042-0200: 22591.843: [GC (Allocation Failure) 2019-01-31T15:22:05.042-0200: 22591.844: [ParNew
Desired survivor size 20112992 bytes, new threshold 8 (max 8)
- age   1:    1117840 bytes,    1117840 total
- age   2:     404680 bytes,    1522520 total
- age   3:     209040 bytes,    1731560 total
- age   4:     230368 bytes,    1961928 total
- age   5:     210048 bytes,    2171976 total
- age   6:     437392 bytes,    2609368 total
- age   7:     192128 bytes,    2801496 total
- age   8:     296416 bytes,    3097912 total
: 91615K->3572K(109248K), 0.0044151 secs] 184186K->96503K(502464K), 0.0045910 secs] [Times: user=0.00 sys=0.00, real=0.00 secs] 
Heap after GC invocations=302 (full 1):
 par new generation   total 109248K, used 3572K [0x00000000e0000000, 0x00000000e8000000, 0x00000000e8000000)
  eden space 87424K,   0% used [0x00000000e0000000, 0x00000000e0000000, 0x00000000e5560000)
  from space 21824K,  16% used [0x00000000e5560000, 0x00000000e58dd0a8, 0x00000000e6ab0000)
  to   space 21824K,   0% used [0x00000000e6ab0000, 0x00000000e6ab0000, 0x00000000e8000000)
 concurrent mark-sweep generation total 393216K, used 92931K [0x00000000e8000000, 0x0000000100000000, 0x0000000100000000)
 Metaspace       used 38841K, capacity 40274K, committed 40496K, reserved 1085440K
  class space    used 4558K, capacity 4871K, committed 4912K, reserved 1048576K
}
2019-01-31T15:22:05.047-0200: 22591.848: Total time for which application threads were stopped: 0.0048321 seconds, Stopping threads took: 0.0000336 seconds
{Heap before GC invocations=302 (full 1):
 par new generation   total 109248K, used 90996K [0x00000000e0000000, 0x00000000e8000000, 0x00000000e8000000)
  eden space 87424K, 100% used [0x00000000e0000000, 0x00000000e5560000, 0x00000000e5560000)
  from space 21824K,  16% used [0x00000000e5560000, 0x00000000e58dd0a8, 0x00000000e6ab0000)
  to   space 21824K,   0% used [0x00000000e6ab0000, 0x00000000e6ab0000, 0x00000000e8000000)
 concurrent mark-sweep generation total 393216K, used 92931K [0x00000000e8000000, 0x0000000100000000, 0x0000000100000000)
 Metaspace       used 38841K, capacity 40274K, committed 40496K, reserved 1085440K
  class space    used 4558K, capacity 4871K, committed 4912K, reserved 1048576K
2019-01-31T15:22:05.134-0200: 22591.935: [GC (Allocation Failure) 2019-01-31T15:22:05.134-0200: 22591.935: [ParNew
Desired survivor size 20112992 bytes, new threshold 8 (max 8)
- age   1:     632640 bytes,     632640 total
- age   2:    1023160 bytes,    1655800 total
- age   3:     404680 bytes,    2060480 total
- age   4:     209040 bytes,    2269520 total
- age   5:     230368 bytes,    2499888 total
- age   6:     210048 bytes,    2709936 total
- age   7:     437392 bytes,    3147328 total
- age   8:     192128 bytes,    3339456 total
: 90996K->4411K(109248K), 0.0048447 secs] 183927K->97632K(502464K), 0.0049399 secs] [Times: user=0.00 sys=0.00, real=0.00 secs] 
Heap after GC invocations=303 (full 1):
 par new generation   total 109248K, used 4411K [0x00000000e0000000, 0x00000000e8000000, 0x00000000e8000000)
  eden space 87424K,   0% used [0x00000000e0000000, 0x00000000e0000000, 0x00000000e5560000)
  from space 21824K,  20% used [0x00000000e6ab0000, 0x00000000e6efed10, 0x00000000e8000000)
  to   space 21824K,   0% used [0x00000000e5560000, 0x00000000e5560000, 0x00000000e6ab0000)
 concurrent mark-sweep generation total 393216K, used 93221K [0x00000000e8000000, 0x0000000100000000, 0x0000000100000000)
 Metaspace       used 38841K, capacity 40274K, committed 40496K, reserved 1085440K
  class space    used 4558K, capacity 4871K, committed 4912K, reserved 1048576K
}
2019-01-31T15:22:05.139-0200: 22591.940: Total time for which application threads were stopped: 0.0051886 seconds, Stopping threads took: 0.0000373 seconds
{Heap before GC invocations=303 (full 1):
 par new generation   total 109248K, used 91835K [0x00000000e0000000, 0x00000000e8000000, 0x00000000e8000000)
  eden space 87424K, 100% used [0x00000000e0000000, 0x00000000e5560000, 0x00000000e5560000)
  from space 21824K,  20% used [0x00000000e6ab0000, 0x00000000e6efed10, 0x00000000e8000000)
  to   space 21824K,   0% used [0x00000000e5560000, 0x00000000e5560000, 0x00000000e6ab0000)
 concurrent mark-sweep generation total 393216K, used 93221K [0x00000000e8000000, 0x0000000100000000, 0x0000000100000000)
 Metaspace       used 38841K, capacity 40274K, committed 40496K, reserved 1085440K
  class space    used 4558K, capacity 4871K, committed 4912K, reserved 1048576K
2019-01-31T15:22:05.220-0200: 22592.021: [GC (Allocation Failure) 2019-01-31T15:22:05.220-0200: 22592.021: [ParNew
Desired survivor size 20112992 bytes, new threshold 8 (max 8)
- age   1:     547536 bytes,     547536 total
- age   2:     444616 bytes,     992152 total
- age   3:    1023160 bytes,    2015312 total
- age   4:     404680 bytes,    2419992 total
- age   5:     209040 bytes,    2629032 total
- age   6:     230368 bytes,    2859400 total
- age   7:     210048 bytes,    3069448 total
- age   8:     437392 bytes,    3506840 total
: 91835K->4537K(109248K), 0.0053313 secs] 185056K->97946K(502464K), 0.0054097 secs] [Times: user=0.00 sys=0.00, real=0.01 secs] 
Heap after GC invocations=304 (full 1):
 par new generation   total 109248K, used 4537K [0x00000000e0000000, 0x00000000e8000000, 0x00000000e8000000)
  eden space 87424K,   0% used [0x00000000e0000000, 0x00000000e0000000, 0x00000000e5560000)
  from space 21824K,  20% used [0x00000000e5560000, 0x00000000e59ce7c8, 0x00000000e6ab0000)
  to   space 21824K,   0% used [0x00000000e6ab0000, 0x00000000e6ab0000, 0x00000000e8000000)
 concurrent mark-sweep generation total 393216K, used 93408K [0x00000000e8000000, 0x0000000100000000, 0x0000000100000000)
 Metaspace       used 38841K, capacity 40274K, committed 40496K, reserved 1085440K
  class space    used 4558K, capacity 4871K, committed 4912K, reserved 1048576K
}
2019-01-31T15:22:05.226-0200: 22592.027: Total time for which application threads were stopped: 0.0056555 seconds, Stopping threads took: 0.0000341 seconds
{Heap before GC invocations=304 (full 1):
 par new generation   total 109248K, used 91961K [0x00000000e0000000, 0x00000000e8000000, 0x00000000e8000000)
  eden space 87424K, 100% used [0x00000000e0000000, 0x00000000e5560000, 0x00000000e5560000)
  from space 21824K,  20% used [0x00000000e5560000, 0x00000000e59ce7c8, 0x00000000e6ab0000)
  to   space 21824K,   0% used [0x00000000e6ab0000, 0x00000000e6ab0000, 0x00000000e8000000)
 concurrent mark-sweep generation total 393216K, used 93408K [0x00000000e8000000, 0x0000000100000000, 0x0000000100000000)
 Metaspace       used 38841K, capacity 40274K, committed 40496K, reserved 1085440K
  class space    used 4558K, capacity 4871K, committed 4912K, reserved 1048576K
2019-01-31T15:22:05.352-0200: 22592.153: [GC (Allocation Failure) 2019-01-31T15:22:05.352-0200: 22592.153: [ParNew
Desired survivor size 20112992 bytes, new threshold 8 (max 8)
- age   1:     449832 bytes,     449832 total
- age   2:     347040 bytes,     796872 total
- age   3:     444288 bytes,    1241160 total
- age   4:    1022888 bytes,    2264048 total
- age   5:     404680 bytes,    2668728 total
- age   6:     209040 bytes,    2877768 total
- age   7:     230368 bytes,    3108136 total
- age   8:     210048 bytes,    3318184 total
: 91961K->4309K(109248K), 0.0045812 secs] 185370K->98145K(502464K), 0.0046605 secs] [Times: user=0.00 sys=0.00, real=0.01 secs] 
Heap after GC invocations=305 (full 1):
 par new generation   total 109248K, used 4309K [0x00000000e0000000, 0x00000000e8000000, 0x00000000e8000000)
  eden space 87424K,   0% used [0x00000000e0000000, 0x00000000e0000000, 0x00000000e5560000)
  from space 21824K,  19% used [0x00000000e6ab0000, 0x00000000e6ee5668, 0x00000000e8000000)
  to   space 21824K,   0% used [0x00000000e5560000, 0x00000000e5560000, 0x00000000e6ab0000)
 concurrent mark-sweep generation total 393216K, used 93836K [0x00000000e8000000, 0x0000000100000000, 0x0000000100000000)
 Metaspace       used 38841K, capacity 40274K, committed 40496K, reserved 1085440K
  class space    used 4558K, capacity 4871K, committed 4912K, reserved 1048576K
}
2019-01-31T15:22:05.357-0200: 22592.158: Total time for which application threads were stopped: 0.0049030 seconds, Stopping threads took: 0.0000289 seconds
{Heap before GC invocations=305 (full 1):
 par new generation   total 109248K, used 91733K [0x00000000e0000000, 0x00000000e8000000, 0x00000000e8000000)
  eden space 87424K, 100% used [0x00000000e0000000, 0x00000000e5560000, 0x00000000e5560000)
  from space 21824K,  19% used [0x00000000e6ab0000, 0x00000000e6ee5668, 0x00000000e8000000)
  to   space 21824K,   0% used [0x00000000e5560000, 0x00000000e5560000, 0x00000000e6ab0000)
 concurrent mark-sweep generation total 393216K, used 93836K [0x00000000e8000000, 0x0000000100000000, 0x0000000100000000)
 Metaspace       used 38851K, capacity 40274K, committed 40496K, reserved 1085440K
  class space    used 4558K, capacity 4871K, committed 4912K, reserved 1048576K
2019-01-31T15:22:05.440-0200: 22592.240: [GC (Allocation Failure) 2019-01-31T15:22:05.440-0200: 22592.240: [ParNew
Desired survivor size 20112992 bytes, new threshold 8 (max 8)
- age   1:     471096 bytes,     471096 total
- age   2:     214144 bytes,     685240 total
- age   3:     345952 bytes,    1031192 total
- age   4:     444288 bytes,    1475480 total
- age   5:    1022832 bytes,    2498312 total
- age   6:     404680 bytes,    2902992 total
- age   7:     209040 bytes,    3112032 total
- age   8:     230368 bytes,    3342400 total
: 91733K->4121K(109248K), 0.0047608 secs] 185569K->98162K(502464K), 0.0048461 secs] [Times: user=0.00 sys=0.00, real=0.00 secs] 
Heap after GC invocations=306 (full 1):
 par new generation   total 109248K, used 4121K [0x00000000e0000000, 0x00000000e8000000, 0x00000000e8000000)
  eden space 87424K,   0% used [0x00000000e0000000, 0x00000000e0000000, 0x00000000e5560000)
  from space 21824K,  18% used [0x00000000e5560000, 0x00000000e5966488, 0x00000000e6ab0000)
  to   space 21824K,   0% used [0x00000000e6ab0000, 0x00000000e6ab0000, 0x00000000e8000000)
 concurrent mark-sweep generation total 393216K, used 94041K [0x00000000e8000000, 0x0000000100000000, 0x0000000100000000)
 Metaspace       used 38851K, capacity 40274K, committed 40496K, reserved 1085440K
  class space    used 4558K, capacity 4871K, committed 4912K, reserved 1048576K
}
2019-01-31T15:22:05.444-0200: 22592.245: Total time for which application threads were stopped: 0.0050994 seconds, Stopping threads took: 0.0000411 seconds
2019-01-31T15:22:05.478-0200: 22592.279: Total time for which application threads were stopped: 0.0001278 seconds, Stopping threads took: 0.0000317 seconds
2019-01-31T15:22:05.480-0200: 22592.280: Total time for which application threads were stopped: 0.0000807 seconds, Stopping threads took: 0.0000233 seconds
2019-01-31T15:22:05.480-0200: 22592.281: Total time for which application threads were stopped: 0.0000648 seconds, Stopping threads took: 0.0000187 seconds
2019-01-31T15:22:05.682-0200: 22592.483: Total time for which application threads were stopped: 0.0001423 seconds, Stopping threads took: 0.0000439 seconds
2019-01-31T15:22:05.682-0200: 22592.483: Total time for which application threads were stopped: 0.0000704 seconds, Stopping threads took: 0.0000219 seconds
2019-01-31T15:22:05.700-0200: 22592.501: Total time for which application threads were stopped: 0.0177405 seconds, Stopping threads took: 0.0176328 seconds
2019-01-31T15:22:05.800-0200: 22592.601: Total time for which application threads were stopped: 0.0001101 seconds, Stopping threads took: 0.0000313 seconds
2019-01-31T15:22:05.802-0200: 22592.603: Total time for which application threads were stopped: 0.0000798 seconds, Stopping threads took: 0.0000215 seconds
2019-01-31T15:22:05.827-0200: 22592.628: Total time for which application threads were stopped: 0.0001213 seconds, Stopping threads took: 0.0000355 seconds
2019-01-31T15:22:05.827-0200: 22592.628: Total time for which application threads were stopped: 0.0001348 seconds, Stopping threads took: 0.0000658 seconds
2019-01-31T15:22:05.827-0200: 22592.628: Total time for which application threads were stopped: 0.0000844 seconds, Stopping threads took: 0.0000350 seconds
2019-01-31T15:22:05.828-0200: 22592.629: Total time for which application threads were stopped: 0.0000639 seconds, Stopping threads took: 0.0000168 seconds
2019-01-31T15:22:05.828-0200: 22592.629: Total time for which application threads were stopped: 0.0000625 seconds, Stopping threads took: 0.0000163 seconds
2019-01-31T15:22:05.828-0200: 22592.629: Total time for which application threads were stopped: 0.0000625 seconds, Stopping threads took: 0.0000168 seconds
2019-01-31T15:22:05.828-0200: 22592.629: Total time for which application threads were stopped: 0.0000620 seconds, Stopping threads took: 0.0000163 seconds
{Heap before GC invocations=306 (full 1):
 par new generation   total 109248K, used 91545K [0x00000000e0000000, 0x00000000e8000000, 0x00000000e8000000)
  eden space 87424K, 100% used [0x00000000e0000000, 0x00000000e5560000, 0x00000000e5560000)
  from space 21824K,  18% used [0x00000000e5560000, 0x00000000e5966488, 0x00000000e6ab0000)
  to   space 21824K,   0% used [0x00000000e6ab0000, 0x00000000e6ab0000, 0x00000000e8000000)
 concurrent mark-sweep generation total 393216K, used 94041K [0x00000000e8000000, 0x0000000100000000, 0x0000000100000000)
 Metaspace       used 38875K, capacity 40402K, committed 40496K, reserved 1085440K
  class space    used 4558K, capacity 4871K, committed 4912K, reserved 1048576K
2019-01-31T15:22:05.918-0200: 22592.718: [GC (Allocation Failure) 2019-01-31T15:22:05.918-0200: 22592.718: [ParNew
Desired survivor size 20112992 bytes, new threshold 8 (max 8)
- age   1:     834352 bytes,     834352 total
- age   5:      66920 bytes,     901272 total
- age   6:     744920 bytes,    1646192 total
- age   7:     404680 bytes,    2050872 total
- age   8:     209040 bytes,    2259912 total
: 91545K->4009K(109248K), 0.0050682 secs] 185586K->98275K(502464K), 0.0051680 secs] [Times: user=0.00 sys=0.00, real=0.01 secs] 
Heap after GC invocations=307 (full 1):
 par new generation   total 109248K, used 4009K [0x00000000e0000000, 0x00000000e8000000, 0x00000000e8000000)
  eden space 87424K,   0% used [0x00000000e0000000, 0x00000000e0000000, 0x00000000e5560000)
  from space 21824K,  18% used [0x00000000e6ab0000, 0x00000000e6e9a4e0, 0x00000000e8000000)
  to   space 21824K,   0% used [0x00000000e5560000, 0x00000000e5560000, 0x00000000e6ab0000)
 concurrent mark-sweep generation total 393216K, used 94266K [0x00000000e8000000, 0x0000000100000000, 0x0000000100000000)
 Metaspace       used 38875K, capacity 40402K, committed 40496K, reserved 1085440K
  class space    used 4558K, capacity 4871K, committed 4912K, reserved 1048576K
}
2019-01-31T15:22:05.923-0200: 22592.724: Total time for which application threads were stopped: 0.0054293 seconds, Stopping threads took: 0.0000383 seconds
{Heap before GC invocations=307 (full 1):
 par new generation   total 109248K, used 91433K [0x00000000e0000000, 0x00000000e8000000, 0x00000000e8000000)
  eden space 87424K, 100% used [0x00000000e0000000, 0x00000000e5560000, 0x00000000e5560000)
  from space 21824K,  18% used [0x00000000e6ab0000, 0x00000000e6e9a4e0, 0x00000000e8000000)
  to   space 21824K,   0% used [0x00000000e5560000, 0x00000000e5560000, 0x00000000e6ab0000)
 concurrent mark-sweep generation total 393216K, used 94266K [0x00000000e8000000, 0x0000000100000000, 0x0000000100000000)
 Metaspace       used 38875K, capacity 40402K, committed 40496K, reserved 1085440K
  class space    used 4558K, capacity 4871K, committed 4912K, reserved 1048576K
2019-01-31T15:22:06.001-0200: 22592.802: [GC (Allocation Failure) 2019-01-31T15:22:06.002-0200: 22592.802: [ParNew
Desired survivor size 20112992 bytes, new threshold 8 (max 8)
- age   1:     532008 bytes,     532008 total
- age   2:     666760 bytes,    1198768 total
- age   6:      66920 bytes,    1265688 total
- age   7:     744008 bytes,    2009696 total
- age   8:     404680 bytes,    2414376 total
: 91433K->3270K(109248K), 0.0048867 secs] 185699K->97740K(502464K), 0.0049819 secs] [Times: user=0.00 sys=0.01, real=0.01 secs] 
Heap after GC invocations=308 (full 1):
 par new generation   total 109248K, used 3270K [0x00000000e0000000, 0x00000000e8000000, 0x00000000e8000000)
  eden space 87424K,   0% used [0x00000000e0000000, 0x00000000e0000000, 0x00000000e5560000)
  from space 21824K,  14% used [0x00000000e5560000, 0x00000000e5891918, 0x00000000e6ab0000)
  to   space 21824K,   0% used [0x00000000e6ab0000, 0x00000000e6ab0000, 0x00000000e8000000)
 concurrent mark-sweep generation total 393216K, used 94470K [0x00000000e8000000, 0x0000000100000000, 0x0000000100000000)
 Metaspace       used 38875K, capacity 40402K, committed 40496K, reserved 1085440K
  class space    used 4558K, capacity 4871K, committed 4912K, reserved 1048576K
}
2019-01-31T15:22:06.007-0200: 22592.807: Total time for which application threads were stopped: 0.0052333 seconds, Stopping threads took: 0.0000364 seconds
{Heap before GC invocations=308 (full 1):
 par new generation   total 109248K, used 90694K [0x00000000e0000000, 0x00000000e8000000, 0x00000000e8000000)
  eden space 87424K, 100% used [0x00000000e0000000, 0x00000000e5560000, 0x00000000e5560000)
  from space 21824K,  14% used [0x00000000e5560000, 0x00000000e5891918, 0x00000000e6ab0000)
  to   space 21824K,   0% used [0x00000000e6ab0000, 0x00000000e6ab0000, 0x00000000e8000000)
 concurrent mark-sweep generation total 393216K, used 94470K [0x00000000e8000000, 0x0000000100000000, 0x0000000100000000)
 Metaspace       used 38875K, capacity 40402K, committed 40496K, reserved 1085440K
  class space    used 4558K, capacity 4871K, committed 4912K, reserved 1048576K
2019-01-31T15:22:06.083-0200: 22592.883: [GC (Allocation Failure) 2019-01-31T15:22:06.083-0200: 22592.883: [ParNew
Desired survivor size 20112992 bytes, new threshold 8 (max 8)
- age   1:     491896 bytes,     491896 total
- age   2:     369568 bytes,     861464 total
- age   3:     666440 bytes,    1527904 total
- age   7:      66920 bytes,    1594824 total
- age   8:     744008 bytes,    2338832 total
: 90694K->2820K(109248K), 0.0040517 secs] 185164K->97686K(502464K), 0.0041454 secs] [Times: user=0.00 sys=0.00, real=0.00 secs] 
Heap after GC invocations=309 (full 1):
 par new generation   total 109248K, used 2820K [0x00000000e0000000, 0x00000000e8000000, 0x00000000e8000000)
  eden space 87424K,   0% used [0x00000000e0000000, 0x00000000e0000000, 0x00000000e5560000)
  from space 21824K,  12% used [0x00000000e6ab0000, 0x00000000e6d71370, 0x00000000e8000000)
  to   space 21824K,   0% used [0x00000000e5560000, 0x00000000e5560000, 0x00000000e6ab0000)
 concurrent mark-sweep generation total 393216K, used 94865K [0x00000000e8000000, 0x0000000100000000, 0x0000000100000000)
 Metaspace       used 38875K, capacity 40402K, committed 40496K, reserved 1085440K
  class space    used 4558K, capacity 4871K, committed 4912K, reserved 1048576K
}
2019-01-31T15:22:06.087-0200: 22592.888: Total time for which application threads were stopped: 0.0044062 seconds, Stopping threads took: 0.0000378 seconds
{Heap before GC invocations=309 (full 1):
 par new generation   total 109248K, used 90244K [0x00000000e0000000, 0x00000000e8000000, 0x00000000e8000000)
  eden space 87424K, 100% used [0x00000000e0000000, 0x00000000e5560000, 0x00000000e5560000)
  from space 21824K,  12% used [0x00000000e6ab0000, 0x00000000e6d71370, 0x00000000e8000000)
  to   space 21824K,   0% used [0x00000000e5560000, 0x00000000e5560000, 0x00000000e6ab0000)
 concurrent mark-sweep generation total 393216K, used 94865K [0x00000000e8000000, 0x0000000100000000, 0x0000000100000000)
 Metaspace       used 38875K, capacity 40402K, committed 40496K, reserved 1085440K
  class space    used 4558K, capacity 4871K, committed 4912K, reserved 1048576K
2019-01-31T15:22:06.165-0200: 22592.966: [GC (Allocation Failure) 2019-01-31T15:22:06.165-0200: 22592.966: [ParNew
Desired survivor size 20112992 bytes, new threshold 8 (max 8)
- age   1:     461648 bytes,     461648 total
- age   2:     240488 bytes,     702136 total
- age   3:     369032 bytes,    1071168 total
- age   4:     666360 bytes,    1737528 total
- age   8:      66920 bytes,    1804448 total
: 90244K->2586K(109248K), 0.0049156 secs] 185110K->98179K(502464K), 0.0049963 secs] [Times: user=0.00 sys=0.00, real=0.01 secs] 
Heap after GC invocations=310 (full 1):
 par new generation   total 109248K, used 2586K [0x00000000e0000000, 0x00000000e8000000, 0x00000000e8000000)
  eden space 87424K,   0% used [0x00000000e0000000, 0x00000000e0000000, 0x00000000e5560000)
  from space 21824K,  11% used [0x00000000e5560000, 0x00000000e57e6940, 0x00000000e6ab0000)
  to   space 21824K,   0% used [0x00000000e6ab0000, 0x00000000e6ab0000, 0x00000000e8000000)
 concurrent mark-sweep generation total 393216K, used 95593K [0x00000000e8000000, 0x0000000100000000, 0x0000000100000000)
 Metaspace       used 38875K, capacity 40402K, committed 40496K, reserved 1085440K
  class space    used 4558K, capacity 4871K, committed 4912K, reserved 1048576K
}
2019-01-31T15:22:06.171-0200: 22592.971: Total time for which application threads were stopped: 0.0052674 seconds, Stopping threads took: 0.0000425 seconds
2019-01-31T15:22:06.247-0200: 22593.047: Total time for which application threads were stopped: 0.0001320 seconds, Stopping threads took: 0.0000299 seconds
2019-01-31T15:22:06.249-0200: 22593.049: Total time for which application threads were stopped: 0.0001731 seconds, Stopping threads took: 0.0000821 seconds
2019-01-31T15:22:06.249-0200: 22593.049: Total time for which application threads were stopped: 0.0001190 seconds, Stopping threads took: 0.0000672 seconds
{Heap before GC invocations=310 (full 1):
 par new generation   total 109248K, used 90010K [0x00000000e0000000, 0x00000000e8000000, 0x00000000e8000000)
  eden space 87424K, 100% used [0x00000000e0000000, 0x00000000e5560000, 0x00000000e5560000)
  from space 21824K,  11% used [0x00000000e5560000, 0x00000000e57e6940, 0x00000000e6ab0000)
  to   space 21824K,   0% used [0x00000000e6ab0000, 0x00000000e6ab0000, 0x00000000e8000000)
 concurrent mark-sweep generation total 393216K, used 95593K [0x00000000e8000000, 0x0000000100000000, 0x0000000100000000)
 Metaspace       used 38878K, capacity 40402K, committed 40496K, reserved 1085440K
  class space    used 4558K, capacity 4871K, committed 4912K, reserved 1048576K
2019-01-31T15:22:06.262-0200: 22593.062: [GC (Allocation Failure) 2019-01-31T15:22:06.262-0200: 22593.062: [ParNew
Desired survivor size 20112992 bytes, new threshold 8 (max 8)
- age   1:     444584 bytes,     444584 total
- age   2:     136592 bytes,     581176 total
- age   3:     140480 bytes,     721656 total
- age   4:     138720 bytes,     860376 total
- age   5:     264824 bytes,    1125200 total
: 90010K->1455K(109248K), 0.0045784 secs] 185603K->97114K(502464K), 0.0046698 secs] [Times: user=0.00 sys=0.00, real=0.00 secs] 
Heap after GC invocations=311 (full 1):
 par new generation   total 109248K, used 1455K [0x00000000e0000000, 0x00000000e8000000, 0x00000000e8000000)
  eden space 87424K,   0% used [0x00000000e0000000, 0x00000000e0000000, 0x00000000e5560000)
  from space 21824K,   6% used [0x00000000e6ab0000, 0x00000000e6c1bfd0, 0x00000000e8000000)
  to   space 21824K,   0% used [0x00000000e5560000, 0x00000000e5560000, 0x00000000e6ab0000)
 concurrent mark-sweep generation total 393216K, used 95658K [0x00000000e8000000, 0x0000000100000000, 0x0000000100000000)
 Metaspace       used 38878K, capacity 40402K, committed 40496K, reserved 1085440K
  class space    used 4558K, capacity 4871K, committed 4912K, reserved 1048576K
}
2019-01-31T15:22:06.267-0200: 22593.067: Total time for which application threads were stopped: 0.0049002 seconds, Stopping threads took: 0.0000289 seconds
2019-01-31T15:22:06.447-0200: 22593.247: Total time for which application threads were stopped: 0.0001227 seconds, Stopping threads took: 0.0000369 seconds
2019-01-31T15:22:06.447-0200: 22593.247: Total time for which application threads were stopped: 0.0000751 seconds, Stopping threads took: 0.0000229 seconds
2019-01-31T15:22:06.447-0200: 22593.248: Total time for which application threads were stopped: 0.0000578 seconds, Stopping threads took: 0.0000140 seconds
2019-01-31T15:22:06.545-0200: 22593.346: Total time for which application threads were stopped: 0.0001782 seconds, Stopping threads took: 0.0000938 seconds
2019-01-31T15:22:06.546-0200: 22593.348: Total time for which application threads were stopped: 0.0001600 seconds, Stopping threads took: 0.0000704 seconds
2019-01-31T15:22:06.572-0200: 22593.373: Total time for which application threads were stopped: 0.0001250 seconds, Stopping threads took: 0.0000317 seconds
2019-01-31T15:22:06.572-0200: 22593.373: Total time for which application threads were stopped: 0.0000681 seconds, Stopping threads took: 0.0000201 seconds
2019-01-31T15:22:06.572-0200: 22593.373: Total time for which application threads were stopped: 0.0001283 seconds, Stopping threads took: 0.0000774 seconds
2019-01-31T15:22:06.573-0200: 22593.374: Total time for which application threads were stopped: 0.0000620 seconds, Stopping threads took: 0.0000163 seconds
2019-01-31T15:22:06.573-0200: 22593.374: Total time for which application threads were stopped: 0.0000620 seconds, Stopping threads took: 0.0000163 seconds
2019-01-31T15:22:06.573-0200: 22593.375: Total time for which application threads were stopped: 0.0000616 seconds, Stopping threads took: 0.0000163 seconds
2019-01-31T15:22:06.574-0200: 22593.375: Total time for which application threads were stopped: 0.0002188 seconds, Stopping threads took: 0.0000159 seconds
{Heap before GC invocations=311 (full 1):
 par new generation   total 109248K, used 88879K [0x00000000e0000000, 0x00000000e8000000, 0x00000000e8000000)
  eden space 87424K, 100% used [0x00000000e0000000, 0x00000000e5560000, 0x00000000e5560000)
  from space 21824K,   6% used [0x00000000e6ab0000, 0x00000000e6c1bfd0, 0x00000000e8000000)
  to   space 21824K,   0% used [0x00000000e5560000, 0x00000000e5560000, 0x00000000e6ab0000)
 concurrent mark-sweep generation total 393216K, used 95658K [0x00000000e8000000, 0x0000000100000000, 0x0000000100000000)
 Metaspace       used 38882K, capacity 40402K, committed 40496K, reserved 1085440K
  class space    used 4558K, capacity 4871K, committed 4912K, reserved 1048576K
2019-01-31T15:22:06.720-0200: 22593.521: [GC (Allocation Failure) 2019-01-31T15:22:06.720-0200: 22593.522: [ParNew
Desired survivor size 20112992 bytes, new threshold 8 (max 8)
- age   1:    1023704 bytes,    1023704 total
- age   2:       4736 bytes,    1028440 total
- age   5:         80 bytes,    1028520 total
- age   6:     182992 bytes,    1211512 total
: 88879K->1580K(109248K), 0.0091572 secs] 184538K->97239K(502464K), 0.0093177 secs] [Times: user=0.00 sys=0.00, real=0.01 secs] 
Heap after GC invocations=312 (full 1):
 par new generation   total 109248K, used 1580K [0x00000000e0000000, 0x00000000e8000000, 0x00000000e8000000)
  eden space 87424K,   0% used [0x00000000e0000000, 0x00000000e0000000, 0x00000000e5560000)
  from space 21824K,   7% used [0x00000000e5560000, 0x00000000e56eb1d0, 0x00000000e6ab0000)
  to   space 21824K,   0% used [0x00000000e6ab0000, 0x00000000e6ab0000, 0x00000000e8000000)
 concurrent mark-sweep generation total 393216K, used 95658K [0x00000000e8000000, 0x0000000100000000, 0x0000000100000000)
 Metaspace       used 38882K, capacity 40402K, committed 40496K, reserved 1085440K
  class space    used 4558K, capacity 4871K, committed 4912K, reserved 1048576K
}
2019-01-31T15:22:06.730-0200: 22593.531: Total time for which application threads were stopped: 0.0097137 seconds, Stopping threads took: 0.0000336 seconds
{Heap before GC invocations=312 (full 1):
 par new generation   total 109248K, used 89004K [0x00000000e0000000, 0x00000000e8000000, 0x00000000e8000000)
  eden space 87424K, 100% used [0x00000000e0000000, 0x00000000e5560000, 0x00000000e5560000)
  from space 21824K,   7% used [0x00000000e5560000, 0x00000000e56eb1d0, 0x00000000e6ab0000)
  to   space 21824K,   0% used [0x00000000e6ab0000, 0x00000000e6ab0000, 0x00000000e8000000)
 concurrent mark-sweep generation total 393216K, used 95658K [0x00000000e8000000, 0x0000000100000000, 0x0000000100000000)
 Metaspace       used 38882K, capacity 40402K, committed 40496K, reserved 1085440K
  class space    used 4558K, capacity 4871K, committed 4912K, reserved 1048576K
2019-01-31T15:22:06.823-0200: 22593.624: [GC (Allocation Failure) 2019-01-31T15:22:06.823-0200: 22593.624: [ParNew
Desired survivor size 20112992 bytes, new threshold 8 (max 8)
- age   1:     514048 bytes,     514048 total
- age   2:     832448 bytes,    1346496 total
- age   3:       4736 bytes,    1351232 total
- age   6:         80 bytes,    1351312 total
- age   7:     182080 bytes,    1533392 total
: 89004K->1861K(109248K), 0.0059406 secs] 184663K->97520K(502464K), 0.0060180 secs] [Times: user=0.00 sys=0.00, real=0.01 secs] 
Heap after GC invocations=313 (full 1):
 par new generation   total 109248K, used 1861K [0x00000000e0000000, 0x00000000e8000000, 0x00000000e8000000)
  eden space 87424K,   0% used [0x00000000e0000000, 0x00000000e0000000, 0x00000000e5560000)
  from space 21824K,   8% used [0x00000000e6ab0000, 0x00000000e6c81728, 0x00000000e8000000)
  to   space 21824K,   0% used [0x00000000e5560000, 0x00000000e5560000, 0x00000000e6ab0000)
 concurrent mark-sweep generation total 393216K, used 95658K [0x00000000e8000000, 0x0000000100000000, 0x0000000100000000)
 Metaspace       used 38882K, capacity 40402K, committed 40496K, reserved 1085440K
  class space    used 4558K, capacity 4871K, committed 4912K, reserved 1048576K
}
2019-01-31T15:22:06.829-0200: 22593.630: Total time for which application threads were stopped: 0.0062755 seconds, Stopping threads took: 0.0000373 seconds
{Heap before GC invocations=313 (full 1):
 par new generation   total 109248K, used 89285K [0x00000000e0000000, 0x00000000e8000000, 0x00000000e8000000)
  eden space 87424K, 100% used [0x00000000e0000000, 0x00000000e5560000, 0x00000000e5560000)
  from space 21824K,   8% used [0x00000000e6ab0000, 0x00000000e6c81728, 0x00000000e8000000)
  to   space 21824K,   0% used [0x00000000e5560000, 0x00000000e5560000, 0x00000000e6ab0000)
 concurrent mark-sweep generation total 393216K, used 95658K [0x00000000e8000000, 0x0000000100000000, 0x0000000100000000)
 Metaspace       used 38882K, capacity 40402K, committed 40496K, reserved 1085440K
  class space    used 4558K, capacity 4871K, committed 4912K, reserved 1048576K
2019-01-31T15:22:06.910-0200: 22593.711: [GC (Allocation Failure) 2019-01-31T15:22:06.910-0200: 22593.711: [ParNew
Desired survivor size 20112992 bytes, new threshold 8 (max 8)
- age   1:     478648 bytes,     478648 total
- age   2:     312128 bytes,     790776 total
- age   3:     832176 bytes,    1622952 total
- age   4:       4736 bytes,    1627688 total
- age   7:         80 bytes,    1627768 total
- age   8:     182080 bytes,    1809848 total
: 89285K->2097K(109248K), 0.0048256 secs] 184944K->97755K(502464K), 0.0049301 secs] [Times: user=0.00 sys=0.00, real=0.00 secs] 
Heap after GC invocations=314 (full 1):
 par new generation   total 109248K, used 2097K [0x00000000e0000000, 0x00000000e8000000, 0x00000000e8000000)
  eden space 87424K,   0% used [0x00000000e0000000, 0x00000000e0000000, 0x00000000e5560000)
  from space 21824K,   9% used [0x00000000e5560000, 0x00000000e576c460, 0x00000000e6ab0000)
  to   space 21824K,   0% used [0x00000000e6ab0000, 0x00000000e6ab0000, 0x00000000e8000000)
 concurrent mark-sweep generation total 393216K, used 95658K [0x00000000e8000000, 0x0000000100000000, 0x0000000100000000)
 Metaspace       used 38882K, capacity 40402K, committed 40496K, reserved 1085440K
  class space    used 4558K, capacity 4871K, committed 4912K, reserved 1048576K
}
2019-01-31T15:22:06.915-0200: 22593.716: Total time for which application threads were stopped: 0.0051918 seconds, Stopping threads took: 0.0000383 seconds
{Heap before GC invocations=314 (full 1):
 par new generation   total 109248K, used 89521K [0x00000000e0000000, 0x00000000e8000000, 0x00000000e8000000)
  eden space 87424K, 100% used [0x00000000e0000000, 0x00000000e5560000, 0x00000000e5560000)
  from space 21824K,   9% used [0x00000000e5560000, 0x00000000e576c460, 0x00000000e6ab0000)
  to   space 21824K,   0% used [0x00000000e6ab0000, 0x00000000e6ab0000, 0x00000000e8000000)
 concurrent mark-sweep generation total 393216K, used 95658K [0x00000000e8000000, 0x0000000100000000, 0x0000000100000000)
 Metaspace       used 38882K, capacity 40402K, committed 40496K, reserved 1085440K
  class space    used 4558K, capacity 4871K, committed 4912K, reserved 1048576K
2019-01-31T15:22:06.995-0200: 22593.796: [GC (Allocation Failure) 2019-01-31T15:22:06.995-0200: 22593.796: [ParNew
Desired survivor size 20112992 bytes, new threshold 8 (max 8)
- age   1:     482208 bytes,     482208 total
- age   2:     242128 bytes,     724336 total
- age   3:     310712 bytes,    1035048 total
- age   4:     832120 bytes,    1867168 total
- age   5:       4736 bytes,    1871904 total
- age   8:         80 bytes,    1871984 total
: 89521K->2057K(109248K), 0.0048415 secs] 185179K->97895K(502464K), 0.0049371 secs] [Times: user=0.00 sys=0.00, real=0.01 secs] 
Heap after GC invocations=315 (full 1):
 par new generation   total 109248K, used 2057K [0x00000000e0000000, 0x00000000e8000000, 0x00000000e8000000)
  eden space 87424K,   0% used [0x00000000e0000000, 0x00000000e0000000, 0x00000000e5560000)
  from space 21824K,   9% used [0x00000000e6ab0000, 0x00000000e6cb2640, 0x00000000e8000000)
  to   space 21824K,   0% used [0x00000000e5560000, 0x00000000e5560000, 0x00000000e6ab0000)
 concurrent mark-sweep generation total 393216K, used 95837K [0x00000000e8000000, 0x0000000100000000, 0x0000000100000000)
 Metaspace       used 38882K, capacity 40402K, committed 40496K, reserved 1085440K
  class space    used 4558K, capacity 4871K, committed 4912K, reserved 1048576K
}
2019-01-31T15:22:07.000-0200: 22593.801: Total time for which application threads were stopped: 0.0052207 seconds, Stopping threads took: 0.0000471 seconds
2019-01-31T15:22:07.044-0200: 22593.845: Total time for which application threads were stopped: 0.0001241 seconds, Stopping threads took: 0.0000303 seconds
2019-01-31T15:22:07.045-0200: 22593.846: Total time for which application threads were stopped: 0.0000919 seconds, Stopping threads took: 0.0000219 seconds
2019-01-31T15:22:07.045-0200: 22593.846: Total time for which application threads were stopped: 0.0000798 seconds, Stopping threads took: 0.0000229 seconds
2019-01-31T15:22:07.203-0200: 22594.004: Total time for which application threads were stopped: 0.0002715 seconds, Stopping threads took: 0.0000373 seconds
2019-01-31T15:22:07.203-0200: 22594.004: Total time for which application threads were stopped: 0.0000704 seconds, Stopping threads took: 0.0000215 seconds
2019-01-31T15:22:07.203-0200: 22594.004: Total time for which application threads were stopped: 0.0002179 seconds, Stopping threads took: 0.0000522 seconds
2019-01-31T15:22:07.288-0200: 22594.089: Total time for which application threads were stopped: 0.0001124 seconds, Stopping threads took: 0.0000308 seconds
2019-01-31T15:22:07.325-0200: 22594.126: Total time for which application threads were stopped: 0.0002216 seconds, Stopping threads took: 0.0000471 seconds
2019-01-31T15:22:07.325-0200: 22594.126: Total time for which application threads were stopped: 0.0001068 seconds, Stopping threads took: 0.0000457 seconds
2019-01-31T15:22:07.325-0200: 22594.127: Total time for which application threads were stopped: 0.0001068 seconds, Stopping threads took: 0.0000564 seconds
2019-01-31T15:22:07.326-0200: 22594.127: Total time for which application threads were stopped: 0.0000970 seconds, Stopping threads took: 0.0000224 seconds
2019-01-31T15:22:07.326-0200: 22594.128: Total time for which application threads were stopped: 0.0001040 seconds, Stopping threads took: 0.0000238 seconds
{Heap before GC invocations=315 (full 1):
 par new generation   total 109248K, used 89481K [0x00000000e0000000, 0x00000000e8000000, 0x00000000e8000000)
  eden space 87424K, 100% used [0x00000000e0000000, 0x00000000e5560000, 0x00000000e5560000)
  from space 21824K,   9% used [0x00000000e6ab0000, 0x00000000e6cb2640, 0x00000000e8000000)
  to   space 21824K,   0% used [0x00000000e5560000, 0x00000000e5560000, 0x00000000e6ab0000)
 concurrent mark-sweep generation total 393216K, used 95837K [0x00000000e8000000, 0x0000000100000000, 0x0000000100000000)
 Metaspace       used 38887K, capacity 40402K, committed 40496K, reserved 1085440K
  class space    used 4558K, capacity 4871K, committed 4912K, reserved 1048576K
2019-01-31T15:22:07.407-0200: 22594.208: [GC (Allocation Failure) 2019-01-31T15:22:07.407-0200: 22594.208: [ParNew
Desired survivor size 20112992 bytes, new threshold 8 (max 8)
- age   1:     753448 bytes,     753448 total
- age   3:        400 bytes,     753848 total
- age   5:     174632 bytes,     928480 total
- age   6:       4488 bytes,     932968 total
: 89481K->1384K(109248K), 0.0040983 secs] 185319K->97222K(502464K), 0.0041953 secs] [Times: user=0.00 sys=0.00, real=0.00 secs] 
Heap after GC invocations=316 (full 1):
 par new generation   total 109248K, used 1384K [0x00000000e0000000, 0x00000000e8000000, 0x00000000e8000000)
  eden space 87424K,   0% used [0x00000000e0000000, 0x00000000e0000000, 0x00000000e5560000)
  from space 21824K,   6% used [0x00000000e5560000, 0x00000000e56ba0c0, 0x00000000e6ab0000)
  to   space 21824K,   0% used [0x00000000e6ab0000, 0x00000000e6ab0000, 0x00000000e8000000)
 concurrent mark-sweep generation total 393216K, used 95837K [0x00000000e8000000, 0x0000000100000000, 0x0000000100000000)
 Metaspace       used 38887K, capacity 40402K, committed 40496K, reserved 1085440K
  class space    used 4558K, capacity 4871K, committed 4912K, reserved 1048576K
}
2019-01-31T15:22:07.412-0200: 22594.212: Total time for which application threads were stopped: 0.0044435 seconds, Stopping threads took: 0.0000336 seconds
2019-01-31T15:22:07.412-0200: 22594.213: Total time for which application threads were stopped: 0.0003620 seconds, Stopping threads took: 0.0000714 seconds
{Heap before GC invocations=316 (full 1):
 par new generation   total 109248K, used 88808K [0x00000000e0000000, 0x00000000e8000000, 0x00000000e8000000)
  eden space 87424K, 100% used [0x00000000e0000000, 0x00000000e5560000, 0x00000000e5560000)
  from space 21824K,   6% used [0x00000000e5560000, 0x00000000e56ba0c0, 0x00000000e6ab0000)
  to   space 21824K,   0% used [0x00000000e6ab0000, 0x00000000e6ab0000, 0x00000000e8000000)
 concurrent mark-sweep generation total 393216K, used 95837K [0x00000000e8000000, 0x0000000100000000, 0x0000000100000000)
 Metaspace       used 38887K, capacity 40402K, committed 40496K, reserved 1085440K
  class space    used 4558K, capacity 4871K, committed 4912K, reserved 1048576K
2019-01-31T15:22:07.490-0200: 22594.291: [GC (Allocation Failure) 2019-01-31T15:22:07.490-0200: 22594.291: [ParNew
Desired survivor size 20112992 bytes, new threshold 8 (max 8)
- age   1:     580928 bytes,     580928 total
- age   2:     611592 bytes,    1192520 total
- age   4:        400 bytes,    1192920 total
- age   6:     173720 bytes,    1366640 total
- age   7:       4488 bytes,    1371128 total
: 88808K->1682K(109248K), 0.0041599 secs] 184646K->97520K(502464K), 0.0042593 secs] [Times: user=0.00 sys=0.00, real=0.00 secs] 
Heap after GC invocations=317 (full 1):
 par new generation   total 109248K, used 1682K [0x00000000e0000000, 0x00000000e8000000, 0x00000000e8000000)
  eden space 87424K,   0% used [0x00000000e0000000, 0x00000000e0000000, 0x00000000e5560000)
  from space 21824K,   7% used [0x00000000e6ab0000, 0x00000000e6c54b30, 0x00000000e8000000)
  to   space 21824K,   0% used [0x00000000e5560000, 0x00000000e5560000, 0x00000000e6ab0000)
 concurrent mark-sweep generation total 393216K, used 95837K [0x00000000e8000000, 0x0000000100000000, 0x0000000100000000)
 Metaspace       used 38887K, capacity 40402K, committed 40496K, reserved 1085440K
  class space    used 4558K, capacity 4871K, committed 4912K, reserved 1048576K
}
2019-01-31T15:22:07.495-0200: 22594.295: Total time for which application threads were stopped: 0.0045130 seconds, Stopping threads took: 0.0000369 seconds
{Heap before GC invocations=317 (full 1):
 par new generation   total 109248K, used 89106K [0x00000000e0000000, 0x00000000e8000000, 0x00000000e8000000)
  eden space 87424K, 100% used [0x00000000e0000000, 0x00000000e5560000, 0x00000000e5560000)
  from space 21824K,   7% used [0x00000000e6ab0000, 0x00000000e6c54b30, 0x00000000e8000000)
  to   space 21824K,   0% used [0x00000000e5560000, 0x00000000e5560000, 0x00000000e6ab0000)
 concurrent mark-sweep generation total 393216K, used 95837K [0x00000000e8000000, 0x0000000100000000, 0x0000000100000000)
 Metaspace       used 38887K, capacity 40402K, committed 40496K, reserved 1085440K
  class space    used 4558K, capacity 4871K, committed 4912K, reserved 1048576K
2019-01-31T15:22:07.575-0200: 22594.376: [GC (Allocation Failure) 2019-01-31T15:22:07.575-0200: 22594.376: [ParNew
Desired survivor size 20112992 bytes, new threshold 8 (max 8)
- age   1:     463344 bytes,     463344 total
- age   2:     404656 bytes,     868000 total
- age   3:     611240 bytes,    1479240 total
- age   5:        400 bytes,    1479640 total
- age   7:     173720 bytes,    1653360 total
- age   8:       4488 bytes,    1657848 total
: 89106K->1777K(109248K), 0.0051783 secs] 184944K->97615K(502464K), 0.0052744 secs] [Times: user=0.00 sys=0.00, real=0.01 secs] 
Heap after GC invocations=318 (full 1):
 par new generation   total 109248K, used 1777K [0x00000000e0000000, 0x00000000e8000000, 0x00000000e8000000)
  eden space 87424K,   0% used [0x00000000e0000000, 0x00000000e0000000, 0x00000000e5560000)
  from space 21824K,   8% used [0x00000000e5560000, 0x00000000e571c750, 0x00000000e6ab0000)
  to   space 21824K,   0% used [0x00000000e6ab0000, 0x00000000e6ab0000, 0x00000000e8000000)
 concurrent mark-sweep generation total 393216K, used 95837K [0x00000000e8000000, 0x0000000100000000, 0x0000000100000000)
 Metaspace       used 38887K, capacity 40402K, committed 40496K, reserved 1085440K
  class space    used 4558K, capacity 4871K, committed 4912K, reserved 1048576K
}
2019-01-31T15:22:07.581-0200: 22594.381: Total time for which application threads were stopped: 0.0055487 seconds, Stopping threads took: 0.0000369 seconds
{Heap before GC invocations=318 (full 1):
 par new generation   total 109248K, used 89201K [0x00000000e0000000, 0x00000000e8000000, 0x00000000e8000000)
  eden space 87424K, 100% used [0x00000000e0000000, 0x00000000e5560000, 0x00000000e5560000)
  from space 21824K,   8% used [0x00000000e5560000, 0x00000000e571c750, 0x00000000e6ab0000)
  to   space 21824K,   0% used [0x00000000e6ab0000, 0x00000000e6ab0000, 0x00000000e8000000)
 concurrent mark-sweep generation total 393216K, used 95837K [0x00000000e8000000, 0x0000000100000000, 0x0000000100000000)
 Metaspace       used 38887K, capacity 40402K, committed 40496K, reserved 1085440K
  class space    used 4558K, capacity 4871K, committed 4912K, reserved 1048576K
2019-01-31T15:22:07.657-0200: 22594.458: [GC (Allocation Failure) 2019-01-31T15:22:07.658-0200: 22594.458: [ParNew
Desired survivor size 20112992 bytes, new threshold 8 (max 8)
- age   1:     474032 bytes,     474032 total
- age   2:     258880 bytes,     732912 total
- age   3:     404040 bytes,    1136952 total
- age   4:     611240 bytes,    1748192 total
- age   6:        400 bytes,    1748592 total
- age   8:     173720 bytes,    1922312 total
: 89201K->2172K(109248K), 0.0043339 secs] 185039K->98014K(502464K), 0.0044417 secs] [Times: user=0.02 sys=0.00, real=0.00 secs] 
Heap after GC invocations=319 (full 1):
 par new generation   total 109248K, used 2172K [0x00000000e0000000, 0x00000000e8000000, 0x00000000e8000000)
  eden space 87424K,   0% used [0x00000000e0000000, 0x00000000e0000000, 0x00000000e5560000)
  from space 21824K,   9% used [0x00000000e6ab0000, 0x00000000e6ccf270, 0x00000000e8000000)
  to   space 21824K,   0% used [0x00000000e5560000, 0x00000000e5560000, 0x00000000e6ab0000)
 concurrent mark-sweep generation total 393216K, used 95842K [0x00000000e8000000, 0x0000000100000000, 0x0000000100000000)
 Metaspace       used 38887K, capacity 40402K, committed 40496K, reserved 1085440K
  class space    used 4558K, capacity 4871K, committed 4912K, reserved 1048576K
}
2019-01-31T15:22:07.662-0200: 22594.463: Total time for which application threads were stopped: 0.0047094 seconds, Stopping threads took: 0.0000476 seconds
2019-01-31T15:22:07.731-0200: 22594.532: Total time for which application threads were stopped: 0.0001208 seconds, Stopping threads took: 0.0000341 seconds
2019-01-31T15:22:07.733-0200: 22594.534: Total time for which application threads were stopped: 0.0001129 seconds, Stopping threads took: 0.0000359 seconds
2019-01-31T15:22:07.733-0200: 22594.534: Total time for which application threads were stopped: 0.0002645 seconds, Stopping threads took: 0.0002090 seconds
2019-01-31T15:22:07.888-0200: 22594.689: Total time for which application threads were stopped: 0.0001768 seconds, Stopping threads took: 0.0000858 seconds
2019-01-31T15:22:07.889-0200: 22594.689: Total time for which application threads were stopped: 0.0001609 seconds, Stopping threads took: 0.0000984 seconds
2019-01-31T15:22:07.889-0200: 22594.689: Total time for which application threads were stopped: 0.0000742 seconds, Stopping threads took: 0.0000280 seconds
2019-01-31T15:22:07.915-0200: 22594.716: Total time for which application threads were stopped: 0.0001120 seconds, Stopping threads took: 0.0000303 seconds
2019-01-31T15:22:07.942-0200: 22594.742: Total time for which application threads were stopped: 0.0001180 seconds, Stopping threads took: 0.0000327 seconds
2019-01-31T15:22:07.942-0200: 22594.742: Total time for which application threads were stopped: 0.0001316 seconds, Stopping threads took: 0.0000760 seconds
2019-01-31T15:22:07.942-0200: 22594.743: Total time for which application threads were stopped: 0.0000690 seconds, Stopping threads took: 0.0000238 seconds
2019-01-31T15:22:07.943-0200: 22594.744: Total time for which application threads were stopped: 0.0002659 seconds, Stopping threads took: 0.0001544 seconds
2019-01-31T15:22:07.944-0200: 22594.744: Total time for which application threads were stopped: 0.0001292 seconds, Stopping threads took: 0.0000415 seconds
{Heap before GC invocations=319 (full 1):
 par new generation   total 109248K, used 89596K [0x00000000e0000000, 0x00000000e8000000, 0x00000000e8000000)
  eden space 87424K, 100% used [0x00000000e0000000, 0x00000000e5560000, 0x00000000e5560000)
  from space 21824K,   9% used [0x00000000e6ab0000, 0x00000000e6ccf270, 0x00000000e8000000)
  to   space 21824K,   0% used [0x00000000e5560000, 0x00000000e5560000, 0x00000000e6ab0000)
 concurrent mark-sweep generation total 393216K, used 95842K [0x00000000e8000000, 0x0000000100000000, 0x0000000100000000)
 Metaspace       used 38913K, capacity 40466K, committed 40752K, reserved 1085440K
  class space    used 4558K, capacity 4871K, committed 4912K, reserved 1048576K
2019-01-31T15:22:07.971-0200: 22594.771: [GC (Allocation Failure) 2019-01-31T15:22:07.971-0200: 22594.771: [ParNew
Desired survivor size 20112992 bytes, new threshold 8 (max 8)
- age   1:     422568 bytes,     422568 total
- age   5:     178824 bytes,     601392 total
- age   7:        400 bytes,     601792 total
: 89596K->1522K(109248K), 0.0042770 secs] 185438K->97534K(502464K), 0.0043605 secs] [Times: user=0.00 sys=0.00, real=0.00 secs] 
Heap after GC invocations=320 (full 1):
 par new generation   total 109248K, used 1522K [0x00000000e0000000, 0x00000000e8000000, 0x00000000e8000000)
  eden space 87424K,   0% used [0x00000000e0000000, 0x00000000e0000000, 0x00000000e5560000)
  from space 21824K,   6% used [0x00000000e5560000, 0x00000000e56dc820, 0x00000000e6ab0000)
  to   space 21824K,   0% used [0x00000000e6ab0000, 0x00000000e6ab0000, 0x00000000e8000000)
 concurrent mark-sweep generation total 393216K, used 96012K [0x00000000e8000000, 0x0000000100000000, 0x0000000100000000)
 Metaspace       used 38913K, capacity 40466K, committed 40752K, reserved 1085440K
  class space    used 4558K, capacity 4871K, committed 4912K, reserved 1048576K
}
2019-01-31T15:22:07.975-0200: 22594.776: Total time for which application threads were stopped: 0.0046222 seconds, Stopping threads took: 0.0000369 seconds
2019-01-31T15:22:08.008-0200: 22594.808: Total time for which application threads were stopped: 0.0001241 seconds, Stopping threads took: 0.0000289 seconds
2019-01-31T15:22:08.009-0200: 22594.809: Total time for which application threads were stopped: 0.0000765 seconds, Stopping threads took: 0.0000196 seconds
2019-01-31T15:22:08.009-0200: 22594.809: Total time for which application threads were stopped: 0.0000667 seconds, Stopping threads took: 0.0000182 seconds
2019-01-31T15:22:08.166-0200: 22594.966: Total time for which application threads were stopped: 0.0001194 seconds, Stopping threads took: 0.0000313 seconds
2019-01-31T15:22:08.166-0200: 22594.966: Total time for which application threads were stopped: 0.0000830 seconds, Stopping threads took: 0.0000317 seconds
2019-01-31T15:22:08.166-0200: 22594.966: Total time for which application threads were stopped: 0.0000779 seconds, Stopping threads took: 0.0000285 seconds
2019-01-31T15:23:48.207-0200: 22695.008: Total time for which application threads were stopped: 0.0001698 seconds, Stopping threads took: 0.0000779 seconds
2019-01-31T15:25:21.495-0200: 22788.296: Total time for which application threads were stopped: 0.0002029 seconds, Stopping threads took: 0.0000634 seconds
2019-01-31T15:25:21.496-0200: 22788.297: Total time for which application threads were stopped: 0.0001605 seconds, Stopping threads took: 0.0000686 seconds
{Heap before GC invocations=320 (full 1):
 par new generation   total 109248K, used 88946K [0x00000000e0000000, 0x00000000e8000000, 0x00000000e8000000)
  eden space 87424K, 100% used [0x00000000e0000000, 0x00000000e5560000, 0x00000000e5560000)
  from space 21824K,   6% used [0x00000000e5560000, 0x00000000e56dc820, 0x00000000e6ab0000)
  to   space 21824K,   0% used [0x00000000e6ab0000, 0x00000000e6ab0000, 0x00000000e8000000)
 concurrent mark-sweep generation total 393216K, used 96012K [0x00000000e8000000, 0x0000000100000000, 0x0000000100000000)
 Metaspace       used 38925K, capacity 40466K, committed 40752K, reserved 1085440K
  class space    used 4558K, capacity 4871K, committed 4912K, reserved 1048576K
2019-01-31T15:25:21.567-0200: 22788.368: [GC (Allocation Failure) 2019-01-31T15:25:21.568-0200: 22788.368: [ParNew
Desired survivor size 20112992 bytes, new threshold 8 (max 8)
- age   1:    2721088 bytes,    2721088 total
- age   2:     115944 bytes,    2837032 total
- age   6:     176976 bytes,    3014008 total
- age   8:        400 bytes,    3014408 total
: 88946K->3178K(109248K), 0.0043236 secs] 184958K->99190K(502464K), 0.0044314 secs] [Times: user=0.00 sys=0.00, real=0.01 secs] 
Heap after GC invocations=321 (full 1):
 par new generation   total 109248K, used 3178K [0x00000000e0000000, 0x00000000e8000000, 0x00000000e8000000)
  eden space 87424K,   0% used [0x00000000e0000000, 0x00000000e0000000, 0x00000000e5560000)
  from space 21824K,  14% used [0x00000000e6ab0000, 0x00000000e6dcaa58, 0x00000000e8000000)
  to   space 21824K,   0% used [0x00000000e5560000, 0x00000000e5560000, 0x00000000e6ab0000)
 concurrent mark-sweep generation total 393216K, used 96012K [0x00000000e8000000, 0x0000000100000000, 0x0000000100000000)
 Metaspace       used 38925K, capacity 40466K, committed 40752K, reserved 1085440K
  class space    used 4558K, capacity 4871K, committed 4912K, reserved 1048576K
}
2019-01-31T15:25:21.572-0200: 22788.372: Total time for which application threads were stopped: 0.0046917 seconds, Stopping threads took: 0.0000331 seconds
2019-01-31T15:28:16.768-0200: 22963.569: Total time for which application threads were stopped: 0.0006676 seconds, Stopping threads took: 0.0000499 seconds
2019-01-31T15:28:16.770-0200: 22963.571: Total time for which application threads were stopped: 0.0002771 seconds, Stopping threads took: 0.0000275 seconds
2019-01-31T15:28:16.811-0200: 22963.612: Total time for which application threads were stopped: 0.0001213 seconds, Stopping threads took: 0.0000350 seconds
2019-01-31T15:28:16.812-0200: 22963.612: Total time for which application threads were stopped: 0.0000928 seconds, Stopping threads took: 0.0000439 seconds
2019-01-31T15:28:16.812-0200: 22963.613: Total time for which application threads were stopped: 0.0000765 seconds, Stopping threads took: 0.0000308 seconds
2019-01-31T15:28:16.812-0200: 22963.613: Total time for which application threads were stopped: 0.0000597 seconds, Stopping threads took: 0.0000149 seconds
2019-01-31T15:28:16.813-0200: 22963.614: Total time for which application threads were stopped: 0.0000606 seconds, Stopping threads took: 0.0000154 seconds
{Heap before GC invocations=321 (full 1):
 par new generation   total 109248K, used 90602K [0x00000000e0000000, 0x00000000e8000000, 0x00000000e8000000)
  eden space 87424K, 100% used [0x00000000e0000000, 0x00000000e5560000, 0x00000000e5560000)
  from space 21824K,  14% used [0x00000000e6ab0000, 0x00000000e6dcaa58, 0x00000000e8000000)
  to   space 21824K,   0% used [0x00000000e5560000, 0x00000000e5560000, 0x00000000e6ab0000)
 concurrent mark-sweep generation total 393216K, used 96012K [0x00000000e8000000, 0x0000000100000000, 0x0000000100000000)
 Metaspace       used 38926K, capacity 40466K, committed 40752K, reserved 1085440K
  class space    used 4558K, capacity 4871K, committed 4912K, reserved 1048576K
2019-01-31T15:28:16.986-0200: 22963.787: [GC (Allocation Failure) 2019-01-31T15:28:16.986-0200: 22963.787: [ParNew
Desired survivor size 20112992 bytes, new threshold 8 (max 8)
- age   1:     676440 bytes,     676440 total
- age   2:    2125280 bytes,    2801720 total
- age   3:     114760 bytes,    2916480 total
- age   7:     176728 bytes,    3093208 total
: 90602K->3344K(109248K), 0.0071073 secs] 186614K->99356K(502464K), 0.0072011 secs] [Times: user=0.00 sys=0.00, real=0.01 secs] 
Heap after GC invocations=322 (full 1):
 par new generation   total 109248K, used 3344K [0x00000000e0000000, 0x00000000e8000000, 0x00000000e8000000)
  eden space 87424K,   0% used [0x00000000e0000000, 0x00000000e0000000, 0x00000000e5560000)
  from space 21824K,  15% used [0x00000000e5560000, 0x00000000e58a40d8, 0x00000000e6ab0000)
  to   space 21824K,   0% used [0x00000000e6ab0000, 0x00000000e6ab0000, 0x00000000e8000000)
 concurrent mark-sweep generation total 393216K, used 96012K [0x00000000e8000000, 0x0000000100000000, 0x0000000100000000)
 Metaspace       used 38926K, capacity 40466K, committed 40752K, reserved 1085440K
  class space    used 4558K, capacity 4871K, committed 4912K, reserved 1048576K
}
2019-01-31T15:28:16.994-0200: 22963.795: Total time for which application threads were stopped: 0.0075990 seconds, Stopping threads took: 0.0000336 seconds
{Heap before GC invocations=322 (full 1):
 par new generation   total 109248K, used 90768K [0x00000000e0000000, 0x00000000e8000000, 0x00000000e8000000)
  eden space 87424K, 100% used [0x00000000e0000000, 0x00000000e5560000, 0x00000000e5560000)
  from space 21824K,  15% used [0x00000000e5560000, 0x00000000e58a40d8, 0x00000000e6ab0000)
  to   space 21824K,   0% used [0x00000000e6ab0000, 0x00000000e6ab0000, 0x00000000e8000000)
 concurrent mark-sweep generation total 393216K, used 96012K [0x00000000e8000000, 0x0000000100000000, 0x0000000100000000)
 Metaspace       used 38926K, capacity 40466K, committed 40752K, reserved 1085440K
  class space    used 4558K, capacity 4871K, committed 4912K, reserved 1048576K
2019-01-31T15:28:17.100-0200: 22963.901: [GC (Allocation Failure) 2019-01-31T15:28:17.100-0200: 22963.901: [ParNew
Desired survivor size 20112992 bytes, new threshold 8 (max 8)
- age   1:     588656 bytes,     588656 total
- age   2:     460432 bytes,    1049088 total
- age   3:    2125280 bytes,    3174368 total
- age   4:     114760 bytes,    3289128 total
- age   8:     176728 bytes,    3465856 total
: 90768K->3515K(109248K), 0.0045662 secs] 186780K->99528K(502464K), 0.0046446 secs] [Times: user=0.00 sys=0.00, real=0.01 secs] 
Heap after GC invocations=323 (full 1):
 par new generation   total 109248K, used 3515K [0x00000000e0000000, 0x00000000e8000000, 0x00000000e8000000)
  eden space 87424K,   0% used [0x00000000e0000000, 0x00000000e0000000, 0x00000000e5560000)
  from space 21824K,  16% used [0x00000000e6ab0000, 0x00000000e6e1ee28, 0x00000000e8000000)
  to   space 21824K,   0% used [0x00000000e5560000, 0x00000000e5560000, 0x00000000e6ab0000)
 concurrent mark-sweep generation total 393216K, used 96012K [0x00000000e8000000, 0x0000000100000000, 0x0000000100000000)
 Metaspace       used 38926K, capacity 40466K, committed 40752K, reserved 1085440K
  class space    used 4558K, capacity 4871K, committed 4912K, reserved 1048576K
}
2019-01-31T15:28:17.105-0200: 22963.905: Total time for which application threads were stopped: 0.0048993 seconds, Stopping threads took: 0.0000317 seconds
{Heap before GC invocations=323 (full 1):
 par new generation   total 109248K, used 90939K [0x00000000e0000000, 0x00000000e8000000, 0x00000000e8000000)
  eden space 87424K, 100% used [0x00000000e0000000, 0x00000000e5560000, 0x00000000e5560000)
  from space 21824K,  16% used [0x00000000e6ab0000, 0x00000000e6e1ee28, 0x00000000e8000000)
  to   space 21824K,   0% used [0x00000000e5560000, 0x00000000e5560000, 0x00000000e6ab0000)
 concurrent mark-sweep generation total 393216K, used 96012K [0x00000000e8000000, 0x0000000100000000, 0x0000000100000000)
 Metaspace       used 38926K, capacity 40466K, committed 40752K, reserved 1085440K
  class space    used 4558K, capacity 4871K, committed 4912K, reserved 1048576K
2019-01-31T15:28:17.197-0200: 22963.997: [GC (Allocation Failure) 2019-01-31T15:28:17.197-0200: 22963.997: [ParNew
Desired survivor size 20112992 bytes, new threshold 8 (max 8)
- age   1:     629080 bytes,     629080 total
- age   2:     326024 bytes,     955104 total
- age   3:     460272 bytes,    1415376 total
- age   4:    2125280 bytes,    3540656 total
- age   5:     114760 bytes,    3655416 total
: 90939K->4027K(109248K), 0.0042364 secs] 186952K->100214K(502464K), 0.0043358 secs] [Times: user=0.00 sys=0.00, real=0.00 secs] 
Heap after GC invocations=324 (full 1):
 par new generation   total 109248K, used 4027K [0x00000000e0000000, 0x00000000e8000000, 0x00000000e8000000)
  eden space 87424K,   0% used [0x00000000e0000000, 0x00000000e0000000, 0x00000000e5560000)
  from space 21824K,  18% used [0x00000000e5560000, 0x00000000e594ef10, 0x00000000e6ab0000)
  to   space 21824K,   0% used [0x00000000e6ab0000, 0x00000000e6ab0000, 0x00000000e8000000)
 concurrent mark-sweep generation total 393216K, used 96186K [0x00000000e8000000, 0x0000000100000000, 0x0000000100000000)
 Metaspace       used 38926K, capacity 40466K, committed 40752K, reserved 1085440K
  class space    used 4558K, capacity 4871K, committed 4912K, reserved 1048576K
}
2019-01-31T15:28:17.201-0200: 22964.002: Total time for which application threads were stopped: 0.0045919 seconds, Stopping threads took: 0.0000392 seconds
{Heap before GC invocations=324 (full 1):
 par new generation   total 109248K, used 91451K [0x00000000e0000000, 0x00000000e8000000, 0x00000000e8000000)
  eden space 87424K, 100% used [0x00000000e0000000, 0x00000000e5560000, 0x00000000e5560000)
  from space 21824K,  18% used [0x00000000e5560000, 0x00000000e594ef10, 0x00000000e6ab0000)
  to   space 21824K,   0% used [0x00000000e6ab0000, 0x00000000e6ab0000, 0x00000000e8000000)
 concurrent mark-sweep generation total 393216K, used 96186K [0x00000000e8000000, 0x0000000100000000, 0x0000000100000000)
 Metaspace       used 38926K, capacity 40466K, committed 40752K, reserved 1085440K
  class space    used 4558K, capacity 4871K, committed 4912K, reserved 1048576K
2019-01-31T15:28:17.278-0200: 22964.078: [GC (Allocation Failure) 2019-01-31T15:28:17.278-0200: 22964.078: [ParNew
Desired survivor size 20112992 bytes, new threshold 8 (max 8)
- age   1:     690624 bytes,     690624 total
- age   2:     332720 bytes,    1023344 total
- age   3:     254296 bytes,    1277640 total
- age   4:     460064 bytes,    1737704 total
- age   5:    2125280 bytes,    3862984 total
- age   6:     114760 bytes,    3977744 total
: 91451K->4396K(109248K), 0.0039080 secs] 187638K->100583K(502464K), 0.0040148 secs] [Times: user=0.00 sys=0.00, real=0.00 secs] 
Heap after GC invocations=325 (full 1):
 par new generation   total 109248K, used 4396K [0x00000000e0000000, 0x00000000e8000000, 0x00000000e8000000)
  eden space 87424K,   0% used [0x00000000e0000000, 0x00000000e0000000, 0x00000000e5560000)
  from space 21824K,  20% used [0x00000000e6ab0000, 0x00000000e6efb3e0, 0x00000000e8000000)
  to   space 21824K,   0% used [0x00000000e5560000, 0x00000000e5560000, 0x00000000e6ab0000)
 concurrent mark-sweep generation total 393216K, used 96186K [0x00000000e8000000, 0x0000000100000000, 0x0000000100000000)
 Metaspace       used 38926K, capacity 40466K, committed 40752K, reserved 1085440K
  class space    used 4558K, capacity 4871K, committed 4912K, reserved 1048576K
}
2019-01-31T15:28:17.282-0200: 22964.082: Total time for which application threads were stopped: 0.0042663 seconds, Stopping threads took: 0.0000369 seconds
{Heap before GC invocations=325 (full 1):
 par new generation   total 109248K, used 91820K [0x00000000e0000000, 0x00000000e8000000, 0x00000000e8000000)
  eden space 87424K, 100% used [0x00000000e0000000, 0x00000000e5560000, 0x00000000e5560000)
  from space 21824K,  20% used [0x00000000e6ab0000, 0x00000000e6efb3e0, 0x00000000e8000000)
  to   space 21824K,   0% used [0x00000000e5560000, 0x00000000e5560000, 0x00000000e6ab0000)
 concurrent mark-sweep generation total 393216K, used 96186K [0x00000000e8000000, 0x0000000100000000, 0x0000000100000000)
 Metaspace       used 38926K, capacity 40466K, committed 40752K, reserved 1085440K
  class space    used 4558K, capacity 4871K, committed 4912K, reserved 1048576K
2019-01-31T15:28:17.365-0200: 22964.166: [GC (Allocation Failure) 2019-01-31T15:28:17.365-0200: 22964.166: [ParNew
Desired survivor size 20112992 bytes, new threshold 8 (max 8)
- age   1:     799472 bytes,     799472 total
- age   2:     313400 bytes,    1112872 total
- age   3:     266592 bytes,    1379464 total
- age   4:     254296 bytes,    1633760 total
- age   5:     492792 bytes,    2126552 total
- age   6:    2125280 bytes,    4251832 total
- age   7:     114760 bytes,    4366592 total
: 91820K->4952K(109248K), 0.0041445 secs] 188007K->101138K(502464K), 0.0042560 secs] [Times: user=0.00 sys=0.00, real=0.00 secs] 
Heap after GC invocations=326 (full 1):
 par new generation   total 109248K, used 4952K [0x00000000e0000000, 0x00000000e8000000, 0x00000000e8000000)
  eden space 87424K,   0% used [0x00000000e0000000, 0x00000000e0000000, 0x00000000e5560000)
  from space 21824K,  22% used [0x00000000e5560000, 0x00000000e5a36218, 0x00000000e6ab0000)
  to   space 21824K,   0% used [0x00000000e6ab0000, 0x00000000e6ab0000, 0x00000000e8000000)
 concurrent mark-sweep generation total 393216K, used 96186K [0x00000000e8000000, 0x0000000100000000, 0x0000000100000000)
 Metaspace       used 38926K, capacity 40466K, committed 40752K, reserved 1085440K
  class space    used 4558K, capacity 4871K, committed 4912K, reserved 1048576K
}
2019-01-31T15:28:17.369-0200: 22964.170: Total time for which application threads were stopped: 0.0045116 seconds, Stopping threads took: 0.0000378 seconds
{Heap before GC invocations=326 (full 1):
 par new generation   total 109248K, used 92376K [0x00000000e0000000, 0x00000000e8000000, 0x00000000e8000000)
  eden space 87424K, 100% used [0x00000000e0000000, 0x00000000e5560000, 0x00000000e5560000)
  from space 21824K,  22% used [0x00000000e5560000, 0x00000000e5a36218, 0x00000000e6ab0000)
  to   space 21824K,   0% used [0x00000000e6ab0000, 0x00000000e6ab0000, 0x00000000e8000000)
 concurrent mark-sweep generation total 393216K, used 96186K [0x00000000e8000000, 0x0000000100000000, 0x0000000100000000)
 Metaspace       used 38926K, capacity 40466K, committed 40752K, reserved 1085440K
  class space    used 4558K, capacity 4871K, committed 4912K, reserved 1048576K
2019-01-31T15:28:17.445-0200: 22964.246: [GC (Allocation Failure) 2019-01-31T15:28:17.445-0200: 22964.246: [ParNew
Desired survivor size 20112992 bytes, new threshold 8 (max 8)
- age   1:     625120 bytes,     625120 total
- age   2:     407112 bytes,    1032232 total
- age   3:     313400 bytes,    1345632 total
- age   4:     266592 bytes,    1612224 total
- age   5:     254296 bytes,    1866520 total
- age   6:     459816 bytes,    2326336 total
- age   7:    2125280 bytes,    4451616 total
- age   8:     114760 bytes,    4566376 total
: 92376K->6013K(109248K), 0.0042588 secs] 188562K->102200K(502464K), 0.0043591 secs] [Times: user=0.00 sys=0.00, real=0.00 secs] 
Heap after GC invocations=327 (full 1):
 par new generation   total 109248K, used 6013K [0x00000000e0000000, 0x00000000e8000000, 0x00000000e8000000)
  eden space 87424K,   0% used [0x00000000e0000000, 0x00000000e0000000, 0x00000000e5560000)
  from space 21824K,  27% used [0x00000000e6ab0000, 0x00000000e708f700, 0x00000000e8000000)
  to   space 21824K,   0% used [0x00000000e5560000, 0x00000000e5560000, 0x00000000e6ab0000)
 concurrent mark-sweep generation total 393216K, used 96186K [0x00000000e8000000, 0x0000000100000000, 0x0000000100000000)
 Metaspace       used 38926K, capacity 40466K, committed 40752K, reserved 1085440K
  class space    used 4558K, capacity 4871K, committed 4912K, reserved 1048576K
}
2019-01-31T15:28:17.449-0200: 22964.250: Total time for which application threads were stopped: 0.0046124 seconds, Stopping threads took: 0.0000387 seconds
{Heap before GC invocations=327 (full 1):
 par new generation   total 109248K, used 93437K [0x00000000e0000000, 0x00000000e8000000, 0x00000000e8000000)
  eden space 87424K, 100% used [0x00000000e0000000, 0x00000000e5560000, 0x00000000e5560000)
  from space 21824K,  27% used [0x00000000e6ab0000, 0x00000000e708f700, 0x00000000e8000000)
  to   space 21824K,   0% used [0x00000000e5560000, 0x00000000e5560000, 0x00000000e6ab0000)
 concurrent mark-sweep generation total 393216K, used 96186K [0x00000000e8000000, 0x0000000100000000, 0x0000000100000000)
 Metaspace       used 38926K, capacity 40466K, committed 40752K, reserved 1085440K
  class space    used 4558K, capacity 4871K, committed 4912K, reserved 1048576K
2019-01-31T15:28:17.528-0200: 22964.329: [GC (Allocation Failure) 2019-01-31T15:28:17.528-0200: 22964.329: [ParNew
Desired survivor size 20112992 bytes, new threshold 8 (max 8)
- age   1:     653816 bytes,     653816 total
- age   2:     243656 bytes,     897472 total
- age   3:     403800 bytes,    1301272 total
- age   4:     312968 bytes,    1614240 total
- age   5:     266592 bytes,    1880832 total
- age   6:     254296 bytes,    2135128 total
- age   7:     459816 bytes,    2594944 total
- age   8:    2125280 bytes,    4720224 total
: 93437K->6280K(109248K), 0.0042807 secs] 189624K->102579K(502464K), 0.0043764 secs] [Times: user=0.00 sys=0.00, real=0.00 secs] 
Heap after GC invocations=328 (full 1):
 par new generation   total 109248K, used 6280K [0x00000000e0000000, 0x00000000e8000000, 0x00000000e8000000)
  eden space 87424K,   0% used [0x00000000e0000000, 0x00000000e0000000, 0x00000000e5560000)
  from space 21824K,  28% used [0x00000000e5560000, 0x00000000e5b82138, 0x00000000e6ab0000)
  to   space 21824K,   0% used [0x00000000e6ab0000, 0x00000000e6ab0000, 0x00000000e8000000)
 concurrent mark-sweep generation total 393216K, used 96299K [0x00000000e8000000, 0x0000000100000000, 0x0000000100000000)
 Metaspace       used 38926K, capacity 40466K, committed 40752K, reserved 1085440K
  class space    used 4558K, capacity 4871K, committed 4912K, reserved 1048576K
}
2019-01-31T15:28:17.532-0200: 22964.333: Total time for which application threads were stopped: 0.0046245 seconds, Stopping threads took: 0.0000378 seconds
{Heap before GC invocations=328 (full 1):
 par new generation   total 109248K, used 93704K [0x00000000e0000000, 0x00000000e8000000, 0x00000000e8000000)
  eden space 87424K, 100% used [0x00000000e0000000, 0x00000000e5560000, 0x00000000e5560000)
  from space 21824K,  28% used [0x00000000e5560000, 0x00000000e5b82138, 0x00000000e6ab0000)
  to   space 21824K,   0% used [0x00000000e6ab0000, 0x00000000e6ab0000, 0x00000000e8000000)
 concurrent mark-sweep generation total 393216K, used 96299K [0x00000000e8000000, 0x0000000100000000, 0x0000000100000000)
 Metaspace       used 38926K, capacity 40466K, committed 40752K, reserved 1085440K
  class space    used 4558K, capacity 4871K, committed 4912K, reserved 1048576K
2019-01-31T15:28:17.614-0200: 22964.416: [GC (Allocation Failure) 2019-01-31T15:28:17.614-0200: 22964.416: [ParNew
Desired survivor size 20112992 bytes, new threshold 8 (max 8)
- age   1:     723816 bytes,     723816 total
- age   2:     236120 bytes,     959936 total
- age   3:     243568 bytes,    1203504 total
- age   4:     402712 bytes,    1606216 total
- age   5:     312968 bytes,    1919184 total
- age   6:     266592 bytes,    2185776 total
- age   7:     254296 bytes,    2440072 total
- age   8:     459816 bytes,    2899888 total
: 93704K->4503K(109248K), 0.0045149 secs] 190003K->102880K(502464K), 0.0045965 secs] [Times: user=0.00 sys=0.00, real=0.00 secs] 
Heap after GC invocations=329 (full 1):
 par new generation   total 109248K, used 4503K [0x00000000e0000000, 0x00000000e8000000, 0x00000000e8000000)
  eden space 87424K,   0% used [0x00000000e0000000, 0x00000000e0000000, 0x00000000e5560000)
  from space 21824K,  20% used [0x00000000e6ab0000, 0x00000000e6f15f80, 0x00000000e8000000)
  to   space 21824K,   0% used [0x00000000e5560000, 0x00000000e5560000, 0x00000000e6ab0000)
 concurrent mark-sweep generation total 393216K, used 98376K [0x00000000e8000000, 0x0000000100000000, 0x0000000100000000)
 Metaspace       used 38926K, capacity 40466K, committed 40752K, reserved 1085440K
  class space    used 4558K, capacity 4871K, committed 4912K, reserved 1048576K
}
2019-01-31T15:28:17.619-0200: 22964.420: Total time for which application threads were stopped: 0.0048447 seconds, Stopping threads took: 0.0000359 seconds
{Heap before GC invocations=329 (full 1):
 par new generation   total 109248K, used 91927K [0x00000000e0000000, 0x00000000e8000000, 0x00000000e8000000)
  eden space 87424K, 100% used [0x00000000e0000000, 0x00000000e5560000, 0x00000000e5560000)
  from space 21824K,  20% used [0x00000000e6ab0000, 0x00000000e6f15f80, 0x00000000e8000000)
  to   space 21824K,   0% used [0x00000000e5560000, 0x00000000e5560000, 0x00000000e6ab0000)
 concurrent mark-sweep generation total 393216K, used 98376K [0x00000000e8000000, 0x0000000100000000, 0x0000000100000000)
 Metaspace       used 38926K, capacity 40466K, committed 40752K, reserved 1085440K
  class space    used 4558K, capacity 4871K, committed 4912K, reserved 1048576K
2019-01-31T15:28:17.694-0200: 22964.495: [GC (Allocation Failure) 2019-01-31T15:28:17.694-0200: 22964.495: [ParNew
Desired survivor size 20112992 bytes, new threshold 8 (max 8)
- age   1:     446624 bytes,     446624 total
- age   2:     608576 bytes,    1055200 total
- age   3:     236120 bytes,    1291320 total
- age   4:     243568 bytes,    1534888 total
- age   5:     402712 bytes,    1937600 total
- age   6:     228464 bytes,    2166064 total
- age   7:     266592 bytes,    2432656 total
- age   8:     254296 bytes,    2686952 total
: 91927K->3042K(109248K), 0.0044734 secs] 190304K->101869K(502464K), 0.0045779 secs] [Times: user=0.00 sys=0.00, real=0.00 secs] 
Heap after GC invocations=330 (full 1):
 par new generation   total 109248K, used 3042K [0x00000000e0000000, 0x00000000e8000000, 0x00000000e8000000)
  eden space 87424K,   0% used [0x00000000e0000000, 0x00000000e0000000, 0x00000000e5560000)
  from space 21824K,  13% used [0x00000000e5560000, 0x00000000e58588b0, 0x00000000e6ab0000)
  to   space 21824K,   0% used [0x00000000e6ab0000, 0x00000000e6ab0000, 0x00000000e8000000)
 concurrent mark-sweep generation total 393216K, used 98826K [0x00000000e8000000, 0x0000000100000000, 0x0000000100000000)
 Metaspace       used 38926K, capacity 40466K, committed 40752K, reserved 1085440K
  class space    used 4558K, capacity 4871K, committed 4912K, reserved 1048576K
}
2019-01-31T15:28:17.699-0200: 22964.500: Total time for which application threads were stopped: 0.0048265 seconds, Stopping threads took: 0.0000383 seconds
2019-01-31T15:28:17.762-0200: 22964.563: Total time for which application threads were stopped: 0.0001330 seconds, Stopping threads took: 0.0000471 seconds
2019-01-31T15:28:17.763-0200: 22964.564: Total time for which application threads were stopped: 0.0001003 seconds, Stopping threads took: 0.0000364 seconds
2019-01-31T15:28:17.764-0200: 22964.565: Total time for which application threads were stopped: 0.0000765 seconds, Stopping threads took: 0.0000289 seconds
2019-01-31T15:28:18.286-0200: 22965.087: Total time for which application threads were stopped: 0.0001274 seconds, Stopping threads took: 0.0000355 seconds
2019-01-31T15:28:18.286-0200: 22965.087: Total time for which application threads were stopped: 0.0000690 seconds, Stopping threads took: 0.0000191 seconds
2019-01-31T15:28:18.286-0200: 22965.087: Total time for which application threads were stopped: 0.0001456 seconds, Stopping threads took: 0.0000928 seconds
2019-01-31T15:28:18.294-0200: 22965.094: Total time for which application threads were stopped: 0.0001274 seconds, Stopping threads took: 0.0000308 seconds
2019-01-31T15:28:18.460-0200: 22965.260: Total time for which application threads were stopped: 0.0001325 seconds, Stopping threads took: 0.0000341 seconds
2019-01-31T15:28:18.460-0200: 22965.261: Total time for which application threads were stopped: 0.0000756 seconds, Stopping threads took: 0.0000205 seconds
2019-01-31T15:28:18.460-0200: 22965.261: Total time for which application threads were stopped: 0.0000648 seconds, Stopping threads took: 0.0000177 seconds
2019-01-31T15:28:18.461-0200: 22965.261: Total time for which application threads were stopped: 0.0000695 seconds, Stopping threads took: 0.0000168 seconds
2019-01-31T15:28:18.461-0200: 22965.262: Total time for which application threads were stopped: 0.0000602 seconds, Stopping threads took: 0.0000149 seconds
2019-01-31T15:28:18.461-0200: 22965.262: Total time for which application threads were stopped: 0.0000588 seconds, Stopping threads took: 0.0000145 seconds
{Heap before GC invocations=330 (full 1):
 par new generation   total 109248K, used 90466K [0x00000000e0000000, 0x00000000e8000000, 0x00000000e8000000)
  eden space 87424K, 100% used [0x00000000e0000000, 0x00000000e5560000, 0x00000000e5560000)
  from space 21824K,  13% used [0x00000000e5560000, 0x00000000e58588b0, 0x00000000e6ab0000)
  to   space 21824K,   0% used [0x00000000e6ab0000, 0x00000000e6ab0000, 0x00000000e8000000)
 concurrent mark-sweep generation total 393216K, used 98826K [0x00000000e8000000, 0x0000000100000000, 0x0000000100000000)
 Metaspace       used 38934K, capacity 40466K, committed 40752K, reserved 1085440K
  class space    used 4558K, capacity 4871K, committed 4912K, reserved 1048576K
2019-01-31T15:28:18.520-0200: 22965.320: [GC (Allocation Failure) 2019-01-31T15:28:18.520-0200: 22965.320: [ParNew
Desired survivor size 20112992 bytes, new threshold 8 (max 8)
- age   1:    1236584 bytes,    1236584 total
- age   2:     329656 bytes,    1566240 total
- age   3:     251184 bytes,    1817424 total
- age   4:     230064 bytes,    2047488 total
- age   5:     242832 bytes,    2290320 total
- age   6:     401792 bytes,    2692112 total
- age   7:     227728 bytes,    2919840 total
- age   8:     265856 bytes,    3185696 total
: 90466K->4292K(109248K), 0.0040573 secs] 189293K->103366K(502464K), 0.0041361 secs] [Times: user=0.00 sys=0.00, real=0.00 secs] 
Heap after GC invocations=331 (full 1):
 par new generation   total 109248K, used 4292K [0x00000000e0000000, 0x00000000e8000000, 0x00000000e8000000)
  eden space 87424K,   0% used [0x00000000e0000000, 0x00000000e0000000, 0x00000000e5560000)
  from space 21824K,  19% used [0x00000000e6ab0000, 0x00000000e6ee1190, 0x00000000e8000000)
  to   space 21824K,   0% used [0x00000000e5560000, 0x00000000e5560000, 0x00000000e6ab0000)
 concurrent mark-sweep generation total 393216K, used 99074K [0x00000000e8000000, 0x0000000100000000, 0x0000000100000000)
 Metaspace       used 38934K, capacity 40466K, committed 40752K, reserved 1085440K
  class space    used 4558K, capacity 4871K, committed 4912K, reserved 1048576K
}
2019-01-31T15:28:18.524-0200: 22965.324: Total time for which application threads were stopped: 0.0043899 seconds, Stopping threads took: 0.0000308 seconds
{Heap before GC invocations=331 (full 1):
 par new generation   total 109248K, used 91716K [0x00000000e0000000, 0x00000000e8000000, 0x00000000e8000000)
  eden space 87424K, 100% used [0x00000000e0000000, 0x00000000e5560000, 0x00000000e5560000)
  from space 21824K,  19% used [0x00000000e6ab0000, 0x00000000e6ee1190, 0x00000000e8000000)
  to   space 21824K,   0% used [0x00000000e5560000, 0x00000000e5560000, 0x00000000e6ab0000)
 concurrent mark-sweep generation total 393216K, used 99074K [0x00000000e8000000, 0x0000000100000000, 0x0000000100000000)
 Metaspace       used 38934K, capacity 40466K, committed 40752K, reserved 1085440K
  class space    used 4558K, capacity 4871K, committed 4912K, reserved 1048576K
2019-01-31T15:28:18.604-0200: 22965.404: [GC (Allocation Failure) 2019-01-31T15:28:18.604-0200: 22965.404: [ParNew
Desired survivor size 20112992 bytes, new threshold 8 (max 8)
- age   1:     544040 bytes,     544040 total
- age   2:    1122896 bytes,    1666936 total
- age   3:     329656 bytes,    1996592 total
- age   4:     251184 bytes,    2247776 total
- age   5:     230064 bytes,    2477840 total
- age   6:     242832 bytes,    2720672 total
- age   7:     401792 bytes,    3122464 total
- age   8:     227728 bytes,    3350192 total
: 91716K->4152K(109248K), 0.0039318 secs] 190790K->103486K(502464K), 0.0040274 secs] [Times: user=0.00 sys=0.00, real=0.00 secs] 
Heap after GC invocations=332 (full 1):
 par new generation   total 109248K, used 4152K [0x00000000e0000000, 0x00000000e8000000, 0x00000000e8000000)
  eden space 87424K,   0% used [0x00000000e0000000, 0x00000000e0000000, 0x00000000e5560000)
  from space 21824K,  19% used [0x00000000e5560000, 0x00000000e596e2b0, 0x00000000e6ab0000)
  to   space 21824K,   0% used [0x00000000e6ab0000, 0x00000000e6ab0000, 0x00000000e8000000)
 concurrent mark-sweep generation total 393216K, used 99334K [0x00000000e8000000, 0x0000000100000000, 0x0000000100000000)
 Metaspace       used 38934K, capacity 40466K, committed 40752K, reserved 1085440K
  class space    used 4558K, capacity 4871K, committed 4912K, reserved 1048576K
}
2019-01-31T15:28:18.608-0200: 22965.408: Total time for which application threads were stopped: 0.0043017 seconds, Stopping threads took: 0.0000508 seconds
{Heap before GC invocations=332 (full 1):
 par new generation   total 109248K, used 91576K [0x00000000e0000000, 0x00000000e8000000, 0x00000000e8000000)
  eden space 87424K, 100% used [0x00000000e0000000, 0x00000000e5560000, 0x00000000e5560000)
  from space 21824K,  19% used [0x00000000e5560000, 0x00000000e596e2b0, 0x00000000e6ab0000)
  to   space 21824K,   0% used [0x00000000e6ab0000, 0x00000000e6ab0000, 0x00000000e8000000)
 concurrent mark-sweep generation total 393216K, used 99334K [0x00000000e8000000, 0x0000000100000000, 0x0000000100000000)
 Metaspace       used 38934K, capacity 40466K, committed 40752K, reserved 1085440K
  class space    used 4558K, capacity 4871K, committed 4912K, reserved 1048576K
2019-01-31T15:28:18.691-0200: 22965.492: [GC (Allocation Failure) 2019-01-31T15:28:18.691-0200: 22965.492: [ParNew
Desired survivor size 20112992 bytes, new threshold 8 (max 8)
- age   1:     545712 bytes,     545712 total
- age   2:     359064 bytes,     904776 total
- age   3:    1122696 bytes,    2027472 total
- age   4:     329656 bytes,    2357128 total
- age   5:     251184 bytes,    2608312 total
- age   6:     230064 bytes,    2838376 total
- age   7:     242832 bytes,    3081208 total
- age   8:     401792 bytes,    3483000 total
: 91576K->4420K(109248K), 0.0048354 secs] 190910K->103976K(502464K), 0.0049324 secs] [Times: user=0.00 sys=0.00, real=0.01 secs] 
Heap after GC invocations=333 (full 1):
 par new generation   total 109248K, used 4420K [0x00000000e0000000, 0x00000000e8000000, 0x00000000e8000000)
  eden space 87424K,   0% used [0x00000000e0000000, 0x00000000e0000000, 0x00000000e5560000)
  from space 21824K,  20% used [0x00000000e6ab0000, 0x00000000e6f01090, 0x00000000e8000000)
  to   space 21824K,   0% used [0x00000000e5560000, 0x00000000e5560000, 0x00000000e6ab0000)
 concurrent mark-sweep generation total 393216K, used 99556K [0x00000000e8000000, 0x0000000100000000, 0x0000000100000000)
 Metaspace       used 38934K, capacity 40466K, committed 40752K, reserved 1085440K
  class space    used 4558K, capacity 4871K, committed 4912K, reserved 1048576K
}
2019-01-31T15:28:18.696-0200: 22965.497: Total time for which application threads were stopped: 0.0051890 seconds, Stopping threads took: 0.0000369 seconds
{Heap before GC invocations=333 (full 1):
 par new generation   total 109248K, used 91844K [0x00000000e0000000, 0x00000000e8000000, 0x00000000e8000000)
  eden space 87424K, 100% used [0x00000000e0000000, 0x00000000e5560000, 0x00000000e5560000)
  from space 21824K,  20% used [0x00000000e6ab0000, 0x00000000e6f01090, 0x00000000e8000000)
  to   space 21824K,   0% used [0x00000000e5560000, 0x00000000e5560000, 0x00000000e6ab0000)
 concurrent mark-sweep generation total 393216K, used 99556K [0x00000000e8000000, 0x0000000100000000, 0x0000000100000000)
 Metaspace       used 38934K, capacity 40466K, committed 40752K, reserved 1085440K
  class space    used 4558K, capacity 4871K, committed 4912K, reserved 1048576K
2019-01-31T15:28:18.776-0200: 22965.576: [GC (Allocation Failure) 2019-01-31T15:28:18.776-0200: 22965.576: [ParNew
Desired survivor size 20112992 bytes, new threshold 8 (max 8)
- age   1:     433072 bytes,     433072 total
- age   2:     347776 bytes,     780848 total
- age   3:     358736 bytes,    1139584 total
- age   4:    1187976 bytes,    2327560 total
- age   5:     329656 bytes,    2657216 total
- age   6:     251184 bytes,    2908400 total
- age   7:     230064 bytes,    3138464 total
- age   8:     242832 bytes,    3381296 total
: 91844K->4360K(109248K), 0.0048769 secs] 191400K->104309K(502464K), 0.0049600 secs] [Times: user=0.00 sys=0.00, real=0.00 secs] 
Heap after GC invocations=334 (full 1):
 par new generation   total 109248K, used 4360K [0x00000000e0000000, 0x00000000e8000000, 0x00000000e8000000)
  eden space 87424K,   0% used [0x00000000e0000000, 0x00000000e0000000, 0x00000000e5560000)
  from space 21824K,  19% used [0x00000000e5560000, 0x00000000e59a2110, 0x00000000e6ab0000)
  to   space 21824K,   0% used [0x00000000e6ab0000, 0x00000000e6ab0000, 0x00000000e8000000)
 concurrent mark-sweep generation total 393216K, used 99948K [0x00000000e8000000, 0x0000000100000000, 0x0000000100000000)
 Metaspace       used 38934K, capacity 40466K, committed 40752K, reserved 1085440K
  class space    used 4558K, capacity 4871K, committed 4912K, reserved 1048576K
}
2019-01-31T15:28:18.781-0200: 22965.581: Total time for which application threads were stopped: 0.0052217 seconds, Stopping threads took: 0.0000355 seconds
{Heap before GC invocations=334 (full 1):
 par new generation   total 109248K, used 91784K [0x00000000e0000000, 0x00000000e8000000, 0x00000000e8000000)
  eden space 87424K, 100% used [0x00000000e0000000, 0x00000000e5560000, 0x00000000e5560000)
  from space 21824K,  19% used [0x00000000e5560000, 0x00000000e59a2110, 0x00000000e6ab0000)
  to   space 21824K,   0% used [0x00000000e6ab0000, 0x00000000e6ab0000, 0x00000000e8000000)
 concurrent mark-sweep generation total 393216K, used 99948K [0x00000000e8000000, 0x0000000100000000, 0x0000000100000000)
 Metaspace       used 38934K, capacity 40466K, committed 40752K, reserved 1085440K
  class space    used 4558K, capacity 4871K, committed 4912K, reserved 1048576K
2019-01-31T15:28:18.860-0200: 22965.661: [GC (Allocation Failure) 2019-01-31T15:28:18.860-0200: 22965.661: [ParNew
Desired survivor size 20112992 bytes, new threshold 8 (max 8)
- age   1:     525240 bytes,     525240 total
- age   2:     211928 bytes,     737168 total
- age   3:     346688 bytes,    1083856 total
- age   4:     358736 bytes,    1442592 total
- age   5:    1122368 bytes,    2564960 total
- age   6:     329656 bytes,    2894616 total
- age   7:     251184 bytes,    3145800 total
- age   8:     230064 bytes,    3375864 total
: 91784K->4243K(109248K), 0.0048186 secs] 191733K->104429K(502464K), 0.0049054 secs] [Times: user=0.06 sys=0.00, real=0.01 secs] 
Heap after GC invocations=335 (full 1):
 par new generation   total 109248K, used 4243K [0x00000000e0000000, 0x00000000e8000000, 0x00000000e8000000)
  eden space 87424K,   0% used [0x00000000e0000000, 0x00000000e0000000, 0x00000000e5560000)
  from space 21824K,  19% used [0x00000000e6ab0000, 0x00000000e6ed4d58, 0x00000000e8000000)
  to   space 21824K,   0% used [0x00000000e5560000, 0x00000000e5560000, 0x00000000e6ab0000)
 concurrent mark-sweep generation total 393216K, used 100185K [0x00000000e8000000, 0x0000000100000000, 0x0000000100000000)
 Metaspace       used 38934K, capacity 40466K, committed 40752K, reserved 1085440K
  class space    used 4558K, capacity 4871K, committed 4912K, reserved 1048576K
}
2019-01-31T15:28:18.865-0200: 22965.666: Total time for which application threads were stopped: 0.0051536 seconds, Stopping threads took: 0.0000350 seconds
2019-01-31T15:28:18.893-0200: 22965.693: Total time for which application threads were stopped: 0.0001190 seconds, Stopping threads took: 0.0000313 seconds
2019-01-31T15:28:18.894-0200: 22965.695: Total time for which application threads were stopped: 0.0000891 seconds, Stopping threads took: 0.0000219 seconds
2019-01-31T15:28:18.894-0200: 22965.695: Total time for which application threads were stopped: 0.0000606 seconds, Stopping threads took: 0.0000154 seconds
2019-01-31T15:28:19.146-0200: 22965.948: Total time for which application threads were stopped: 0.0001185 seconds, Stopping threads took: 0.0000313 seconds
2019-01-31T15:28:19.146-0200: 22965.948: Total time for which application threads were stopped: 0.0000681 seconds, Stopping threads took: 0.0000201 seconds
2019-01-31T15:28:19.147-0200: 22965.948: Total time for which application threads were stopped: 0.0000975 seconds, Stopping threads took: 0.0000373 seconds
2019-01-31T15:28:19.153-0200: 22965.954: Total time for which application threads were stopped: 0.0001250 seconds, Stopping threads took: 0.0000280 seconds
2019-01-31T15:28:19.264-0200: 22966.065: Total time for which application threads were stopped: 0.0001330 seconds, Stopping threads took: 0.0000355 seconds
2019-01-31T15:28:19.264-0200: 22966.066: Total time for which application threads were stopped: 0.0000756 seconds, Stopping threads took: 0.0000233 seconds
2019-01-31T15:28:19.265-0200: 22966.066: Total time for which application threads were stopped: 0.0000928 seconds, Stopping threads took: 0.0000364 seconds
2019-01-31T15:28:19.265-0200: 22966.066: Total time for which application threads were stopped: 0.0000695 seconds, Stopping threads took: 0.0000168 seconds
2019-01-31T15:28:19.265-0200: 22966.067: Total time for which application threads were stopped: 0.0000648 seconds, Stopping threads took: 0.0000168 seconds
{Heap before GC invocations=335 (full 1):
 par new generation   total 109248K, used 91667K [0x00000000e0000000, 0x00000000e8000000, 0x00000000e8000000)
  eden space 87424K, 100% used [0x00000000e0000000, 0x00000000e5560000, 0x00000000e5560000)
  from space 21824K,  19% used [0x00000000e6ab0000, 0x00000000e6ed4d58, 0x00000000e8000000)
  to   space 21824K,   0% used [0x00000000e5560000, 0x00000000e5560000, 0x00000000e6ab0000)
 concurrent mark-sweep generation total 393216K, used 100185K [0x00000000e8000000, 0x0000000100000000, 0x0000000100000000)
 Metaspace       used 38970K, capacity 40466K, committed 40752K, reserved 1085440K
  class space    used 4558K, capacity 4871K, committed 4912K, reserved 1048576K
2019-01-31T15:28:19.362-0200: 22966.163: [GC (Allocation Failure) 2019-01-31T15:28:19.362-0200: 22966.163: [ParNew
Desired survivor size 20112992 bytes, new threshold 8 (max 8)
- age   1:     868624 bytes,     868624 total
- age   6:     810680 bytes,    1679304 total
- age   7:     329656 bytes,    2008960 total
- age   8:     251184 bytes,    2260144 total
: 91667K->3095K(109248K), 0.0039518 secs] 191853K->103506K(502464K), 0.0040521 secs] [Times: user=0.00 sys=0.00, real=0.00 secs] 
Heap after GC invocations=336 (full 1):
 par new generation   total 109248K, used 3095K [0x00000000e0000000, 0x00000000e8000000, 0x00000000e8000000)
  eden space 87424K,   0% used [0x00000000e0000000, 0x00000000e0000000, 0x00000000e5560000)
  from space 21824K,  14% used [0x00000000e5560000, 0x00000000e5865e30, 0x00000000e6ab0000)
  to   space 21824K,   0% used [0x00000000e6ab0000, 0x00000000e6ab0000, 0x00000000e8000000)
 concurrent mark-sweep generation total 393216K, used 100410K [0x00000000e8000000, 0x0000000100000000, 0x0000000100000000)
 Metaspace       used 38970K, capacity 40466K, committed 40752K, reserved 1085440K
  class space    used 4558K, capacity 4871K, committed 4912K, reserved 1048576K
}
2019-01-31T15:28:19.366-0200: 22966.167: Total time for which application threads were stopped: 0.0043535 seconds, Stopping threads took: 0.0000653 seconds
{Heap before GC invocations=336 (full 1):
 par new generation   total 109248K, used 90519K [0x00000000e0000000, 0x00000000e8000000, 0x00000000e8000000)
  eden space 87424K, 100% used [0x00000000e0000000, 0x00000000e5560000, 0x00000000e5560000)
  from space 21824K,  14% used [0x00000000e5560000, 0x00000000e5865e30, 0x00000000e6ab0000)
  to   space 21824K,   0% used [0x00000000e6ab0000, 0x00000000e6ab0000, 0x00000000e8000000)
 concurrent mark-sweep generation total 393216K, used 100410K [0x00000000e8000000, 0x0000000100000000, 0x0000000100000000)
 Metaspace       used 38970K, capacity 40466K, committed 40752K, reserved 1085440K
  class space    used 4558K, capacity 4871K, committed 4912K, reserved 1048576K
2019-01-31T15:28:19.447-0200: 22966.248: [GC (Allocation Failure) 2019-01-31T15:28:19.447-0200: 22966.248: [ParNew
Desired survivor size 20112992 bytes, new threshold 8 (max 8)
- age   1:     599424 bytes,     599424 total
- age   2:     678728 bytes,    1278152 total
- age   7:     809768 bytes,    2087920 total
- age   8:     329656 bytes,    2417576 total
: 90519K->2930K(109248K), 0.0046866 secs] 190930K->103585K(502464K), 0.0047878 secs] [Times: user=0.00 sys=0.00, real=0.00 secs] 
Heap after GC invocations=337 (full 1):
 par new generation   total 109248K, used 2930K [0x00000000e0000000, 0x00000000e8000000, 0x00000000e8000000)
  eden space 87424K,   0% used [0x00000000e0000000, 0x00000000e0000000, 0x00000000e5560000)
  from space 21824K,  13% used [0x00000000e6ab0000, 0x00000000e6d8c808, 0x00000000e8000000)
  to   space 21824K,   0% used [0x00000000e5560000, 0x00000000e5560000, 0x00000000e6ab0000)
 concurrent mark-sweep generation total 393216K, used 100655K [0x00000000e8000000, 0x0000000100000000, 0x0000000100000000)
 Metaspace       used 38970K, capacity 40466K, committed 40752K, reserved 1085440K
  class space    used 4558K, capacity 4871K, committed 4912K, reserved 1048576K
}
2019-01-31T15:28:19.451-0200: 22966.252: Total time for which application threads were stopped: 0.0050495 seconds, Stopping threads took: 0.0000331 seconds
{Heap before GC invocations=337 (full 1):
 par new generation   total 109248K, used 90354K [0x00000000e0000000, 0x00000000e8000000, 0x00000000e8000000)
  eden space 87424K, 100% used [0x00000000e0000000, 0x00000000e5560000, 0x00000000e5560000)
  from space 21824K,  13% used [0x00000000e6ab0000, 0x00000000e6d8c808, 0x00000000e8000000)
  to   space 21824K,   0% used [0x00000000e5560000, 0x00000000e5560000, 0x00000000e6ab0000)
 concurrent mark-sweep generation total 393216K, used 100655K [0x00000000e8000000, 0x0000000100000000, 0x0000000100000000)
 Metaspace       used 38970K, capacity 40466K, committed 40752K, reserved 1085440K
  class space    used 4558K, capacity 4871K, committed 4912K, reserved 1048576K
2019-01-31T15:28:19.526-0200: 22966.327: [GC (Allocation Failure) 2019-01-31T15:28:19.526-0200: 22966.327: [ParNew
Desired survivor size 20112992 bytes, new threshold 8 (max 8)
- age   1:     439800 bytes,     439800 total
- age   2:     406416 bytes,     846216 total
- age   3:     678488 bytes,    1524704 total
- age   8:     809768 bytes,    2334472 total
: 90354K->2906K(109248K), 0.0041664 secs] 191009K->103884K(502464K), 0.0042523 secs] [Times: user=0.00 sys=0.00, real=0.00 secs] 
Heap after GC invocations=338 (full 1):
 par new generation   total 109248K, used 2906K [0x00000000e0000000, 0x00000000e8000000, 0x00000000e8000000)
  eden space 87424K,   0% used [0x00000000e0000000, 0x00000000e0000000, 0x00000000e5560000)
  from space 21824K,  13% used [0x00000000e5560000, 0x00000000e5836b30, 0x00000000e6ab0000)
  to   space 21824K,   0% used [0x00000000e6ab0000, 0x00000000e6ab0000, 0x00000000e8000000)
 concurrent mark-sweep generation total 393216K, used 100977K [0x00000000e8000000, 0x0000000100000000, 0x0000000100000000)
 Metaspace       used 38970K, capacity 40466K, committed 40752K, reserved 1085440K
  class space    used 4558K, capacity 4871K, committed 4912K, reserved 1048576K
}
2019-01-31T15:28:19.531-0200: 22966.332: Total time for which application threads were stopped: 0.0045018 seconds, Stopping threads took: 0.0000350 seconds
{Heap before GC invocations=338 (full 1):
 par new generation   total 109248K, used 90330K [0x00000000e0000000, 0x00000000e8000000, 0x00000000e8000000)
  eden space 87424K, 100% used [0x00000000e0000000, 0x00000000e5560000, 0x00000000e5560000)
  from space 21824K,  13% used [0x00000000e5560000, 0x00000000e5836b30, 0x00000000e6ab0000)
  to   space 21824K,   0% used [0x00000000e6ab0000, 0x00000000e6ab0000, 0x00000000e8000000)
 concurrent mark-sweep generation total 393216K, used 100977K [0x00000000e8000000, 0x0000000100000000, 0x0000000100000000)
 Metaspace       used 38970K, capacity 40466K, committed 40752K, reserved 1085440K
  class space    used 4558K, capacity 4871K, committed 4912K, reserved 1048576K
2019-01-31T15:28:19.616-0200: 22966.417: [GC (Allocation Failure) 2019-01-31T15:28:19.616-0200: 22966.417: [ParNew
Desired survivor size 20112992 bytes, new threshold 8 (max 8)
- age   1:     509856 bytes,     509856 total
- age   2:     188560 bytes,     698416 total
- age   3:     405736 bytes,    1104152 total
- age   4:     678352 bytes,    1782504 total
: 90330K->2389K(109248K), 0.0037941 secs] 191308K->104159K(502464K), 0.0038926 secs] [Times: user=0.00 sys=0.00, real=0.00 secs] 
Heap after GC invocations=339 (full 1):
 par new generation   total 109248K, used 2389K [0x00000000e0000000, 0x00000000e8000000, 0x00000000e8000000)
  eden space 87424K,   0% used [0x00000000e0000000, 0x00000000e0000000, 0x00000000e5560000)
  from space 21824K,  10% used [0x00000000e6ab0000, 0x00000000e6d05548, 0x00000000e8000000)
  to   space 21824K,   0% used [0x00000000e5560000, 0x00000000e5560000, 0x00000000e6ab0000)
 concurrent mark-sweep generation total 393216K, used 101770K [0x00000000e8000000, 0x0000000100000000, 0x0000000100000000)
 Metaspace       used 38970K, capacity 40466K, committed 40752K, reserved 1085440K
  class space    used 4558K, capacity 4871K, committed 4912K, reserved 1048576K
}
2019-01-31T15:28:19.620-0200: 22966.421: Total time for which application threads were stopped: 0.0041515 seconds, Stopping threads took: 0.0000378 seconds
2019-01-31T15:28:19.694-0200: 22966.495: Total time for which application threads were stopped: 0.0001600 seconds, Stopping threads took: 0.0000732 seconds
2019-01-31T15:28:19.695-0200: 22966.496: Total time for which application threads were stopped: 0.0001190 seconds, Stopping threads took: 0.0000369 seconds
2019-01-31T15:28:19.695-0200: 22966.496: Total time for which application threads were stopped: 0.0000676 seconds, Stopping threads took: 0.0000219 seconds
2019-01-31T15:28:19.880-0200: 22966.681: Total time for which application threads were stopped: 0.0001250 seconds, Stopping threads took: 0.0000322 seconds
2019-01-31T15:28:19.881-0200: 22966.681: Total time for which application threads were stopped: 0.0000942 seconds, Stopping threads took: 0.0000373 seconds
2019-01-31T15:28:19.881-0200: 22966.681: Total time for which application threads were stopped: 0.0000793 seconds, Stopping threads took: 0.0000294 seconds
2019-01-31T15:28:19.887-0200: 22966.687: Total time for which application threads were stopped: 0.0001250 seconds, Stopping threads took: 0.0000322 seconds
2019-01-31T15:28:20.190-0200: 22966.992: Total time for which application threads were stopped: 0.0001838 seconds, Stopping threads took: 0.0000812 seconds
2019-01-31T15:28:20.218-0200: 22967.019: Total time for which application threads were stopped: 0.0001572 seconds, Stopping threads took: 0.0000690 seconds
2019-01-31T15:28:20.218-0200: 22967.019: Total time for which application threads were stopped: 0.0000933 seconds, Stopping threads took: 0.0000448 seconds
2019-01-31T15:28:20.218-0200: 22967.019: Total time for which application threads were stopped: 0.0000602 seconds, Stopping threads took: 0.0000168 seconds
2019-01-31T15:28:20.219-0200: 22967.020: Total time for which application threads were stopped: 0.0000606 seconds, Stopping threads took: 0.0000159 seconds
2019-01-31T15:28:20.219-0200: 22967.020: Total time for which application threads were stopped: 0.0000602 seconds, Stopping threads took: 0.0000149 seconds
2019-01-31T15:28:20.219-0200: 22967.020: Total time for which application threads were stopped: 0.0000588 seconds, Stopping threads took: 0.0000149 seconds
2019-01-31T15:28:20.219-0200: 22967.021: Total time for which application threads were stopped: 0.0000588 seconds, Stopping threads took: 0.0000145 seconds
{Heap before GC invocations=339 (full 1):
 par new generation   total 109248K, used 89813K [0x00000000e0000000, 0x00000000e8000000, 0x00000000e8000000)
  eden space 87424K, 100% used [0x00000000e0000000, 0x00000000e5560000, 0x00000000e5560000)
  from space 21824K,  10% used [0x00000000e6ab0000, 0x00000000e6d05548, 0x00000000e8000000)
  to   space 21824K,   0% used [0x00000000e5560000, 0x00000000e5560000, 0x00000000e6ab0000)
 concurrent mark-sweep generation total 393216K, used 101770K [0x00000000e8000000, 0x0000000100000000, 0x0000000100000000)
 Metaspace       used 38987K, capacity 40530K, committed 40752K, reserved 1085440K
  class space    used 4558K, capacity 4871K, committed 4912K, reserved 1048576K
2019-01-31T15:28:20.271-0200: 22967.072: [GC (Allocation Failure) 2019-01-31T15:28:20.271-0200: 22967.072: [ParNew
Desired survivor size 20112992 bytes, new threshold 8 (max 8)
- age   1:     540624 bytes,     540624 total
- age   5:     179888 bytes,     720512 total
: 89813K->915K(109248K), 0.0038203 secs] 191583K->102685K(502464K), 0.0039150 secs] [Times: user=0.00 sys=0.00, real=0.00 secs] 
Heap after GC invocations=340 (full 1):
 par new generation   total 109248K, used 915K [0x00000000e0000000, 0x00000000e8000000, 0x00000000e8000000)
  eden space 87424K,   0% used [0x00000000e0000000, 0x00000000e0000000, 0x00000000e5560000)
  from space 21824K,   4% used [0x00000000e5560000, 0x00000000e5644e68, 0x00000000e6ab0000)
  to   space 21824K,   0% used [0x00000000e6ab0000, 0x00000000e6ab0000, 0x00000000e8000000)
 concurrent mark-sweep generation total 393216K, used 101770K [0x00000000e8000000, 0x0000000100000000, 0x0000000100000000)
 Metaspace       used 38987K, capacity 40530K, committed 40752K, reserved 1085440K
  class space    used 4558K, capacity 4871K, committed 4912K, reserved 1048576K
}
2019-01-31T15:28:20.275-0200: 22967.076: Total time for which application threads were stopped: 0.0041599 seconds, Stopping threads took: 0.0000350 seconds
{Heap before GC invocations=340 (full 1):
 par new generation   total 109248K, used 88339K [0x00000000e0000000, 0x00000000e8000000, 0x00000000e8000000)
  eden space 87424K, 100% used [0x00000000e0000000, 0x00000000e5560000, 0x00000000e5560000)
  from space 21824K,   4% used [0x00000000e5560000, 0x00000000e5644e68, 0x00000000e6ab0000)
  to   space 21824K,   0% used [0x00000000e6ab0000, 0x00000000e6ab0000, 0x00000000e8000000)
 concurrent mark-sweep generation total 393216K, used 101770K [0x00000000e8000000, 0x0000000100000000, 0x0000000100000000)
 Metaspace       used 38987K, capacity 40530K, committed 40752K, reserved 1085440K
  class space    used 4558K, capacity 4871K, committed 4912K, reserved 1048576K
2019-01-31T15:28:20.352-0200: 22967.153: [GC (Allocation Failure) 2019-01-31T15:28:20.352-0200: 22967.153: [ParNew
Desired survivor size 20112992 bytes, new threshold 8 (max 8)
- age   1:     650240 bytes,     650240 total
- age   2:     391896 bytes,    1042136 total
- age   6:     178976 bytes,    1221112 total
: 88339K->1396K(109248K), 0.0040433 secs] 190109K->103166K(502464K), 0.0041347 secs] [Times: user=0.00 sys=0.00, real=0.00 secs] 
Heap after GC invocations=341 (full 1):
 par new generation   total 109248K, used 1396K [0x00000000e0000000, 0x00000000e8000000, 0x00000000e8000000)
  eden space 87424K,   0% used [0x00000000e0000000, 0x00000000e0000000, 0x00000000e5560000)
  from space 21824K,   6% used [0x00000000e6ab0000, 0x00000000e6c0d398, 0x00000000e8000000)
  to   space 21824K,   0% used [0x00000000e5560000, 0x00000000e5560000, 0x00000000e6ab0000)
 concurrent mark-sweep generation total 393216K, used 101770K [0x00000000e8000000, 0x0000000100000000, 0x0000000100000000)
 Metaspace       used 38987K, capacity 40530K, committed 40752K, reserved 1085440K
  class space    used 4558K, capacity 4871K, committed 4912K, reserved 1048576K
}
2019-01-31T15:28:20.356-0200: 22967.157: Total time for which application threads were stopped: 0.0043834 seconds, Stopping threads took: 0.0000359 seconds
{Heap before GC invocations=341 (full 1):
 par new generation   total 109248K, used 88820K [0x00000000e0000000, 0x00000000e8000000, 0x00000000e8000000)
  eden space 87424K, 100% used [0x00000000e0000000, 0x00000000e5560000, 0x00000000e5560000)
  from space 21824K,   6% used [0x00000000e6ab0000, 0x00000000e6c0d398, 0x00000000e8000000)
  to   space 21824K,   0% used [0x00000000e5560000, 0x00000000e5560000, 0x00000000e6ab0000)
 concurrent mark-sweep generation total 393216K, used 101770K [0x00000000e8000000, 0x0000000100000000, 0x0000000100000000)
 Metaspace       used 38987K, capacity 40530K, committed 40752K, reserved 1085440K
  class space    used 4558K, capacity 4871K, committed 4912K, reserved 1048576K
2019-01-31T15:28:20.437-0200: 22967.238: [GC (Allocation Failure) 2019-01-31T15:28:20.437-0200: 22967.238: [ParNew
Desired survivor size 20112992 bytes, new threshold 8 (max 8)
- age   1:     546776 bytes,     546776 total
- age   2:     446600 bytes,     993376 total
- age   3:     391896 bytes,    1385272 total
- age   7:     178976 bytes,    1564248 total
: 88820K->1667K(109248K), 0.0037867 secs] 190590K->103437K(502464K), 0.0039364 secs] [Times: user=0.06 sys=0.00, real=0.00 secs] 
Heap after GC invocations=342 (full 1):
 par new generation   total 109248K, used 1667K [0x00000000e0000000, 0x00000000e8000000, 0x00000000e8000000)
  eden space 87424K,   0% used [0x00000000e0000000, 0x00000000e0000000, 0x00000000e5560000)
  from space 21824K,   7% used [0x00000000e5560000, 0x00000000e5700d10, 0x00000000e6ab0000)
  to   space 21824K,   0% used [0x00000000e6ab0000, 0x00000000e6ab0000, 0x00000000e8000000)
 concurrent mark-sweep generation total 393216K, used 101770K [0x00000000e8000000, 0x0000000100000000, 0x0000000100000000)
 Metaspace       used 38987K, capacity 40530K, committed 40752K, reserved 1085440K
  class space    used 4558K, capacity 4871K, committed 4912K, reserved 1048576K
}
2019-01-31T15:28:20.441-0200: 22967.242: Total time for which application threads were stopped: 0.0041902 seconds, Stopping threads took: 0.0000355 seconds
{Heap before GC invocations=342 (full 1):
 par new generation   total 109248K, used 89091K [0x00000000e0000000, 0x00000000e8000000, 0x00000000e8000000)
  eden space 87424K, 100% used [0x00000000e0000000, 0x00000000e5560000, 0x00000000e5560000)
  from space 21824K,   7% used [0x00000000e5560000, 0x00000000e5700d10, 0x00000000e6ab0000)
  to   space 21824K,   0% used [0x00000000e6ab0000, 0x00000000e6ab0000, 0x00000000e8000000)
 concurrent mark-sweep generation total 393216K, used 101770K [0x00000000e8000000, 0x0000000100000000, 0x0000000100000000)
 Metaspace       used 38987K, capacity 40530K, committed 40752K, reserved 1085440K
  class space    used 4558K, capacity 4871K, committed 4912K, reserved 1048576K
2019-01-31T15:28:20.521-0200: 22967.322: [GC (Allocation Failure) 2019-01-31T15:28:20.521-0200: 22967.322: [ParNew
Desired survivor size 20112992 bytes, new threshold 8 (max 8)
- age   1:     457360 bytes,     457360 total
- age   2:     344912 bytes,     802272 total
- age   3:     446600 bytes,    1248872 total
- age   4:     391624 bytes,    1640496 total
- age   8:     178976 bytes,    1819472 total
: 89091K->2131K(109248K), 0.0041417 secs] 190861K->103901K(502464K), 0.0042490 secs] [Times: user=0.00 sys=0.00, real=0.00 secs] 
Heap after GC invocations=343 (full 1):
 par new generation   total 109248K, used 2131K [0x00000000e0000000, 0x00000000e8000000, 0x00000000e8000000)
  eden space 87424K,   0% used [0x00000000e0000000, 0x00000000e0000000, 0x00000000e5560000)
  from space 21824K,   9% used [0x00000000e6ab0000, 0x00000000e6cc4e68, 0x00000000e8000000)
  to   space 21824K,   0% used [0x00000000e5560000, 0x00000000e5560000, 0x00000000e6ab0000)
 concurrent mark-sweep generation total 393216K, used 101770K [0x00000000e8000000, 0x0000000100000000, 0x0000000100000000)
 Metaspace       used 38987K, capacity 40530K, committed 40752K, reserved 1085440K
  class space    used 4558K, capacity 4871K, committed 4912K, reserved 1048576K
}
2019-01-31T15:28:20.525-0200: 22967.326: Total time for which application threads were stopped: 0.0045084 seconds, Stopping threads took: 0.0000345 seconds
{Heap before GC invocations=343 (full 1):
 par new generation   total 109248K, used 89555K [0x00000000e0000000, 0x00000000e8000000, 0x00000000e8000000)
  eden space 87424K, 100% used [0x00000000e0000000, 0x00000000e5560000, 0x00000000e5560000)
  from space 21824K,   9% used [0x00000000e6ab0000, 0x00000000e6cc4e68, 0x00000000e8000000)
  to   space 21824K,   0% used [0x00000000e5560000, 0x00000000e5560000, 0x00000000e6ab0000)
 concurrent mark-sweep generation total 393216K, used 101770K [0x00000000e8000000, 0x0000000100000000, 0x0000000100000000)
 Metaspace       used 38987K, capacity 40530K, committed 40752K, reserved 1085440K
  class space    used 4558K, capacity 4871K, committed 4912K, reserved 1048576K
2019-01-31T15:28:20.601-0200: 22967.402: [GC (Allocation Failure) 2019-01-31T15:28:20.601-0200: 22967.402: [ParNew
Desired survivor size 20112992 bytes, new threshold 8 (max 8)
- age   1:     467056 bytes,     467056 total
- age   2:     226008 bytes,     693064 total
- age   3:     343496 bytes,    1036560 total
- age   4:     446600 bytes,    1483160 total
- age   5:     391568 bytes,    1874728 total
: 89555K->2112K(109248K), 0.0050640 secs] 191325K->104058K(502464K), 0.0052296 secs] [Times: user=0.00 sys=0.00, real=0.01 secs] 
Heap after GC invocations=344 (full 1):
 par new generation   total 109248K, used 2112K [0x00000000e0000000, 0x00000000e8000000, 0x00000000e8000000)
  eden space 87424K,   0% used [0x00000000e0000000, 0x00000000e0000000, 0x00000000e5560000)
  from space 21824K,   9% used [0x00000000e5560000, 0x00000000e57701f0, 0x00000000e6ab0000)
  to   space 21824K,   0% used [0x00000000e6ab0000, 0x00000000e6ab0000, 0x00000000e8000000)
 concurrent mark-sweep generation total 393216K, used 101945K [0x00000000e8000000, 0x0000000100000000, 0x0000000100000000)
 Metaspace       used 38987K, capacity 40530K, committed 40752K, reserved 1085440K
  class space    used 4558K, capacity 4871K, committed 4912K, reserved 1048576K
}
2019-01-31T15:28:20.607-0200: 22967.408: Total time for which application threads were stopped: 0.0054867 seconds, Stopping threads took: 0.0000350 seconds
2019-01-31T15:28:20.645-0200: 22967.446: Total time for which application threads were stopped: 0.0001367 seconds, Stopping threads took: 0.0000476 seconds
2019-01-31T15:28:20.646-0200: 22967.447: Total time for which application threads were stopped: 0.0000751 seconds, Stopping threads took: 0.0000177 seconds
2019-01-31T15:28:20.647-0200: 22967.447: Total time for which application threads were stopped: 0.0002263 seconds, Stopping threads took: 0.0000173 seconds
2019-01-31T15:28:20.886-0200: 22967.687: Total time for which application threads were stopped: 0.0001642 seconds, Stopping threads took: 0.0000774 seconds
2019-01-31T15:28:20.886-0200: 22967.687: Total time for which application threads were stopped: 0.0002510 seconds, Stopping threads took: 0.0000662 seconds
2019-01-31T15:28:20.887-0200: 22967.687: Total time for which application threads were stopped: 0.0001521 seconds, Stopping threads took: 0.0000994 seconds
2019-01-31T15:28:20.893-0200: 22967.694: Total time for which application threads were stopped: 0.0001320 seconds, Stopping threads took: 0.0000322 seconds
2019-01-31T15:28:20.973-0200: 22967.774: Total time for which application threads were stopped: 0.0001246 seconds, Stopping threads took: 0.0000317 seconds
2019-01-31T15:28:21.000-0200: 22967.801: Total time for which application threads were stopped: 0.0001190 seconds, Stopping threads took: 0.0000336 seconds
2019-01-31T15:28:21.000-0200: 22967.801: Total time for which application threads were stopped: 0.0001288 seconds, Stopping threads took: 0.0000742 seconds
2019-01-31T15:28:21.000-0200: 22967.801: Total time for which application threads were stopped: 0.0000681 seconds, Stopping threads took: 0.0000177 seconds
2019-01-31T15:28:21.001-0200: 22967.802: Total time for which application threads were stopped: 0.0001386 seconds, Stopping threads took: 0.0000784 seconds
2019-01-31T15:28:21.001-0200: 22967.802: Total time for which application threads were stopped: 0.0001260 seconds, Stopping threads took: 0.0000681 seconds
2019-01-31T15:28:21.001-0200: 22967.802: Total time for which application threads were stopped: 0.0000737 seconds, Stopping threads took: 0.0000233 seconds
2019-01-31T15:28:21.002-0200: 22967.803: Total time for which application threads were stopped: 0.0001120 seconds, Stopping threads took: 0.0000592 seconds
{Heap before GC invocations=344 (full 1):
 par new generation   total 109248K, used 89536K [0x00000000e0000000, 0x00000000e8000000, 0x00000000e8000000)
  eden space 87424K, 100% used [0x00000000e0000000, 0x00000000e5560000, 0x00000000e5560000)
  from space 21824K,   9% used [0x00000000e5560000, 0x00000000e57701f0, 0x00000000e6ab0000)
  to   space 21824K,   0% used [0x00000000e6ab0000, 0x00000000e6ab0000, 0x00000000e8000000)
 concurrent mark-sweep generation total 393216K, used 101945K [0x00000000e8000000, 0x0000000100000000, 0x0000000100000000)
 Metaspace       used 38992K, capacity 40530K, committed 40752K, reserved 1085440K
  class space    used 4558K, capacity 4871K, committed 4912K, reserved 1048576K
2019-01-31T15:28:21.090-0200: 22967.891: [GC (Allocation Failure) 2019-01-31T15:28:21.090-0200: 22967.891: [ParNew
Desired survivor size 20112992 bytes, new threshold 8 (max 8)
- age   1:     775488 bytes,     775488 total
- age   5:      66784 bytes,     842272 total
- age   6:     113640 bytes,     955912 total
: 89536K->1593K(109248K), 0.0041702 secs] 191482K->103539K(502464K), 0.0043409 secs] [Times: user=0.00 sys=0.00, real=0.00 secs] 
Heap after GC invocations=345 (full 1):
 par new generation   total 109248K, used 1593K [0x00000000e0000000, 0x00000000e8000000, 0x00000000e8000000)
  eden space 87424K,   0% used [0x00000000e0000000, 0x00000000e0000000, 0x00000000e5560000)
  from space 21824K,   7% used [0x00000000e6ab0000, 0x00000000e6c3e448, 0x00000000e8000000)
  to   space 21824K,   0% used [0x00000000e5560000, 0x00000000e5560000, 0x00000000e6ab0000)
 concurrent mark-sweep generation total 393216K, used 101945K [0x00000000e8000000, 0x0000000100000000, 0x0000000100000000)
 Metaspace       used 38992K, capacity 40530K, committed 40752K, reserved 1085440K
  class space    used 4558K, capacity 4871K, committed 4912K, reserved 1048576K
}
2019-01-31T15:28:21.094-0200: 22967.895: Total time for which application threads were stopped: 0.0046021 seconds, Stopping threads took: 0.0000443 seconds
{Heap before GC invocations=345 (full 1):
 par new generation   total 109248K, used 89017K [0x00000000e0000000, 0x00000000e8000000, 0x00000000e8000000)
  eden space 87424K, 100% used [0x00000000e0000000, 0x00000000e5560000, 0x00000000e5560000)
  from space 21824K,   7% used [0x00000000e6ab0000, 0x00000000e6c3e448, 0x00000000e8000000)
  to   space 21824K,   0% used [0x00000000e5560000, 0x00000000e5560000, 0x00000000e6ab0000)
 concurrent mark-sweep generation total 393216K, used 101945K [0x00000000e8000000, 0x0000000100000000, 0x0000000100000000)
 Metaspace       used 38992K, capacity 40530K, committed 40752K, reserved 1085440K
  class space    used 4558K, capacity 4871K, committed 4912K, reserved 1048576K
2019-01-31T15:28:21.174-0200: 22967.975: [GC (Allocation Failure) 2019-01-31T15:28:21.174-0200: 22967.975: [ParNew
Desired survivor size 20112992 bytes, new threshold 8 (max 8)
- age   1:     633184 bytes,     633184 total
- age   2:     631984 bytes,    1265168 total
- age   6:      66784 bytes,    1331952 total
- age   7:     112728 bytes,    1444680 total
: 89017K->1657K(109248K), 0.0049469 secs] 190963K->103603K(502464K), 0.0050262 secs] [Times: user=0.00 sys=0.00, real=0.00 secs] 
Heap after GC invocations=346 (full 1):
 par new generation   total 109248K, used 1657K [0x00000000e0000000, 0x00000000e8000000, 0x00000000e8000000)
  eden space 87424K,   0% used [0x00000000e0000000, 0x00000000e0000000, 0x00000000e5560000)
  from space 21824K,   7% used [0x00000000e5560000, 0x00000000e56fe7e0, 0x00000000e6ab0000)
  to   space 21824K,   0% used [0x00000000e6ab0000, 0x00000000e6ab0000, 0x00000000e8000000)
 concurrent mark-sweep generation total 393216K, used 101945K [0x00000000e8000000, 0x0000000100000000, 0x0000000100000000)
 Metaspace       used 38992K, capacity 40530K, committed 40752K, reserved 1085440K
  class space    used 4558K, capacity 4871K, committed 4912K, reserved 1048576K
}
2019-01-31T15:28:21.179-0200: 22967.980: Total time for which application threads were stopped: 0.0052735 seconds, Stopping threads took: 0.0000313 seconds
{Heap before GC invocations=346 (full 1):
 par new generation   total 109248K, used 89081K [0x00000000e0000000, 0x00000000e8000000, 0x00000000e8000000)
  eden space 87424K, 100% used [0x00000000e0000000, 0x00000000e5560000, 0x00000000e5560000)
  from space 21824K,   7% used [0x00000000e5560000, 0x00000000e56fe7e0, 0x00000000e6ab0000)
  to   space 21824K,   0% used [0x00000000e6ab0000, 0x00000000e6ab0000, 0x00000000e8000000)
 concurrent mark-sweep generation total 393216K, used 101945K [0x00000000e8000000, 0x0000000100000000, 0x0000000100000000)
 Metaspace       used 38992K, capacity 40530K, committed 40752K, reserved 1085440K
  class space    used 4558K, capacity 4871K, committed 4912K, reserved 1048576K
2019-01-31T15:28:21.301-0200: 22968.102: [GC (Allocation Failure) 2019-01-31T15:28:21.301-0200: 22968.102: [ParNew
Desired survivor size 20112992 bytes, new threshold 8 (max 8)
- age   1:     485472 bytes,     485472 total
- age   2:     414144 bytes,     899616 total
- age   3:     631648 bytes,    1531264 total
- age   7:      66784 bytes,    1598048 total
- age   8:     112728 bytes,    1710776 total
: 89081K->1854K(109248K), 0.0043959 secs] 191027K->103800K(502464K), 0.0045508 secs] [Times: user=0.00 sys=0.00, real=0.00 secs] 
Heap after GC invocations=347 (full 1):
 par new generation   total 109248K, used 1854K [0x00000000e0000000, 0x00000000e8000000, 0x00000000e8000000)
  eden space 87424K,   0% used [0x00000000e0000000, 0x00000000e0000000, 0x00000000e5560000)
  from space 21824K,   8% used [0x00000000e6ab0000, 0x00000000e6c7fad0, 0x00000000e8000000)
  to   space 21824K,   0% used [0x00000000e5560000, 0x00000000e5560000, 0x00000000e6ab0000)
 concurrent mark-sweep generation total 393216K, used 101945K [0x00000000e8000000, 0x0000000100000000, 0x0000000100000000)
 Metaspace       used 38992K, capacity 40530K, committed 40752K, reserved 1085440K
  class space    used 4558K, capacity 4871K, committed 4912K, reserved 1048576K
}
2019-01-31T15:28:21.306-0200: 22968.107: Total time for which application threads were stopped: 0.0048158 seconds, Stopping threads took: 0.0000331 seconds
{Heap before GC invocations=347 (full 1):
 par new generation   total 109248K, used 89278K [0x00000000e0000000, 0x00000000e8000000, 0x00000000e8000000)
  eden space 87424K, 100% used [0x00000000e0000000, 0x00000000e5560000, 0x00000000e5560000)
  from space 21824K,   8% used [0x00000000e6ab0000, 0x00000000e6c7fad0, 0x00000000e8000000)
  to   space 21824K,   0% used [0x00000000e5560000, 0x00000000e5560000, 0x00000000e6ab0000)
 concurrent mark-sweep generation total 393216K, used 101945K [0x00000000e8000000, 0x0000000100000000, 0x0000000100000000)
 Metaspace       used 38992K, capacity 40530K, committed 40752K, reserved 1085440K
  class space    used 4558K, capacity 4871K, committed 4912K, reserved 1048576K
2019-01-31T15:28:21.385-0200: 22968.186: [GC (Allocation Failure) 2019-01-31T15:28:21.385-0200: 22968.186: [ParNew
Desired survivor size 20112992 bytes, new threshold 8 (max 8)
- age   1:     473072 bytes,     473072 total
- age   2:     245440 bytes,     718512 total
- age   3:     413384 bytes,    1131896 total
- age   4:     631648 bytes,    1763544 total
- age   8:      66784 bytes,    1830328 total
: 89278K->2217K(109248K), 0.0043017 secs] 191224K->104275K(502464K), 0.0043866 secs] [Times: user=0.00 sys=0.00, real=0.00 secs] 
Heap after GC invocations=348 (full 1):
 par new generation   total 109248K, used 2217K [0x00000000e0000000, 0x00000000e8000000, 0x00000000e8000000)
  eden space 87424K,   0% used [0x00000000e0000000, 0x00000000e0000000, 0x00000000e5560000)
  from space 21824K,  10% used [0x00000000e5560000, 0x00000000e578a790, 0x00000000e6ab0000)
  to   space 21824K,   0% used [0x00000000e6ab0000, 0x00000000e6ab0000, 0x00000000e8000000)
 concurrent mark-sweep generation total 393216K, used 102057K [0x00000000e8000000, 0x0000000100000000, 0x0000000100000000)
 Metaspace       used 38992K, capacity 40530K, committed 40752K, reserved 1085440K
  class space    used 4558K, capacity 4871K, committed 4912K, reserved 1048576K
}
2019-01-31T15:28:21.389-0200: 22968.190: Total time for which application threads were stopped: 0.0046413 seconds, Stopping threads took: 0.0000355 seconds
2019-01-31T15:28:21.454-0200: 22968.254: Total time for which application threads were stopped: 0.0001805 seconds, Stopping threads took: 0.0000686 seconds
2019-01-31T15:28:21.455-0200: 22968.256: Total time for which application threads were stopped: 0.0001288 seconds, Stopping threads took: 0.0000485 seconds
2019-01-31T15:28:21.455-0200: 22968.256: Total time for which application threads were stopped: 0.0001054 seconds, Stopping threads took: 0.0000564 seconds
2019-01-31T15:28:21.652-0200: 22968.453: Total time for which application threads were stopped: 0.0001623 seconds, Stopping threads took: 0.0000718 seconds
2019-01-31T15:28:21.653-0200: 22968.453: Total time for which application threads were stopped: 0.0000756 seconds, Stopping threads took: 0.0000238 seconds
2019-01-31T15:28:21.653-0200: 22968.453: Total time for which application threads were stopped: 0.0000625 seconds, Stopping threads took: 0.0000173 seconds
2019-01-31T15:28:21.659-0200: 22968.460: Total time for which application threads were stopped: 0.0001297 seconds, Stopping threads took: 0.0000327 seconds
2019-01-31T15:28:21.691-0200: 22968.492: Total time for which application threads were stopped: 0.0001288 seconds, Stopping threads took: 0.0000317 seconds
2019-01-31T15:28:21.719-0200: 22968.519: Total time for which application threads were stopped: 0.0001838 seconds, Stopping threads took: 0.0000774 seconds
2019-01-31T15:28:21.719-0200: 22968.519: Total time for which application threads were stopped: 0.0001073 seconds, Stopping threads took: 0.0000406 seconds
2019-01-31T15:28:21.719-0200: 22968.520: Total time for which application threads were stopped: 0.0001232 seconds, Stopping threads took: 0.0000439 seconds
2019-01-31T15:28:21.721-0200: 22968.521: Total time for which application threads were stopped: 0.0001833 seconds, Stopping threads took: 0.0000513 seconds
2019-01-31T15:28:21.721-0200: 22968.522: Total time for which application threads were stopped: 0.0001423 seconds, Stopping threads took: 0.0000415 seconds
2019-01-31T15:28:21.722-0200: 22968.522: Total time for which application threads were stopped: 0.0003587 seconds, Stopping threads took: 0.0000369 seconds
{Heap before GC invocations=348 (full 1):
 par new generation   total 109248K, used 89641K [0x00000000e0000000, 0x00000000e8000000, 0x00000000e8000000)
  eden space 87424K, 100% used [0x00000000e0000000, 0x00000000e5560000, 0x00000000e5560000)
  from space 21824K,  10% used [0x00000000e5560000, 0x00000000e578a790, 0x00000000e6ab0000)
  to   space 21824K,   0% used [0x00000000e6ab0000, 0x00000000e6ab0000, 0x00000000e8000000)
 concurrent mark-sweep generation total 393216K, used 102057K [0x00000000e8000000, 0x0000000100000000, 0x0000000100000000)
 Metaspace       used 39007K, capacity 40530K, committed 40752K, reserved 1085440K
  class space    used 4559K, capacity 4871K, committed 4912K, reserved 1048576K
2019-01-31T15:28:21.756-0200: 22968.557: [GC (Allocation Failure) 2019-01-31T15:28:21.756-0200: 22968.557: [ParNew
Desired survivor size 20112992 bytes, new threshold 8 (max 8)
- age   1:     608240 bytes,     608240 total
- age   3:         80 bytes,     608320 total
- age   5:     182008 bytes,     790328 total
: 89641K->1111K(109248K), 0.0045765 secs] 191699K->103234K(502464K), 0.0047785 secs] [Times: user=0.00 sys=0.00, real=0.00 secs] 
Heap after GC invocations=349 (full 1):
 par new generation   total 109248K, used 1111K [0x00000000e0000000, 0x00000000e8000000, 0x00000000e8000000)
  eden space 87424K,   0% used [0x00000000e0000000, 0x00000000e0000000, 0x00000000e5560000)
  from space 21824K,   5% used [0x00000000e6ab0000, 0x00000000e6bc5ef0, 0x00000000e8000000)
  to   space 21824K,   0% used [0x00000000e5560000, 0x00000000e5560000, 0x00000000e6ab0000)
 concurrent mark-sweep generation total 393216K, used 102122K [0x00000000e8000000, 0x0000000100000000, 0x0000000100000000)
 Metaspace       used 39007K, capacity 40530K, committed 40752K, reserved 1085440K
  class space    used 4559K, capacity 4871K, committed 4912K, reserved 1048576K
}
2019-01-31T15:28:21.761-0200: 22968.562: Total time for which application threads were stopped: 0.0050402 seconds, Stopping threads took: 0.0000341 seconds
2019-01-31T15:28:21.784-0200: 22968.585: Total time for which application threads were stopped: 0.0001138 seconds, Stopping threads took: 0.0000271 seconds
2019-01-31T15:28:21.785-0200: 22968.586: Total time for which application threads were stopped: 0.0000676 seconds, Stopping threads took: 0.0000168 seconds
2019-01-31T15:28:21.786-0200: 22968.586: Total time for which application threads were stopped: 0.0000597 seconds, Stopping threads took: 0.0000149 seconds
2019-01-31T15:28:21.919-0200: 22968.720: Total time for which application threads were stopped: 0.0001250 seconds, Stopping threads took: 0.0000355 seconds
2019-01-31T15:28:21.919-0200: 22968.720: Total time for which application threads were stopped: 0.0000798 seconds, Stopping threads took: 0.0000285 seconds
2019-01-31T15:28:21.919-0200: 22968.720: Total time for which application threads were stopped: 0.0000583 seconds, Stopping threads took: 0.0000140 seconds
2019-01-31T15:28:51.932-0200: 22998.733: Total time for which application threads were stopped: 0.0001428 seconds, Stopping threads took: 0.0000373 seconds
2019-01-31T15:29:10.563-0200: 23017.364: Total time for which application threads were stopped: 0.0002277 seconds, Stopping threads took: 0.0000658 seconds
2019-01-31T15:29:10.565-0200: 23017.366: Total time for which application threads were stopped: 0.0001423 seconds, Stopping threads took: 0.0000513 seconds
{Heap before GC invocations=349 (full 1):
 par new generation   total 109248K, used 88535K [0x00000000e0000000, 0x00000000e8000000, 0x00000000e8000000)
  eden space 87424K, 100% used [0x00000000e0000000, 0x00000000e5560000, 0x00000000e5560000)
  from space 21824K,   5% used [0x00000000e6ab0000, 0x00000000e6bc5ef0, 0x00000000e8000000)
  to   space 21824K,   0% used [0x00000000e5560000, 0x00000000e5560000, 0x00000000e6ab0000)
 concurrent mark-sweep generation total 393216K, used 102122K [0x00000000e8000000, 0x0000000100000000, 0x0000000100000000)
 Metaspace       used 39012K, capacity 40530K, committed 40752K, reserved 1085440K
  class space    used 4559K, capacity 4871K, committed 4912K, reserved 1048576K
2019-01-31T15:29:10.627-0200: 23017.428: [GC (Allocation Failure) 2019-01-31T15:29:10.627-0200: 23017.428: [ParNew
Desired survivor size 20112992 bytes, new threshold 8 (max 8)
- age   1:    2511712 bytes,    2511712 total
- age   2:     179960 bytes,    2691672 total
- age   4:         80 bytes,    2691752 total
- age   6:     180160 bytes,    2871912 total
: 88535K->2865K(109248K), 0.0042723 secs] 190658K->104988K(502464K), 0.0044617 secs] [Times: user=0.00 sys=0.00, real=0.00 secs] 
Heap after GC invocations=350 (full 1):
 par new generation   total 109248K, used 2865K [0x00000000e0000000, 0x00000000e8000000, 0x00000000e8000000)
  eden space 87424K,   0% used [0x00000000e0000000, 0x00000000e0000000, 0x00000000e5560000)
  from space 21824K,  13% used [0x00000000e5560000, 0x00000000e582c600, 0x00000000e6ab0000)
  to   space 21824K,   0% used [0x00000000e6ab0000, 0x00000000e6ab0000, 0x00000000e8000000)
 concurrent mark-sweep generation total 393216K, used 102122K [0x00000000e8000000, 0x0000000100000000, 0x0000000100000000)
 Metaspace       used 39012K, capacity 40530K, committed 40752K, reserved 1085440K
  class space    used 4559K, capacity 4871K, committed 4912K, reserved 1048576K
}
2019-01-31T15:29:10.631-0200: 23017.432: Total time for which application threads were stopped: 0.0047178 seconds, Stopping threads took: 0.0000397 seconds
2019-01-31T15:29:11.633-0200: 23018.433: Total time for which application threads were stopped: 0.0001274 seconds, Stopping threads took: 0.0000327 seconds
2019-01-31T15:29:30.768-0200: 23037.569: Total time for which application threads were stopped: 0.0001162 seconds, Stopping threads took: 0.0000322 seconds
2019-01-31T15:29:30.768-0200: 23037.569: Total time for which application threads were stopped: 0.0001553 seconds, Stopping threads took: 0.0000345 seconds
{Heap before GC invocations=350 (full 1):
 par new generation   total 109248K, used 90289K [0x00000000e0000000, 0x00000000e8000000, 0x00000000e8000000)
  eden space 87424K, 100% used [0x00000000e0000000, 0x00000000e5560000, 0x00000000e5560000)
  from space 21824K,  13% used [0x00000000e5560000, 0x00000000e582c600, 0x00000000e6ab0000)
  to   space 21824K,   0% used [0x00000000e6ab0000, 0x00000000e6ab0000, 0x00000000e8000000)
 concurrent mark-sweep generation total 393216K, used 102122K [0x00000000e8000000, 0x0000000100000000, 0x0000000100000000)
 Metaspace       used 39019K, capacity 40530K, committed 40752K, reserved 1085440K
  class space    used 4559K, capacity 4871K, committed 4912K, reserved 1048576K
2019-01-31T15:29:30.796-0200: 23037.597: [GC (Allocation Failure) 2019-01-31T15:29:30.796-0200: 23037.597: [ParNew
Desired survivor size 20112992 bytes, new threshold 8 (max 8)
- age   1:     533776 bytes,     533776 total
- age   2:    2058584 bytes,    2592360 total
- age   3:     178784 bytes,    2771144 total
- age   5:         80 bytes,    2771224 total
- age   7:     180160 bytes,    2951384 total
: 90289K->3091K(109248K), 0.0050897 secs] 192412K->105213K(502464K), 0.0052548 secs] [Times: user=0.06 sys=0.00, real=0.01 secs] 
